1285
1296
1296
1313
1332
1349
1353
1373
1373
1437
1437
1501
1565
1565
1565
1563
1627
1627
1819
1819
2011
2011
2253
1409
1417
1479
1479
1548
1612
1612
1612
1612
1676
1676
1868
1868
2060
2060
2268
1427
1435
1435
1499
1499
1563
1627
1627
1627
1627
1691
1691
1884
1884
2076
2076
2076
2268
2268
1435
1435
1499
1499
1563
1627
1627
1625
1625
1689
1689
1881
1881
2073
2073
2073
2265
1615
1431
1435
1499
1499
1563
1627
1627
1627
1627
1691
1691
1884
1884
2109
2109
2109
2301
1469
1469
1533
1533
1597
1661
1661
1661
1661
1661
1725
1725
1915
1915
2107
2107
2107
2299
2299
1459
1467
1467
1527
1527
1655
1655
1655
1655
1719
1719
1911
1911
1909
2101
2106
2298
1457
1465
1465
1529
1529
1593
1657
1657
1657
1657
1701
1699
1699
1892
1892
2084
2084
2276
2276
1443
1443
1507
1507
1571
1635
1635
1635
1635
1699
1699
1892
1892
2084
2084
2084
2276
1433
1441
1441
1505
1505
1633
1633
1633
1633
1697
1695
1695
1892
1884
2076
2076
2076
2268
1427
1435
1435
1499
1499
1563
1627
1627
1627
1627
1691
1691
1884
1884
2076
2076
2076
2268
1427
1435
1435
1499
1499
1563
1627
1627
1627
1627
1691
1691
1884
1884
2073
2073
2073
2265
2265
1425
1433
1433
1497
1497
1559
1623
1627
1627
1627
1691
1691
1884
1884
1884
2076
2076
2268
1427
1435
1435
1499
1499
1563
1627
1627
1627
1627
1691
1691
1884
1884
2076
2076
2076
2268
1435
1435
1500
1500
1564
1628
1627
1627
1627
1689
1689
1881
1881
1881
2073
2073
2265
1425
1433
1431
1495
1499
1563
1627
1627
1627
1627
1691
1691
1884
1884
2076
2076
2076
2268
1427
1435
1435
1500
1500
1564
1628
1628
1628
1692
1692
1700
1892
1892
2084
2084
2084
2276
1444
1444
1508
1508
1572
1634
1633
1633
1633
1697
1697
1890
1890
2082
2082
2080
2272
2272
1444
1444
1508
1508
1572
1636
1636
1636
1636
1700
1700
1892
1892
2084
2084
2084
2276
2276
1448
1468
1532
1533
1597
1661
1662
1654
1654
1718
1718
1702
1894
1895
2087
2087
2279
1630
1446
1443
1506
1506
1587
1651
1651
1651
1715
1715
1715
1905
1905
2097
2085
2277
2277
1437
1445
1449
1513
1513
1577
1641
1640
1640
1704
1704
1704
1897
1897
2089
2089
2281
2281
1448
1448
1512
1512
1576
1639
1639
1635
1635
1699
1699
1892
1892
2084
2084
2276
1433
1441
1441
1501
1528
1592
1656
1656
1656
1659
1721
1721
1725
1917
1917
2135
2135
2135
2327
1486
1494
1494
1558
1558
1686
1699
1699
1699
1699
1763
1763
1955
1955
2147
2147
2319
1671
1487
1487
1551
1551
1615
1679
1679
1679
1679
1743
1743
1935
1935
2124
2124
2124
2316
1476
1484
1484
1548
1548
1612
1674
1674
1679
1679
1723
1723
1915
1915
2123
2115
2307
2307
1474
1474
1538
1538
1602
1666
1634
1634
1698
1698
1891
1891
2083
2083
2083
2275
1442
1442
1506
1506
1570
1634
1634
1634
1698
1698
1890
1890
2080
2080
2101
2293
1460
1460
1524
1524
1588
1652
1650
1650
1639
1703
1703
1895
1895
2087
2087
2279
1438
1446
1445
1510
1510
1574
1638
1638
1638
1702
1702
1894
1894
2086
2086
2086
2278
1438
1446
1510
1510
1574
1638
1638
1638
1638
1702
1702
1894
2086
2083
2083
2267
1435
1460
1524
1524
1588
1652
1652
1650
1714
1719
1911
1895
2087
2087
2279
1439
1447
1447
1511
1575
1639
1638
1638
1638
1702
1702
1894
1894
2086
2086
2278
1438
1446
1446
1510
1574
1638
1638
1638
1638
1702
1702
1894
1894
2086
2086
2278
2275
1435
1443
1443
1499
1499
1627
1627
1627
1627
1689
1689
1886
1886
2078
2078
2270
1349
1284
