	Command being timed: "/home/mingshi/Project/AI/ernie-image-ncnn-vulkan/build/ernie-block-runner --model /home/mingshi/Project/AI/ernie-image-ncnn-vulkan/models/converted/dit-block-00-s4160/runtime --fixture /home/mingshi/Project/AI/ernie-image-ncnn-vulkan/models/converted/dit-block-00-s4160/runtime --tokens 4160 --backend vulkan --precision fp16 --repeat 3 --output /home/mingshi/Project/AI/ernie-image-ncnn-vulkan/outputs/block-s4160-verified/vulkan-fp16/actual.f32 --device-io --trace-attention"
	User time (seconds): 7.27
	System time (seconds): 1.89
	Percent of CPU this job got: 269%
	Elapsed (wall clock) time (h:mm:ss or m:ss): 0:03.40
	Average shared text size (kbytes): 0
	Average unshared data size (kbytes): 0
	Average stack size (kbytes): 0
	Average total size (kbytes): 0
	Maximum resident set size (kbytes): 827424
	Average resident set size (kbytes): 0
	Major (requiring I/O) page faults: 0
	Minor (reclaiming a frame) page faults: 708711
	Voluntary context switches: 1320
	Involuntary context switches: 569
	Swaps: 0
	File system inputs: 0
	File system outputs: 134144
	Socket messages sent: 0
	Socket messages received: 0
	Signals delivered: 0
	Page size (bytes): 4096
	Exit status: 0
