1378
1387
1393
1410
1426
1446
1470
1470
1518
1582
1646
1646
1646
1646
2030
1476
1484
1553
1553
1681
1681
1681
1741
1741
1933
1933
2125
2125
2125
2365
1597
1661
1789
1789
1981
1981
2173
2173
2365
1533
1597
1661
1725
1823
1823
2015
2207
2207
2207
2399
1631
1695
1823
1804
1996
1996
2188
2188
2380
2380
1612
1676
1740
1800
1800
1993
1993
2189
2189
2381
2309
1613
1677
1741
1805
1997
1997
1997
2189
2189
2381
1549
1677
1741
1805
1805
1997
1997
2189
2189
2381
1541
1669
1717
1781
1781
1973
1971
2163
2163
2355
1523
1608
1672
1800
1800
1992
1990
2182
2182
2182
2374
1525
1654
1718
1782
1782
1982
1982
2174
2174
2382
2382
1613
1677
1741
1805
1805
1998
1998
2190
2174
2365
1533
1597
1725
1789
1789
1981
1981
2173
2173
2365
1533
1597
1661
1725
1786
1807
1999
1999
2191
2191
2383
1551
1615
1679
1805
1789
1981
1981
2173
2173
2173
2365
1533
1661
1728
1791
1789
1982
1982
1982
2174
2174
2366
1534
1662
1726
1790
1790
1982
1982
2174
2174
2366
1534
1597
1661
1789
1789
1982
1982
2174
2174
2174
2366
1528
1649
1713
1777
1777
1969
1969
2161
2161
2353
1521
1585
1713
1777
1780
1973
1973
2165
2165
2165
2382
1550
1678
1742
1806
1806
1998
1998
2190
2190
2174
2366
1534
1662
1726
1790
1790
1982
1982
2174
2173
2365
1533
1661
1725
1789
1789
1981
1981
2173
2173
2365
1533
1597
1722
1786
1786
1979
1979
2171
2171
2363
1530
1658
1735
1799
1799
1989
1989
2181
2186
2378
1610
1674
1786
1786
1978
1978
2170
2170
2362
1594
1658
1722
1785
1977
1977
2169
2169
2361
1529
1593
1721
1785
1785
1977
1977
2169
2361
1905
1593
1662
1806
1806
1998
1998
2190
2190
2382
1614
1675
1723
1787
1980
1980
2172
2172
2364
1531
1595
1742
1806
1806
1998
1998
2190
2382
1926
1614
1678
1790
1789
1981
1981
2173
2173
2365
1597
1661
1789
1806
1998
1998
2190
2190
2382
1614
1678
1806
1806
1982
1998
2190
2190
2382
1614
1678
1806
1806
1998
1995
2171
2363
1531
1595
1723
1787
1787
1979
2188
2190
2382
1550
1614
1742
1806
1806
1998
2190
2173
2365
1550
1550
1687
1444
