	Command being timed: "/home/mingshi/Project/AI/ernie-image-ncnn-vulkan/build/ernie-block-runner --model /home/mingshi/Project/AI/ernie-image-ncnn-vulkan/models/converted/dit-block-00-s24 --fixture /home/mingshi/Project/AI/ernie-image-ncnn-vulkan/models/converted/dit-block-00-s24 --tokens 24 --backend vulkan --precision fp32 --repeat 3 --output /home/mingshi/Project/AI/ernie-image-ncnn-vulkan/outputs/block-s24-verified/vulkan-fp32/actual.f32 --device-io"
	User time (seconds): 0.32
	System time (seconds): 0.88
	Percent of CPU this job got: 93%
	Elapsed (wall clock) time (h:mm:ss or m:ss): 0:01.29
	Average shared text size (kbytes): 0
	Average unshared data size (kbytes): 0
	Average stack size (kbytes): 0
	Average total size (kbytes): 0
	Maximum resident set size (kbytes): 461796
	Average resident set size (kbytes): 0
	Major (requiring I/O) page faults: 0
	Minor (reclaiming a frame) page faults: 241762
	Voluntary context switches: 422
	Involuntary context switches: 147
	Swaps: 0
	File system inputs: 0
	File system outputs: 776
	Socket messages sent: 0
	Socket messages received: 0
	Signals delivered: 0
	Page size (bytes): 4096
	Exit status: 0
