overwrite built-in layer type RMSNorm
overwrite built-in layer type LayerNorm
overwrite built-in layer type SDPA
overwrite built-in layer type GroupNorm
{"blocks":1,"tokens":256,"valid_tokens":256,"backend":"cpu","precision":"fp32","load_seconds":0.081330701,"compute_seconds":0.366554736,"compute_submissions":0}
	Command being timed: "/var/tmp/ernie-evidence-loop-20260913-v1/text256-cpu/runner.snapshot --output /var/tmp/ernie-evidence-loop-20260913-v1/text256-cpu/cpu-fp32/output.f32 --tokens 256 --backend cpu --precision fp32 --model /var/tmp/ernie-evidence-loop-20260913-v1/text-template-256 --fixture /var/tmp/ernie-evidence-loop-20260913-v1/text-template-256"
	User time (seconds): 0.84
	System time (seconds): 0.12
	Percent of CPU this job got: 214%
	Elapsed (wall clock) time (h:mm:ss or m:ss): 0:00.45
	Average shared text size (kbytes): 0
	Average unshared data size (kbytes): 0
	Average stack size (kbytes): 0
	Average total size (kbytes): 0
	Maximum resident set size (kbytes): 607176
	Average resident set size (kbytes): 0
	Major (requiring I/O) page faults: 0
	Minor (reclaiming a frame) page faults: 13142
	Voluntary context switches: 26
	Involuntary context switches: 100
	Swaps: 0
	File system inputs: 0
	File system outputs: 6152
	Socket messages sent: 0
	Socket messages received: 0
	Signals delivered: 0
	Page size (bytes): 4096
	Exit status: 0
