overwrite built-in layer type RMSNorm
overwrite built-in layer type LayerNorm
overwrite built-in layer type SDPA
overwrite built-in layer type GroupNorm
overwrite built-in layer type RMSNorm
overwrite built-in layer type LayerNorm
overwrite built-in layer type SDPA
overwrite built-in layer type GroupNorm
overwrite built-in layer type RMSNorm
overwrite built-in layer type LayerNorm
overwrite built-in layer type SDPA
overwrite built-in layer type GroupNorm
overwrite built-in layer type RMSNorm
overwrite built-in layer type LayerNorm
overwrite built-in layer type SDPA
overwrite built-in layer type GroupNorm
overwrite built-in layer type RMSNorm
overwrite built-in layer type LayerNorm
overwrite built-in layer type SDPA
overwrite built-in layer type GroupNorm
overwrite built-in layer type RMSNorm
overwrite built-in layer type LayerNorm
overwrite built-in layer type SDPA
overwrite built-in layer type GroupNorm
overwrite built-in layer type RMSNorm
overwrite built-in layer type LayerNorm
overwrite built-in layer type SDPA
overwrite built-in layer type GroupNorm
overwrite built-in layer type RMSNorm
overwrite built-in layer type LayerNorm
overwrite built-in layer type SDPA
overwrite built-in layer type GroupNorm
overwrite built-in layer type RMSNorm
overwrite built-in layer type LayerNorm
overwrite built-in layer type SDPA
overwrite built-in layer type GroupNorm
overwrite built-in layer type RMSNorm
overwrite built-in layer type LayerNorm
overwrite built-in layer type SDPA
overwrite built-in layer type GroupNorm
overwrite built-in layer type RMSNorm
overwrite built-in layer type LayerNorm
overwrite built-in layer type SDPA
overwrite built-in layer type GroupNorm
overwrite built-in layer type RMSNorm
overwrite built-in layer type LayerNorm
overwrite built-in layer type SDPA
overwrite built-in layer type GroupNorm
overwrite built-in layer type RMSNorm
overwrite built-in layer type LayerNorm
overwrite built-in layer type SDPA
overwrite built-in layer type GroupNorm
overwrite built-in layer type RMSNorm
overwrite built-in layer type LayerNorm
overwrite built-in layer type SDPA
overwrite built-in layer type GroupNorm
overwrite built-in layer type RMSNorm
overwrite built-in layer type LayerNorm
overwrite built-in layer type SDPA
overwrite built-in layer type GroupNorm
overwrite built-in layer type RMSNorm
overwrite built-in layer type LayerNorm
overwrite built-in layer type SDPA
overwrite built-in layer type GroupNorm
overwrite built-in layer type RMSNorm
overwrite built-in layer type LayerNorm
overwrite built-in layer type SDPA
overwrite built-in layer type GroupNorm
overwrite built-in layer type RMSNorm
overwrite built-in layer type LayerNorm
overwrite built-in layer type SDPA
overwrite built-in layer type GroupNorm
overwrite built-in layer type RMSNorm
overwrite built-in layer type LayerNorm
overwrite built-in layer type SDPA
overwrite built-in layer type GroupNorm
overwrite built-in layer type RMSNorm
overwrite built-in layer type LayerNorm
overwrite built-in layer type SDPA
overwrite built-in layer type GroupNorm
overwrite built-in layer type RMSNorm
overwrite built-in layer type LayerNorm
overwrite built-in layer type SDPA
overwrite built-in layer type GroupNorm
overwrite built-in layer type RMSNorm
overwrite built-in layer type LayerNorm
overwrite built-in layer type SDPA
overwrite built-in layer type GroupNorm
overwrite built-in layer type RMSNorm
overwrite built-in layer type LayerNorm
overwrite built-in layer type SDPA
overwrite built-in layer type GroupNorm
overwrite built-in layer type RMSNorm
overwrite built-in layer type LayerNorm
overwrite built-in layer type SDPA
overwrite built-in layer type GroupNorm
overwrite built-in layer type RMSNorm
overwrite built-in layer type LayerNorm
overwrite built-in layer type SDPA
overwrite built-in layer type GroupNorm
{"blocks":25,"tokens":256,"valid_tokens":87,"backend":"cpu","precision":"fp32","load_seconds":12.391673473,"compute_seconds":6.845847406,"compute_submissions":0}
	Command being timed: "/var/tmp/ernie-evidence-loop-20260913-v1/text256-full/runner.snapshot --output /var/tmp/ernie-evidence-loop-20260913-v1/text256-full/cpu-fp32/output.f32 --tokens 256 --backend cpu --precision fp32 --model /var/tmp/ernie-evidence-loop-20260913-v1/text-256/block-00 --model /var/tmp/ernie-evidence-loop-20260913-v1/text-256/block-01 --model /var/tmp/ernie-evidence-loop-20260913-v1/text-256/block-02 --model /var/tmp/ernie-evidence-loop-20260913-v1/text-256/block-03 --model /var/tmp/ernie-evidence-loop-20260913-v1/text-256/block-04 --model /var/tmp/ernie-evidence-loop-20260913-v1/text-256/block-05 --model /var/tmp/ernie-evidence-loop-20260913-v1/text-256/block-06 --model /var/tmp/ernie-evidence-loop-20260913-v1/text-256/block-07 --model /var/tmp/ernie-evidence-loop-20260913-v1/text-256/block-08 --model /var/tmp/ernie-evidence-loop-20260913-v1/text-256/block-09 --model /var/tmp/ernie-evidence-loop-20260913-v1/text-256/block-10 --model /var/tmp/ernie-evidence-loop-20260913-v1/text-256/block-11 --model /var/tmp/ernie-evidence-loop-20260913-v1/text-256/block-12 --model /var/tmp/ernie-evidence-loop-20260913-v1/text-256/block-13 --model /var/tmp/ernie-evidence-loop-20260913-v1/text-256/block-14 --model /var/tmp/ernie-evidence-loop-20260913-v1/text-256/block-15 --model /var/tmp/ernie-evidence-loop-20260913-v1/text-256/block-16 --model /var/tmp/ernie-evidence-loop-20260913-v1/text-256/block-17 --model /var/tmp/ernie-evidence-loop-20260913-v1/text-256/block-18 --model /var/tmp/ernie-evidence-loop-20260913-v1/text-256/block-19 --model /var/tmp/ernie-evidence-loop-20260913-v1/text-256/block-20 --model /var/tmp/ernie-evidence-loop-20260913-v1/text-256/block-21 --model /var/tmp/ernie-evidence-loop-20260913-v1/text-256/block-22 --model /var/tmp/ernie-evidence-loop-20260913-v1/text-256/block-23 --model /var/tmp/ernie-evidence-loop-20260913-v1/text-256/block-24 --ids /var/tmp/ernie-evidence-loop-20260913-v1/text256-full/reference/ids.txt --embeddings /home/mingshi/Project/AI/ernie-image-ncnn-vulkan/models/text-s32-v1/embeddings.bf16 --frequencies /home/mingshi/Project/AI/ernie-image-ncnn-vulkan/models/text-s32-v1/rope-inv-freq.f32"
	User time (seconds): 33.94
	System time (seconds): 4.84
	Percent of CPU this job got: 200%
	Elapsed (wall clock) time (h:mm:ss or m:ss): 0:19.35
	Average shared text size (kbytes): 0
	Average unshared data size (kbytes): 0
	Average stack size (kbytes): 0
	Average total size (kbytes): 0
	Maximum resident set size (kbytes): 748052
	Average resident set size (kbytes): 0
	Major (requiring I/O) page faults: 3
	Minor (reclaiming a frame) page faults: 229271
	Voluntary context switches: 564
	Involuntary context switches: 2982
	Swaps: 0
	File system inputs: 7566120
	File system outputs: 2104
	Socket messages sent: 0
	Socket messages received: 0
	Signals delivered: 0
	Page size (bytes): 4096
	Exit status: 0
