[1/1] All primary targets available:
edit_cache: phony
rebuild_cache: phony
list_install_components: phony
install: phony
install/local: phony
install/strip: phony
ncnn/edit_cache: phony
ncnn/rebuild_cache: phony
ncnn/list_install_components: phony
ncnn/install: phony
ncnn/install/local: phony
ncnn/install/strip: phony
ncnn/glslang/edit_cache: phony
ncnn/glslang/rebuild_cache: phony
ncnn/glslang/list_install_components: phony
ncnn/glslang/install: phony
ncnn/glslang/install/local: phony
ncnn/glslang/install/strip: phony
ncnn/glslang/SPIRV/edit_cache: phony
ncnn/glslang/SPIRV/rebuild_cache: phony
ncnn/glslang/SPIRV/list_install_components: phony
ncnn/glslang/SPIRV/install: phony
ncnn/glslang/SPIRV/install/local: phony
ncnn/glslang/SPIRV/install/strip: phony
ncnn/glslang/glslang/edit_cache: phony
ncnn/glslang/glslang/rebuild_cache: phony
ncnn/glslang/glslang/list_install_components: phony
ncnn/glslang/glslang/install: phony
ncnn/glslang/glslang/install/local: phony
ncnn/glslang/glslang/install/strip: phony
ncnn/glslang/glslang/OSDependent/Unix/edit_cache: phony
ncnn/glslang/glslang/OSDependent/Unix/rebuild_cache: phony
ncnn/glslang/glslang/OSDependent/Unix/list_install_components: phony
ncnn/glslang/glslang/OSDependent/Unix/install: phony
ncnn/glslang/glslang/OSDependent/Unix/install/local: phony
ncnn/glslang/glslang/OSDependent/Unix/install/strip: phony
ncnn/src/edit_cache: phony
ncnn/src/rebuild_cache: phony
ncnn/src/list_install_components: phony
ncnn/src/install: phony
ncnn/src/install/local: phony
ncnn/src/install/strip: phony
/home/mingshi/Project/AI/ernie-image-ncnn-vulkan/outputs/configure-cli-only-v1/ncnn/src/CMakeFiles/ncnn-generate-spirv: phony
/home/mingshi/Project/AI/ernie-image-ncnn-vulkan/outputs/configure-cli-only-v1/ncnn/src/layer/vulkan/shader/binaryop.comp.hex.h: CUSTOM_COMMAND
/home/mingshi/Project/AI/ernie-image-ncnn-vulkan/outputs/configure-cli-only-v1/ncnn/src/layer/vulkan/shader/binaryop_broadcast.comp.hex.h: CUSTOM_COMMAND
/home/mingshi/Project/AI/ernie-image-ncnn-vulkan/outputs/configure-cli-only-v1/ncnn/src/layer/vulkan/shader/binaryop_broadcast_pack1to4.comp.hex.h: CUSTOM_COMMAND
/home/mingshi/Project/AI/ernie-image-ncnn-vulkan/outputs/configure-cli-only-v1/ncnn/src/layer/vulkan/shader/binaryop_broadcast_pack4.comp.hex.h: CUSTOM_COMMAND
/home/mingshi/Project/AI/ernie-image-ncnn-vulkan/outputs/configure-cli-only-v1/ncnn/src/layer/vulkan/shader/binaryop_pack4.comp.hex.h: CUSTOM_COMMAND
/home/mingshi/Project/AI/ernie-image-ncnn-vulkan/outputs/configure-cli-only-v1/ncnn/src/layer/vulkan/shader/cast_fp16_to_fp32.comp.hex.h: CUSTOM_COMMAND
/home/mingshi/Project/AI/ernie-image-ncnn-vulkan/outputs/configure-cli-only-v1/ncnn/src/layer/vulkan/shader/cast_fp16_to_fp32_pack4.comp.hex.h: CUSTOM_COMMAND
/home/mingshi/Project/AI/ernie-image-ncnn-vulkan/outputs/configure-cli-only-v1/ncnn/src/layer/vulkan/shader/cast_fp32_to_fp16.comp.hex.h: CUSTOM_COMMAND
/home/mingshi/Project/AI/ernie-image-ncnn-vulkan/outputs/configure-cli-only-v1/ncnn/src/layer/vulkan/shader/cast_fp32_to_fp16_pack4.comp.hex.h: CUSTOM_COMMAND
/home/mingshi/Project/AI/ernie-image-ncnn-vulkan/outputs/configure-cli-only-v1/ncnn/src/layer/vulkan/shader/concat.comp.hex.h: CUSTOM_COMMAND
/home/mingshi/Project/AI/ernie-image-ncnn-vulkan/outputs/configure-cli-only-v1/ncnn/src/layer/vulkan/shader/concat_pack4.comp.hex.h: CUSTOM_COMMAND
/home/mingshi/Project/AI/ernie-image-ncnn-vulkan/outputs/configure-cli-only-v1/ncnn/src/layer/vulkan/shader/concat_pack4to1.comp.hex.h: CUSTOM_COMMAND
/home/mingshi/Project/AI/ernie-image-ncnn-vulkan/outputs/configure-cli-only-v1/ncnn/src/layer/vulkan/shader/convert_ycbcr.comp.hex.h: CUSTOM_COMMAND
/home/mingshi/Project/AI/ernie-image-ncnn-vulkan/outputs/configure-cli-only-v1/ncnn/src/layer/vulkan/shader/convolution_1x1s1d1_cm.comp.hex.h: CUSTOM_COMMAND
/home/mingshi/Project/AI/ernie-image-ncnn-vulkan/outputs/configure-cli-only-v1/ncnn/src/layer/vulkan/shader/convolution_1x1s1d1_int8_cm.comp.hex.h: CUSTOM_COMMAND
/home/mingshi/Project/AI/ernie-image-ncnn-vulkan/outputs/configure-cli-only-v1/ncnn/src/layer/vulkan/shader/convolution_3x3s1d1_winograd23_transform_input.comp.hex.h: CUSTOM_COMMAND
/home/mingshi/Project/AI/ernie-image-ncnn-vulkan/outputs/configure-cli-only-v1/ncnn/src/layer/vulkan/shader/convolution_3x3s1d1_winograd23_transform_input_int8.comp.hex.h: CUSTOM_COMMAND
/home/mingshi/Project/AI/ernie-image-ncnn-vulkan/outputs/configure-cli-only-v1/ncnn/src/layer/vulkan/shader/convolution_3x3s1d1_winograd23_transform_input_int8_cm.comp.hex.h: CUSTOM_COMMAND
/home/mingshi/Project/AI/ernie-image-ncnn-vulkan/outputs/configure-cli-only-v1/ncnn/src/layer/vulkan/shader/convolution_3x3s1d1_winograd23_transform_output.comp.hex.h: CUSTOM_COMMAND
/home/mingshi/Project/AI/ernie-image-ncnn-vulkan/outputs/configure-cli-only-v1/ncnn/src/layer/vulkan/shader/convolution_3x3s1d1_winograd23_transform_output_int8.comp.hex.h: CUSTOM_COMMAND
/home/mingshi/Project/AI/ernie-image-ncnn-vulkan/outputs/configure-cli-only-v1/ncnn/src/layer/vulkan/shader/convolution_3x3s1d1_winograd43_transform_input.comp.hex.h: CUSTOM_COMMAND
/home/mingshi/Project/AI/ernie-image-ncnn-vulkan/outputs/configure-cli-only-v1/ncnn/src/layer/vulkan/shader/convolution_3x3s1d1_winograd43_transform_input_int8.comp.hex.h: CUSTOM_COMMAND
/home/mingshi/Project/AI/ernie-image-ncnn-vulkan/outputs/configure-cli-only-v1/ncnn/src/layer/vulkan/shader/convolution_3x3s1d1_winograd43_transform_input_int8_cm.comp.hex.h: CUSTOM_COMMAND
/home/mingshi/Project/AI/ernie-image-ncnn-vulkan/outputs/configure-cli-only-v1/ncnn/src/layer/vulkan/shader/convolution_3x3s1d1_winograd43_transform_output.comp.hex.h: CUSTOM_COMMAND
/home/mingshi/Project/AI/ernie-image-ncnn-vulkan/outputs/configure-cli-only-v1/ncnn/src/layer/vulkan/shader/convolution_3x3s1d1_winograd43_transform_output_int8.comp.hex.h: CUSTOM_COMMAND
/home/mingshi/Project/AI/ernie-image-ncnn-vulkan/outputs/configure-cli-only-v1/ncnn/src/layer/vulkan/shader/convolution_3x3s1d1_winograd_gemm.comp.hex.h: CUSTOM_COMMAND
/home/mingshi/Project/AI/ernie-image-ncnn-vulkan/outputs/configure-cli-only-v1/ncnn/src/layer/vulkan/shader/convolution_3x3s1d1_winograd_gemm_int8.comp.hex.h: CUSTOM_COMMAND
/home/mingshi/Project/AI/ernie-image-ncnn-vulkan/outputs/configure-cli-only-v1/ncnn/src/layer/vulkan/shader/convolution_3x3s1d1_winograd_gemm_int8_cm.comp.hex.h: CUSTOM_COMMAND
/home/mingshi/Project/AI/ernie-image-ncnn-vulkan/outputs/configure-cli-only-v1/ncnn/src/layer/vulkan/shader/convolution_gemm_cm.comp.hex.h: CUSTOM_COMMAND
/home/mingshi/Project/AI/ernie-image-ncnn-vulkan/outputs/configure-cli-only-v1/ncnn/src/layer/vulkan/shader/convolution_gemm_int8_cm.comp.hex.h: CUSTOM_COMMAND
/home/mingshi/Project/AI/ernie-image-ncnn-vulkan/outputs/configure-cli-only-v1/ncnn/src/layer/vulkan/shader/convolution_pack1to4_3x3s1d1_winograd_gemm.comp.hex.h: CUSTOM_COMMAND
/home/mingshi/Project/AI/ernie-image-ncnn-vulkan/outputs/configure-cli-only-v1/ncnn/src/layer/vulkan/shader/convolution_pack4_3x3s1d1_winograd23_transform_input.comp.hex.h: CUSTOM_COMMAND
/home/mingshi/Project/AI/ernie-image-ncnn-vulkan/outputs/configure-cli-only-v1/ncnn/src/layer/vulkan/shader/convolution_pack4_3x3s1d1_winograd23_transform_input_int8.comp.hex.h: CUSTOM_COMMAND
/home/mingshi/Project/AI/ernie-image-ncnn-vulkan/outputs/configure-cli-only-v1/ncnn/src/layer/vulkan/shader/convolution_pack4_3x3s1d1_winograd23_transform_input_int8_cm.comp.hex.h: CUSTOM_COMMAND
/home/mingshi/Project/AI/ernie-image-ncnn-vulkan/outputs/configure-cli-only-v1/ncnn/src/layer/vulkan/shader/convolution_pack4_3x3s1d1_winograd23_transform_output.comp.hex.h: CUSTOM_COMMAND
/home/mingshi/Project/AI/ernie-image-ncnn-vulkan/outputs/configure-cli-only-v1/ncnn/src/layer/vulkan/shader/convolution_pack4_3x3s1d1_winograd23_transform_output_int8.comp.hex.h: CUSTOM_COMMAND
/home/mingshi/Project/AI/ernie-image-ncnn-vulkan/outputs/configure-cli-only-v1/ncnn/src/layer/vulkan/shader/convolution_pack4_3x3s1d1_winograd43_transform_input.comp.hex.h: CUSTOM_COMMAND
/home/mingshi/Project/AI/ernie-image-ncnn-vulkan/outputs/configure-cli-only-v1/ncnn/src/layer/vulkan/shader/convolution_pack4_3x3s1d1_winograd43_transform_input_int8.comp.hex.h: CUSTOM_COMMAND
/home/mingshi/Project/AI/ernie-image-ncnn-vulkan/outputs/configure-cli-only-v1/ncnn/src/layer/vulkan/shader/convolution_pack4_3x3s1d1_winograd43_transform_input_int8_cm.comp.hex.h: CUSTOM_COMMAND
/home/mingshi/Project/AI/ernie-image-ncnn-vulkan/outputs/configure-cli-only-v1/ncnn/src/layer/vulkan/shader/convolution_pack4_3x3s1d1_winograd43_transform_output.comp.hex.h: CUSTOM_COMMAND
/home/mingshi/Project/AI/ernie-image-ncnn-vulkan/outputs/configure-cli-only-v1/ncnn/src/layer/vulkan/shader/convolution_pack4_3x3s1d1_winograd43_transform_output_int8.comp.hex.h: CUSTOM_COMMAND
/home/mingshi/Project/AI/ernie-image-ncnn-vulkan/outputs/configure-cli-only-v1/ncnn/src/layer/vulkan/shader/convolution_pack4_3x3s1d1_winograd_gemm.comp.hex.h: CUSTOM_COMMAND
/home/mingshi/Project/AI/ernie-image-ncnn-vulkan/outputs/configure-cli-only-v1/ncnn/src/layer/vulkan/shader/convolution_pack4to1_3x3s1d1_winograd_gemm.comp.hex.h: CUSTOM_COMMAND
/home/mingshi/Project/AI/ernie-image-ncnn-vulkan/outputs/configure-cli-only-v1/ncnn/src/layer/vulkan/shader/convolution_packed.comp.hex.h: CUSTOM_COMMAND
/home/mingshi/Project/AI/ernie-image-ncnn-vulkan/outputs/configure-cli-only-v1/ncnn/src/layer/vulkan/shader/convolution_packed_1x1s1d1.comp.hex.h: CUSTOM_COMMAND
/home/mingshi/Project/AI/ernie-image-ncnn-vulkan/outputs/configure-cli-only-v1/ncnn/src/layer/vulkan/shader/convolution_packed_1x1s1d1_int8.comp.hex.h: CUSTOM_COMMAND
/home/mingshi/Project/AI/ernie-image-ncnn-vulkan/outputs/configure-cli-only-v1/ncnn/src/layer/vulkan/shader/convolution_packed_gemm.comp.hex.h: CUSTOM_COMMAND
/home/mingshi/Project/AI/ernie-image-ncnn-vulkan/outputs/configure-cli-only-v1/ncnn/src/layer/vulkan/shader/convolution_packed_gemm_int8.comp.hex.h: CUSTOM_COMMAND
/home/mingshi/Project/AI/ernie-image-ncnn-vulkan/outputs/configure-cli-only-v1/ncnn/src/layer/vulkan/shader/convolution_packed_int8.comp.hex.h: CUSTOM_COMMAND
/home/mingshi/Project/AI/ernie-image-ncnn-vulkan/outputs/configure-cli-only-v1/ncnn/src/layer/vulkan/shader/convolution_winograd_gemm_cm.comp.hex.h: CUSTOM_COMMAND
/home/mingshi/Project/AI/ernie-image-ncnn-vulkan/outputs/configure-cli-only-v1/ncnn/src/layer/vulkan/shader/crop.comp.hex.h: CUSTOM_COMMAND
/home/mingshi/Project/AI/ernie-image-ncnn-vulkan/outputs/configure-cli-only-v1/ncnn/src/layer/vulkan/shader/crop_pack1to4.comp.hex.h: CUSTOM_COMMAND
/home/mingshi/Project/AI/ernie-image-ncnn-vulkan/outputs/configure-cli-only-v1/ncnn/src/layer/vulkan/shader/crop_pack4.comp.hex.h: CUSTOM_COMMAND
/home/mingshi/Project/AI/ernie-image-ncnn-vulkan/outputs/configure-cli-only-v1/ncnn/src/layer/vulkan/shader/crop_pack4to1.comp.hex.h: CUSTOM_COMMAND
/home/mingshi/Project/AI/ernie-image-ncnn-vulkan/outputs/configure-cli-only-v1/ncnn/src/layer/vulkan/shader/flatten.comp.hex.h: CUSTOM_COMMAND
/home/mingshi/Project/AI/ernie-image-ncnn-vulkan/outputs/configure-cli-only-v1/ncnn/src/layer/vulkan/shader/flatten_int8.comp.hex.h: CUSTOM_COMMAND
/home/mingshi/Project/AI/ernie-image-ncnn-vulkan/outputs/configure-cli-only-v1/ncnn/src/layer/vulkan/shader/flatten_pack1to4.comp.hex.h: CUSTOM_COMMAND
/home/mingshi/Project/AI/ernie-image-ncnn-vulkan/outputs/configure-cli-only-v1/ncnn/src/layer/vulkan/shader/flatten_pack1to4_int8.comp.hex.h: CUSTOM_COMMAND
/home/mingshi/Project/AI/ernie-image-ncnn-vulkan/outputs/configure-cli-only-v1/ncnn/src/layer/vulkan/shader/flatten_pack4.comp.hex.h: CUSTOM_COMMAND
/home/mingshi/Project/AI/ernie-image-ncnn-vulkan/outputs/configure-cli-only-v1/ncnn/src/layer/vulkan/shader/flatten_pack4_int8.comp.hex.h: CUSTOM_COMMAND
/home/mingshi/Project/AI/ernie-image-ncnn-vulkan/outputs/configure-cli-only-v1/ncnn/src/layer/vulkan/shader/gelu.comp.hex.h: CUSTOM_COMMAND
/home/mingshi/Project/AI/ernie-image-ncnn-vulkan/outputs/configure-cli-only-v1/ncnn/src/layer/vulkan/shader/gemm.comp.hex.h: CUSTOM_COMMAND
/home/mingshi/Project/AI/ernie-image-ncnn-vulkan/outputs/configure-cli-only-v1/ncnn/src/layer/vulkan/shader/gemm_cm.comp.hex.h: CUSTOM_COMMAND
/home/mingshi/Project/AI/ernie-image-ncnn-vulkan/outputs/configure-cli-only-v1/ncnn/src/layer/vulkan/shader/gemm_int8.comp.hex.h: CUSTOM_COMMAND
/home/mingshi/Project/AI/ernie-image-ncnn-vulkan/outputs/configure-cli-only-v1/ncnn/src/layer/vulkan/shader/gemm_int8_cm.comp.hex.h: CUSTOM_COMMAND
/home/mingshi/Project/AI/ernie-image-ncnn-vulkan/outputs/configure-cli-only-v1/ncnn/src/layer/vulkan/shader/gemm_quantize_A_int8.comp.hex.h: CUSTOM_COMMAND
/home/mingshi/Project/AI/ernie-image-ncnn-vulkan/outputs/configure-cli-only-v1/ncnn/src/layer/vulkan/shader/gemm_quantize_A_packed_int8.comp.hex.h: CUSTOM_COMMAND
/home/mingshi/Project/AI/ernie-image-ncnn-vulkan/outputs/configure-cli-only-v1/ncnn/src/layer/vulkan/shader/gemm_quantize_B_absmax_int8.comp.hex.h: CUSTOM_COMMAND
/home/mingshi/Project/AI/ernie-image-ncnn-vulkan/outputs/configure-cli-only-v1/ncnn/src/layer/vulkan/shader/gemm_quantize_B_descale_int8.comp.hex.h: CUSTOM_COMMAND
/home/mingshi/Project/AI/ernie-image-ncnn-vulkan/outputs/configure-cli-only-v1/ncnn/src/layer/vulkan/shader/gemm_quantize_B_int8.comp.hex.h: CUSTOM_COMMAND
/home/mingshi/Project/AI/ernie-image-ncnn-vulkan/outputs/configure-cli-only-v1/ncnn/src/layer/vulkan/shader/gemm_quantize_B_packed_int8.comp.hex.h: CUSTOM_COMMAND
/home/mingshi/Project/AI/ernie-image-ncnn-vulkan/outputs/configure-cli-only-v1/ncnn/src/layer/vulkan/shader/gemm_sg.comp.hex.h: CUSTOM_COMMAND
/home/mingshi/Project/AI/ernie-image-ncnn-vulkan/outputs/configure-cli-only-v1/ncnn/src/layer/vulkan/shader/groupnorm_coeffs.comp.hex.h: CUSTOM_COMMAND
/home/mingshi/Project/AI/ernie-image-ncnn-vulkan/outputs/configure-cli-only-v1/ncnn/src/layer/vulkan/shader/groupnorm_coeffs_pack4.comp.hex.h: CUSTOM_COMMAND
/home/mingshi/Project/AI/ernie-image-ncnn-vulkan/outputs/configure-cli-only-v1/ncnn/src/layer/vulkan/shader/groupnorm_norm.comp.hex.h: CUSTOM_COMMAND
/home/mingshi/Project/AI/ernie-image-ncnn-vulkan/outputs/configure-cli-only-v1/ncnn/src/layer/vulkan/shader/groupnorm_norm_pack4.comp.hex.h: CUSTOM_COMMAND
/home/mingshi/Project/AI/ernie-image-ncnn-vulkan/outputs/configure-cli-only-v1/ncnn/src/layer/vulkan/shader/groupnorm_reduce_mean.comp.hex.h: CUSTOM_COMMAND
/home/mingshi/Project/AI/ernie-image-ncnn-vulkan/outputs/configure-cli-only-v1/ncnn/src/layer/vulkan/shader/groupnorm_reduce_mean_pack4.comp.hex.h: CUSTOM_COMMAND
/home/mingshi/Project/AI/ernie-image-ncnn-vulkan/outputs/configure-cli-only-v1/ncnn/src/layer/vulkan/shader/groupnorm_reduce_sum4_fp16_to_fp32.comp.hex.h: CUSTOM_COMMAND
/home/mingshi/Project/AI/ernie-image-ncnn-vulkan/outputs/configure-cli-only-v1/ncnn/src/layer/vulkan/shader/groupnorm_reduce_sum4_fp16_to_fp32_pack4.comp.hex.h: CUSTOM_COMMAND
/home/mingshi/Project/AI/ernie-image-ncnn-vulkan/outputs/configure-cli-only-v1/ncnn/src/layer/vulkan/shader/groupnorm_reduce_sum4_fp32.comp.hex.h: CUSTOM_COMMAND
/home/mingshi/Project/AI/ernie-image-ncnn-vulkan/outputs/configure-cli-only-v1/ncnn/src/layer/vulkan/shader/groupnorm_reduce_sum4_fp32_pack4.comp.hex.h: CUSTOM_COMMAND
/home/mingshi/Project/AI/ernie-image-ncnn-vulkan/outputs/configure-cli-only-v1/ncnn/src/layer/vulkan/shader/groupnorm_sub_mean_square.comp.hex.h: CUSTOM_COMMAND
/home/mingshi/Project/AI/ernie-image-ncnn-vulkan/outputs/configure-cli-only-v1/ncnn/src/layer/vulkan/shader/groupnorm_sub_mean_square_pack4.comp.hex.h: CUSTOM_COMMAND
/home/mingshi/Project/AI/ernie-image-ncnn-vulkan/outputs/configure-cli-only-v1/ncnn/src/layer/vulkan/shader/innerproduct.comp.hex.h: CUSTOM_COMMAND
/home/mingshi/Project/AI/ernie-image-ncnn-vulkan/outputs/configure-cli-only-v1/ncnn/src/layer/vulkan/shader/innerproduct_gemm.comp.hex.h: CUSTOM_COMMAND
/home/mingshi/Project/AI/ernie-image-ncnn-vulkan/outputs/configure-cli-only-v1/ncnn/src/layer/vulkan/shader/innerproduct_gemm_int8.comp.hex.h: CUSTOM_COMMAND
/home/mingshi/Project/AI/ernie-image-ncnn-vulkan/outputs/configure-cli-only-v1/ncnn/src/layer/vulkan/shader/innerproduct_gemm_wp1to4.comp.hex.h: CUSTOM_COMMAND
/home/mingshi/Project/AI/ernie-image-ncnn-vulkan/outputs/configure-cli-only-v1/ncnn/src/layer/vulkan/shader/innerproduct_gemm_wp4.comp.hex.h: CUSTOM_COMMAND
/home/mingshi/Project/AI/ernie-image-ncnn-vulkan/outputs/configure-cli-only-v1/ncnn/src/layer/vulkan/shader/innerproduct_gemm_wp4to1.comp.hex.h: CUSTOM_COMMAND
/home/mingshi/Project/AI/ernie-image-ncnn-vulkan/outputs/configure-cli-only-v1/ncnn/src/layer/vulkan/shader/innerproduct_int8.comp.hex.h: CUSTOM_COMMAND
/home/mingshi/Project/AI/ernie-image-ncnn-vulkan/outputs/configure-cli-only-v1/ncnn/src/layer/vulkan/shader/innerproduct_pack1to4.comp.hex.h: CUSTOM_COMMAND
/home/mingshi/Project/AI/ernie-image-ncnn-vulkan/outputs/configure-cli-only-v1/ncnn/src/layer/vulkan/shader/innerproduct_pack4.comp.hex.h: CUSTOM_COMMAND
/home/mingshi/Project/AI/ernie-image-ncnn-vulkan/outputs/configure-cli-only-v1/ncnn/src/layer/vulkan/shader/innerproduct_pack4to1.comp.hex.h: CUSTOM_COMMAND
/home/mingshi/Project/AI/ernie-image-ncnn-vulkan/outputs/configure-cli-only-v1/ncnn/src/layer/vulkan/shader/innerproduct_reduce_sum8.comp.hex.h: CUSTOM_COMMAND
/home/mingshi/Project/AI/ernie-image-ncnn-vulkan/outputs/configure-cli-only-v1/ncnn/src/layer/vulkan/shader/innerproduct_reduce_sum8_int8.comp.hex.h: CUSTOM_COMMAND
/home/mingshi/Project/AI/ernie-image-ncnn-vulkan/outputs/configure-cli-only-v1/ncnn/src/layer/vulkan/shader/innerproduct_reduce_sum8_pack4.comp.hex.h: CUSTOM_COMMAND
/home/mingshi/Project/AI/ernie-image-ncnn-vulkan/outputs/configure-cli-only-v1/ncnn/src/layer/vulkan/shader/innerproduct_sum8.comp.hex.h: CUSTOM_COMMAND
/home/mingshi/Project/AI/ernie-image-ncnn-vulkan/outputs/configure-cli-only-v1/ncnn/src/layer/vulkan/shader/innerproduct_sum8_int8.comp.hex.h: CUSTOM_COMMAND
/home/mingshi/Project/AI/ernie-image-ncnn-vulkan/outputs/configure-cli-only-v1/ncnn/src/layer/vulkan/shader/innerproduct_sum8_pack1to4.comp.hex.h: CUSTOM_COMMAND
/home/mingshi/Project/AI/ernie-image-ncnn-vulkan/outputs/configure-cli-only-v1/ncnn/src/layer/vulkan/shader/innerproduct_sum8_pack4.comp.hex.h: CUSTOM_COMMAND
/home/mingshi/Project/AI/ernie-image-ncnn-vulkan/outputs/configure-cli-only-v1/ncnn/src/layer/vulkan/shader/innerproduct_sum8_pack4to1.comp.hex.h: CUSTOM_COMMAND
/home/mingshi/Project/AI/ernie-image-ncnn-vulkan/outputs/configure-cli-only-v1/ncnn/src/layer/vulkan/shader/interp.comp.hex.h: CUSTOM_COMMAND
/home/mingshi/Project/AI/ernie-image-ncnn-vulkan/outputs/configure-cli-only-v1/ncnn/src/layer/vulkan/shader/interp_bicubic.comp.hex.h: CUSTOM_COMMAND
/home/mingshi/Project/AI/ernie-image-ncnn-vulkan/outputs/configure-cli-only-v1/ncnn/src/layer/vulkan/shader/interp_bicubic_coeffs.comp.hex.h: CUSTOM_COMMAND
/home/mingshi/Project/AI/ernie-image-ncnn-vulkan/outputs/configure-cli-only-v1/ncnn/src/layer/vulkan/shader/interp_bicubic_pack4.comp.hex.h: CUSTOM_COMMAND
/home/mingshi/Project/AI/ernie-image-ncnn-vulkan/outputs/configure-cli-only-v1/ncnn/src/layer/vulkan/shader/interp_pack4.comp.hex.h: CUSTOM_COMMAND
/home/mingshi/Project/AI/ernie-image-ncnn-vulkan/outputs/configure-cli-only-v1/ncnn/src/layer/vulkan/shader/layernorm_coeffs.comp.hex.h: CUSTOM_COMMAND
/home/mingshi/Project/AI/ernie-image-ncnn-vulkan/outputs/configure-cli-only-v1/ncnn/src/layer/vulkan/shader/layernorm_coeffs_pack4.comp.hex.h: CUSTOM_COMMAND
/home/mingshi/Project/AI/ernie-image-ncnn-vulkan/outputs/configure-cli-only-v1/ncnn/src/layer/vulkan/shader/layernorm_norm.comp.hex.h: CUSTOM_COMMAND
/home/mingshi/Project/AI/ernie-image-ncnn-vulkan/outputs/configure-cli-only-v1/ncnn/src/layer/vulkan/shader/layernorm_norm_pack4.comp.hex.h: CUSTOM_COMMAND
/home/mingshi/Project/AI/ernie-image-ncnn-vulkan/outputs/configure-cli-only-v1/ncnn/src/layer/vulkan/shader/layernorm_reduce_mean.comp.hex.h: CUSTOM_COMMAND
/home/mingshi/Project/AI/ernie-image-ncnn-vulkan/outputs/configure-cli-only-v1/ncnn/src/layer/vulkan/shader/layernorm_reduce_mean_pack4.comp.hex.h: CUSTOM_COMMAND
/home/mingshi/Project/AI/ernie-image-ncnn-vulkan/outputs/configure-cli-only-v1/ncnn/src/layer/vulkan/shader/layernorm_reduce_sum4_fp16_to_fp32.comp.hex.h: CUSTOM_COMMAND
/home/mingshi/Project/AI/ernie-image-ncnn-vulkan/outputs/configure-cli-only-v1/ncnn/src/layer/vulkan/shader/layernorm_reduce_sum4_fp16_to_fp32_pack4.comp.hex.h: CUSTOM_COMMAND
/home/mingshi/Project/AI/ernie-image-ncnn-vulkan/outputs/configure-cli-only-v1/ncnn/src/layer/vulkan/shader/layernorm_reduce_sum4_fp32.comp.hex.h: CUSTOM_COMMAND
/home/mingshi/Project/AI/ernie-image-ncnn-vulkan/outputs/configure-cli-only-v1/ncnn/src/layer/vulkan/shader/layernorm_reduce_sum4_fp32_pack4.comp.hex.h: CUSTOM_COMMAND
/home/mingshi/Project/AI/ernie-image-ncnn-vulkan/outputs/configure-cli-only-v1/ncnn/src/layer/vulkan/shader/layernorm_sub_mean_square.comp.hex.h: CUSTOM_COMMAND
/home/mingshi/Project/AI/ernie-image-ncnn-vulkan/outputs/configure-cli-only-v1/ncnn/src/layer/vulkan/shader/layernorm_sub_mean_square_pack4.comp.hex.h: CUSTOM_COMMAND
/home/mingshi/Project/AI/ernie-image-ncnn-vulkan/outputs/configure-cli-only-v1/ncnn/src/layer/vulkan/shader/multiheadattention_kvcache_append.comp.hex.h: CUSTOM_COMMAND
/home/mingshi/Project/AI/ernie-image-ncnn-vulkan/outputs/configure-cli-only-v1/ncnn/src/layer/vulkan/shader/multiheadattention_kvcache_copy.comp.hex.h: CUSTOM_COMMAND
/home/mingshi/Project/AI/ernie-image-ncnn-vulkan/outputs/configure-cli-only-v1/ncnn/src/layer/vulkan/shader/multiheadattention_kvcache_qk.comp.hex.h: CUSTOM_COMMAND
/home/mingshi/Project/AI/ernie-image-ncnn-vulkan/outputs/configure-cli-only-v1/ncnn/src/layer/vulkan/shader/multiheadattention_kvcache_qkv.comp.hex.h: CUSTOM_COMMAND
/home/mingshi/Project/AI/ernie-image-ncnn-vulkan/outputs/configure-cli-only-v1/ncnn/src/layer/vulkan/shader/multiheadattention_qk_cross.comp.hex.h: CUSTOM_COMMAND
/home/mingshi/Project/AI/ernie-image-ncnn-vulkan/outputs/configure-cli-only-v1/ncnn/src/layer/vulkan/shader/multiheadattention_qk_cross_pack1to4.comp.hex.h: CUSTOM_COMMAND
/home/mingshi/Project/AI/ernie-image-ncnn-vulkan/outputs/configure-cli-only-v1/ncnn/src/layer/vulkan/shader/multiheadattention_qk_cross_pack4.comp.hex.h: CUSTOM_COMMAND
/home/mingshi/Project/AI/ernie-image-ncnn-vulkan/outputs/configure-cli-only-v1/ncnn/src/layer/vulkan/shader/multiheadattention_qk_cross_pack4to1.comp.hex.h: CUSTOM_COMMAND
/home/mingshi/Project/AI/ernie-image-ncnn-vulkan/outputs/configure-cli-only-v1/ncnn/src/layer/vulkan/shader/multiheadattention_qkv_cross.comp.hex.h: CUSTOM_COMMAND
/home/mingshi/Project/AI/ernie-image-ncnn-vulkan/outputs/configure-cli-only-v1/ncnn/src/layer/vulkan/shader/multiheadattention_qkv_cross_pack1to4.comp.hex.h: CUSTOM_COMMAND
/home/mingshi/Project/AI/ernie-image-ncnn-vulkan/outputs/configure-cli-only-v1/ncnn/src/layer/vulkan/shader/multiheadattention_qkv_cross_pack4.comp.hex.h: CUSTOM_COMMAND
/home/mingshi/Project/AI/ernie-image-ncnn-vulkan/outputs/configure-cli-only-v1/ncnn/src/layer/vulkan/shader/multiheadattention_qkv_cross_pack4to1.comp.hex.h: CUSTOM_COMMAND
/home/mingshi/Project/AI/ernie-image-ncnn-vulkan/outputs/configure-cli-only-v1/ncnn/src/layer/vulkan/shader/ncnn_glsl_ext.comp.hex.h: CUSTOM_COMMAND
/home/mingshi/Project/AI/ernie-image-ncnn-vulkan/outputs/configure-cli-only-v1/ncnn/src/layer/vulkan/shader/packing.comp.hex.h: CUSTOM_COMMAND
/home/mingshi/Project/AI/ernie-image-ncnn-vulkan/outputs/configure-cli-only-v1/ncnn/src/layer/vulkan/shader/packing_int8.comp.hex.h: CUSTOM_COMMAND
/home/mingshi/Project/AI/ernie-image-ncnn-vulkan/outputs/configure-cli-only-v1/ncnn/src/layer/vulkan/shader/packing_pack1to4.comp.hex.h: CUSTOM_COMMAND
/home/mingshi/Project/AI/ernie-image-ncnn-vulkan/outputs/configure-cli-only-v1/ncnn/src/layer/vulkan/shader/packing_pack1to4_int8.comp.hex.h: CUSTOM_COMMAND
/home/mingshi/Project/AI/ernie-image-ncnn-vulkan/outputs/configure-cli-only-v1/ncnn/src/layer/vulkan/shader/packing_pack4to1.comp.hex.h: CUSTOM_COMMAND
/home/mingshi/Project/AI/ernie-image-ncnn-vulkan/outputs/configure-cli-only-v1/ncnn/src/layer/vulkan/shader/packing_pack4to1_int8.comp.hex.h: CUSTOM_COMMAND
/home/mingshi/Project/AI/ernie-image-ncnn-vulkan/outputs/configure-cli-only-v1/ncnn/src/layer/vulkan/shader/padding.comp.hex.h: CUSTOM_COMMAND
/home/mingshi/Project/AI/ernie-image-ncnn-vulkan/outputs/configure-cli-only-v1/ncnn/src/layer/vulkan/shader/padding_3d.comp.hex.h: CUSTOM_COMMAND
/home/mingshi/Project/AI/ernie-image-ncnn-vulkan/outputs/configure-cli-only-v1/ncnn/src/layer/vulkan/shader/padding_3d_int8.comp.hex.h: CUSTOM_COMMAND
/home/mingshi/Project/AI/ernie-image-ncnn-vulkan/outputs/configure-cli-only-v1/ncnn/src/layer/vulkan/shader/padding_3d_pack4.comp.hex.h: CUSTOM_COMMAND
/home/mingshi/Project/AI/ernie-image-ncnn-vulkan/outputs/configure-cli-only-v1/ncnn/src/layer/vulkan/shader/padding_3d_pack4_int8.comp.hex.h: CUSTOM_COMMAND
/home/mingshi/Project/AI/ernie-image-ncnn-vulkan/outputs/configure-cli-only-v1/ncnn/src/layer/vulkan/shader/padding_int8.comp.hex.h: CUSTOM_COMMAND
/home/mingshi/Project/AI/ernie-image-ncnn-vulkan/outputs/configure-cli-only-v1/ncnn/src/layer/vulkan/shader/padding_pack1to4.comp.hex.h: CUSTOM_COMMAND
/home/mingshi/Project/AI/ernie-image-ncnn-vulkan/outputs/configure-cli-only-v1/ncnn/src/layer/vulkan/shader/padding_pack1to4_int8.comp.hex.h: CUSTOM_COMMAND
/home/mingshi/Project/AI/ernie-image-ncnn-vulkan/outputs/configure-cli-only-v1/ncnn/src/layer/vulkan/shader/padding_pack4.comp.hex.h: CUSTOM_COMMAND
/home/mingshi/Project/AI/ernie-image-ncnn-vulkan/outputs/configure-cli-only-v1/ncnn/src/layer/vulkan/shader/padding_pack4_int8.comp.hex.h: CUSTOM_COMMAND
/home/mingshi/Project/AI/ernie-image-ncnn-vulkan/outputs/configure-cli-only-v1/ncnn/src/layer/vulkan/shader/padding_pack4to1.comp.hex.h: CUSTOM_COMMAND
/home/mingshi/Project/AI/ernie-image-ncnn-vulkan/outputs/configure-cli-only-v1/ncnn/src/layer/vulkan/shader/padding_pack4to1_int8.comp.hex.h: CUSTOM_COMMAND
/home/mingshi/Project/AI/ernie-image-ncnn-vulkan/outputs/configure-cli-only-v1/ncnn/src/layer/vulkan/shader/permute.comp.hex.h: CUSTOM_COMMAND
/home/mingshi/Project/AI/ernie-image-ncnn-vulkan/outputs/configure-cli-only-v1/ncnn/src/layer/vulkan/shader/permute_pack1to4.comp.hex.h: CUSTOM_COMMAND
/home/mingshi/Project/AI/ernie-image-ncnn-vulkan/outputs/configure-cli-only-v1/ncnn/src/layer/vulkan/shader/permute_pack4.comp.hex.h: CUSTOM_COMMAND
/home/mingshi/Project/AI/ernie-image-ncnn-vulkan/outputs/configure-cli-only-v1/ncnn/src/layer/vulkan/shader/permute_pack4to1.comp.hex.h: CUSTOM_COMMAND
/home/mingshi/Project/AI/ernie-image-ncnn-vulkan/outputs/configure-cli-only-v1/ncnn/src/layer/vulkan/shader/reduction.comp.hex.h: CUSTOM_COMMAND
/home/mingshi/Project/AI/ernie-image-ncnn-vulkan/outputs/configure-cli-only-v1/ncnn/src/layer/vulkan/shader/reshape.comp.hex.h: CUSTOM_COMMAND
/home/mingshi/Project/AI/ernie-image-ncnn-vulkan/outputs/configure-cli-only-v1/ncnn/src/layer/vulkan/shader/reshape_batch_reorder.comp.hex.h: CUSTOM_COMMAND
/home/mingshi/Project/AI/ernie-image-ncnn-vulkan/outputs/configure-cli-only-v1/ncnn/src/layer/vulkan/shader/reshape_batch_reorder_pack1to4.comp.hex.h: CUSTOM_COMMAND
/home/mingshi/Project/AI/ernie-image-ncnn-vulkan/outputs/configure-cli-only-v1/ncnn/src/layer/vulkan/shader/reshape_batch_reorder_pack4.comp.hex.h: CUSTOM_COMMAND
/home/mingshi/Project/AI/ernie-image-ncnn-vulkan/outputs/configure-cli-only-v1/ncnn/src/layer/vulkan/shader/reshape_batch_reorder_pack4to1.comp.hex.h: CUSTOM_COMMAND
/home/mingshi/Project/AI/ernie-image-ncnn-vulkan/outputs/configure-cli-only-v1/ncnn/src/layer/vulkan/shader/reshape_pack1to4.comp.hex.h: CUSTOM_COMMAND
/home/mingshi/Project/AI/ernie-image-ncnn-vulkan/outputs/configure-cli-only-v1/ncnn/src/layer/vulkan/shader/reshape_pack4.comp.hex.h: CUSTOM_COMMAND
/home/mingshi/Project/AI/ernie-image-ncnn-vulkan/outputs/configure-cli-only-v1/ncnn/src/layer/vulkan/shader/reshape_pack4to1.comp.hex.h: CUSTOM_COMMAND
/home/mingshi/Project/AI/ernie-image-ncnn-vulkan/outputs/configure-cli-only-v1/ncnn/src/layer/vulkan/shader/rmsnorm_coeffs.comp.hex.h: CUSTOM_COMMAND
/home/mingshi/Project/AI/ernie-image-ncnn-vulkan/outputs/configure-cli-only-v1/ncnn/src/layer/vulkan/shader/rmsnorm_coeffs_pack4.comp.hex.h: CUSTOM_COMMAND
/home/mingshi/Project/AI/ernie-image-ncnn-vulkan/outputs/configure-cli-only-v1/ncnn/src/layer/vulkan/shader/rmsnorm_norm.comp.hex.h: CUSTOM_COMMAND
/home/mingshi/Project/AI/ernie-image-ncnn-vulkan/outputs/configure-cli-only-v1/ncnn/src/layer/vulkan/shader/rmsnorm_norm_pack4.comp.hex.h: CUSTOM_COMMAND
/home/mingshi/Project/AI/ernie-image-ncnn-vulkan/outputs/configure-cli-only-v1/ncnn/src/layer/vulkan/shader/rmsnorm_square.comp.hex.h: CUSTOM_COMMAND
/home/mingshi/Project/AI/ernie-image-ncnn-vulkan/outputs/configure-cli-only-v1/ncnn/src/layer/vulkan/shader/rmsnorm_square_pack4.comp.hex.h: CUSTOM_COMMAND
/home/mingshi/Project/AI/ernie-image-ncnn-vulkan/outputs/configure-cli-only-v1/ncnn/src/layer/vulkan/shader/sdpa_cross.comp.hex.h: CUSTOM_COMMAND
/home/mingshi/Project/AI/ernie-image-ncnn-vulkan/outputs/configure-cli-only-v1/ncnn/src/layer/vulkan/shader/sdpa_cross_cm.comp.hex.h: CUSTOM_COMMAND
/home/mingshi/Project/AI/ernie-image-ncnn-vulkan/outputs/configure-cli-only-v1/ncnn/src/layer/vulkan/shader/sdpa_fa.comp.hex.h: CUSTOM_COMMAND
/home/mingshi/Project/AI/ernie-image-ncnn-vulkan/outputs/configure-cli-only-v1/ncnn/src/layer/vulkan/shader/sdpa_fa_cm.comp.hex.h: CUSTOM_COMMAND
/home/mingshi/Project/AI/ernie-image-ncnn-vulkan/outputs/configure-cli-only-v1/ncnn/src/layer/vulkan/shader/sdpa_kvcache_append.comp.hex.h: CUSTOM_COMMAND
/home/mingshi/Project/AI/ernie-image-ncnn-vulkan/outputs/configure-cli-only-v1/ncnn/src/layer/vulkan/shader/sdpa_kvcache_copy.comp.hex.h: CUSTOM_COMMAND
/home/mingshi/Project/AI/ernie-image-ncnn-vulkan/outputs/configure-cli-only-v1/ncnn/src/layer/vulkan/shader/slice.comp.hex.h: CUSTOM_COMMAND
/home/mingshi/Project/AI/ernie-image-ncnn-vulkan/outputs/configure-cli-only-v1/ncnn/src/layer/vulkan/shader/slice_pack1to4.comp.hex.h: CUSTOM_COMMAND
/home/mingshi/Project/AI/ernie-image-ncnn-vulkan/outputs/configure-cli-only-v1/ncnn/src/layer/vulkan/shader/slice_pack4.comp.hex.h: CUSTOM_COMMAND
/home/mingshi/Project/AI/ernie-image-ncnn-vulkan/outputs/configure-cli-only-v1/ncnn/src/layer/vulkan/shader/softmax_div_sum.comp.hex.h: CUSTOM_COMMAND
/home/mingshi/Project/AI/ernie-image-ncnn-vulkan/outputs/configure-cli-only-v1/ncnn/src/layer/vulkan/shader/softmax_div_sum_pack4.comp.hex.h: CUSTOM_COMMAND
/home/mingshi/Project/AI/ernie-image-ncnn-vulkan/outputs/configure-cli-only-v1/ncnn/src/layer/vulkan/shader/softmax_exp_sub_max.comp.hex.h: CUSTOM_COMMAND
/home/mingshi/Project/AI/ernie-image-ncnn-vulkan/outputs/configure-cli-only-v1/ncnn/src/layer/vulkan/shader/softmax_exp_sub_max_pack4.comp.hex.h: CUSTOM_COMMAND
/home/mingshi/Project/AI/ernie-image-ncnn-vulkan/outputs/configure-cli-only-v1/ncnn/src/layer/vulkan/shader/softmax_reduce_max.comp.hex.h: CUSTOM_COMMAND
/home/mingshi/Project/AI/ernie-image-ncnn-vulkan/outputs/configure-cli-only-v1/ncnn/src/layer/vulkan/shader/softmax_reduce_max_pack4.comp.hex.h: CUSTOM_COMMAND
/home/mingshi/Project/AI/ernie-image-ncnn-vulkan/outputs/configure-cli-only-v1/ncnn/src/layer/vulkan/shader/softmax_reduce_sum.comp.hex.h: CUSTOM_COMMAND
/home/mingshi/Project/AI/ernie-image-ncnn-vulkan/outputs/configure-cli-only-v1/ncnn/src/layer/vulkan/shader/softmax_reduce_sum_pack4.comp.hex.h: CUSTOM_COMMAND
/home/mingshi/Project/AI/ernie-image-ncnn-vulkan/outputs/configure-cli-only-v1/ncnn/src/layer/vulkan/shader/swish.comp.hex.h: CUSTOM_COMMAND
/home/mingshi/Project/AI/ernie-image-ncnn-vulkan/outputs/configure-cli-only-v1/ncnn/src/layer/vulkan/shader/unaryop.comp.hex.h: CUSTOM_COMMAND
/home/mingshi/Project/AI/ernie-image-ncnn-vulkan/outputs/configure-cli-only-v1/ncnn/src/layer/vulkan/shader/vulkan_activation.comp.hex.h: CUSTOM_COMMAND
/home/mingshi/Project/AI/ernie-image-ncnn-vulkan/outputs/configure-cli-only-v1/ncnn/src/layer/x86/concat_x86_avx512.h: CUSTOM_COMMAND
/home/mingshi/Project/AI/ernie-image-ncnn-vulkan/outputs/configure-cli-only-v1/ncnn/src/layer/x86/concat_x86_avx.h: CUSTOM_COMMAND
/home/mingshi/Project/AI/ernie-image-ncnn-vulkan/outputs/configure-cli-only-v1/ncnn/src/layer/x86/convolution_x86_avx512.h: CUSTOM_COMMAND
/home/mingshi/Project/AI/ernie-image-ncnn-vulkan/outputs/configure-cli-only-v1/ncnn/src/layer/x86/convolution_x86_avx.h: CUSTOM_COMMAND
/home/mingshi/Project/AI/ernie-image-ncnn-vulkan/outputs/configure-cli-only-v1/ncnn/src/layer/x86/crop_x86_avx512.h: CUSTOM_COMMAND
/home/mingshi/Project/AI/ernie-image-ncnn-vulkan/outputs/configure-cli-only-v1/ncnn/src/layer/x86/crop_x86_avx.h: CUSTOM_COMMAND
/home/mingshi/Project/AI/ernie-image-ncnn-vulkan/outputs/configure-cli-only-v1/ncnn/src/layer/x86/flatten_x86_avx512.h: CUSTOM_COMMAND
/home/mingshi/Project/AI/ernie-image-ncnn-vulkan/outputs/configure-cli-only-v1/ncnn/src/layer/x86/flatten_x86_avx.h: CUSTOM_COMMAND
/home/mingshi/Project/AI/ernie-image-ncnn-vulkan/outputs/configure-cli-only-v1/ncnn/src/layer/x86/innerproduct_x86_avx512.h: CUSTOM_COMMAND
/home/mingshi/Project/AI/ernie-image-ncnn-vulkan/outputs/configure-cli-only-v1/ncnn/src/layer/x86/innerproduct_x86_avx.h: CUSTOM_COMMAND
/home/mingshi/Project/AI/ernie-image-ncnn-vulkan/outputs/configure-cli-only-v1/ncnn/src/layer/x86/reshape_x86_avx512.h: CUSTOM_COMMAND
/home/mingshi/Project/AI/ernie-image-ncnn-vulkan/outputs/configure-cli-only-v1/ncnn/src/layer/x86/reshape_x86_avx.h: CUSTOM_COMMAND
/home/mingshi/Project/AI/ernie-image-ncnn-vulkan/outputs/configure-cli-only-v1/ncnn/src/layer/x86/slice_x86_avx512.h: CUSTOM_COMMAND
/home/mingshi/Project/AI/ernie-image-ncnn-vulkan/outputs/configure-cli-only-v1/ncnn/src/layer/x86/slice_x86_avx.h: CUSTOM_COMMAND
/home/mingshi/Project/AI/ernie-image-ncnn-vulkan/outputs/configure-cli-only-v1/ncnn/src/layer/x86/softmax_x86_avx512.h: CUSTOM_COMMAND
/home/mingshi/Project/AI/ernie-image-ncnn-vulkan/outputs/configure-cli-only-v1/ncnn/src/layer/x86/softmax_x86_avx.h: CUSTOM_COMMAND
/home/mingshi/Project/AI/ernie-image-ncnn-vulkan/outputs/configure-cli-only-v1/ncnn/src/layer/x86/binaryop_x86_avx512.h: CUSTOM_COMMAND
/home/mingshi/Project/AI/ernie-image-ncnn-vulkan/outputs/configure-cli-only-v1/ncnn/src/layer/x86/binaryop_x86_avx.h: CUSTOM_COMMAND
/home/mingshi/Project/AI/ernie-image-ncnn-vulkan/outputs/configure-cli-only-v1/ncnn/src/layer/x86/unaryop_x86_avx512.h: CUSTOM_COMMAND
/home/mingshi/Project/AI/ernie-image-ncnn-vulkan/outputs/configure-cli-only-v1/ncnn/src/layer/x86/unaryop_x86_avx.h: CUSTOM_COMMAND
/home/mingshi/Project/AI/ernie-image-ncnn-vulkan/outputs/configure-cli-only-v1/ncnn/src/layer/x86/padding_x86_avx512.h: CUSTOM_COMMAND
/home/mingshi/Project/AI/ernie-image-ncnn-vulkan/outputs/configure-cli-only-v1/ncnn/src/layer/x86/padding_x86_avx.h: CUSTOM_COMMAND
/home/mingshi/Project/AI/ernie-image-ncnn-vulkan/outputs/configure-cli-only-v1/ncnn/src/layer/x86/interp_x86_avx512.h: CUSTOM_COMMAND
/home/mingshi/Project/AI/ernie-image-ncnn-vulkan/outputs/configure-cli-only-v1/ncnn/src/layer/x86/interp_x86_avx.h: CUSTOM_COMMAND
/home/mingshi/Project/AI/ernie-image-ncnn-vulkan/outputs/configure-cli-only-v1/ncnn/src/layer/x86/packing_x86_avx512.h: CUSTOM_COMMAND
/home/mingshi/Project/AI/ernie-image-ncnn-vulkan/outputs/configure-cli-only-v1/ncnn/src/layer/x86/packing_x86_avx.h: CUSTOM_COMMAND
/home/mingshi/Project/AI/ernie-image-ncnn-vulkan/outputs/configure-cli-only-v1/ncnn/src/layer/x86/cast_x86_avx512.h: CUSTOM_COMMAND
/home/mingshi/Project/AI/ernie-image-ncnn-vulkan/outputs/configure-cli-only-v1/ncnn/src/layer/x86/cast_x86_avx.h: CUSTOM_COMMAND
/home/mingshi/Project/AI/ernie-image-ncnn-vulkan/outputs/configure-cli-only-v1/ncnn/src/layer/x86/swish_x86_avx512.h: CUSTOM_COMMAND
/home/mingshi/Project/AI/ernie-image-ncnn-vulkan/outputs/configure-cli-only-v1/ncnn/src/layer/x86/swish_x86_avx.h: CUSTOM_COMMAND
/home/mingshi/Project/AI/ernie-image-ncnn-vulkan/outputs/configure-cli-only-v1/ncnn/src/layer/x86/gemm_x86_avx512.h: CUSTOM_COMMAND
/home/mingshi/Project/AI/ernie-image-ncnn-vulkan/outputs/configure-cli-only-v1/ncnn/src/layer/x86/gemm_x86_avx.h: CUSTOM_COMMAND
/home/mingshi/Project/AI/ernie-image-ncnn-vulkan/outputs/configure-cli-only-v1/ncnn/src/layer/x86/groupnorm_x86_avx512.h: CUSTOM_COMMAND
/home/mingshi/Project/AI/ernie-image-ncnn-vulkan/outputs/configure-cli-only-v1/ncnn/src/layer/x86/groupnorm_x86_avx.h: CUSTOM_COMMAND
/home/mingshi/Project/AI/ernie-image-ncnn-vulkan/outputs/configure-cli-only-v1/ncnn/src/layer/x86/layernorm_x86_avx512.h: CUSTOM_COMMAND
/home/mingshi/Project/AI/ernie-image-ncnn-vulkan/outputs/configure-cli-only-v1/ncnn/src/layer/x86/layernorm_x86_avx.h: CUSTOM_COMMAND
/home/mingshi/Project/AI/ernie-image-ncnn-vulkan/outputs/configure-cli-only-v1/ncnn/src/layer/x86/multiheadattention_x86_avx512.h: CUSTOM_COMMAND
/home/mingshi/Project/AI/ernie-image-ncnn-vulkan/outputs/configure-cli-only-v1/ncnn/src/layer/x86/multiheadattention_x86_avx.h: CUSTOM_COMMAND
/home/mingshi/Project/AI/ernie-image-ncnn-vulkan/outputs/configure-cli-only-v1/ncnn/src/layer/x86/gelu_x86_avx512.h: CUSTOM_COMMAND
/home/mingshi/Project/AI/ernie-image-ncnn-vulkan/outputs/configure-cli-only-v1/ncnn/src/layer/x86/gelu_x86_avx.h: CUSTOM_COMMAND
/home/mingshi/Project/AI/ernie-image-ncnn-vulkan/outputs/configure-cli-only-v1/ncnn/src/layer/x86/rmsnorm_x86_avx512.h: CUSTOM_COMMAND
/home/mingshi/Project/AI/ernie-image-ncnn-vulkan/outputs/configure-cli-only-v1/ncnn/src/layer/x86/rmsnorm_x86_avx.h: CUSTOM_COMMAND
/home/mingshi/Project/AI/ernie-image-ncnn-vulkan/outputs/configure-cli-only-v1/ncnn/src/layer/x86/sdpa_x86_avx512.h: CUSTOM_COMMAND
/home/mingshi/Project/AI/ernie-image-ncnn-vulkan/outputs/configure-cli-only-v1/ncnn/src/layer/x86/sdpa_x86_avx.h: CUSTOM_COMMAND
tokenizer/edit_cache: phony
tokenizer/rebuild_cache: phony
tokenizer/list_install_components: phony
tokenizer/install: phony
tokenizer/install/local: phony
tokenizer/install/strip: phony
/home/mingshi/Project/AI/ernie-image-ncnn-vulkan/outputs/configure-cli-only-v1/tokenizer/CMakeFiles/ernie-tokenizer-rust: phony
/home/mingshi/Project/AI/ernie-image-ncnn-vulkan/outputs/configure-cli-only-v1/cargo/release/libernie_tokenizer_bridge.a: CUSTOM_COMMAND
src/edit_cache: phony
src/rebuild_cache: phony
src/list_install_components: phony
src/install: phony
src/install/local: phony
src/install/strip: phony
cli/edit_cache: phony
cli/rebuild_cache: phony
cli/list_install_components: phony
cli/install: phony
cli/install/local: phony
cli/install/strip: phony
GenericCodeGen: phony
MachineIndependent: phony
OSDependent: phony
SPIRV: phony
ernie-pe: phony
ernie-pipeline: phony
ernie-runtime: phony
ernie-tokenizer: phony
ernie-tokenizer-rust: phony
glslang: phony
glslang-default-resource-limits: phony
libGenericCodeGen.a: phony
libMachineIndependent.a: phony
libOSDependent.a: phony
libSPIRV.a: phony
libernie-pe.a: phony
libernie-pipeline.a: phony
libernie-runtime.a: phony
libernie-tokenizer.a: phony
libglslang-default-resource-limits.a: phony
libglslang.a: phony
libncnn.a: phony
ncnn: phony
ncnn-generate-spirv: phony
build.ninja: RERUN_CMAKE
/home/mingshi/Project/AI/ernie-image-ncnn-vulkan/outputs/configure-cli-only-v1/cmake_install.cmake: RERUN_CMAKE
/home/mingshi/Project/AI/ernie-image-ncnn-vulkan/outputs/configure-cli-only-v1/ncnn/cmake_install.cmake: RERUN_CMAKE
/home/mingshi/Project/AI/ernie-image-ncnn-vulkan/outputs/configure-cli-only-v1/ncnn/glslang/cmake_install.cmake: RERUN_CMAKE
/home/mingshi/Project/AI/ernie-image-ncnn-vulkan/outputs/configure-cli-only-v1/ncnn/glslang/SPIRV/cmake_install.cmake: RERUN_CMAKE
/home/mingshi/Project/AI/ernie-image-ncnn-vulkan/outputs/configure-cli-only-v1/ncnn/glslang/glslang/cmake_install.cmake: RERUN_CMAKE
/home/mingshi/Project/AI/ernie-image-ncnn-vulkan/outputs/configure-cli-only-v1/ncnn/glslang/glslang/OSDependent/Unix/cmake_install.cmake: RERUN_CMAKE
/home/mingshi/Project/AI/ernie-image-ncnn-vulkan/outputs/configure-cli-only-v1/ncnn/src/cmake_install.cmake: RERUN_CMAKE
/home/mingshi/Project/AI/ernie-image-ncnn-vulkan/outputs/configure-cli-only-v1/tokenizer/cmake_install.cmake: RERUN_CMAKE
/home/mingshi/Project/AI/ernie-image-ncnn-vulkan/outputs/configure-cli-only-v1/src/cmake_install.cmake: RERUN_CMAKE
/home/mingshi/Project/AI/ernie-image-ncnn-vulkan/outputs/configure-cli-only-v1/cli/cmake_install.cmake: RERUN_CMAKE
clean: CLEAN
help: HELP
