test_dimensions_must_be_multiples_of_sixteen (test_cli.CliTests.test_dimensions_must_be_multiples_of_sixteen) ... ok
test_dimensions_require_both_axes (test_cli.CliTests.test_dimensions_require_both_axes) ... ok
test_duplicate_prompt_cannot_silently_replace_first (test_cli.CliTests.test_duplicate_prompt_cannot_silently_replace_first) ... ok
test_invalid_utf8_prompt_file_is_rejected (test_cli.CliTests.test_invalid_utf8_prompt_file_is_rejected) ... ok
test_missing_prompt_file_is_reported_before_model_loading (test_cli.CliTests.test_missing_prompt_file_is_reported_before_model_loading) ... ok
test_pe_cannot_change_prompt_of_precomputed_embeddings (test_cli.CliTests.test_pe_cannot_change_prompt_of_precomputed_embeddings) ... ok
test_pe_options_require_an_explicit_model (test_cli.CliTests.test_pe_options_require_an_explicit_model) ... ok
test_pe_rejects_infinite_temperature (test_cli.CliTests.test_pe_rejects_infinite_temperature) ... ok
test_pe_rejects_invalid_top_p (test_cli.CliTests.test_pe_rejects_invalid_top_p) ... ok
test_prompt_file_is_bounded_before_model_loading (test_cli.CliTests.test_prompt_file_is_bounded_before_model_loading) ... ok
test_prompt_sources_are_mutually_exclusive (test_cli.CliTests.test_prompt_sources_are_mutually_exclusive) ... ok
test_rectangular_request_reaches_model_validation (test_cli.CliTests.test_rectangular_request_reaches_model_validation) ... ok
test_repeated_resolution_cannot_silently_override (test_cli.CliTests.test_repeated_resolution_cannot_silently_override) ... ok
test_valid_bf16_request_reaches_model_validation (test_cli.CliTests.test_valid_bf16_request_reaches_model_validation) ... ok
test_corrupted_bytes_fail (test_model_contract.ContractTests.test_corrupted_bytes_fail) ... ok
test_valid_artifacts (test_model_contract.ContractTests.test_valid_artifacts) ... ok
test_wrong_runtime_revision_fails (test_model_contract.ContractTests.test_wrong_runtime_revision_fails) ... ok
test_wrong_static_shape_fails (test_model_contract.ContractTests.test_wrong_static_shape_fails) ... ok
test_math_changes_are_not_treated_as_weight_compatible (test_model_contract.DirectGraphTests.test_math_changes_are_not_treated_as_weight_compatible) ... ok
test_shape_mismatch_rejected (test_model_contract.DirectGraphTests.test_shape_mismatch_rejected) ... ok
test_three_reviewed_buckets_share_the_exact_topology (test_model_contract.DirectGraphTests.test_three_reviewed_buckets_share_the_exact_topology) ... ok
test_oversized_response_is_not_accepted (test_model_contract.DownloadWindowTests.test_oversized_response_is_not_accepted) ... ok
test_partial_response_is_retried_before_yielding_any_bytes (test_model_contract.DownloadWindowTests.test_partial_response_is_retried_before_yielding_any_bytes) ... ok
test_persistent_truncation_fails_after_bounded_retries (test_model_contract.DownloadWindowTests.test_persistent_truncation_fails_after_bounded_retries) ... ok
test_lossless_round_trip (test_model_contract.PackingTests.test_lossless_round_trip) ... ok
test_reject_non_bf16_weights (test_model_contract.PackingTests.test_reject_non_bf16_weights) ... ok
test_reject_unconsumed_data (test_model_contract.PackingTests.test_reject_unconsumed_data) ... ok
test_unsharded_exact_component_and_reuse (test_model_contract.SingleFileFetchTests.test_unsharded_exact_component_and_reuse) ... ok
test_unsharded_path_rejected_before_network (test_model_contract.SingleFileFetchTests.test_unsharded_path_rejected_before_network) ... ok
test_complete_inventory_and_native_check_without_model_loading (test_package.PackageTests.test_complete_inventory_and_native_check_without_model_loading) ... ok
test_configuration_cannot_disagree_with_manifest (test_package.PackageTests.test_configuration_cannot_disagree_with_manifest) ... ok
test_copy_survives_source_removal_and_relocation (test_package.PackageTests.test_copy_survives_source_removal_and_relocation) ... ok
test_development_links_are_explicit (test_package.PackageTests.test_development_links_are_explicit) ... ok
test_external_alias_to_complete_portable_root_is_allowed (test_package.PackageTests.test_external_alias_to_complete_portable_root_is_allowed) ... ok
test_manifest_config_cannot_use_boolean_for_integer (test_package.PackageTests.test_manifest_config_cannot_use_boolean_for_integer) ... ok
test_missing_last_text_layer (test_package.PackageTests.test_missing_last_text_layer) ... ok
test_omitted_file_cannot_evade_verification (test_package.PackageTests.test_omitted_file_cannot_evade_verification) ... ok
test_path_escape_cannot_enter_inventory (test_package.PackageTests.test_path_escape_cannot_enter_inventory) ... ok
test_portable_flag_must_be_boolean (test_package.PackageTests.test_portable_flag_must_be_boolean) ... ok
test_portable_package_rejects_directory_link (test_package.PackageTests.test_portable_package_rejects_directory_link) ... ok
test_portable_package_rejects_external_file_link (test_package.PackageTests.test_portable_package_rejects_external_file_link) ... ok
test_reject_version_mismatch (test_package.PackageTests.test_reject_version_mismatch) ... ok
test_same_size_bit_corruption (test_package.PackageTests.test_same_size_bit_corruption) ... ok
test_truncated_weight (test_package.PackageTests.test_truncated_weight) ... ok
test_corrupted_legacy_snapshot_is_rejected (test_parity_evidence.ValidatorSnapshotTests.test_corrupted_legacy_snapshot_is_rejected) ... ok
test_legacy_validator_is_recovered_by_exact_digest (test_parity_evidence.ValidatorSnapshotTests.test_legacy_validator_is_recovered_by_exact_digest) ... ok
test_missing_modern_snapshot_cannot_use_legacy_fallback (test_parity_evidence.ValidatorSnapshotTests.test_missing_modern_snapshot_cannot_use_legacy_fallback) ... ok
test_modern_snapshot_keeps_its_original_location (test_parity_evidence.ValidatorSnapshotTests.test_modern_snapshot_keeps_its_original_location) ... ok
test_present_but_corrupted_snapshot_cannot_use_legacy_fallback (test_parity_evidence.ValidatorSnapshotTests.test_present_but_corrupted_snapshot_cannot_use_legacy_fallback) ... ok
test_complete_package (test_pe_package.PePackageTests.test_complete_package) ... ok
test_missing_head (test_pe_package.PePackageTests.test_missing_head) ... ok
test_move_without_source (test_pe_package.PePackageTests.test_move_without_source) ... ok
test_omitted_tail_checksum (test_pe_package.PePackageTests.test_omitted_tail_checksum) ... ok
test_portable_package_rejects_external_link (test_pe_package.PePackageTests.test_portable_package_rejects_external_link) ... ok
test_resealed_changed_chat_template (test_pe_package.PePackageTests.test_resealed_changed_chat_template) ... ok
test_resealed_configuration_disagreement (test_pe_package.PePackageTests.test_resealed_configuration_disagreement) ... ok
test_resealed_wrong_capacity (test_pe_package.PePackageTests.test_resealed_wrong_capacity) ... ok
test_revision_mismatch (test_pe_package.PePackageTests.test_revision_mismatch) ... ok
test_tail_block_corruption (test_pe_package.PePackageTests.test_tail_block_corruption) ... ok
test_gqa_head_count_is_not_a_token_dimension (test_text_bucket.TextBucketTests.test_gqa_head_count_is_not_a_token_dimension) ... ok
test_independent_exports_have_identical_equations (test_text_bucket.TextBucketTests.test_independent_exports_have_identical_equations) ... ok
test_normalization_equation_is_not_normalized_away (test_text_bucket.TextBucketTests.test_normalization_equation_is_not_normalized_away) ... ok
test_wrong_manifest_bucket_rejected (test_text_bucket.TextBucketTests.test_wrong_manifest_bucket_rejected) ... ok
test_full_resolution_and_maximum_prompt_fit (test_variant.VariantTests.test_full_resolution_and_maximum_prompt_fit) ... ok
test_invalid_sizes_do_not_round_or_truncate (test_variant.VariantTests.test_invalid_sizes_do_not_round_or_truncate) ... ok
test_rectangular_axes_and_full_text_capacity (test_variant.VariantTests.test_rectangular_axes_and_full_text_capacity) ... ok

----------------------------------------------------------------------
Ran 66 tests in 0.417s

OK
