1369
1377
1384
1401
1422
1437
1453
1461
1461
1461
1461
1485
1517
1549
1546
1546
1546
1546
1739
1449
1457
1457
1457
1489
1487
1519
1551
1551
1551
1551
1557
1557
1564
1564
1564
1566
1566
1568
1568
1572
1572
1574
1574
1576
1576
1576
1576
1576
1576
1577
1577
1609
1609
1609
1609
1705
1705
1705
1801
1801
1801
1801
1801
1798
1926
1926
1510
1542
1574
1606
1638
1638
1638
1732
1732
1732
1828
1828
1828
1508
1540
1572
1609
1609
1641
1641
1737
1737
1737
1833
1833
1833
1833
1505
1513
1545
1577
1609
1641
1680
1788
1788
1788
1884
1901
1901
1901
1997
1581
1613
1659
1662
1694
1726
1726
1728
1824
1824
1832
1928
1928
1928
1928
1972
1556
1588
1588
1620
1652
1684
1683
1683
1782
1747
1747
1843
1843
1843
1939
1523
1555
1555
1587
1618
1650
1650
1650
1746
1746
1746
1842
1842
1842
1938
1522
1552
1584
1584
1616
1648
1638
1629
1725
1723
1723
1819
1819
1819
1915
1500
1500
1532
1564
1594
1611
1611
1611
1707
1707
1707
1803
1803
1807
1903
1767
1487
1519
1551
1583
1615
1615
1615
1711
1711
1711
1807
1807
1807
1903
1903
1487
1519
1551
1583
1615
1615
1615
1711
1711
1711
1807
1807
1807
1901
1485
1517
1517
1549
1581
1613
1613
1709
1709
1707
1803
1803
1803
1803
1899
1483
1515
1547
1604
1636
1636
1636
1732
1732
1732
1732
1828
1828
1809
1905
1489
1521
1553
1553
1585
1617
1617
1617
1712
1712
1712
1808
1808
1808
1904
1904
1488
1520
1552
1581
1613
1613
1613
1709
1709
1709
1710
1806
1806
1804
1900
1900
1483
1516
1548
1580
1612
1612
1612
1708
1708
1708
1708
1804
1804
1804
1900
1484
1516
1548
1548
1580
1612
1612
1708
1737
1737
1737
1833
1833
1833
1929
1513
1545
1577
1593
1625
1625
1625
1718
1718
1718
1814
1814
1814
1813
1909
1909
1493
1523
1555
1587
1619
1619
1619
1715
1712
1712
1813
1813
1813
1909
1493
1525
1557
1589
1621
1621
1621
1717
1717
1717
1813
1813
1813
1801
1897
1481
1513
1545
1598
1630
1630
1630
1726
1726
1726
1822
1822
1819
1899
1827
1483
1515
1547
1579
1611
1611
1707
1705
1704
1800
1800
1800
1800
1896
1480
1512
1549
1581
1581
1613
1613
1709
1709
1709
1805
1805
1805
1805
1901
1477
1485
1517
1549
1581
1613
1613
1613
1705
1705
1705
1801
1801
1801
1897
1481
1513
1545
1574
1606
1606
1703
1703
1703
1799
1799
1799
1895
1892
1476
1508
1540
1572
1604
1604
1604
1700
1705
1705
1801
1801
1801
1897
1897
1481
1513
1545
1577
1609
1609
1634
1730
1730
1730
1826
1826
1922
1506
1538
1570
1586
1618
1618
1618
1714
1714
1714
1810
1808
1904
1486
1518
1550
1583
1615
1615
1615
1711
1709
1709
1805
1805
1817
1913
1497
1529
1565
1565
1597
1629
1629
1725
1725
1725
1821
1821
1821
1917
1501
1533
1557
1589
1621
1621
1621
1717
1717
1717
1812
1812
1812
1908
1492
1524
1556
1588
1620
1620
1617
1713
1713
1713
1810
1810
1810
1906
1834
1490
1519
1552
1584
1616
1616
1700
1700
1700
1800
1800
1800
1896
1480
1512
1544
1576
1608
1608
1608
1704
1704
1704
1800
1800
1800
1896
1896
1501
1533
1565
1597
1629
1629
1725
1725
1725
1821
1805
1805
1901
1898
1482
1514
1546
1578
1626
1626
1625
1721
1721
1815
1816
1816
1912
1912
1487
1552
1560
1564
1444
1405
