	Command being timed: ".venv/bin/python tools/export_dit_block.py --height 64 --width 64 --text-tokens 64 --valid-text 62 --output models/converted/dit-block-00-s4160"
	User time (seconds): 271.77
	System time (seconds): 20.58
	Percent of CPU this job got: 129%
	Elapsed (wall clock) time (h:mm:ss or m:ss): 3:44.97
	Average shared text size (kbytes): 0
	Average unshared data size (kbytes): 0
	Average stack size (kbytes): 0
	Average total size (kbytes): 0
	Maximum resident set size (kbytes): 7116468
	Average resident set size (kbytes): 0
	Major (requiring I/O) page faults: 35
	Minor (reclaiming a frame) page faults: 13239259
	Voluntary context switches: 3891
	Involuntary context switches: 11486
	Swaps: 0
	File system inputs: 789344
	File system outputs: 7226640
	Socket messages sent: 0
	Socket messages received: 0
	Signals delivered: 0
	Page size (bytes): 4096
	Exit status: 0
