{"status": "reused", "file": "/home/mingshi/Project/AI/ernie-image-ncnn-vulkan/models/official/text-embed.safetensors", "sha256": "a66c375fe6f3706c7409f6b7a878c0035aab76f057a043843c479e7dfc42aa2a"}
{"status": "reused", "file": "/home/mingshi/Project/AI/ernie-image-ncnn-vulkan/models/official/text-block-00.safetensors", "sha256": "292fba9a9ce542a1534716ac394070655f1f3c38120578fce5bb4ad10542161d"}
{"status": "reused", "file": "/home/mingshi/Project/AI/ernie-image-ncnn-vulkan/models/official/text-block-01.safetensors", "sha256": "fef80d4899f11c34534b79781486908346bf69c54744b6f75788b3c7e57e6880"}
{"status": "reused", "file": "/home/mingshi/Project/AI/ernie-image-ncnn-vulkan/models/official/text-block-02.safetensors", "sha256": "d621f554138a2bd39ed2ee1eaf04e7cf508947a7afc9e049ca80c2b6f2620be8"}
{"status": "reused", "file": "/home/mingshi/Project/AI/ernie-image-ncnn-vulkan/models/official/text-block-03.safetensors", "sha256": "e4c53a52910c860e1d280b8156c45552165b119399c9b27e7d6ea73cee64e8cd"}
{"status": "reused", "file": "/home/mingshi/Project/AI/ernie-image-ncnn-vulkan/models/official/text-block-04.safetensors", "sha256": "a8a2a58e8c9fbe1b4b94b3ed000ed55b973539d3e346eac5896e272423d7b64e"}
{"status": "reused", "file": "/home/mingshi/Project/AI/ernie-image-ncnn-vulkan/models/official/text-block-05.safetensors", "sha256": "c3abd87eae23cd05dc1665c4c66283a79d833f220a93c43c5ff859863789c6e5"}
{"status": "reused", "file": "/home/mingshi/Project/AI/ernie-image-ncnn-vulkan/models/official/text-block-06.safetensors", "sha256": "0a864229400c73fc16466083c569f4c7adb5d1bbb9b8a21e9861f21d3c446902"}
{"status": "reused", "file": "/home/mingshi/Project/AI/ernie-image-ncnn-vulkan/models/official/text-block-07.safetensors", "sha256": "8d3b112ad1fdd884c880aefa9bcafeee7244bc4d6297810f588fcf8c4a1591af"}
{"status": "reused", "file": "/home/mingshi/Project/AI/ernie-image-ncnn-vulkan/models/official/text-block-08.safetensors", "sha256": "81e6eb6820e1f674453bc6dcb4ea56fb83803a1c0263961c359552bc675b4bab"}
{"status": "reused", "file": "/home/mingshi/Project/AI/ernie-image-ncnn-vulkan/models/official/text-block-09.safetensors", "sha256": "72f6303aa96876f4b907fafe4193dabc6a9d8b2eb04c20f3583e51762a93a7c7"}
{"status": "reused", "file": "/home/mingshi/Project/AI/ernie-image-ncnn-vulkan/models/official/text-block-10.safetensors", "sha256": "a5ba7f951f2555ddbe434b3ff1b570e0cb4139954cf430ca5812ea051172e896"}
{"status": "reused", "file": "/home/mingshi/Project/AI/ernie-image-ncnn-vulkan/models/official/text-block-11.safetensors", "sha256": "9fc97d98c35188e7b8958bc385c8b84665258fc431f399ba8e9c5985c807413e"}
{"status": "reused", "file": "/home/mingshi/Project/AI/ernie-image-ncnn-vulkan/models/official/text-block-12.safetensors", "sha256": "043959e1a8075bf6e7d7ce264e9b82e3ec3d7bd36f79ca0c6fc210ca3e0c0392"}
{"status": "reused", "file": "/home/mingshi/Project/AI/ernie-image-ncnn-vulkan/models/official/text-block-13.safetensors", "sha256": "994c2e1cc8e43b2edc40480b308935609c3f7031aa2196981a42708b08de4ef9"}
{"status": "reused", "file": "/home/mingshi/Project/AI/ernie-image-ncnn-vulkan/models/official/text-block-14.safetensors", "sha256": "9c2d90aed1bc0783ce27ac4b46618858b97034cbbe0b351d0a0108431979260a"}
{"status": "reused", "file": "/home/mingshi/Project/AI/ernie-image-ncnn-vulkan/models/official/text-block-15.safetensors", "sha256": "4d00e6f25c4af2f894ae35fce647e2374681ee3345dcf43c93a3f89979ee0edf"}
{"status": "reused", "file": "/home/mingshi/Project/AI/ernie-image-ncnn-vulkan/models/official/text-block-16.safetensors", "sha256": "f773595f7176d0cfd7197fca31fc91d0e90080d9ca220541832da016c97cf5ff"}
{"status": "reused", "file": "/home/mingshi/Project/AI/ernie-image-ncnn-vulkan/models/official/text-block-17.safetensors", "sha256": "04152c286b19bccd3cd6fc21932dc2d8efaf2e1a4236a0b0f2d409f1bae673bb"}
{"status": "reused", "file": "/home/mingshi/Project/AI/ernie-image-ncnn-vulkan/models/official/text-block-18.safetensors", "sha256": "146d88e9e8dd8c7b1f4b1ebef7c239dbf0408c7c90d1436e680b8146d84d79d6"}
{"status": "reused", "file": "/home/mingshi/Project/AI/ernie-image-ncnn-vulkan/models/official/text-block-19.safetensors", "sha256": "16fee4b5ad94def3cdcc76c1a2451d20667a2f2c01ee802325fd488fb863c145"}
{"status": "reused", "file": "/home/mingshi/Project/AI/ernie-image-ncnn-vulkan/models/official/text-block-20.safetensors", "sha256": "a50c28177601f7cfa19829f5d6c84c6554e540f6953c1cae0dbcd8c7babb2f9c"}
{"status": "reused", "file": "/home/mingshi/Project/AI/ernie-image-ncnn-vulkan/models/official/text-block-21.safetensors", "sha256": "a4ee12c049a6be163cc9b4dbe7e6f25e56d2fe8f26f1ac03757bad99a402f6bc"}
{"status": "reused", "file": "/home/mingshi/Project/AI/ernie-image-ncnn-vulkan/models/official/text-block-22.safetensors", "sha256": "7088522b1cc2fb2e0307357c5295ed49affc6b7c996d7a73a698d3b240cf8975"}
{"status": "reused", "file": "/home/mingshi/Project/AI/ernie-image-ncnn-vulkan/models/official/text-block-23.safetensors", "sha256": "0badfedeb3745bc6f6c4af29c1a4a09f86e24c08eaca21789223f73afbd42a83"}
{"status": "reused", "file": "/home/mingshi/Project/AI/ernie-image-ncnn-vulkan/models/official/text-block-24.safetensors", "sha256": "ec8ce80af40d926cc2cbf974e815b7b343ad53a774252d0317e4f06dfeacb495"}
{"status": "reused", "file": "/home/mingshi/Project/AI/ernie-image-ncnn-vulkan/models/official/vae-decoder.safetensors", "sha256": "197d7e112850b5525f70b46af3e899b70199a59d0afdf815fbcfe9e2a0dee6ea"}
{"status": "reused", "file": "/home/mingshi/Project/AI/ernie-image-ncnn-vulkan/models/official/vae-post-quant.safetensors", "sha256": "9d8a703c17acf65f7f12fdc7cde6e52e73be83fd8cadf51e42737f50afe9f8a9"}
{"status": "reused", "file": "/home/mingshi/Project/AI/ernie-image-ncnn-vulkan/models/official/vae-bn.safetensors", "sha256": "994f11f035c926c3be5a59802b401ab5304bbab7d53053995d4737b76b8411a6"}
