Command exited with non-zero status 126
	Command being timed: "/home/mingshi/Project/AI/ernie-image-ncnn-vulkan/build/ernie-block-runner --model /home/mingshi/Project/AI/ernie-image-ncnn-vulkan/models/dit-s288-v1/block-05/runtime --fixture /home/mingshi/Project/AI/ernie-image-ncnn-vulkan/models/dit-s288-v1/block-05/runtime --tokens 288 --backend vulkan --precision bf16 --repeat 1 --output /home/mingshi/Project/AI/ernie-image-ncnn-vulkan/models/dit-s288-v1/block-05/validation/vulkan-bf16/actual.f32 --device-io --trace-attention"
	User time (seconds): 0.00
	System time (seconds): 0.00
	Percent of CPU this job got: 75%
	Elapsed (wall clock) time (h:mm:ss or m:ss): 0:00.00
	Average shared text size (kbytes): 0
	Average unshared data size (kbytes): 0
	Average stack size (kbytes): 0
	Average total size (kbytes): 0
	Maximum resident set size (kbytes): 1112
	Average resident set size (kbytes): 0
	Major (requiring I/O) page faults: 0
	Minor (reclaiming a frame) page faults: 30
	Voluntary context switches: 1
	Involuntary context switches: 0
	Swaps: 0
	File system inputs: 0
	File system outputs: 8
	Socket messages sent: 0
	Socket messages received: 0
	Signals delivered: 0
	Page size (bytes): 4096
	Exit status: 126
