WARNING: [Loader Message] Code 0 : env var 'VK_INSTANCE_LAYERS' defined and adding layers "VK_LAYER_KHRONOS_validation"
WARNING: [Loader Message] Code 0 : env var 'VK_INSTANCE_LAYERS' defined and adding layers "VK_LAYER_KHRONOS_validation"
WARNING: [Loader Message] Code 0 : Layer VK_LAYER_AMD_switchable_graphics_64 uses API version 1.3 which is older than the application specified API version of 1.4. May cause issues.
WARNING: [Loader Message] Code 0 : terminator_CreateInstance: Received return code -9 from call to vkCreateInstance in ICD /usr/lib64/amdvlk64.so. Skipping this driver.
WARNING: [Loader Message] Code 0 : terminator_CreateInstance: Received return code -9 from call to vkCreateInstance in ICD /usr/lib64/libvulkan_dzn.so. Skipping this driver.
'DISPLAY' environment variable not set... skipping surface info
error: XDG_RUNTIME_DIR is invalid or not set in the environment.
WARNING: [Loader Message] Code 0 : ICD for selected physical device does not export vkGetPhysicalDeviceDisplayPropertiesKHR!
WARNING: [Loader Message] Code 0 : ICD for selected physical device does not export vkGetPhysicalDeviceDisplayPlanePropertiesKHR!
WARNING: [Loader Message] Code 0 : ICD for selected physical device does not export vkGetPhysicalDeviceDisplayPropertiesKHR!
WARNING: [Loader Message] Code 0 : ICD for selected physical device does not export vkGetPhysicalDeviceDisplayPropertiesKHR!
WARNING: [Loader Message] Code 0 : ICD for selected physical device does not export vkGetPhysicalDeviceDisplayPlanePropertiesKHR!
WARNING: [Loader Message] Code 0 : ICD for selected physical device does not export vkGetPhysicalDeviceDisplayPropertiesKHR!
==========
VULKANINFO
==========

Vulkan Instance Version: 1.4.341


Instance Extensions: count = 27
-------------------------------
VK_EXT_acquire_drm_display             : extension revision 1
VK_EXT_acquire_xlib_display            : extension revision 1
VK_EXT_debug_report                    : extension revision 10
VK_EXT_debug_utils                     : extension revision 2
VK_EXT_direct_mode_display             : extension revision 1
VK_EXT_display_surface_counter         : extension revision 1
VK_EXT_headless_surface                : extension revision 1
VK_EXT_layer_settings                  : extension revision 2
VK_EXT_surface_maintenance1            : extension revision 1
VK_EXT_swapchain_colorspace            : extension revision 4
VK_KHR_device_group_creation           : extension revision 1
VK_KHR_display                         : extension revision 23
VK_KHR_external_fence_capabilities     : extension revision 1
VK_KHR_external_memory_capabilities    : extension revision 1
VK_KHR_external_semaphore_capabilities : extension revision 1
VK_KHR_get_display_properties2         : extension revision 1
VK_KHR_get_physical_device_properties2 : extension revision 2
VK_KHR_get_surface_capabilities2       : extension revision 1
VK_KHR_portability_enumeration         : extension revision 1
VK_KHR_surface                         : extension revision 25
VK_KHR_surface_maintenance1            : extension revision 1
VK_KHR_surface_protected_capabilities  : extension revision 1
VK_KHR_wayland_surface                 : extension revision 6
VK_KHR_xcb_surface                     : extension revision 6
VK_KHR_xlib_surface                    : extension revision 6
VK_LUNARG_direct_driver_loading        : extension revision 1
VK_NV_display_stereo                   : extension revision 1

Instance Layers: count = 14
---------------------------
VK_LAYER_AMD_switchable_graphics_64                 AMD switchable graphics layer                  1.3.271  version 1
VK_LAYER_FROG_gamescope_wsi_x86_64                  Gamescope WSI (XWayland Bypass) Layer (x86_64) 1.3.221  version 1
VK_LAYER_KHRONOS_validation                         Khronos Validation Layer                       1.4.357  version 1
VK_LAYER_MESA_device_select                         Linux device selection layer                   1.4.303  version 1
VK_LAYER_NV_optimus                                 NVIDIA Optimus layer                           1.4.329  version 1
VK_LAYER_NV_present                                 NVIDIA Presentation Layer                      1.4.329  version 1
VK_LAYER_NV_shader_debugger_release_public_2024_2_0 NVIDIA shader debugging layer                  1.3.205  version 1
VK_LAYER_RENDERDOC_Capture                          Debugging capture layer for RenderDoc          1.4.324  version 45
VK_LAYER_VALVE_steam_fossilize_32                   Steam Pipeline Caching Layer                   1.3.207  version 1
VK_LAYER_VALVE_steam_fossilize_64                   Steam Pipeline Caching Layer                   1.3.207  version 1
VK_LAYER_VALVE_steam_overlay_32                     Steam Overlay Layer                            1.3.207  version 1
VK_LAYER_VALVE_steam_overlay_64                     Steam Overlay Layer                            1.3.207  version 1
VK_LAYER_goggles_capture_32                         Goggles frame capture layer                    1.3.0    version 1
VK_LAYER_goggles_capture_64                         Goggles frame capture layer                    1.3.0    version 1

Devices:
========
GPU0:
	apiVersion         = 1.4.329
	driverVersion      = 595.91.7.0
	vendorID           = 0x10de
	deviceID           = 0x28e0
	deviceType         = PHYSICAL_DEVICE_TYPE_DISCRETE_GPU
	deviceName         = NVIDIA GeForce RTX 4060 Laptop GPU
	driverID           = DRIVER_ID_NVIDIA_PROPRIETARY
	driverName         = NVIDIA
	driverInfo         = 595.91.07
	conformanceVersion = 1.4.3.3
	deviceUUID         = ccc8936f-1a7f-76e8-a758-132102ac3cd0
	driverUUID         = 84d66e5a-5337-5512-92cd-fc48fce44ebd
GPU1:
	apiVersion         = 1.4.354
	driverVersion      = 26.1.8
	vendorID           = 0x10005
	deviceID           = 0x0000
	deviceType         = PHYSICAL_DEVICE_TYPE_CPU
	deviceName         = llvmpipe (LLVM 22.1.8, 256 bits)
	driverID           = DRIVER_ID_MESA_LLVMPIPE
	driverName         = llvmpipe
	driverInfo         = Mesa 26.1.8 (LLVM 22.1.8)
	conformanceVersion = 1.3.1.1
	deviceUUID         = 6d657361-3236-2e31-2e38-000000000000
	driverUUID         = 6c6c766d-7069-7065-5555-494400000000
GPU2:
	apiVersion         = 1.3.274
	driverVersion      = 0.0.1
	vendorID           = 0x10005
	deviceID           = 0x0000
	deviceType         = PHYSICAL_DEVICE_TYPE_CPU
	deviceName         = llvmpipe (LLVM 17.0.6, 256 bits)
	driverID           = DRIVER_ID_MESA_LLVMPIPE
	driverName         = llvmpipe
	driverInfo         = Mesa 24.0.0-devel (git-0b5abf2512) (LLVM 17.0.6)
	conformanceVersion = 1.3.1.1
	deviceUUID         = 6d657361-3234-2e30-2e30-2d6465766500
	driverUUID         = 6c6c766d-7069-7065-5555-494400000000
