	Command being timed: "/home/mingshi/Project/AI/ernie-image-ncnn-vulkan/outputs/dit-head-input-v2/ernie-head-runner.snapshot --model /home/mingshi/Project/AI/ernie-image-ncnn-vulkan/models/dit-heads-s288-v1/input --fixture /home/mingshi/Project/AI/ernie-image-ncnn-vulkan/models/dit-heads-s288-v1/input --output /home/mingshi/Project/AI/ernie-image-ncnn-vulkan/outputs/dit-head-input-v2/cpu-fp32/actual --component input --height 4 --width 4 --text-tokens 272 --backend cpu --precision fp32"
	User time (seconds): 0.83
	System time (seconds): 0.58
	Percent of CPU this job got: 238%
	Elapsed (wall clock) time (h:mm:ss or m:ss): 0:00.59
	Average shared text size (kbytes): 0
	Average unshared data size (kbytes): 0
	Average stack size (kbytes): 0
	Average total size (kbytes): 0
	Maximum resident set size (kbytes): 980540
	Average resident set size (kbytes): 0
	Major (requiring I/O) page faults: 0
	Minor (reclaiming a frame) page faults: 295622
	Voluntary context switches: 14
	Involuntary context switches: 63
	Swaps: 0
	File system inputs: 0
	File system outputs: 9448
	Socket messages sent: 0
	Socket messages received: 0
	Signals delivered: 0
	Page size (bytes): 4096
	Exit status: 0
