1567
1567
1577
1594
1610
1630
1650
1716
1725
1773
1773
1901
1901
1901
1901
2285
1908
1916
1916
1980
2044
2108
2108
2108
2172
2172
2364
2364
2556
2556
5386
5386
5386
5386
5386
5386
5386
5386
5386
5386
5386
5386
4614
4678
4806
4806
4998
4998
5190
5190
7498
7498
7498
7498
7498
7498
7498
7498
7498
7498
7498
6662
6726
6790
6918
6918
7110
7110
7302
7300
7492
7492
7492
7492
7492
7492
7494
7494
7494
7494
7494
6662
6726
6790
6854
6918
7110
7111
7303
7303
7495
7495
7495
7495
7495
7495
7495
7495
7495
7495
7495
6662
6726
6854
6918
6918
7111
7303
7303
7492
7492
7492
7492
7492
7492
7492
7492
7492
7492
7489
6657
6721
6785
6913
6913
7106
7302
7303
7495
7495
7495
7495
7495
7495
7495
7495
7495
7495
7495
6662
6790
6854
6918
7111
7111
7303
7303
7495
7495
7494
7494
7494
7494
7494
7494
7494
7494
7494
6662
6724
6852
6916
6916
7108
7108
7300
7300
7492
7494
7494
7494
7494
7494
7494
7494
7494
7495
7495
6662
6726
6854
6918
6918
7111
7111
7303
7303
7495
7494
7494
7494
7494
7494
7494
7494
7494
7494
7494
6662
6726
6854
6918
6918
7110
7110
7302
7302
7303
7494
7494
7494
7494
7494
7494
7494
7494
7494
7494
7358
6726
6790
6854
6918
6918
7110
7110
7303
7303
7494
7494
7494
7494
7494
7494
7494
7494
7494
7494
7494
7494
6662
6790
6854
6918
6918
7110
7110
7303
7303
7495
7495
7495
7495
7495
7495
7495
7495
7495
7494
7494
6662
6726
6790
6854
6918
7110
7110
7110
7300
7300
7492
7492
7492
7492
7492
7492
7494
7494
7494
7494
7422
6726
6790
6854
6918
6918
7110
7111
7303
7303
7495
7495
7495
7495
7495
7495
7495
7495
7495
7495
7495
6662
6790
6854
6918
6918
7112
7112
7301
7301
7493
7493
7493
7493
7493
7493
7493
7493
7491
7491
7227
6723
6787
6851
6915
7111
7111
7303
7303
7303
7495
7495
7495
7495
7495
7495
7495
7495
7495
7495
7495
6727
6791
6919
6919
7111
7111
7303
7303
7495
7495
7495
7495
7495
7495
7495
7495
7495
7492
7492
6660
6724
6788
6852
6916
6916
7108
7109
7303
7303
7495
7495
7495
7495
7495
7496
7496
7496
7496
7496
7496
6728
6792
6920
6920
7112
7112
7304
7304
7496
7496
7496
7496
7496
7496
7495
7495
7495
7495
7495
6663
6727
6791
6919
6919
7111
7111
7303
7303
7495
7495
7495
7495
7495
7495
7495
7495
7495
7495
7495
6663
6727
6791
6919
6919
7111
7115
7307
7307
7499
7500
7500
7507
7508
7507
7507
7515
7529
7528
7529
6696
6760
6824
6969
6981
7173
7164
7340
7340
7532
7532
7533
7533
7533
7533
7533
7530
7530
7530
7530
6698
6783
6847
6959
6959
7151
7149
7341
7338
7545
7545
7545
7545
7545
7545
7547
7547
7547
7547
7547
6715
6779
6907
6971
6971
7163
7207
7399
7399
7399
7591
7591
7609
7545
7550
7537
7537
7537
7536
7536
7536
6704
6762
6890
6954
6966
7145
7188
7379
7374
7374
7566
7566
7566
7566
7566
7567
7567
7565
7555
7555
7555
6723
6851
6915
6984
6984
7176
7176
7365
7365
7557
7557
7557
7557
7557
7557
7557
7557
7557
7557
7557
6716
6788
6852
6980
6980
7173
7173
7173
7365
7365
7549
7549
7549
7549
7550
7550
7547
7547
7547
7547
7547
6706
6770
6834
6941
6944
7136
7136
7136
7328
7328
7520
7520
7520
7520
7520
7520
7520
7520
7520
7520
7520
6688
6752
6816
6880
6944
6944
7136
7136
7328
7328
7520
7520
7520
7520
7520
7520
7520
7520
7520
7520
7520
7520
6688
6752
6880
6944
6944
7136
7136
7328
7328
7520
7520
7520
7520
7520
7520
7520
7520
7520
7520
7520
6688
6752
6816
6880
6944
6944
7136
7136
7328
7328
7520
7520
7520
7520
7520
7520
7520
7520
7520
7520
7520
7520
6688
6752
6880
6944
6944
7136
7136
7328
7328
7520
7520
7520
7520
7520
7520
7520
7520
7520
7520
7520
6685
6749
6813
6877
6941
7133
7133
7328
7328
7520
7520
7520
7520
7520
7520
7520
7520
7520
7520
7520
7064
6752
6816
6944
6944
7136
7136
7328
7328
7520
7520
7520
7520
7520
7520
7520
7520
7520
7520
7520
6685
6749
6813
6877
6941
7133
7133
7325
7325
7517
7516
7516
7516
7516
7516
7516
7520
7520
7521
7521
6872
6752
6816
6880
6944
7136
7136
7328
7328
7520
7531
7531
7531
7531
7531
7531
7531
7531
7531
7531
7267
6691
6827
6827
1669
1603
