	Command being timed: "/home/mingshi/Project/AI/ernie-image-ncnn-vulkan/outputs/diagnostic-long-step6-fp32-v1/runner.snapshot --fixture /home/mingshi/Project/AI/ernie-image-ncnn-vulkan/outputs/diagnostic-long-step6-fp32-v1/fixture --tokens 4160 --output /home/mingshi/Project/AI/ernie-image-ncnn-vulkan/outputs/diagnostic-long-step6-fp32-v1/native/actual.f32 --backend vulkan --precision fp32 --policy stream --input-head /home/mingshi/Project/AI/ernie-image-ncnn-vulkan/models/turbo1024-s64-portable/dit/input --output-head /home/mingshi/Project/AI/ernie-image-ncnn-vulkan/models/turbo1024-s64-portable/dit/output --width 64 --height 64 --text-tokens 64 --model /home/mingshi/Project/AI/ernie-image-ncnn-vulkan/models/turbo1024-s64-portable/dit/block-00 --model /home/mingshi/Project/AI/ernie-image-ncnn-vulkan/models/turbo1024-s64-portable/dit/block-01 --model /home/mingshi/Project/AI/ernie-image-ncnn-vulkan/models/turbo1024-s64-portable/dit/block-02 --model /home/mingshi/Project/AI/ernie-image-ncnn-vulkan/models/turbo1024-s64-portable/dit/block-03 --model /home/mingshi/Project/AI/ernie-image-ncnn-vulkan/models/turbo1024-s64-portable/dit/block-04 --model /home/mingshi/Project/AI/ernie-image-ncnn-vulkan/models/turbo1024-s64-portable/dit/block-05 --model /home/mingshi/Project/AI/ernie-image-ncnn-vulkan/models/turbo1024-s64-portable/dit/block-06 --model /home/mingshi/Project/AI/ernie-image-ncnn-vulkan/models/turbo1024-s64-portable/dit/block-07 --model /home/mingshi/Project/AI/ernie-image-ncnn-vulkan/models/turbo1024-s64-portable/dit/block-08 --model /home/mingshi/Project/AI/ernie-image-ncnn-vulkan/models/turbo1024-s64-portable/dit/block-09 --model /home/mingshi/Project/AI/ernie-image-ncnn-vulkan/models/turbo1024-s64-portable/dit/block-10 --model /home/mingshi/Project/AI/ernie-image-ncnn-vulkan/models/turbo1024-s64-portable/dit/block-11 --model /home/mingshi/Project/AI/ernie-image-ncnn-vulkan/models/turbo1024-s64-portable/dit/block-12 --model /home/mingshi/Project/AI/ernie-image-ncnn-vulkan/models/turbo1024-s64-portable/dit/block-13 --model /home/mingshi/Project/AI/ernie-image-ncnn-vulkan/models/turbo1024-s64-portable/dit/block-14 --model /home/mingshi/Project/AI/ernie-image-ncnn-vulkan/models/turbo1024-s64-portable/dit/block-15 --model /home/mingshi/Project/AI/ernie-image-ncnn-vulkan/models/turbo1024-s64-portable/dit/block-16 --model /home/mingshi/Project/AI/ernie-image-ncnn-vulkan/models/turbo1024-s64-portable/dit/block-17 --model /home/mingshi/Project/AI/ernie-image-ncnn-vulkan/models/turbo1024-s64-portable/dit/block-18 --model /home/mingshi/Project/AI/ernie-image-ncnn-vulkan/models/turbo1024-s64-portable/dit/block-19 --model /home/mingshi/Project/AI/ernie-image-ncnn-vulkan/models/turbo1024-s64-portable/dit/block-20 --model /home/mingshi/Project/AI/ernie-image-ncnn-vulkan/models/turbo1024-s64-portable/dit/block-21 --model /home/mingshi/Project/AI/ernie-image-ncnn-vulkan/models/turbo1024-s64-portable/dit/block-22 --model /home/mingshi/Project/AI/ernie-image-ncnn-vulkan/models/turbo1024-s64-portable/dit/block-23 --model /home/mingshi/Project/AI/ernie-image-ncnn-vulkan/models/turbo1024-s64-portable/dit/block-24 --model /home/mingshi/Project/AI/ernie-image-ncnn-vulkan/models/turbo1024-s64-portable/dit/block-25 --model /home/mingshi/Project/AI/ernie-image-ncnn-vulkan/models/turbo1024-s64-portable/dit/block-26 --model /home/mingshi/Project/AI/ernie-image-ncnn-vulkan/models/turbo1024-s64-portable/dit/block-27 --model /home/mingshi/Project/AI/ernie-image-ncnn-vulkan/models/turbo1024-s64-portable/dit/block-28 --model /home/mingshi/Project/AI/ernie-image-ncnn-vulkan/models/turbo1024-s64-portable/dit/block-29 --model /home/mingshi/Project/AI/ernie-image-ncnn-vulkan/models/turbo1024-s64-portable/dit/block-30 --model /home/mingshi/Project/AI/ernie-image-ncnn-vulkan/models/turbo1024-s64-portable/dit/block-31 --model /home/mingshi/Project/AI/ernie-image-ncnn-vulkan/models/turbo1024-s64-portable/dit/block-32 --model /home/mingshi/Project/AI/ernie-image-ncnn-vulkan/models/turbo1024-s64-portable/dit/block-33 --model /home/mingshi/Project/AI/ernie-image-ncnn-vulkan/models/turbo1024-s64-portable/dit/block-34 --model /home/mingshi/Project/AI/ernie-image-ncnn-vulkan/models/turbo1024-s64-portable/dit/block-35"
	User time (seconds): 8.92
	System time (seconds): 27.79
	Percent of CPU this job got: 48%
	Elapsed (wall clock) time (h:mm:ss or m:ss): 1:15.48
	Average shared text size (kbytes): 0
	Average unshared data size (kbytes): 0
	Average stack size (kbytes): 0
	Average total size (kbytes): 0
	Maximum resident set size (kbytes): 1224660
	Average resident set size (kbytes): 0
	Major (requiring I/O) page faults: 20
	Minor (reclaiming a frame) page faults: 15724356
	Voluntary context switches: 23754
	Involuntary context switches: 1627
	Swaps: 0
	File system inputs: 21468792
	File system outputs: 4144
	Socket messages sent: 0
	Socket messages received: 0
	Signals delivered: 0
	Page size (bytes): 4096
	Exit status: 0
