Unrecognized keys in `rope_parameters` for 'rope_type'='yarn': {'llama_4_scaling_beta'}
Unrecognized keys in `rope_parameters` for 'rope_type'='yarn': {'llama_4_scaling_beta'}
Unrecognized keys in `rope_parameters` for 'rope_type'='yarn': {'llama_4_scaling_beta'}
Unrecognized keys in `rope_parameters` for 'rope_type'='yarn': {'llama_4_scaling_beta'}
Unrecognized keys in `rope_parameters` for 'rope_type'='yarn': {'llama_4_scaling_beta'}
Unrecognized keys in `rope_parameters` for 'rope_type'='yarn': {'llama_4_scaling_beta'}
Unrecognized keys in `rope_parameters` for 'rope_type'='yarn': {'llama_4_scaling_beta'}
Unrecognized keys in `rope_parameters` for 'rope_type'='yarn': {'llama_4_scaling_beta'}
Unrecognized keys in `rope_parameters` for 'rope_type'='yarn': {'llama_4_scaling_beta'}
Unrecognized keys in `rope_parameters` for 'rope_type'='yarn': {'llama_4_scaling_beta'}
Unrecognized keys in `rope_parameters` for 'rope_type'='yarn': {'llama_4_scaling_beta'}
Unrecognized keys in `rope_parameters` for 'rope_type'='yarn': {'llama_4_scaling_beta'}
Unrecognized keys in `rope_parameters` for 'rope_type'='yarn': {'llama_4_scaling_beta'}
Unrecognized keys in `rope_parameters` for 'rope_type'='yarn': {'llama_4_scaling_beta'}
Unrecognized keys in `rope_parameters` for 'rope_type'='yarn': {'llama_4_scaling_beta'}
Unrecognized keys in `rope_parameters` for 'rope_type'='yarn': {'llama_4_scaling_beta'}
Unrecognized keys in `rope_parameters` for 'rope_type'='yarn': {'llama_4_scaling_beta'}
Unrecognized keys in `rope_parameters` for 'rope_type'='yarn': {'llama_4_scaling_beta'}
Unrecognized keys in `rope_parameters` for 'rope_type'='yarn': {'llama_4_scaling_beta'}
Unrecognized keys in `rope_parameters` for 'rope_type'='yarn': {'llama_4_scaling_beta'}
Unrecognized keys in `rope_parameters` for 'rope_type'='yarn': {'llama_4_scaling_beta'}
Unrecognized keys in `rope_parameters` for 'rope_type'='yarn': {'llama_4_scaling_beta'}
Unrecognized keys in `rope_parameters` for 'rope_type'='yarn': {'llama_4_scaling_beta'}
Unrecognized keys in `rope_parameters` for 'rope_type'='yarn': {'llama_4_scaling_beta'}
Unrecognized keys in `rope_parameters` for 'rope_type'='yarn': {'llama_4_scaling_beta'}
Unrecognized keys in `rope_parameters` for 'rope_type'='yarn': {'llama_4_scaling_beta'}
{"cuda_memory_after_block": 0, "allocated_bytes": 912573440, "reserved_bytes": 1153433600, "peak_allocated_bytes": 1082442752, "peak_reserved_bytes": 1153433600}
{"cuda_memory_after_block": 1, "allocated_bytes": 913622016, "reserved_bytes": 1153433600, "peak_allocated_bytes": 1083491328, "peak_reserved_bytes": 1153433600}
{"cuda_memory_after_block": 2, "allocated_bytes": 913622016, "reserved_bytes": 1153433600, "peak_allocated_bytes": 1083491328, "peak_reserved_bytes": 1153433600}
{"cuda_memory_after_block": 3, "allocated_bytes": 913622016, "reserved_bytes": 1153433600, "peak_allocated_bytes": 1083491328, "peak_reserved_bytes": 1153433600}
{"cuda_memory_after_block": 4, "allocated_bytes": 913622016, "reserved_bytes": 1153433600, "peak_allocated_bytes": 1083491328, "peak_reserved_bytes": 1153433600}
{"cuda_memory_after_block": 5, "allocated_bytes": 913622016, "reserved_bytes": 1153433600, "peak_allocated_bytes": 1083491328, "peak_reserved_bytes": 1153433600}
{"reference_step": 0, "blocks_complete": 6, "elapsed_seconds": 4.233601683983579, "allocated_bytes": 26492928, "reserved_before_release": 1153433600, "reserved_after_release": 52428800}
{"cuda_memory_after_block": 6, "allocated_bytes": 913622016, "reserved_bytes": 1153433600, "peak_allocated_bytes": 1083491328, "peak_reserved_bytes": 1153433600}
{"cuda_memory_after_block": 7, "allocated_bytes": 913622016, "reserved_bytes": 1153433600, "peak_allocated_bytes": 1083491328, "peak_reserved_bytes": 1153433600}
{"cuda_memory_after_block": 8, "allocated_bytes": 913622016, "reserved_bytes": 1153433600, "peak_allocated_bytes": 1083491328, "peak_reserved_bytes": 1153433600}
{"cuda_memory_after_block": 9, "allocated_bytes": 913622016, "reserved_bytes": 1153433600, "peak_allocated_bytes": 1083491328, "peak_reserved_bytes": 1153433600}
{"cuda_memory_after_block": 10, "allocated_bytes": 913622016, "reserved_bytes": 1153433600, "peak_allocated_bytes": 1083491328, "peak_reserved_bytes": 1153433600}
{"cuda_memory_after_block": 11, "allocated_bytes": 913622016, "reserved_bytes": 1153433600, "peak_allocated_bytes": 1083491328, "peak_reserved_bytes": 1153433600}
{"reference_step": 0, "blocks_complete": 12, "elapsed_seconds": 8.694451715011382, "allocated_bytes": 26492928, "reserved_before_release": 1153433600, "reserved_after_release": 52428800}
{"cuda_memory_after_block": 12, "allocated_bytes": 913622016, "reserved_bytes": 1153433600, "peak_allocated_bytes": 1083491328, "peak_reserved_bytes": 1153433600}
{"cuda_memory_after_block": 13, "allocated_bytes": 913622016, "reserved_bytes": 1153433600, "peak_allocated_bytes": 1083491328, "peak_reserved_bytes": 1153433600}
{"cuda_memory_after_block": 14, "allocated_bytes": 913622016, "reserved_bytes": 1153433600, "peak_allocated_bytes": 1083491328, "peak_reserved_bytes": 1153433600}
{"cuda_memory_after_block": 15, "allocated_bytes": 913622016, "reserved_bytes": 1153433600, "peak_allocated_bytes": 1083491328, "peak_reserved_bytes": 1153433600}
{"cuda_memory_after_block": 16, "allocated_bytes": 913622016, "reserved_bytes": 1153433600, "peak_allocated_bytes": 1083491328, "peak_reserved_bytes": 1153433600}
{"cuda_memory_after_block": 17, "allocated_bytes": 913622016, "reserved_bytes": 1153433600, "peak_allocated_bytes": 1083491328, "peak_reserved_bytes": 1153433600}
{"reference_step": 0, "blocks_complete": 18, "elapsed_seconds": 13.32465398099157, "allocated_bytes": 26492928, "reserved_before_release": 1153433600, "reserved_after_release": 52428800}
{"cuda_memory_after_block": 18, "allocated_bytes": 913622016, "reserved_bytes": 1153433600, "peak_allocated_bytes": 1083491328, "peak_reserved_bytes": 1153433600}
{"cuda_memory_after_block": 19, "allocated_bytes": 913622016, "reserved_bytes": 1153433600, "peak_allocated_bytes": 1083491328, "peak_reserved_bytes": 1153433600}
{"cuda_memory_after_block": 20, "allocated_bytes": 913622016, "reserved_bytes": 1153433600, "peak_allocated_bytes": 1083491328, "peak_reserved_bytes": 1153433600}
{"cuda_memory_after_block": 21, "allocated_bytes": 913622016, "reserved_bytes": 1153433600, "peak_allocated_bytes": 1083491328, "peak_reserved_bytes": 1153433600}
{"cuda_memory_after_block": 22, "allocated_bytes": 913622016, "reserved_bytes": 1153433600, "peak_allocated_bytes": 1083491328, "peak_reserved_bytes": 1153433600}
{"cuda_memory_after_block": 23, "allocated_bytes": 913622016, "reserved_bytes": 1153433600, "peak_allocated_bytes": 1083491328, "peak_reserved_bytes": 1153433600}
{"reference_step": 0, "blocks_complete": 24, "elapsed_seconds": 18.024147069983883, "allocated_bytes": 26492928, "reserved_before_release": 1153433600, "reserved_after_release": 52428800}
{"cuda_memory_after_block": 24, "allocated_bytes": 913622016, "reserved_bytes": 1153433600, "peak_allocated_bytes": 1083491328, "peak_reserved_bytes": 1153433600}
{"cuda_memory_after_block": 25, "allocated_bytes": 913622016, "reserved_bytes": 1153433600, "peak_allocated_bytes": 1083491328, "peak_reserved_bytes": 1153433600}
{"cuda_memory_after_block": 26, "allocated_bytes": 913622016, "reserved_bytes": 1153433600, "peak_allocated_bytes": 1083491328, "peak_reserved_bytes": 1153433600}
{"cuda_memory_after_block": 27, "allocated_bytes": 913622016, "reserved_bytes": 1153433600, "peak_allocated_bytes": 1083491328, "peak_reserved_bytes": 1153433600}
{"cuda_memory_after_block": 28, "allocated_bytes": 913622016, "reserved_bytes": 1153433600, "peak_allocated_bytes": 1083491328, "peak_reserved_bytes": 1153433600}
{"cuda_memory_after_block": 29, "allocated_bytes": 913622016, "reserved_bytes": 1153433600, "peak_allocated_bytes": 1083491328, "peak_reserved_bytes": 1153433600}
{"reference_step": 0, "blocks_complete": 30, "elapsed_seconds": 22.851375633006683, "allocated_bytes": 26492928, "reserved_before_release": 1153433600, "reserved_after_release": 52428800}
{"cuda_memory_after_block": 30, "allocated_bytes": 913622016, "reserved_bytes": 1153433600, "peak_allocated_bytes": 1083491328, "peak_reserved_bytes": 1153433600}
{"cuda_memory_after_block": 31, "allocated_bytes": 913622016, "reserved_bytes": 1153433600, "peak_allocated_bytes": 1083491328, "peak_reserved_bytes": 1153433600}
{"cuda_memory_after_block": 32, "allocated_bytes": 913622016, "reserved_bytes": 1153433600, "peak_allocated_bytes": 1083491328, "peak_reserved_bytes": 1153433600}
{"cuda_memory_after_block": 33, "allocated_bytes": 913622016, "reserved_bytes": 1153433600, "peak_allocated_bytes": 1083491328, "peak_reserved_bytes": 1153433600}
{"cuda_memory_after_block": 34, "allocated_bytes": 913622016, "reserved_bytes": 1153433600, "peak_allocated_bytes": 1083491328, "peak_reserved_bytes": 1153433600}
{"cuda_memory_after_block": 35, "allocated_bytes": 913622016, "reserved_bytes": 1153433600, "peak_allocated_bytes": 1083491328, "peak_reserved_bytes": 1153433600}
{"reference_step": 0, "blocks_complete": 36, "elapsed_seconds": 27.704795294004725, "allocated_bytes": 26492928, "reserved_before_release": 1153433600, "reserved_after_release": 52428800}
{"reference_step": 0, "elapsed_seconds": 27.72993205100647}
{"cuda_memory_after_block": 0, "allocated_bytes": 913622016, "reserved_bytes": 1153433600, "peak_allocated_bytes": 1083491328, "peak_reserved_bytes": 1153433600}
{"cuda_memory_after_block": 1, "allocated_bytes": 913622016, "reserved_bytes": 1153433600, "peak_allocated_bytes": 1083491328, "peak_reserved_bytes": 1153433600}
{"cuda_memory_after_block": 2, "allocated_bytes": 913622016, "reserved_bytes": 1153433600, "peak_allocated_bytes": 1083491328, "peak_reserved_bytes": 1153433600}
{"cuda_memory_after_block": 3, "allocated_bytes": 913622016, "reserved_bytes": 1153433600, "peak_allocated_bytes": 1083491328, "peak_reserved_bytes": 1153433600}
{"cuda_memory_after_block": 4, "allocated_bytes": 913622016, "reserved_bytes": 1153433600, "peak_allocated_bytes": 1083491328, "peak_reserved_bytes": 1153433600}
{"cuda_memory_after_block": 5, "allocated_bytes": 913622016, "reserved_bytes": 1153433600, "peak_allocated_bytes": 1083491328, "peak_reserved_bytes": 1153433600}
{"reference_step": 1, "blocks_complete": 6, "elapsed_seconds": 4.754651237977669, "allocated_bytes": 26492928, "reserved_before_release": 1153433600, "reserved_after_release": 52428800}
{"cuda_memory_after_block": 6, "allocated_bytes": 913622016, "reserved_bytes": 1153433600, "peak_allocated_bytes": 1083491328, "peak_reserved_bytes": 1153433600}
{"cuda_memory_after_block": 7, "allocated_bytes": 913622016, "reserved_bytes": 1153433600, "peak_allocated_bytes": 1083491328, "peak_reserved_bytes": 1153433600}
{"cuda_memory_after_block": 8, "allocated_bytes": 913622016, "reserved_bytes": 1153433600, "peak_allocated_bytes": 1083491328, "peak_reserved_bytes": 1153433600}
{"cuda_memory_after_block": 9, "allocated_bytes": 913622016, "reserved_bytes": 1153433600, "peak_allocated_bytes": 1083491328, "peak_reserved_bytes": 1153433600}
{"cuda_memory_after_block": 10, "allocated_bytes": 913622016, "reserved_bytes": 1153433600, "peak_allocated_bytes": 1083491328, "peak_reserved_bytes": 1153433600}
{"cuda_memory_after_block": 11, "allocated_bytes": 913622016, "reserved_bytes": 1153433600, "peak_allocated_bytes": 1083491328, "peak_reserved_bytes": 1153433600}
{"reference_step": 1, "blocks_complete": 12, "elapsed_seconds": 9.225935438997112, "allocated_bytes": 26492928, "reserved_before_release": 1153433600, "reserved_after_release": 52428800}
{"cuda_memory_after_block": 12, "allocated_bytes": 913622016, "reserved_bytes": 1153433600, "peak_allocated_bytes": 1083491328, "peak_reserved_bytes": 1153433600}
{"cuda_memory_after_block": 13, "allocated_bytes": 913622016, "reserved_bytes": 1153433600, "peak_allocated_bytes": 1083491328, "peak_reserved_bytes": 1153433600}
{"cuda_memory_after_block": 14, "allocated_bytes": 913622016, "reserved_bytes": 1153433600, "peak_allocated_bytes": 1083491328, "peak_reserved_bytes": 1153433600}
{"cuda_memory_after_block": 15, "allocated_bytes": 913622016, "reserved_bytes": 1153433600, "peak_allocated_bytes": 1083491328, "peak_reserved_bytes": 1153433600}
{"cuda_memory_after_block": 16, "allocated_bytes": 913622016, "reserved_bytes": 1153433600, "peak_allocated_bytes": 1083491328, "peak_reserved_bytes": 1153433600}
{"cuda_memory_after_block": 17, "allocated_bytes": 913622016, "reserved_bytes": 1153433600, "peak_allocated_bytes": 1083491328, "peak_reserved_bytes": 1153433600}
{"reference_step": 1, "blocks_complete": 18, "elapsed_seconds": 13.893963353999425, "allocated_bytes": 26492928, "reserved_before_release": 1153433600, "reserved_after_release": 52428800}
{"cuda_memory_after_block": 18, "allocated_bytes": 913622016, "reserved_bytes": 1153433600, "peak_allocated_bytes": 1083491328, "peak_reserved_bytes": 1153433600}
{"cuda_memory_after_block": 19, "allocated_bytes": 913622016, "reserved_bytes": 1153433600, "peak_allocated_bytes": 1083491328, "peak_reserved_bytes": 1153433600}
{"cuda_memory_after_block": 20, "allocated_bytes": 913622016, "reserved_bytes": 1153433600, "peak_allocated_bytes": 1083491328, "peak_reserved_bytes": 1153433600}
{"cuda_memory_after_block": 21, "allocated_bytes": 913622016, "reserved_bytes": 1153433600, "peak_allocated_bytes": 1083491328, "peak_reserved_bytes": 1153433600}
{"cuda_memory_after_block": 22, "allocated_bytes": 913622016, "reserved_bytes": 1153433600, "peak_allocated_bytes": 1083491328, "peak_reserved_bytes": 1153433600}
{"cuda_memory_after_block": 23, "allocated_bytes": 913622016, "reserved_bytes": 1153433600, "peak_allocated_bytes": 1083491328, "peak_reserved_bytes": 1153433600}
{"reference_step": 1, "blocks_complete": 24, "elapsed_seconds": 18.44739230599953, "allocated_bytes": 26492928, "reserved_before_release": 1153433600, "reserved_after_release": 52428800}
{"cuda_memory_after_block": 24, "allocated_bytes": 913622016, "reserved_bytes": 1153433600, "peak_allocated_bytes": 1083491328, "peak_reserved_bytes": 1153433600}
{"cuda_memory_after_block": 25, "allocated_bytes": 913622016, "reserved_bytes": 1153433600, "peak_allocated_bytes": 1083491328, "peak_reserved_bytes": 1153433600}
{"cuda_memory_after_block": 26, "allocated_bytes": 913622016, "reserved_bytes": 1153433600, "peak_allocated_bytes": 1083491328, "peak_reserved_bytes": 1153433600}
{"cuda_memory_after_block": 27, "allocated_bytes": 913622016, "reserved_bytes": 1153433600, "peak_allocated_bytes": 1083491328, "peak_reserved_bytes": 1153433600}
{"cuda_memory_after_block": 28, "allocated_bytes": 913622016, "reserved_bytes": 1153433600, "peak_allocated_bytes": 1083491328, "peak_reserved_bytes": 1153433600}
{"cuda_memory_after_block": 29, "allocated_bytes": 913622016, "reserved_bytes": 1153433600, "peak_allocated_bytes": 1083491328, "peak_reserved_bytes": 1153433600}
{"reference_step": 1, "blocks_complete": 30, "elapsed_seconds": 22.93370323200361, "allocated_bytes": 26492928, "reserved_before_release": 1153433600, "reserved_after_release": 52428800}
{"cuda_memory_after_block": 30, "allocated_bytes": 913622016, "reserved_bytes": 1153433600, "peak_allocated_bytes": 1083491328, "peak_reserved_bytes": 1153433600}
{"cuda_memory_after_block": 31, "allocated_bytes": 913622016, "reserved_bytes": 1153433600, "peak_allocated_bytes": 1083491328, "peak_reserved_bytes": 1153433600}
{"cuda_memory_after_block": 32, "allocated_bytes": 913622016, "reserved_bytes": 1153433600, "peak_allocated_bytes": 1083491328, "peak_reserved_bytes": 1153433600}
{"cuda_memory_after_block": 33, "allocated_bytes": 913622016, "reserved_bytes": 1153433600, "peak_allocated_bytes": 1083491328, "peak_reserved_bytes": 1153433600}
{"cuda_memory_after_block": 34, "allocated_bytes": 913622016, "reserved_bytes": 1153433600, "peak_allocated_bytes": 1083491328, "peak_reserved_bytes": 1153433600}
{"cuda_memory_after_block": 35, "allocated_bytes": 913622016, "reserved_bytes": 1153433600, "peak_allocated_bytes": 1083491328, "peak_reserved_bytes": 1153433600}
{"reference_step": 1, "blocks_complete": 36, "elapsed_seconds": 27.18299654099974, "allocated_bytes": 26492928, "reserved_before_release": 1153433600, "reserved_after_release": 52428800}
{"reference_step": 1, "elapsed_seconds": 27.207201251003426}
{"cuda_memory_after_block": 0, "allocated_bytes": 913622016, "reserved_bytes": 1153433600, "peak_allocated_bytes": 1083491328, "peak_reserved_bytes": 1153433600}
{"cuda_memory_after_block": 1, "allocated_bytes": 913622016, "reserved_bytes": 1153433600, "peak_allocated_bytes": 1083491328, "peak_reserved_bytes": 1153433600}
{"cuda_memory_after_block": 2, "allocated_bytes": 913622016, "reserved_bytes": 1153433600, "peak_allocated_bytes": 1083491328, "peak_reserved_bytes": 1153433600}
{"cuda_memory_after_block": 3, "allocated_bytes": 913622016, "reserved_bytes": 1153433600, "peak_allocated_bytes": 1083491328, "peak_reserved_bytes": 1153433600}
{"cuda_memory_after_block": 4, "allocated_bytes": 913622016, "reserved_bytes": 1153433600, "peak_allocated_bytes": 1083491328, "peak_reserved_bytes": 1153433600}
{"cuda_memory_after_block": 5, "allocated_bytes": 913622016, "reserved_bytes": 1153433600, "peak_allocated_bytes": 1083491328, "peak_reserved_bytes": 1153433600}
{"reference_step": 2, "blocks_complete": 6, "elapsed_seconds": 4.492590662994189, "allocated_bytes": 26492928, "reserved_before_release": 1153433600, "reserved_after_release": 52428800}
{"cuda_memory_after_block": 6, "allocated_bytes": 913622016, "reserved_bytes": 1153433600, "peak_allocated_bytes": 1083491328, "peak_reserved_bytes": 1153433600}
{"cuda_memory_after_block": 7, "allocated_bytes": 913622016, "reserved_bytes": 1153433600, "peak_allocated_bytes": 1083491328, "peak_reserved_bytes": 1153433600}
{"cuda_memory_after_block": 8, "allocated_bytes": 913622016, "reserved_bytes": 1153433600, "peak_allocated_bytes": 1083491328, "peak_reserved_bytes": 1153433600}
{"cuda_memory_after_block": 9, "allocated_bytes": 913622016, "reserved_bytes": 1153433600, "peak_allocated_bytes": 1083491328, "peak_reserved_bytes": 1153433600}
{"cuda_memory_after_block": 10, "allocated_bytes": 913622016, "reserved_bytes": 1153433600, "peak_allocated_bytes": 1083491328, "peak_reserved_bytes": 1153433600}
{"cuda_memory_after_block": 11, "allocated_bytes": 913622016, "reserved_bytes": 1153433600, "peak_allocated_bytes": 1083491328, "peak_reserved_bytes": 1153433600}
{"reference_step": 2, "blocks_complete": 12, "elapsed_seconds": 8.819658196996897, "allocated_bytes": 26492928, "reserved_before_release": 1153433600, "reserved_after_release": 52428800}
{"cuda_memory_after_block": 12, "allocated_bytes": 913622016, "reserved_bytes": 1153433600, "peak_allocated_bytes": 1083491328, "peak_reserved_bytes": 1153433600}
{"cuda_memory_after_block": 13, "allocated_bytes": 913622016, "reserved_bytes": 1153433600, "peak_allocated_bytes": 1083491328, "peak_reserved_bytes": 1153433600}
{"cuda_memory_after_block": 14, "allocated_bytes": 913622016, "reserved_bytes": 1153433600, "peak_allocated_bytes": 1083491328, "peak_reserved_bytes": 1153433600}
{"cuda_memory_after_block": 15, "allocated_bytes": 913622016, "reserved_bytes": 1153433600, "peak_allocated_bytes": 1083491328, "peak_reserved_bytes": 1153433600}
{"cuda_memory_after_block": 16, "allocated_bytes": 913622016, "reserved_bytes": 1153433600, "peak_allocated_bytes": 1083491328, "peak_reserved_bytes": 1153433600}
{"cuda_memory_after_block": 17, "allocated_bytes": 913622016, "reserved_bytes": 1153433600, "peak_allocated_bytes": 1083491328, "peak_reserved_bytes": 1153433600}
{"reference_step": 2, "blocks_complete": 18, "elapsed_seconds": 13.140535042999545, "allocated_bytes": 26492928, "reserved_before_release": 1153433600, "reserved_after_release": 52428800}
{"cuda_memory_after_block": 18, "allocated_bytes": 913622016, "reserved_bytes": 1153433600, "peak_allocated_bytes": 1083491328, "peak_reserved_bytes": 1153433600}
{"cuda_memory_after_block": 19, "allocated_bytes": 913622016, "reserved_bytes": 1153433600, "peak_allocated_bytes": 1083491328, "peak_reserved_bytes": 1153433600}
{"cuda_memory_after_block": 20, "allocated_bytes": 913622016, "reserved_bytes": 1153433600, "peak_allocated_bytes": 1083491328, "peak_reserved_bytes": 1153433600}
{"cuda_memory_after_block": 21, "allocated_bytes": 913622016, "reserved_bytes": 1153433600, "peak_allocated_bytes": 1083491328, "peak_reserved_bytes": 1153433600}
{"cuda_memory_after_block": 22, "allocated_bytes": 913622016, "reserved_bytes": 1153433600, "peak_allocated_bytes": 1083491328, "peak_reserved_bytes": 1153433600}
{"cuda_memory_after_block": 23, "allocated_bytes": 913622016, "reserved_bytes": 1153433600, "peak_allocated_bytes": 1083491328, "peak_reserved_bytes": 1153433600}
{"reference_step": 2, "blocks_complete": 24, "elapsed_seconds": 17.397751340002287, "allocated_bytes": 26492928, "reserved_before_release": 1153433600, "reserved_after_release": 52428800}
{"cuda_memory_after_block": 24, "allocated_bytes": 913622016, "reserved_bytes": 1153433600, "peak_allocated_bytes": 1083491328, "peak_reserved_bytes": 1153433600}
{"cuda_memory_after_block": 25, "allocated_bytes": 913622016, "reserved_bytes": 1153433600, "peak_allocated_bytes": 1083491328, "peak_reserved_bytes": 1153433600}
{"cuda_memory_after_block": 26, "allocated_bytes": 913622016, "reserved_bytes": 1153433600, "peak_allocated_bytes": 1083491328, "peak_reserved_bytes": 1153433600}
{"cuda_memory_after_block": 27, "allocated_bytes": 913622016, "reserved_bytes": 1153433600, "peak_allocated_bytes": 1083491328, "peak_reserved_bytes": 1153433600}
{"cuda_memory_after_block": 28, "allocated_bytes": 913622016, "reserved_bytes": 1153433600, "peak_allocated_bytes": 1083491328, "peak_reserved_bytes": 1153433600}
{"cuda_memory_after_block": 29, "allocated_bytes": 913622016, "reserved_bytes": 1153433600, "peak_allocated_bytes": 1083491328, "peak_reserved_bytes": 1153433600}
{"reference_step": 2, "blocks_complete": 30, "elapsed_seconds": 21.720793858985417, "allocated_bytes": 26492928, "reserved_before_release": 1153433600, "reserved_after_release": 52428800}
{"cuda_memory_after_block": 30, "allocated_bytes": 913622016, "reserved_bytes": 1153433600, "peak_allocated_bytes": 1083491328, "peak_reserved_bytes": 1153433600}
{"cuda_memory_after_block": 31, "allocated_bytes": 913622016, "reserved_bytes": 1153433600, "peak_allocated_bytes": 1083491328, "peak_reserved_bytes": 1153433600}
{"cuda_memory_after_block": 32, "allocated_bytes": 913622016, "reserved_bytes": 1153433600, "peak_allocated_bytes": 1083491328, "peak_reserved_bytes": 1153433600}
{"cuda_memory_after_block": 33, "allocated_bytes": 913622016, "reserved_bytes": 1153433600, "peak_allocated_bytes": 1083491328, "peak_reserved_bytes": 1153433600}
{"cuda_memory_after_block": 34, "allocated_bytes": 913622016, "reserved_bytes": 1153433600, "peak_allocated_bytes": 1083491328, "peak_reserved_bytes": 1153433600}
{"cuda_memory_after_block": 35, "allocated_bytes": 913622016, "reserved_bytes": 1153433600, "peak_allocated_bytes": 1083491328, "peak_reserved_bytes": 1153433600}
{"reference_step": 2, "blocks_complete": 36, "elapsed_seconds": 25.930431858985685, "allocated_bytes": 26492928, "reserved_before_release": 1153433600, "reserved_after_release": 52428800}
{"reference_step": 2, "elapsed_seconds": 25.946409627009416}
{"cuda_memory_after_block": 0, "allocated_bytes": 913622016, "reserved_bytes": 1153433600, "peak_allocated_bytes": 1083491328, "peak_reserved_bytes": 1153433600}
{"cuda_memory_after_block": 1, "allocated_bytes": 913622016, "reserved_bytes": 1153433600, "peak_allocated_bytes": 1083491328, "peak_reserved_bytes": 1153433600}
{"cuda_memory_after_block": 2, "allocated_bytes": 913622016, "reserved_bytes": 1153433600, "peak_allocated_bytes": 1083491328, "peak_reserved_bytes": 1153433600}
{"cuda_memory_after_block": 3, "allocated_bytes": 913622016, "reserved_bytes": 1153433600, "peak_allocated_bytes": 1083491328, "peak_reserved_bytes": 1153433600}
{"cuda_memory_after_block": 4, "allocated_bytes": 913622016, "reserved_bytes": 1153433600, "peak_allocated_bytes": 1083491328, "peak_reserved_bytes": 1153433600}
{"cuda_memory_after_block": 5, "allocated_bytes": 913622016, "reserved_bytes": 1153433600, "peak_allocated_bytes": 1083491328, "peak_reserved_bytes": 1153433600}
{"reference_step": 3, "blocks_complete": 6, "elapsed_seconds": 4.553103626007214, "allocated_bytes": 26492928, "reserved_before_release": 1153433600, "reserved_after_release": 52428800}
{"cuda_memory_after_block": 6, "allocated_bytes": 913622016, "reserved_bytes": 1153433600, "peak_allocated_bytes": 1083491328, "peak_reserved_bytes": 1153433600}
{"cuda_memory_after_block": 7, "allocated_bytes": 913622016, "reserved_bytes": 1153433600, "peak_allocated_bytes": 1083491328, "peak_reserved_bytes": 1153433600}
{"cuda_memory_after_block": 8, "allocated_bytes": 913622016, "reserved_bytes": 1153433600, "peak_allocated_bytes": 1083491328, "peak_reserved_bytes": 1153433600}
{"cuda_memory_after_block": 9, "allocated_bytes": 913622016, "reserved_bytes": 1153433600, "peak_allocated_bytes": 1083491328, "peak_reserved_bytes": 1153433600}
{"cuda_memory_after_block": 10, "allocated_bytes": 913622016, "reserved_bytes": 1153433600, "peak_allocated_bytes": 1083491328, "peak_reserved_bytes": 1153433600}
{"cuda_memory_after_block": 11, "allocated_bytes": 913622016, "reserved_bytes": 1153433600, "peak_allocated_bytes": 1083491328, "peak_reserved_bytes": 1153433600}
{"reference_step": 3, "blocks_complete": 12, "elapsed_seconds": 8.931770911003696, "allocated_bytes": 26492928, "reserved_before_release": 1153433600, "reserved_after_release": 52428800}
{"cuda_memory_after_block": 12, "allocated_bytes": 913622016, "reserved_bytes": 1153433600, "peak_allocated_bytes": 1083491328, "peak_reserved_bytes": 1153433600}
{"cuda_memory_after_block": 13, "allocated_bytes": 913622016, "reserved_bytes": 1153433600, "peak_allocated_bytes": 1083491328, "peak_reserved_bytes": 1153433600}
{"cuda_memory_after_block": 14, "allocated_bytes": 913622016, "reserved_bytes": 1153433600, "peak_allocated_bytes": 1083491328, "peak_reserved_bytes": 1153433600}
{"cuda_memory_after_block": 15, "allocated_bytes": 913622016, "reserved_bytes": 1153433600, "peak_allocated_bytes": 1083491328, "peak_reserved_bytes": 1153433600}
{"cuda_memory_after_block": 16, "allocated_bytes": 913622016, "reserved_bytes": 1153433600, "peak_allocated_bytes": 1083491328, "peak_reserved_bytes": 1153433600}
{"cuda_memory_after_block": 17, "allocated_bytes": 913622016, "reserved_bytes": 1153433600, "peak_allocated_bytes": 1083491328, "peak_reserved_bytes": 1153433600}
{"reference_step": 3, "blocks_complete": 18, "elapsed_seconds": 13.516581925010541, "allocated_bytes": 26492928, "reserved_before_release": 1153433600, "reserved_after_release": 52428800}
{"cuda_memory_after_block": 18, "allocated_bytes": 913622016, "reserved_bytes": 1153433600, "peak_allocated_bytes": 1083491328, "peak_reserved_bytes": 1153433600}
{"cuda_memory_after_block": 19, "allocated_bytes": 913622016, "reserved_bytes": 1153433600, "peak_allocated_bytes": 1083491328, "peak_reserved_bytes": 1153433600}
{"cuda_memory_after_block": 20, "allocated_bytes": 913622016, "reserved_bytes": 1153433600, "peak_allocated_bytes": 1083491328, "peak_reserved_bytes": 1153433600}
{"cuda_memory_after_block": 21, "allocated_bytes": 913622016, "reserved_bytes": 1153433600, "peak_allocated_bytes": 1083491328, "peak_reserved_bytes": 1153433600}
{"cuda_memory_after_block": 22, "allocated_bytes": 913622016, "reserved_bytes": 1153433600, "peak_allocated_bytes": 1083491328, "peak_reserved_bytes": 1153433600}
{"cuda_memory_after_block": 23, "allocated_bytes": 913622016, "reserved_bytes": 1153433600, "peak_allocated_bytes": 1083491328, "peak_reserved_bytes": 1153433600}
{"reference_step": 3, "blocks_complete": 24, "elapsed_seconds": 18.08191257499857, "allocated_bytes": 26492928, "reserved_before_release": 1153433600, "reserved_after_release": 52428800}
{"cuda_memory_after_block": 24, "allocated_bytes": 913622016, "reserved_bytes": 1153433600, "peak_allocated_bytes": 1083491328, "peak_reserved_bytes": 1153433600}
{"cuda_memory_after_block": 25, "allocated_bytes": 913622016, "reserved_bytes": 1153433600, "peak_allocated_bytes": 1083491328, "peak_reserved_bytes": 1153433600}
{"cuda_memory_after_block": 26, "allocated_bytes": 913622016, "reserved_bytes": 1153433600, "peak_allocated_bytes": 1083491328, "peak_reserved_bytes": 1153433600}
{"cuda_memory_after_block": 27, "allocated_bytes": 913622016, "reserved_bytes": 1153433600, "peak_allocated_bytes": 1083491328, "peak_reserved_bytes": 1153433600}
{"cuda_memory_after_block": 28, "allocated_bytes": 913622016, "reserved_bytes": 1153433600, "peak_allocated_bytes": 1083491328, "peak_reserved_bytes": 1153433600}
{"cuda_memory_after_block": 29, "allocated_bytes": 913622016, "reserved_bytes": 1153433600, "peak_allocated_bytes": 1083491328, "peak_reserved_bytes": 1153433600}
{"reference_step": 3, "blocks_complete": 30, "elapsed_seconds": 22.32862121600192, "allocated_bytes": 26492928, "reserved_before_release": 1153433600, "reserved_after_release": 52428800}
{"cuda_memory_after_block": 30, "allocated_bytes": 913622016, "reserved_bytes": 1153433600, "peak_allocated_bytes": 1083491328, "peak_reserved_bytes": 1153433600}
{"cuda_memory_after_block": 31, "allocated_bytes": 913622016, "reserved_bytes": 1153433600, "peak_allocated_bytes": 1083491328, "peak_reserved_bytes": 1153433600}
{"cuda_memory_after_block": 32, "allocated_bytes": 913622016, "reserved_bytes": 1153433600, "peak_allocated_bytes": 1083491328, "peak_reserved_bytes": 1153433600}
{"cuda_memory_after_block": 33, "allocated_bytes": 913622016, "reserved_bytes": 1153433600, "peak_allocated_bytes": 1083491328, "peak_reserved_bytes": 1153433600}
{"cuda_memory_after_block": 34, "allocated_bytes": 913622016, "reserved_bytes": 1153433600, "peak_allocated_bytes": 1083491328, "peak_reserved_bytes": 1153433600}
{"cuda_memory_after_block": 35, "allocated_bytes": 913622016, "reserved_bytes": 1153433600, "peak_allocated_bytes": 1083491328, "peak_reserved_bytes": 1153433600}
{"reference_step": 3, "blocks_complete": 36, "elapsed_seconds": 26.78641377799795, "allocated_bytes": 26492928, "reserved_before_release": 1153433600, "reserved_after_release": 52428800}
{"reference_step": 3, "elapsed_seconds": 26.811601561988937}
{"cuda_memory_after_block": 0, "allocated_bytes": 913622016, "reserved_bytes": 1153433600, "peak_allocated_bytes": 1083491328, "peak_reserved_bytes": 1153433600}
{"cuda_memory_after_block": 1, "allocated_bytes": 913622016, "reserved_bytes": 1153433600, "peak_allocated_bytes": 1083491328, "peak_reserved_bytes": 1153433600}
{"cuda_memory_after_block": 2, "allocated_bytes": 913622016, "reserved_bytes": 1153433600, "peak_allocated_bytes": 1083491328, "peak_reserved_bytes": 1153433600}
{"cuda_memory_after_block": 3, "allocated_bytes": 913622016, "reserved_bytes": 1153433600, "peak_allocated_bytes": 1083491328, "peak_reserved_bytes": 1153433600}
{"cuda_memory_after_block": 4, "allocated_bytes": 913622016, "reserved_bytes": 1153433600, "peak_allocated_bytes": 1083491328, "peak_reserved_bytes": 1153433600}
{"cuda_memory_after_block": 5, "allocated_bytes": 913622016, "reserved_bytes": 1153433600, "peak_allocated_bytes": 1083491328, "peak_reserved_bytes": 1153433600}
{"reference_step": 4, "blocks_complete": 6, "elapsed_seconds": 4.689164217998041, "allocated_bytes": 26492928, "reserved_before_release": 1153433600, "reserved_after_release": 52428800}
{"cuda_memory_after_block": 6, "allocated_bytes": 913622016, "reserved_bytes": 1153433600, "peak_allocated_bytes": 1083491328, "peak_reserved_bytes": 1153433600}
{"cuda_memory_after_block": 7, "allocated_bytes": 913622016, "reserved_bytes": 1153433600, "peak_allocated_bytes": 1083491328, "peak_reserved_bytes": 1153433600}
{"cuda_memory_after_block": 8, "allocated_bytes": 913622016, "reserved_bytes": 1153433600, "peak_allocated_bytes": 1083491328, "peak_reserved_bytes": 1153433600}
{"cuda_memory_after_block": 9, "allocated_bytes": 913622016, "reserved_bytes": 1153433600, "peak_allocated_bytes": 1083491328, "peak_reserved_bytes": 1153433600}
{"cuda_memory_after_block": 10, "allocated_bytes": 913622016, "reserved_bytes": 1153433600, "peak_allocated_bytes": 1083491328, "peak_reserved_bytes": 1153433600}
{"cuda_memory_after_block": 11, "allocated_bytes": 913622016, "reserved_bytes": 1153433600, "peak_allocated_bytes": 1083491328, "peak_reserved_bytes": 1153433600}
{"reference_step": 4, "blocks_complete": 12, "elapsed_seconds": 9.325635221990524, "allocated_bytes": 26492928, "reserved_before_release": 1153433600, "reserved_after_release": 52428800}
{"cuda_memory_after_block": 12, "allocated_bytes": 913622016, "reserved_bytes": 1153433600, "peak_allocated_bytes": 1083491328, "peak_reserved_bytes": 1153433600}
{"cuda_memory_after_block": 13, "allocated_bytes": 913622016, "reserved_bytes": 1153433600, "peak_allocated_bytes": 1083491328, "peak_reserved_bytes": 1153433600}
{"cuda_memory_after_block": 14, "allocated_bytes": 913622016, "reserved_bytes": 1153433600, "peak_allocated_bytes": 1083491328, "peak_reserved_bytes": 1153433600}
{"cuda_memory_after_block": 15, "allocated_bytes": 913622016, "reserved_bytes": 1153433600, "peak_allocated_bytes": 1083491328, "peak_reserved_bytes": 1153433600}
{"cuda_memory_after_block": 16, "allocated_bytes": 913622016, "reserved_bytes": 1153433600, "peak_allocated_bytes": 1083491328, "peak_reserved_bytes": 1153433600}
{"cuda_memory_after_block": 17, "allocated_bytes": 913622016, "reserved_bytes": 1153433600, "peak_allocated_bytes": 1083491328, "peak_reserved_bytes": 1153433600}
{"reference_step": 4, "blocks_complete": 18, "elapsed_seconds": 14.047705985984067, "allocated_bytes": 26492928, "reserved_before_release": 1153433600, "reserved_after_release": 52428800}
{"cuda_memory_after_block": 18, "allocated_bytes": 913622016, "reserved_bytes": 1153433600, "peak_allocated_bytes": 1083491328, "peak_reserved_bytes": 1153433600}
{"cuda_memory_after_block": 19, "allocated_bytes": 913622016, "reserved_bytes": 1153433600, "peak_allocated_bytes": 1083491328, "peak_reserved_bytes": 1153433600}
{"cuda_memory_after_block": 20, "allocated_bytes": 913622016, "reserved_bytes": 1153433600, "peak_allocated_bytes": 1083491328, "peak_reserved_bytes": 1153433600}
{"cuda_memory_after_block": 21, "allocated_bytes": 913622016, "reserved_bytes": 1153433600, "peak_allocated_bytes": 1083491328, "peak_reserved_bytes": 1153433600}
{"cuda_memory_after_block": 22, "allocated_bytes": 913622016, "reserved_bytes": 1153433600, "peak_allocated_bytes": 1083491328, "peak_reserved_bytes": 1153433600}
{"cuda_memory_after_block": 23, "allocated_bytes": 913622016, "reserved_bytes": 1153433600, "peak_allocated_bytes": 1083491328, "peak_reserved_bytes": 1153433600}
{"reference_step": 4, "blocks_complete": 24, "elapsed_seconds": 18.59462701898883, "allocated_bytes": 26492928, "reserved_before_release": 1153433600, "reserved_after_release": 52428800}
{"cuda_memory_after_block": 24, "allocated_bytes": 913622016, "reserved_bytes": 1153433600, "peak_allocated_bytes": 1083491328, "peak_reserved_bytes": 1153433600}
{"cuda_memory_after_block": 25, "allocated_bytes": 913622016, "reserved_bytes": 1153433600, "peak_allocated_bytes": 1083491328, "peak_reserved_bytes": 1153433600}
{"cuda_memory_after_block": 26, "allocated_bytes": 913622016, "reserved_bytes": 1153433600, "peak_allocated_bytes": 1083491328, "peak_reserved_bytes": 1153433600}
{"cuda_memory_after_block": 27, "allocated_bytes": 913622016, "reserved_bytes": 1153433600, "peak_allocated_bytes": 1083491328, "peak_reserved_bytes": 1153433600}
{"cuda_memory_after_block": 28, "allocated_bytes": 913622016, "reserved_bytes": 1153433600, "peak_allocated_bytes": 1083491328, "peak_reserved_bytes": 1153433600}
{"cuda_memory_after_block": 29, "allocated_bytes": 913622016, "reserved_bytes": 1153433600, "peak_allocated_bytes": 1083491328, "peak_reserved_bytes": 1153433600}
{"reference_step": 4, "blocks_complete": 30, "elapsed_seconds": 23.054027210979257, "allocated_bytes": 26492928, "reserved_before_release": 1153433600, "reserved_after_release": 52428800}
{"cuda_memory_after_block": 30, "allocated_bytes": 913622016, "reserved_bytes": 1153433600, "peak_allocated_bytes": 1083491328, "peak_reserved_bytes": 1153433600}
{"cuda_memory_after_block": 31, "allocated_bytes": 913622016, "reserved_bytes": 1153433600, "peak_allocated_bytes": 1083491328, "peak_reserved_bytes": 1153433600}
{"cuda_memory_after_block": 32, "allocated_bytes": 913622016, "reserved_bytes": 1153433600, "peak_allocated_bytes": 1083491328, "peak_reserved_bytes": 1153433600}
{"cuda_memory_after_block": 33, "allocated_bytes": 913622016, "reserved_bytes": 1153433600, "peak_allocated_bytes": 1083491328, "peak_reserved_bytes": 1153433600}
{"cuda_memory_after_block": 34, "allocated_bytes": 913622016, "reserved_bytes": 1153433600, "peak_allocated_bytes": 1083491328, "peak_reserved_bytes": 1153433600}
{"cuda_memory_after_block": 35, "allocated_bytes": 913622016, "reserved_bytes": 1153433600, "peak_allocated_bytes": 1083491328, "peak_reserved_bytes": 1153433600}
{"reference_step": 4, "blocks_complete": 36, "elapsed_seconds": 27.44979185698321, "allocated_bytes": 26492928, "reserved_before_release": 1153433600, "reserved_after_release": 52428800}
{"reference_step": 4, "elapsed_seconds": 27.46379628399154}
{"cuda_memory_after_block": 0, "allocated_bytes": 913622016, "reserved_bytes": 1153433600, "peak_allocated_bytes": 1083491328, "peak_reserved_bytes": 1153433600}
{"cuda_memory_after_block": 1, "allocated_bytes": 913622016, "reserved_bytes": 1153433600, "peak_allocated_bytes": 1083491328, "peak_reserved_bytes": 1153433600}
{"cuda_memory_after_block": 2, "allocated_bytes": 913622016, "reserved_bytes": 1153433600, "peak_allocated_bytes": 1083491328, "peak_reserved_bytes": 1153433600}
{"cuda_memory_after_block": 3, "allocated_bytes": 913622016, "reserved_bytes": 1153433600, "peak_allocated_bytes": 1083491328, "peak_reserved_bytes": 1153433600}
{"cuda_memory_after_block": 4, "allocated_bytes": 913622016, "reserved_bytes": 1153433600, "peak_allocated_bytes": 1083491328, "peak_reserved_bytes": 1153433600}
{"cuda_memory_after_block": 5, "allocated_bytes": 913622016, "reserved_bytes": 1153433600, "peak_allocated_bytes": 1083491328, "peak_reserved_bytes": 1153433600}
{"reference_step": 5, "blocks_complete": 6, "elapsed_seconds": 4.595965618005721, "allocated_bytes": 26492928, "reserved_before_release": 1153433600, "reserved_after_release": 52428800}
{"cuda_memory_after_block": 6, "allocated_bytes": 913622016, "reserved_bytes": 1153433600, "peak_allocated_bytes": 1083491328, "peak_reserved_bytes": 1153433600}
{"cuda_memory_after_block": 7, "allocated_bytes": 913622016, "reserved_bytes": 1153433600, "peak_allocated_bytes": 1083491328, "peak_reserved_bytes": 1153433600}
{"cuda_memory_after_block": 8, "allocated_bytes": 913622016, "reserved_bytes": 1153433600, "peak_allocated_bytes": 1083491328, "peak_reserved_bytes": 1153433600}
{"cuda_memory_after_block": 9, "allocated_bytes": 913622016, "reserved_bytes": 1153433600, "peak_allocated_bytes": 1083491328, "peak_reserved_bytes": 1153433600}
{"cuda_memory_after_block": 10, "allocated_bytes": 913622016, "reserved_bytes": 1153433600, "peak_allocated_bytes": 1083491328, "peak_reserved_bytes": 1153433600}
{"cuda_memory_after_block": 11, "allocated_bytes": 913622016, "reserved_bytes": 1153433600, "peak_allocated_bytes": 1083491328, "peak_reserved_bytes": 1153433600}
{"reference_step": 5, "blocks_complete": 12, "elapsed_seconds": 9.326563705981243, "allocated_bytes": 26492928, "reserved_before_release": 1153433600, "reserved_after_release": 52428800}
{"cuda_memory_after_block": 12, "allocated_bytes": 913622016, "reserved_bytes": 1153433600, "peak_allocated_bytes": 1083491328, "peak_reserved_bytes": 1153433600}
{"cuda_memory_after_block": 13, "allocated_bytes": 913622016, "reserved_bytes": 1153433600, "peak_allocated_bytes": 1083491328, "peak_reserved_bytes": 1153433600}
{"cuda_memory_after_block": 14, "allocated_bytes": 913622016, "reserved_bytes": 1153433600, "peak_allocated_bytes": 1083491328, "peak_reserved_bytes": 1153433600}
{"cuda_memory_after_block": 15, "allocated_bytes": 913622016, "reserved_bytes": 1153433600, "peak_allocated_bytes": 1083491328, "peak_reserved_bytes": 1153433600}
{"cuda_memory_after_block": 16, "allocated_bytes": 913622016, "reserved_bytes": 1153433600, "peak_allocated_bytes": 1083491328, "peak_reserved_bytes": 1153433600}
{"cuda_memory_after_block": 17, "allocated_bytes": 913622016, "reserved_bytes": 1153433600, "peak_allocated_bytes": 1083491328, "peak_reserved_bytes": 1153433600}
{"reference_step": 5, "blocks_complete": 18, "elapsed_seconds": 14.34493347600801, "allocated_bytes": 26492928, "reserved_before_release": 1153433600, "reserved_after_release": 52428800}
{"cuda_memory_after_block": 18, "allocated_bytes": 913622016, "reserved_bytes": 1153433600, "peak_allocated_bytes": 1083491328, "peak_reserved_bytes": 1153433600}
{"cuda_memory_after_block": 19, "allocated_bytes": 913622016, "reserved_bytes": 1153433600, "peak_allocated_bytes": 1083491328, "peak_reserved_bytes": 1153433600}
{"cuda_memory_after_block": 20, "allocated_bytes": 913622016, "reserved_bytes": 1153433600, "peak_allocated_bytes": 1083491328, "peak_reserved_bytes": 1153433600}
{"cuda_memory_after_block": 21, "allocated_bytes": 913622016, "reserved_bytes": 1153433600, "peak_allocated_bytes": 1083491328, "peak_reserved_bytes": 1153433600}
{"cuda_memory_after_block": 22, "allocated_bytes": 913622016, "reserved_bytes": 1153433600, "peak_allocated_bytes": 1083491328, "peak_reserved_bytes": 1153433600}
{"cuda_memory_after_block": 23, "allocated_bytes": 913622016, "reserved_bytes": 1153433600, "peak_allocated_bytes": 1083491328, "peak_reserved_bytes": 1153433600}
{"reference_step": 5, "blocks_complete": 24, "elapsed_seconds": 19.034508507000282, "allocated_bytes": 26492928, "reserved_before_release": 1153433600, "reserved_after_release": 52428800}
{"cuda_memory_after_block": 24, "allocated_bytes": 913622016, "reserved_bytes": 1153433600, "peak_allocated_bytes": 1083491328, "peak_reserved_bytes": 1153433600}
{"cuda_memory_after_block": 25, "allocated_bytes": 913622016, "reserved_bytes": 1153433600, "peak_allocated_bytes": 1083491328, "peak_reserved_bytes": 1153433600}
{"cuda_memory_after_block": 26, "allocated_bytes": 913622016, "reserved_bytes": 1153433600, "peak_allocated_bytes": 1083491328, "peak_reserved_bytes": 1153433600}
{"cuda_memory_after_block": 27, "allocated_bytes": 913622016, "reserved_bytes": 1153433600, "peak_allocated_bytes": 1083491328, "peak_reserved_bytes": 1153433600}
{"cuda_memory_after_block": 28, "allocated_bytes": 913622016, "reserved_bytes": 1153433600, "peak_allocated_bytes": 1083491328, "peak_reserved_bytes": 1153433600}
{"cuda_memory_after_block": 29, "allocated_bytes": 913622016, "reserved_bytes": 1153433600, "peak_allocated_bytes": 1083491328, "peak_reserved_bytes": 1153433600}
{"reference_step": 5, "blocks_complete": 30, "elapsed_seconds": 23.54894449398853, "allocated_bytes": 26492928, "reserved_before_release": 1153433600, "reserved_after_release": 52428800}
{"cuda_memory_after_block": 30, "allocated_bytes": 913622016, "reserved_bytes": 1153433600, "peak_allocated_bytes": 1083491328, "peak_reserved_bytes": 1153433600}
{"cuda_memory_after_block": 31, "allocated_bytes": 913622016, "reserved_bytes": 1153433600, "peak_allocated_bytes": 1083491328, "peak_reserved_bytes": 1153433600}
{"cuda_memory_after_block": 32, "allocated_bytes": 913622016, "reserved_bytes": 1153433600, "peak_allocated_bytes": 1083491328, "peak_reserved_bytes": 1153433600}
{"cuda_memory_after_block": 33, "allocated_bytes": 913622016, "reserved_bytes": 1153433600, "peak_allocated_bytes": 1083491328, "peak_reserved_bytes": 1153433600}
{"cuda_memory_after_block": 34, "allocated_bytes": 913622016, "reserved_bytes": 1153433600, "peak_allocated_bytes": 1083491328, "peak_reserved_bytes": 1153433600}
{"cuda_memory_after_block": 35, "allocated_bytes": 913622016, "reserved_bytes": 1153433600, "peak_allocated_bytes": 1083491328, "peak_reserved_bytes": 1153433600}
{"reference_step": 5, "blocks_complete": 36, "elapsed_seconds": 27.81053260000772, "allocated_bytes": 26492928, "reserved_before_release": 1153433600, "reserved_after_release": 52428800}
{"reference_step": 5, "elapsed_seconds": 27.825704160990426}
{"cuda_memory_after_block": 0, "allocated_bytes": 913622016, "reserved_bytes": 1153433600, "peak_allocated_bytes": 1083491328, "peak_reserved_bytes": 1153433600}
{"cuda_memory_after_block": 1, "allocated_bytes": 913622016, "reserved_bytes": 1153433600, "peak_allocated_bytes": 1083491328, "peak_reserved_bytes": 1153433600}
{"cuda_memory_after_block": 2, "allocated_bytes": 913622016, "reserved_bytes": 1153433600, "peak_allocated_bytes": 1083491328, "peak_reserved_bytes": 1153433600}
{"cuda_memory_after_block": 3, "allocated_bytes": 913622016, "reserved_bytes": 1153433600, "peak_allocated_bytes": 1083491328, "peak_reserved_bytes": 1153433600}
{"cuda_memory_after_block": 4, "allocated_bytes": 913622016, "reserved_bytes": 1153433600, "peak_allocated_bytes": 1083491328, "peak_reserved_bytes": 1153433600}
{"cuda_memory_after_block": 5, "allocated_bytes": 913622016, "reserved_bytes": 1153433600, "peak_allocated_bytes": 1083491328, "peak_reserved_bytes": 1153433600}
{"reference_step": 6, "blocks_complete": 6, "elapsed_seconds": 4.43510408399743, "allocated_bytes": 26492928, "reserved_before_release": 1153433600, "reserved_after_release": 52428800}
{"cuda_memory_after_block": 6, "allocated_bytes": 913622016, "reserved_bytes": 1153433600, "peak_allocated_bytes": 1083491328, "peak_reserved_bytes": 1153433600}
{"cuda_memory_after_block": 7, "allocated_bytes": 913622016, "reserved_bytes": 1153433600, "peak_allocated_bytes": 1083491328, "peak_reserved_bytes": 1153433600}
{"cuda_memory_after_block": 8, "allocated_bytes": 913622016, "reserved_bytes": 1153433600, "peak_allocated_bytes": 1083491328, "peak_reserved_bytes": 1153433600}
{"cuda_memory_after_block": 9, "allocated_bytes": 913622016, "reserved_bytes": 1153433600, "peak_allocated_bytes": 1083491328, "peak_reserved_bytes": 1153433600}
{"cuda_memory_after_block": 10, "allocated_bytes": 913622016, "reserved_bytes": 1153433600, "peak_allocated_bytes": 1083491328, "peak_reserved_bytes": 1153433600}
{"cuda_memory_after_block": 11, "allocated_bytes": 913622016, "reserved_bytes": 1153433600, "peak_allocated_bytes": 1083491328, "peak_reserved_bytes": 1153433600}
{"reference_step": 6, "blocks_complete": 12, "elapsed_seconds": 8.915295418002643, "allocated_bytes": 26492928, "reserved_before_release": 1153433600, "reserved_after_release": 52428800}
{"cuda_memory_after_block": 12, "allocated_bytes": 913622016, "reserved_bytes": 1153433600, "peak_allocated_bytes": 1083491328, "peak_reserved_bytes": 1153433600}
{"cuda_memory_after_block": 13, "allocated_bytes": 913622016, "reserved_bytes": 1153433600, "peak_allocated_bytes": 1083491328, "peak_reserved_bytes": 1153433600}
{"cuda_memory_after_block": 14, "allocated_bytes": 913622016, "reserved_bytes": 1153433600, "peak_allocated_bytes": 1083491328, "peak_reserved_bytes": 1153433600}
{"cuda_memory_after_block": 15, "allocated_bytes": 913622016, "reserved_bytes": 1153433600, "peak_allocated_bytes": 1083491328, "peak_reserved_bytes": 1153433600}
{"cuda_memory_after_block": 16, "allocated_bytes": 913622016, "reserved_bytes": 1153433600, "peak_allocated_bytes": 1083491328, "peak_reserved_bytes": 1153433600}
{"cuda_memory_after_block": 17, "allocated_bytes": 913622016, "reserved_bytes": 1153433600, "peak_allocated_bytes": 1083491328, "peak_reserved_bytes": 1153433600}
{"reference_step": 6, "blocks_complete": 18, "elapsed_seconds": 13.37218561800546, "allocated_bytes": 26492928, "reserved_before_release": 1153433600, "reserved_after_release": 52428800}
{"cuda_memory_after_block": 18, "allocated_bytes": 913622016, "reserved_bytes": 1153433600, "peak_allocated_bytes": 1083491328, "peak_reserved_bytes": 1153433600}
{"cuda_memory_after_block": 19, "allocated_bytes": 913622016, "reserved_bytes": 1153433600, "peak_allocated_bytes": 1083491328, "peak_reserved_bytes": 1153433600}
{"cuda_memory_after_block": 20, "allocated_bytes": 913622016, "reserved_bytes": 1153433600, "peak_allocated_bytes": 1083491328, "peak_reserved_bytes": 1153433600}
{"cuda_memory_after_block": 21, "allocated_bytes": 913622016, "reserved_bytes": 1153433600, "peak_allocated_bytes": 1083491328, "peak_reserved_bytes": 1153433600}
{"cuda_memory_after_block": 22, "allocated_bytes": 913622016, "reserved_bytes": 1153433600, "peak_allocated_bytes": 1083491328, "peak_reserved_bytes": 1153433600}
{"cuda_memory_after_block": 23, "allocated_bytes": 913622016, "reserved_bytes": 1153433600, "peak_allocated_bytes": 1083491328, "peak_reserved_bytes": 1153433600}
{"reference_step": 6, "blocks_complete": 24, "elapsed_seconds": 17.67062929100939, "allocated_bytes": 26492928, "reserved_before_release": 1153433600, "reserved_after_release": 52428800}
{"cuda_memory_after_block": 24, "allocated_bytes": 913622016, "reserved_bytes": 1153433600, "peak_allocated_bytes": 1083491328, "peak_reserved_bytes": 1153433600}
{"cuda_memory_after_block": 25, "allocated_bytes": 913622016, "reserved_bytes": 1153433600, "peak_allocated_bytes": 1083491328, "peak_reserved_bytes": 1153433600}
{"cuda_memory_after_block": 26, "allocated_bytes": 913622016, "reserved_bytes": 1153433600, "peak_allocated_bytes": 1083491328, "peak_reserved_bytes": 1153433600}
{"cuda_memory_after_block": 27, "allocated_bytes": 913622016, "reserved_bytes": 1153433600, "peak_allocated_bytes": 1083491328, "peak_reserved_bytes": 1153433600}
{"cuda_memory_after_block": 28, "allocated_bytes": 913622016, "reserved_bytes": 1153433600, "peak_allocated_bytes": 1083491328, "peak_reserved_bytes": 1153433600}
{"cuda_memory_after_block": 29, "allocated_bytes": 913622016, "reserved_bytes": 1153433600, "peak_allocated_bytes": 1083491328, "peak_reserved_bytes": 1153433600}
{"reference_step": 6, "blocks_complete": 30, "elapsed_seconds": 21.875372126989532, "allocated_bytes": 26492928, "reserved_before_release": 1153433600, "reserved_after_release": 52428800}
{"cuda_memory_after_block": 30, "allocated_bytes": 913622016, "reserved_bytes": 1153433600, "peak_allocated_bytes": 1083491328, "peak_reserved_bytes": 1153433600}
{"cuda_memory_after_block": 31, "allocated_bytes": 913622016, "reserved_bytes": 1153433600, "peak_allocated_bytes": 1083491328, "peak_reserved_bytes": 1153433600}
{"cuda_memory_after_block": 32, "allocated_bytes": 913622016, "reserved_bytes": 1153433600, "peak_allocated_bytes": 1083491328, "peak_reserved_bytes": 1153433600}
{"cuda_memory_after_block": 33, "allocated_bytes": 913622016, "reserved_bytes": 1153433600, "peak_allocated_bytes": 1083491328, "peak_reserved_bytes": 1153433600}
{"cuda_memory_after_block": 34, "allocated_bytes": 913622016, "reserved_bytes": 1153433600, "peak_allocated_bytes": 1083491328, "peak_reserved_bytes": 1153433600}
{"cuda_memory_after_block": 35, "allocated_bytes": 913622016, "reserved_bytes": 1153433600, "peak_allocated_bytes": 1083491328, "peak_reserved_bytes": 1153433600}
{"reference_step": 6, "blocks_complete": 36, "elapsed_seconds": 26.083742221991997, "allocated_bytes": 26492928, "reserved_before_release": 1153433600, "reserved_after_release": 52428800}
{"reference_step": 6, "elapsed_seconds": 26.098772492987337}
{"cuda_memory_after_block": 0, "allocated_bytes": 913622016, "reserved_bytes": 1153433600, "peak_allocated_bytes": 1083491328, "peak_reserved_bytes": 1153433600}
{"cuda_memory_after_block": 1, "allocated_bytes": 913622016, "reserved_bytes": 1153433600, "peak_allocated_bytes": 1083491328, "peak_reserved_bytes": 1153433600}
{"cuda_memory_after_block": 2, "allocated_bytes": 913622016, "reserved_bytes": 1153433600, "peak_allocated_bytes": 1083491328, "peak_reserved_bytes": 1153433600}
{"cuda_memory_after_block": 3, "allocated_bytes": 913622016, "reserved_bytes": 1153433600, "peak_allocated_bytes": 1083491328, "peak_reserved_bytes": 1153433600}
{"cuda_memory_after_block": 4, "allocated_bytes": 913622016, "reserved_bytes": 1153433600, "peak_allocated_bytes": 1083491328, "peak_reserved_bytes": 1153433600}
{"cuda_memory_after_block": 5, "allocated_bytes": 913622016, "reserved_bytes": 1153433600, "peak_allocated_bytes": 1083491328, "peak_reserved_bytes": 1153433600}
{"reference_step": 7, "blocks_complete": 6, "elapsed_seconds": 4.4913711289991625, "allocated_bytes": 26492928, "reserved_before_release": 1153433600, "reserved_after_release": 52428800}
{"cuda_memory_after_block": 6, "allocated_bytes": 913622016, "reserved_bytes": 1153433600, "peak_allocated_bytes": 1083491328, "peak_reserved_bytes": 1153433600}
{"cuda_memory_after_block": 7, "allocated_bytes": 913622016, "reserved_bytes": 1153433600, "peak_allocated_bytes": 1083491328, "peak_reserved_bytes": 1153433600}
{"cuda_memory_after_block": 8, "allocated_bytes": 913622016, "reserved_bytes": 1153433600, "peak_allocated_bytes": 1083491328, "peak_reserved_bytes": 1153433600}
{"cuda_memory_after_block": 9, "allocated_bytes": 913622016, "reserved_bytes": 1153433600, "peak_allocated_bytes": 1083491328, "peak_reserved_bytes": 1153433600}
{"cuda_memory_after_block": 10, "allocated_bytes": 913622016, "reserved_bytes": 1153433600, "peak_allocated_bytes": 1083491328, "peak_reserved_bytes": 1153433600}
{"cuda_memory_after_block": 11, "allocated_bytes": 913622016, "reserved_bytes": 1153433600, "peak_allocated_bytes": 1083491328, "peak_reserved_bytes": 1153433600}
{"reference_step": 7, "blocks_complete": 12, "elapsed_seconds": 8.86424901499413, "allocated_bytes": 26492928, "reserved_before_release": 1153433600, "reserved_after_release": 52428800}
{"cuda_memory_after_block": 12, "allocated_bytes": 913622016, "reserved_bytes": 1153433600, "peak_allocated_bytes": 1083491328, "peak_reserved_bytes": 1153433600}
{"cuda_memory_after_block": 13, "allocated_bytes": 913622016, "reserved_bytes": 1153433600, "peak_allocated_bytes": 1083491328, "peak_reserved_bytes": 1153433600}
{"cuda_memory_after_block": 14, "allocated_bytes": 913622016, "reserved_bytes": 1153433600, "peak_allocated_bytes": 1083491328, "peak_reserved_bytes": 1153433600}
{"cuda_memory_after_block": 15, "allocated_bytes": 913622016, "reserved_bytes": 1153433600, "peak_allocated_bytes": 1083491328, "peak_reserved_bytes": 1153433600}
{"cuda_memory_after_block": 16, "allocated_bytes": 913622016, "reserved_bytes": 1153433600, "peak_allocated_bytes": 1083491328, "peak_reserved_bytes": 1153433600}
{"cuda_memory_after_block": 17, "allocated_bytes": 913622016, "reserved_bytes": 1153433600, "peak_allocated_bytes": 1083491328, "peak_reserved_bytes": 1153433600}
{"reference_step": 7, "blocks_complete": 18, "elapsed_seconds": 13.25622255099006, "allocated_bytes": 26492928, "reserved_before_release": 1153433600, "reserved_after_release": 52428800}
{"cuda_memory_after_block": 18, "allocated_bytes": 913622016, "reserved_bytes": 1153433600, "peak_allocated_bytes": 1083491328, "peak_reserved_bytes": 1153433600}
{"cuda_memory_after_block": 19, "allocated_bytes": 913622016, "reserved_bytes": 1153433600, "peak_allocated_bytes": 1083491328, "peak_reserved_bytes": 1153433600}
{"cuda_memory_after_block": 20, "allocated_bytes": 913622016, "reserved_bytes": 1153433600, "peak_allocated_bytes": 1083491328, "peak_reserved_bytes": 1153433600}
{"cuda_memory_after_block": 21, "allocated_bytes": 913622016, "reserved_bytes": 1153433600, "peak_allocated_bytes": 1083491328, "peak_reserved_bytes": 1153433600}
{"cuda_memory_after_block": 22, "allocated_bytes": 913622016, "reserved_bytes": 1153433600, "peak_allocated_bytes": 1083491328, "peak_reserved_bytes": 1153433600}
{"cuda_memory_after_block": 23, "allocated_bytes": 913622016, "reserved_bytes": 1153433600, "peak_allocated_bytes": 1083491328, "peak_reserved_bytes": 1153433600}
{"reference_step": 7, "blocks_complete": 24, "elapsed_seconds": 17.50061471600202, "allocated_bytes": 26492928, "reserved_before_release": 1153433600, "reserved_after_release": 52428800}
{"cuda_memory_after_block": 24, "allocated_bytes": 913622016, "reserved_bytes": 1153433600, "peak_allocated_bytes": 1083491328, "peak_reserved_bytes": 1153433600}
{"cuda_memory_after_block": 25, "allocated_bytes": 913622016, "reserved_bytes": 1153433600, "peak_allocated_bytes": 1083491328, "peak_reserved_bytes": 1153433600}
{"cuda_memory_after_block": 26, "allocated_bytes": 913622016, "reserved_bytes": 1153433600, "peak_allocated_bytes": 1083491328, "peak_reserved_bytes": 1153433600}
{"cuda_memory_after_block": 27, "allocated_bytes": 913622016, "reserved_bytes": 1153433600, "peak_allocated_bytes": 1083491328, "peak_reserved_bytes": 1153433600}
{"cuda_memory_after_block": 28, "allocated_bytes": 913622016, "reserved_bytes": 1153433600, "peak_allocated_bytes": 1083491328, "peak_reserved_bytes": 1153433600}
{"cuda_memory_after_block": 29, "allocated_bytes": 913622016, "reserved_bytes": 1153433600, "peak_allocated_bytes": 1083491328, "peak_reserved_bytes": 1153433600}
{"reference_step": 7, "blocks_complete": 30, "elapsed_seconds": 21.729957612988073, "allocated_bytes": 26492928, "reserved_before_release": 1153433600, "reserved_after_release": 52428800}
{"cuda_memory_after_block": 30, "allocated_bytes": 913622016, "reserved_bytes": 1153433600, "peak_allocated_bytes": 1083491328, "peak_reserved_bytes": 1153433600}
{"cuda_memory_after_block": 31, "allocated_bytes": 913622016, "reserved_bytes": 1153433600, "peak_allocated_bytes": 1083491328, "peak_reserved_bytes": 1153433600}
{"cuda_memory_after_block": 32, "allocated_bytes": 913622016, "reserved_bytes": 1153433600, "peak_allocated_bytes": 1083491328, "peak_reserved_bytes": 1153433600}
{"cuda_memory_after_block": 33, "allocated_bytes": 913622016, "reserved_bytes": 1153433600, "peak_allocated_bytes": 1083491328, "peak_reserved_bytes": 1153433600}
{"cuda_memory_after_block": 34, "allocated_bytes": 913622016, "reserved_bytes": 1153433600, "peak_allocated_bytes": 1083491328, "peak_reserved_bytes": 1153433600}
{"cuda_memory_after_block": 35, "allocated_bytes": 913622016, "reserved_bytes": 1153433600, "peak_allocated_bytes": 1083491328, "peak_reserved_bytes": 1153433600}
{"reference_step": 7, "blocks_complete": 36, "elapsed_seconds": 25.970714208000572, "allocated_bytes": 26492928, "reserved_before_release": 1153433600, "reserved_after_release": 52428800}
{"reference_step": 7, "elapsed_seconds": 25.986748950002948}
{"complete": true, "config": {"packed_width": 24, "packed_height": 32, "text_bucket": 32, "dit_text_tokens": 64, "text_layers": 25, "dit_layers": 36}, "ids": [1, 1065, 4804, 46227, 1408, 1261, 32656, 4234, 1044, 6444, 85352, 1044, 43905, 16649, 1046]}
