overwrite built-in layer type RMSNorm
overwrite built-in layer type LayerNorm
overwrite built-in layer type RMSNorm
overwrite built-in layer type LayerNorm
overwrite built-in layer type RMSNorm
overwrite built-in layer type LayerNorm
overwrite built-in layer type RMSNorm
overwrite built-in layer type LayerNorm
overwrite built-in layer type RMSNorm
overwrite built-in layer type LayerNorm
overwrite built-in layer type RMSNorm
overwrite built-in layer type LayerNorm
overwrite built-in layer type RMSNorm
overwrite built-in layer type LayerNorm
overwrite built-in layer type RMSNorm
overwrite built-in layer type LayerNorm
overwrite built-in layer type RMSNorm
overwrite built-in layer type LayerNorm
overwrite built-in layer type RMSNorm
overwrite built-in layer type LayerNorm
overwrite built-in layer type RMSNorm
overwrite built-in layer type LayerNorm
overwrite built-in layer type RMSNorm
overwrite built-in layer type LayerNorm
overwrite built-in layer type RMSNorm
overwrite built-in layer type LayerNorm
overwrite built-in layer type RMSNorm
overwrite built-in layer type LayerNorm
overwrite built-in layer type RMSNorm
overwrite built-in layer type LayerNorm
overwrite built-in layer type RMSNorm
overwrite built-in layer type LayerNorm
overwrite built-in layer type RMSNorm
overwrite built-in layer type LayerNorm
overwrite built-in layer type RMSNorm
overwrite built-in layer type LayerNorm
overwrite built-in layer type RMSNorm
overwrite built-in layer type LayerNorm
overwrite built-in layer type RMSNorm
overwrite built-in layer type LayerNorm
overwrite built-in layer type RMSNorm
overwrite built-in layer type LayerNorm
overwrite built-in layer type RMSNorm
overwrite built-in layer type LayerNorm
overwrite built-in layer type RMSNorm
overwrite built-in layer type LayerNorm
overwrite built-in layer type RMSNorm
overwrite built-in layer type LayerNorm
overwrite built-in layer type RMSNorm
overwrite built-in layer type LayerNorm
{"blocks":25,"tokens":32,"valid_tokens":14,"backend":"cpu","precision":"fp32","load_seconds":16.151692633,"compute_seconds":0.606784029,"compute_submissions":0}
	Command being timed: "/home/mingshi/Project/AI/ernie-image-ncnn-vulkan/outputs/text-prompt-chinese-v1/runner.snapshot --output /home/mingshi/Project/AI/ernie-image-ncnn-vulkan/outputs/text-prompt-chinese-v1/cpu-fp32/output.f32 --tokens 32 --backend cpu --precision fp32 --model /home/mingshi/Project/AI/ernie-image-ncnn-vulkan/models/text-s32-v1/block-00 --model /home/mingshi/Project/AI/ernie-image-ncnn-vulkan/models/text-s32-v2/block-01 --model /home/mingshi/Project/AI/ernie-image-ncnn-vulkan/models/text-s32-v2/block-02 --model /home/mingshi/Project/AI/ernie-image-ncnn-vulkan/models/text-s32-v2/block-03 --model /home/mingshi/Project/AI/ernie-image-ncnn-vulkan/models/text-s32-v2/block-04 --model /home/mingshi/Project/AI/ernie-image-ncnn-vulkan/models/text-s32-v2/block-05 --model /home/mingshi/Project/AI/ernie-image-ncnn-vulkan/models/text-s32-v2/block-06 --model /home/mingshi/Project/AI/ernie-image-ncnn-vulkan/models/text-s32-v2/block-07 --model /home/mingshi/Project/AI/ernie-image-ncnn-vulkan/models/text-s32-v2/block-08 --model /home/mingshi/Project/AI/ernie-image-ncnn-vulkan/models/text-s32-v2/block-09 --model /home/mingshi/Project/AI/ernie-image-ncnn-vulkan/models/text-s32-v2/block-10 --model /home/mingshi/Project/AI/ernie-image-ncnn-vulkan/models/text-s32-v2/block-11 --model /home/mingshi/Project/AI/ernie-image-ncnn-vulkan/models/text-s32-v2/block-12 --model /home/mingshi/Project/AI/ernie-image-ncnn-vulkan/models/text-s32-v2/block-13 --model /home/mingshi/Project/AI/ernie-image-ncnn-vulkan/models/text-s32-v2/block-14 --model /home/mingshi/Project/AI/ernie-image-ncnn-vulkan/models/text-s32-v2/block-15 --model /home/mingshi/Project/AI/ernie-image-ncnn-vulkan/models/text-s32-v2/block-16 --model /home/mingshi/Project/AI/ernie-image-ncnn-vulkan/models/text-s32-v2/block-17 --model /home/mingshi/Project/AI/ernie-image-ncnn-vulkan/models/text-s32-v2/block-18 --model /home/mingshi/Project/AI/ernie-image-ncnn-vulkan/models/text-s32-v2/block-19 --model /home/mingshi/Project/AI/ernie-image-ncnn-vulkan/models/text-s32-v2/block-20 --model /home/mingshi/Project/AI/ernie-image-ncnn-vulkan/models/text-s32-v2/block-21 --model /home/mingshi/Project/AI/ernie-image-ncnn-vulkan/models/text-s32-v2/block-22 --model /home/mingshi/Project/AI/ernie-image-ncnn-vulkan/models/text-s32-v2/block-23 --model /home/mingshi/Project/AI/ernie-image-ncnn-vulkan/models/text-s32-v2/block-24 --ids /home/mingshi/Project/AI/ernie-image-ncnn-vulkan/outputs/text-prompt-chinese-v1/reference/ids.txt --embeddings /home/mingshi/Project/AI/ernie-image-ncnn-vulkan/models/text-s32-v1/embeddings.bf16 --frequencies /home/mingshi/Project/AI/ernie-image-ncnn-vulkan/models/text-s32-v1/rope-inv-freq.f32"
	User time (seconds): 43.36
	System time (seconds): 20.09
	Percent of CPU this job got: 357%
	Elapsed (wall clock) time (h:mm:ss or m:ss): 0:17.74
	Average shared text size (kbytes): 0
	Average unshared data size (kbytes): 0
	Average stack size (kbytes): 0
	Average total size (kbytes): 0
	Maximum resident set size (kbytes): 620144
	Average resident set size (kbytes): 0
	Major (requiring I/O) page faults: 4
	Minor (reclaiming a frame) page faults: 8205139
	Voluntary context switches: 748
	Involuntary context switches: 1557
	Swaps: 0
	File system inputs: 9232144
	File system outputs: 408
	Socket messages sent: 0
	Socket messages received: 0
	Signals delivered: 0
	Page size (bytes): 4096
	Exit status: 0
