Python Exception <class 'ModuleNotFoundError'>: No module named 'UEPrinters'
/home/mingshi/.gdbinit:10: Error in sourced command file:
Error occurred in Python: No module named 'UEPrinters'

This GDB supports auto-downloading debuginfo from the following URLs:
  <ima:enforcing>
  <https://debuginfod.fedoraproject.org/>
  <ima:ignore>
Enable debuginfod for this session? (y or [n]) [answered N; input not from terminal]
Debuginfod has been disabled.
To make this setting permanent, add 'set debuginfod enabled off' to .gdbinit.
[Thread debugging using libthread_db enabled]
Using host libthread_db library "/lib64/libthread_db.so.1".
[Detaching after vfork from child process 1046922]
[0 NVIDIA GeForce RTX 4060 Laptop GPU]  queueC=2[8]  queueT=1[2]  rebar=1  r-score=76
[0 NVIDIA GeForce RTX 4060 Laptop GPU]  fp16-p/s/u/a=1/1/1/1  int8-p/s/u/a=1/1/1/1  bf16-p/s=1/1
[0 NVIDIA GeForce RTX 4060 Laptop GPU]  subgroup=32(32~32)  ops=1/1/1/1/1/1/1/1/1/1
[0 NVIDIA GeForce RTX 4060 Laptop GPU]  fp16-cm=16x16x16/16x8x16/16x8x8  int8-cm=16x16x32/16x8x32  bf16-cm=16x16x16  fp8-cm=16x16x32  fp6-cm=0  fp4-cm=0
[1 llvmpipe (LLVM 22.1.8, 256 bits)]  queueC=0[1]  queueT=0[1]  rebar=1  r-score=14
[1 llvmpipe (LLVM 22.1.8, 256 bits)]  fp16-p/s/u/a=1/1/1/1  int8-p/s/u/a=1/1/1/1  bf16-p/s=1/0
[1 llvmpipe (LLVM 22.1.8, 256 bits)]  subgroup=8(8~8)  ops=1/1/1/1/1/1/1/1/1/1
[1 llvmpipe (LLVM 22.1.8, 256 bits)]  fp16-cm=8x8x8  int8-cm=8x8x8  bf16-cm=0  fp8-cm=0  fp6-cm=0  fp4-cm=0
[2 llvmpipe (LLVM 17.0.6, 256 bits)]  queueC=0[1]  queueT=0[1]  rebar=1  r-score=4
[2 llvmpipe (LLVM 17.0.6, 256 bits)]  fp16-p/s/u/a=1/1/1/1  int8-p/s/u/a=1/1/1/1  bf16-p/s=1/0
[2 llvmpipe (LLVM 17.0.6, 256 bits)]  subgroup=8(8~8)  ops=1/1/1/1/1/1/0/1/0/0
[2 llvmpipe (LLVM 17.0.6, 256 bits)]  fp16-cm=0  int8-cm=0  bf16-cm=0  fp8-cm=0  fp6-cm=0  fp4-cm=0
[New Thread 0x7ffff2bf66c0 (LWP 1046924)]
[New Thread 0x7ffff1df36c0 (LWP 1046925)]
[New Thread 0x7ffff0ef56c0 (LWP 1046927)]
[New Thread 0x7fffd18066c0 (LWP 1046928)]
[New Thread 0x7fffd06ea6c0 (LWP 1046939)]
[New Thread 0x7fffcc5ff6c0 (LWP 1046940)]
vkAllocateMemory failed -2
vkAllocateMemory failed -2
vkAllocateMemory failed -4
vkAllocateMemory failed -10
[New Thread 0x7fffcbdfe6c0 (LWP 1046941)]

Thread 1 "ernie-vulkan-me" received signal SIGSEGV, Segmentation fault.
0x0000000000466c80 in ncnn::Pipeline::shader_info() const ()
#0  0x0000000000466c80 in ncnn::Pipeline::shader_info() const ()
#1  0x0000000000414fc7 in ncnn::VkCompute::record_pipeline(ncnn::Pipeline const*, std::vector<ncnn::VkMat, std::allocator<ncnn::VkMat> > const&, std::vector<ncnn::VkImageMat, std::allocator<ncnn::VkImageMat> > const&, std::vector<ncnn::vk_constant_type, std::allocator<ncnn::vk_constant_type> > const&, ncnn::Mat const&) ()
#2  0x0000000000414d34 in ncnn::VkCompute::record_pipeline(ncnn::Pipeline const*, std::vector<ncnn::VkMat, std::allocator<ncnn::VkMat> > const&, std::vector<ncnn::vk_constant_type, std::allocator<ncnn::vk_constant_type> > const&, ncnn::VkMat const&) ()
#3  0x00000000009d00f5 in ncnn::BinaryOp_vulkan::forward(std::vector<ncnn::VkMat, std::allocator<ncnn::VkMat> > const&, std::vector<ncnn::VkMat, std::allocator<ncnn::VkMat> >&, ncnn::VkCompute&, ncnn::Option const&) const ()
#4  0x0000000000456d5b in ncnn::NetPrivate::do_forward_layer(ncnn::Layer const*, std::vector<ncnn::VkMat, std::allocator<ncnn::VkMat> >&, ncnn::VkCompute&, ncnn::Option const&) const ()
#5  0x000000000045621a in ncnn::NetPrivate::forward_layer(int, std::vector<ncnn::Mat, std::allocator<ncnn::Mat> >&, std::vector<ncnn::VkMat, std::allocator<ncnn::VkMat> >&, ncnn::VkCompute&, ncnn::Option const&) const ()
#6  0x000000000046121e in ncnn::Extractor::extract(int, ncnn::VkMat&, ncnn::VkCompute&) ()
#7  0x00000000004052bf in (anonymous namespace)::compute_contract(ncnn::VulkanDevice const*, ernie::ActivationMemory, std::function<std::optional<ernie::DeviceMemoryBudget> ()>, bool) ()
#8  0x000000000040409e in (anonymous namespace)::vulkan_contract() ()
#9  0x000000000040207f in main ()
