1350
1361
1368
1393
1409
1418
1434
1442
1440
1440
1464
1464
1496
1528
1528
1528
1544
1736
1445
1453
1457
1468
1468
1500
1500
1532
1548
1548
1548
1548
1548
1554
1554
1556
1556
1558
1557
1547
1546
1550
1550
1552
1552
1572
1554
1554
1555
1571
1569
1569
1569
1601
1601
1601
1601
1601
1698
1682
1679
1775
1775
1775
1775
1872
1904
1480
1487
1487
1485
1485
1522
1514
1546
1578
1578
1578
1578
1578
1577
1577
1577
1577
1577
1577
1578
1578
1578
1578
1578
1578
1578
1578
1578
1578
1578
1578
1574
1574
1606
1606
1606
1613
1613
1709
1709
1709
1805
1805
1803
1803
1803
1899
1482
1482
1482
1482
1514
1514
1544
1576
1581
1581
1581
1581
1581
1581
1581
1581
1581
1581
1581
1581
1581
1581
1581
1581
1581
1581
1581
1581
1581
1581
1581
1581
1581
1613
1613
1613
1613
1613
1709
1702
1702
1798
1798
1798
1798
1798
1891
1891
1475
1475
1475
1475
1507
1507
1539
1571
1569
1569
1574
1574
1607
1607
1607
1607
1607
1607
1607
1607
1607
1607
1591
1591
1591
1591
1591
1591
1607
1607
1607
1607
1607
1639
1639
1639
1639
1639
1735
1719
1735
1831
1830
1830
1831
1831
1927
1927
1500
1508
1492
1492
1491
1523
1523
1555
1587
1587
1585
1585
1590
1590
1590
1590
1590
1590
1590
1590
1589
1589
1589
1589
1581
1581
1581
1581
1581
1581
1581
1581
1581
1581
1613
1613
1614
1614
1614
1710
1706
1706
1798
1798
1798
1798
1798
1894
1894
1470
1475
1475
1475
1507
1507
1507
1539
1571
1571
1571
1569
1569
1595
1595
1595
1595
1595
1595
1595
1595
1594
1594
1578
1578
1578
1578
1579
1579
1579
1579
1579
1579
1578
1610
1610
1610
1610
1706
1706
1706
1802
1802
1802
1802
1802
1898
1482
1482
1482
1482
1511
1511
1543
1543
1575
1575
1575
1575
1575
1575
1573
1573
1573
1573
1573
1573
1574
1574
1574
1574
1574
1574
1574
1574
1574
1574
1574
1574
1574
1606
1606
1606
1606
1606
1702
1702
1702
1798
1798
1798
1798
1798
1894
1894
1469
1477
1477
1477
1477
1510
1507
1539
1571
1571
1571
1571
1571
1571
1571
1571
1569
1569
1574
1574
1574
1574
1594
1594
1594
1594
1594
1594
1594
1594
1594
1612
1596
1596
1627
1630
1654
1646
1694
1790
1790
1790
1885
1885
1885
1885
1871
1967
1543
1488
1488
1490
1490
1522
1522
1554
1583
1583
1582
1582
1582
1582
1582
1582
1582
1582
1577
1575
1580
1580
1580
1580
1576
1576
1576
1576
1575
1575
1575
1575
1687
1690
1722
1722
1722
1724
1820
1820
1820
1820
1916
1916
1916
1916
1884
1980
1541
1549
1629
1629
1629
1660
1661
1693
1725
1645
1626
1626
1630
1630
1630
1630
1630
1630
1630
1662
1670
1670
1670
1687
1688
1688
1688
1688
1688
1688
1688
1688
1688
1672
1663
1695
1695
1695
1695
1791
1790
1790
1790
1885
1885
1885
1885
1885
1981
1557
1562
1562
1562
1562
1593
1593
1625
1657
1668
1669
1666
1683
1683
1683
1683
1686
1686
1686
1686
1686
1684
1667
1667
1667
1667
1667
1667
1667
1667
1667
1627
1626
1626
1626
1658
1658
1658
1657
1657
1753
1751
1751
1847
1847
1847
1847
1847
1943
1943
1943
1519
1527
1527
1527
1525
1557
1575
1607
1629
1629
1627
1615
1615
1609
1609
1608
1608
1608
1608
1608
1605
1609
1610
1610
1610
1610
1610
1610
1610
1610
1609
1609
1609
1609
1609
1609
1641
1641
1641
1641
1737
1737
1737
1833
1833
1834
1834
1834
1834
1930
1513
1513
1513
1513
1545
1545
1545
1574
1590
1590
1587
1587
1587
1587
1587
1587
1587
1587
1587
1587
1585
1590
1590
1590
1590
1590
1590
1590
1590
1590
1590
1590
1590
1622
1622
1622
1622
1610
1706
1706
1706
1706
1802
1802
1802
1802
1802
1569
1502
1502
1502
1502
1534
1534
1566
1566
1598
1598
1580
1578
1578
1578
1578
1578
1578
1578
1578
1578
1577
1575
1575
1579
1579
1579
1579
1579
1579
1579
1579
1579
1579
1579
1611
1611
1611
1611
1611
1708
1708
1708
1708
1804
1804
1804
1804
1804
1900
1483
1479
1479
1479
1511
1511
1511
1543
1575
1575
1575
1575
1573
1573
1573
1573
1573
1573
1573
1573
1573
1573
1571
1571
1575
1575
1575
1575
1575
1575
1575
1575
1575
1575
1575
1607
1607
1607
1607
1607
1704
1704
1704
1800
1800
1800
1800
1800
1896
1471
1479
1479
1479
1479
1511
1511
1543
1575
1575
1575
1575
1575
1573
1573
1573
1573
1573
1573
1573
1573
1573
1573
1571
1571
1575
1575
1575
1575
1575
1575
1575
1596
1596
1596
1628
1628
1628
1628
1724
1724
1724
1708
1804
1798
1798
1799
1799
1895
1470
1478
1478
1477
1477
1510
1509
1541
1541
1579
1579
1579
1579
1579
1577
1577
1577
1577
1577
1577
1577
1577
1577
1577
1575
1575
1579
1579
1579
1579
1579
1579
1579
1575
1575
1607
1607
1608
1608
1608
1704
1704
1704
1800
1800
1800
1800
1800
1896
1896
1479
1479
1492
1492
1492
1524
1524
1556
1588
1588
1588
1588
1588
1588
1585
1585
1585
1585
1585
1585
1585
1585
1585
1585
1583
1583
1587
1588
1588
1588
1588
1588
1588
1588
1588
1620
1620
1620
1620
1620
1716
1716
1716
1812
1812
1812
1812
1812
1908
1484
1492
1492
1480
1480
1511
1511
1543
1575
1575
1575
1575
1575
1575
1575
1573
1573
1573
1573
1573
1573
1573
1573
1573
1573
1571
1571
1575
1575
1575
1575
1575
1575
1575
1575
1607
1607
1607
1607
1607
1704
1704
1704
1800
1800
1800
1800
1800
1896
1471
1479
1479
1479
1479
1511
1511
1543
1575
1576
1576
1576
1576
1576
1576
1576
1573
1573
1573
1573
1573
1573
1573
1573
1573
1573
1571
1575
1575
1575
1575
1575
1575
1575
1575
1607
1607
1607
1607
1607
1704
1704
1704
1800
1800
1800
1800
1800
1896
1764
1500
1500
1500
1500
1532
1532
1564
1596
1596
1596
1580
1580
1580
1580
1580
1596
1594
1594
1594
1594
1594
1594
1594
1594
1594
1578
1576
1580
1580
1580
1580
1580
1580
1612
1624
1641
1641
1658
1754
1754
1754
1850
1850
1850
1850
1850
1945
1513
1513
1557
1564
1596
1596
1629
1661
1661
1660
1660
1660
1660
1660
1661
1661
1661
1661
1661
1660
1660
1660
1660
1658
1658
1677
1681
1683
1683
1679
1692
1693
1693
1693
1725
1725
1725
1725
1805
1815
1815
1815
1911
1911
1911
1911
1910
2006
1587
1549
1549
1549
1581
1581
1581
1611
1643
1642
1625
1655
1656
1657
1672
1672
1672
1671
1671
1671
1671
1693
1693
1693
1693
1693
1693
1691
1691
1683
1683
1648
1652
1642
1688
1688
1688
1688
1784
1784
1784
1864
1864
1864
1864
1864
1961
1953
1545
1545
1545
1543
1575
1575
1607
1639
1623
1642
1642
1642
1642
1642
1640
1648
1648
1648
1648
1648
1665
1665
1665
1658
1658
1658
1658
1658
1658
1658
1642
1642
1675
1651
1656
1640
1640
1736
1736
1736
1831
1831
1848
1845
1845
1941
1941
1517
1525
1525
1525
1525
1541
1538
1570
1623
1623
1623
1623
1609
1609
1609
1608
1608
1608
1608
1608
1608
1608
1592
1592
1592
1592
1590
1590
1574
1574
1574
1574
1574
1574
1606
1606
1598
1603
1699
1699
1699
1795
1795
1812
1812
1908
1908
1484
1513
1513
1513
1513
1545
1525
1557
1589
1589
1589
1589
1589
1589
1589
1589
1588
1588
1588
1588
1586
1570
1570
1570
1570
1570
1570
1570
1570
1570
1566
1566
1566
1598
1598
1618
1618
1618
1714
1714
1812
1833
1833
1833
1833
1913
1497
1497
1497
1497
1529
1529
1561
1593
1593
1592
1592
1592
1592
1592
1592
1576
1576
1576
1576
1593
1593
1593
1593
1593
1588
1588
1588
1588
1588
1572
1572
1572
1620
1620
1615
1636
1636
1732
1732
1828
1828
1828
1808
1808
1909
1909
1493
1493
1493
1492
1524
1524
1556
1588
1588
1572
1572
1572
1572
1572
1572
1572
1572
1572
1570
1570
1570
1570
1570
1570
1570
1570
1570
1570
1562
1583
1583
1604
1604
1636
1636
1636
1637
1733
1733
1733
1829
1829
1829
1829
1829
1925
1509
1509
1497
1479
1511
1510
1542
1574
1574
1574
1574
1574
1574
1571
1592
1592
1592
1592
1592
1592
1592
1592
1592
1613
1613
1613
1613
1613
1613
1613
1613
1597
1597
1627
1626
1626
1626
1626
1722
1722
1722
1818
1798
1798
1798
1894
1894
1469
1477
1477
1477
1510
1511
1528
1560
1592
1592
1592
1592
1592
1592
1592
1613
1597
1597
1597
1597
1597
1597
1597
1597
1597
1597
1592
1592
1592
1592
1592
1592
1592
1624
1624
1604
1604
1700
1700
1700
1796
1796
1796
1796
1796
1887
1463
1471
1471
1471
1503
1503
1503
1535
1567
1592
1584
1584
1584
1584
1584
1584
1584
1584
1584
1584
1584
1584
1584
1584
1584
1584
1584
1584
1584
1566
1566
1566
1566
1598
1598
1598
1598
1694
1694
1687
1783
1783
1783
1783
1879
1879
1879
1455
1463
1484
1484
1516
1516
1569
1601
1601
1601
1601
1605
1605
1605
1605
1605
1589
1589
1589
1589
1589
1589
1573
1573
1573
1573
1572
1572
1570
1570
1570
1570
1602
1602
1602
1602
1698
1698
1695
1791
1791
1791
1813
1813
1909
1909
1484
1492
1490
1490
1522
1522
1554
1586
1586
1586
1582
1582
1580
1580
1580
1584
1568
1568
1568
1568
1568
1568
1591
1591
1591
1591
1591
1591
1591
1591
1591
1591
1604
1604
1604
1604
1625
1721
1721
1721
1817
1817
1816
1816
1912
1912
1488
1496
1496
1496
1528
1528
1558
1590
1590
1590
1574
1574
1574
1574
1574
1574
1566
1566
1566
1571
1571
1571
1571
1571
1571
1571
1563
1563
1563
1563
1584
1584
1616
1616
1616
1616
1616
1712
1712
1712
1808
1808
1808
1808
1904
1488
1488
1488
1488
1518
1502
1534
1566
1566
1566
1566
1566
1566
1566
1582
1582
1582
1582
1582
1582
1582
1582
1582
1582
1568
1589
1589
1589
1589
1589
1589
1589
1589
1621
1620
1620
1620
1716
1716
1716
1812
1812
1812
1812
1908
1892
1468
1476
1476
1476
1508
1508
1540
1572
1562
1562
1562
1562
1562
1592
1592
1592
1592
1592
1592
1613
1613
1613
1613
1597
1597
1597
1597
1597
1602
1602
1602
1602
1602
1632
1632
1632
1632
1728
1728
1712
1808
1808
1808
1806
1806
1902
1902
1902
1478
1478
1550
1550
1550
1547
1547
1419
1339
