	Command being timed: "/home/mingshi/Project/AI/ernie-image-ncnn-vulkan/outputs/dit-prefix02-s288-v1/ernie-dit-runner.snapshot --fixture /home/mingshi/Project/AI/ernie-image-ncnn-vulkan/outputs/dit-prefix02-s288-v1/reference --tokens 288 --output /home/mingshi/Project/AI/ernie-image-ncnn-vulkan/outputs/dit-prefix02-s288-v1/vulkan-fp32/actual.f32 --backend vulkan --precision fp32 --policy stream --input-head /home/mingshi/Project/AI/ernie-image-ncnn-vulkan/models/dit-heads-s288-v1/input --output-head /home/mingshi/Project/AI/ernie-image-ncnn-vulkan/models/dit-heads-s288-v2/output --width 4 --height 4 --text-tokens 272 --model /home/mingshi/Project/AI/ernie-image-ncnn-vulkan/models/dit-s288-v2/block-00/runtime --model /home/mingshi/Project/AI/ernie-image-ncnn-vulkan/models/dit-s288-v2/block-01/runtime"
	User time (seconds): 3.00
	System time (seconds): 2.39
	Percent of CPU this job got: 95%
	Elapsed (wall clock) time (h:mm:ss or m:ss): 0:05.64
	Average shared text size (kbytes): 0
	Average unshared data size (kbytes): 0
	Average stack size (kbytes): 0
	Average total size (kbytes): 0
	Maximum resident set size (kbytes): 1082628
	Average resident set size (kbytes): 0
	Major (requiring I/O) page faults: 127
	Minor (reclaiming a frame) page faults: 1222067
	Voluntary context switches: 1545
	Involuntary context switches: 451
	Swaps: 0
	File system inputs: 184120
	File system outputs: 104
	Socket messages sent: 0
	Socket messages received: 0
	Signals delivered: 0
	Page size (bytes): 4096
	Exit status: 0
