1621
1621
1621
1621
1621
1621
1621
1621
1621
1621
1621
1621
1621
1621
1621
1621
1621
1621
1621
1621
1621
1621
1621
1621
1621
1621
1621
1621
1621
1621
1621
1621
1621
1621
1621
1621
1621
1621
1621
1621
1621
1621
1621
1621
1621
1621
1621
1621
1621
1621
1621
1621
1621
1621
1621
1621
1621
1621
1621
1621
1621
1621
1621
1621
1621
1621
1621
1621
1621
1621
1621
1621
1621
1621
1621
1621
1621
1621
1621
1621
1621
1621
1621
1621
1621
1621
1621
1621
1621
1621
1621
1621
1621
1621
1621
1621
1621
1621
1621
1621
1621
1621
1621
1621
1621
1621
1621
1621
1621
1621
1621
1621
1621
1621
1621
1621
1621
1621
1621
1621
1621
1621
1621
1621
1621
1621
1621
1621
1621
1621
1621
1621
1621
1621
1621
1621
1621
1621
1621
1621
1621
1621
1621
1621
1631
1636
1653
1673
1688
1726
1726
1726
1726
1726
1726
1726
1726
1726
1726
1726
1726
1726
1848
1844
1844
1844
1844
1844
1845
1845
1845
1845
1845
1845
1845
1845
1845
1846
1846
1846
2160
2197
2803
2803
2803
2803
2803
2803
2801
2801
2801
2801
2801
2801
2801
2802
2802
2802
2802
2802
2803
2803
2803
2803
2803
2803
2803
2801
2801
2801
2801
2801
2801
2802
2802
2802
2802
2802
2803
2803
2803
2803
2803
2803
2803
2801
2801
2801
2801
2801
2801
2802
2802
2802
2802
2802
2803
2803
2803
2803
2803
2803
2803
2801
2801
2801
2801
2801
2801
2801
2802
2802
2802
2802
2802
2803
2803
2803
2803
2803
2803
2803
2801
2801
2801
2801
2801
2801
2801
2802
2802
2802
2802
2802
2803
2803
2803
2803
2803
2803
2803
2801
2801
2801
2801
2801
2801
2801
2802
2802
2802
2802
2802
2803
2803
2803
2803
2803
2803
2803
2801
2801
2801
2801
2801
2801
2801
2802
2802
2802
2802
2802
2802
2803
2803
2803
2803
2803
2803
2803
2801
2801
2801
2801
2801
2801
2801
2802
2802
2802
2802
2802
2803
2803
2803
2803
2803
2803
2803
2801
2801
2801
2801
2801
2801
2801
2802
2802
2802
2802
2802
2803
2803
2803
2810
2810
2810
2810
2809
2809
2809
2809
2809
2809
2809
2810
2810
2810
2810
2810
2810
2810
2810
2810
2810
2810
2810
2809
2809
2809
2809
2809
2809
2809
2810
2810
2810
2810
2810
2810
2810
2810
2810
2810
2810
2810
2809
2809
2809
2809
2809
2809
2809
2810
2803
2803
2802
2802
2803
2803
2803
2803
2803
2803
2803
2801
2801
2801
2801
2801
2801
2802
2802
2802
2802
2802
2803
2803
2803
2803
2803
2803
2803
2801
2801
2801
2801
2801
2801
2802
2802
2802
2802
2802
2803
2803
2803
2803
2803
2803
2803
2801
2801
2801
2801
2801
2801
2802
2802
2802
2802
2802
2803
2803
2803
2803
2803
2803
2803
2801
2801
2801
2801
2801
2801
2802
2802
2802
2802
2802
2803
2803
2803
2803
2803
2803
2803
2801
2801
2801
2801
2801
2801
2802
2802
2802
2802
2802
2803
2803
2803
2803
2803
2803
2803
2801
2801
2801
2801
2801
2801
2802
2802
2802
2802
2803
2803
2803
2803
2803
2803
2803
2801
2801
2801
2801
2801
2801
2802
2802
2802
2802
2802
2803
2803
2803
2803
2803
2803
2803
2801
2801
2801
2801
2801
2801
2801
2802
2802
2802
2802
2803
2803
2803
2803
2803
2803
2803
2801
2801
2801
2801
2801
2801
2801
2802
2802
2802
2802
2802
2803
2803
2803
2803
2803
2803
2803
2801
2801
2801
2801
2801
2801
2802
2802
2802
2802
2802
2803
2803
2803
2803
2803
2803
2803
2801
2801
2801
2801
2801
2801
2802
2802
2802
2802
2802
2803
2803
2803
2803
2803
2803
2803
2801
2801
2801
2801
2801
2801
2802
2802
2802
2802
2802
2803
2803
2803
2803
2803
2803
2803
2801
2801
2801
2801
2801
2801
2802
2802
2802
2802
2802
2803
2803
2803
2803
2803
2803
2803
2801
2801
2801
2801
2801
2801
2802
2802
2802
2802
2802
2803
2803
2803
2803
2803
2803
2803
2801
2801
2801
2801
2801
2801
2802
2802
2802
2802
2802
2803
2803
2803
2803
2803
2803
2803
2801
2801
2801
2801
2801
2801
2802
2802
2802
2802
2802
2803
2803
2803
2803
2803
2803
2803
2801
2801
2801
2801
2801
2801
2802
2802
2802
2802
2802
2803
2803
2803
2803
2803
2803
2802
2801
2801
2801
2801
2801
2801
2802
2802
2802
2802
2802
2803
2803
2803
2803
2803
2803
2803
2801
2801
2801
2801
2801
2801
2802
2802
2802
2802
2802
2803
2803
2803
2803
2803
2803
2803
2801
2801
2801
2801
2801
2801
2802
2802
2802
2802
2802
2803
2803
2803
2803
2803
2803
2803
2801
2801
2801
2801
2801
2801
2802
2802
2802
2802
2802
2803
2803
2803
2803
2803
2803
2803
2801
2801
2801
2801
2801
2801
2802
2802
2802
2802
2802
2803
2803
2803
2803
2803
2803
2803
2801
2801
2801
2801
2801
2801
2802
2802
2802
2802
2802
2803
2803
2803
2803
2803
2803
2803
2801
2801
2801
2801
1661
1621
