	Command being timed: "/var/tmp/ernie-step0-768-v1/official/diagnostic/runner.snapshot --fixture /var/tmp/ernie-step0-768-v1/official/diagnostic/fixture --tokens 2368 --output /var/tmp/ernie-step0-768-v1/official/diagnostic/native/actual.f32 --backend vulkan --precision fp32 --policy stream --width 48 --height 48 --text-tokens 64 --threads 2 --host-weights --package /home/mingshi/Project/AI/ernie-image-ncnn-vulkan/models/turbo-shared-v2 --valid-text-tokens 15"
	User time (seconds): 17.32
	System time (seconds): 41.82
	Percent of CPU this job got: 70%
	Elapsed (wall clock) time (h:mm:ss or m:ss): 1:23.54
	Average shared text size (kbytes): 0
	Average unshared data size (kbytes): 0
	Average stack size (kbytes): 0
	Average total size (kbytes): 0
	Maximum resident set size (kbytes): 1388332
	Average resident set size (kbytes): 0
	Major (requiring I/O) page faults: 60
	Minor (reclaiming a frame) page faults: 23631962
	Voluntary context switches: 17811
	Involuntary context switches: 1555
	Swaps: 0
	File system inputs: 27667968
	File system outputs: 2336
	Socket messages sent: 0
	Socket messages received: 0
	Signals delivered: 0
	Page size (bytes): 4096
	Exit status: 0
