overwrite built-in layer type RMSNorm
overwrite built-in layer type LayerNorm
overwrite built-in layer type GroupNorm
overwrite built-in layer type RMSNorm
overwrite built-in layer type LayerNorm
overwrite built-in layer type GroupNorm
overwrite built-in layer type RMSNorm
overwrite built-in layer type LayerNorm
overwrite built-in layer type GroupNorm
overwrite built-in layer type RMSNorm
overwrite built-in layer type LayerNorm
overwrite built-in layer type GroupNorm
overwrite built-in layer type RMSNorm
overwrite built-in layer type LayerNorm
overwrite built-in layer type GroupNorm
overwrite built-in layer type RMSNorm
overwrite built-in layer type LayerNorm
overwrite built-in layer type GroupNorm
overwrite built-in layer type RMSNorm
overwrite built-in layer type LayerNorm
overwrite built-in layer type GroupNorm
overwrite built-in layer type RMSNorm
overwrite built-in layer type LayerNorm
overwrite built-in layer type GroupNorm
overwrite built-in layer type RMSNorm
overwrite built-in layer type LayerNorm
overwrite built-in layer type GroupNorm
overwrite built-in layer type RMSNorm
overwrite built-in layer type LayerNorm
overwrite built-in layer type GroupNorm
overwrite built-in layer type RMSNorm
overwrite built-in layer type LayerNorm
overwrite built-in layer type GroupNorm
overwrite built-in layer type RMSNorm
overwrite built-in layer type LayerNorm
overwrite built-in layer type GroupNorm
overwrite built-in layer type RMSNorm
overwrite built-in layer type LayerNorm
overwrite built-in layer type GroupNorm
overwrite built-in layer type RMSNorm
overwrite built-in layer type LayerNorm
overwrite built-in layer type GroupNorm
overwrite built-in layer type RMSNorm
overwrite built-in layer type LayerNorm
overwrite built-in layer type GroupNorm
overwrite built-in layer type RMSNorm
overwrite built-in layer type LayerNorm
overwrite built-in layer type GroupNorm
overwrite built-in layer type RMSNorm
overwrite built-in layer type LayerNorm
overwrite built-in layer type GroupNorm
overwrite built-in layer type RMSNorm
overwrite built-in layer type LayerNorm
overwrite built-in layer type GroupNorm
overwrite built-in layer type RMSNorm
overwrite built-in layer type LayerNorm
overwrite built-in layer type GroupNorm
overwrite built-in layer type RMSNorm
overwrite built-in layer type LayerNorm
overwrite built-in layer type GroupNorm
overwrite built-in layer type RMSNorm
overwrite built-in layer type LayerNorm
overwrite built-in layer type GroupNorm
overwrite built-in layer type RMSNorm
overwrite built-in layer type LayerNorm
overwrite built-in layer type GroupNorm
overwrite built-in layer type RMSNorm
overwrite built-in layer type LayerNorm
overwrite built-in layer type GroupNorm
overwrite built-in layer type RMSNorm
overwrite built-in layer type LayerNorm
overwrite built-in layer type GroupNorm
overwrite built-in layer type RMSNorm
overwrite built-in layer type LayerNorm
overwrite built-in layer type GroupNorm
{"blocks":25,"tokens":64,"valid_tokens":40,"backend":"cpu","precision":"fp32","load_seconds":14.984534656,"compute_seconds":1.019854062,"compute_submissions":0}
	Command being timed: "/home/mingshi/Project/AI/ernie-image-ncnn-vulkan/outputs/text-s64-real-long-v1/runner.snapshot --output /home/mingshi/Project/AI/ernie-image-ncnn-vulkan/outputs/text-s64-real-long-v1/cpu-fp32/output.f32 --tokens 64 --backend cpu --precision fp32 --model /home/mingshi/Project/AI/ernie-image-ncnn-vulkan/models/text-s64-v2/block-00 --model /home/mingshi/Project/AI/ernie-image-ncnn-vulkan/models/text-s64-v2/block-01 --model /home/mingshi/Project/AI/ernie-image-ncnn-vulkan/models/text-s64-v2/block-02 --model /home/mingshi/Project/AI/ernie-image-ncnn-vulkan/models/text-s64-v2/block-03 --model /home/mingshi/Project/AI/ernie-image-ncnn-vulkan/models/text-s64-v2/block-04 --model /home/mingshi/Project/AI/ernie-image-ncnn-vulkan/models/text-s64-v2/block-05 --model /home/mingshi/Project/AI/ernie-image-ncnn-vulkan/models/text-s64-v2/block-06 --model /home/mingshi/Project/AI/ernie-image-ncnn-vulkan/models/text-s64-v2/block-07 --model /home/mingshi/Project/AI/ernie-image-ncnn-vulkan/models/text-s64-v2/block-08 --model /home/mingshi/Project/AI/ernie-image-ncnn-vulkan/models/text-s64-v2/block-09 --model /home/mingshi/Project/AI/ernie-image-ncnn-vulkan/models/text-s64-v2/block-10 --model /home/mingshi/Project/AI/ernie-image-ncnn-vulkan/models/text-s64-v2/block-11 --model /home/mingshi/Project/AI/ernie-image-ncnn-vulkan/models/text-s64-v2/block-12 --model /home/mingshi/Project/AI/ernie-image-ncnn-vulkan/models/text-s64-v2/block-13 --model /home/mingshi/Project/AI/ernie-image-ncnn-vulkan/models/text-s64-v2/block-14 --model /home/mingshi/Project/AI/ernie-image-ncnn-vulkan/models/text-s64-v2/block-15 --model /home/mingshi/Project/AI/ernie-image-ncnn-vulkan/models/text-s64-v2/block-16 --model /home/mingshi/Project/AI/ernie-image-ncnn-vulkan/models/text-s64-v2/block-17 --model /home/mingshi/Project/AI/ernie-image-ncnn-vulkan/models/text-s64-v2/block-18 --model /home/mingshi/Project/AI/ernie-image-ncnn-vulkan/models/text-s64-v2/block-19 --model /home/mingshi/Project/AI/ernie-image-ncnn-vulkan/models/text-s64-v2/block-20 --model /home/mingshi/Project/AI/ernie-image-ncnn-vulkan/models/text-s64-v2/block-21 --model /home/mingshi/Project/AI/ernie-image-ncnn-vulkan/models/text-s64-v2/block-22 --model /home/mingshi/Project/AI/ernie-image-ncnn-vulkan/models/text-s64-v2/block-23 --model /home/mingshi/Project/AI/ernie-image-ncnn-vulkan/models/text-s64-v2/block-24 --ids /home/mingshi/Project/AI/ernie-image-ncnn-vulkan/outputs/text-s64-real-long-v1/reference/ids.txt --embeddings /home/mingshi/Project/AI/ernie-image-ncnn-vulkan/models/text-s32-v1/embeddings.bf16 --frequencies /home/mingshi/Project/AI/ernie-image-ncnn-vulkan/models/text-s32-v1/rope-inv-freq.f32"
	User time (seconds): 42.11
	System time (seconds): 18.88
	Percent of CPU this job got: 360%
	Elapsed (wall clock) time (h:mm:ss or m:ss): 0:16.94
	Average shared text size (kbytes): 0
	Average unshared data size (kbytes): 0
	Average stack size (kbytes): 0
	Average total size (kbytes): 0
	Maximum resident set size (kbytes): 630912
	Average resident set size (kbytes): 0
	Major (requiring I/O) page faults: 2
	Minor (reclaiming a frame) page faults: 8242152
	Voluntary context switches: 224
	Involuntary context switches: 1961
	Swaps: 0
	File system inputs: 8863048
	File system outputs: 1000
	Socket messages sent: 0
	Socket messages received: 0
	Signals delivered: 0
	Page size (bytes): 4096
	Exit status: 0
