Model verified: 19.1185 s
overwrite built-in layer type RMSNorm
overwrite built-in layer type LayerNorm
overwrite built-in layer type GroupNorm
overwrite built-in layer type RMSNorm
overwrite built-in layer type LayerNorm
overwrite built-in layer type GroupNorm
overwrite built-in layer type RMSNorm
overwrite built-in layer type LayerNorm
overwrite built-in layer type GroupNorm
overwrite built-in layer type RMSNorm
overwrite built-in layer type LayerNorm
overwrite built-in layer type GroupNorm
overwrite built-in layer type RMSNorm
overwrite built-in layer type LayerNorm
overwrite built-in layer type GroupNorm
overwrite built-in layer type RMSNorm
overwrite built-in layer type LayerNorm
overwrite built-in layer type GroupNorm
overwrite built-in layer type RMSNorm
overwrite built-in layer type LayerNorm
overwrite built-in layer type GroupNorm
overwrite built-in layer type RMSNorm
overwrite built-in layer type LayerNorm
overwrite built-in layer type GroupNorm
overwrite built-in layer type RMSNorm
overwrite built-in layer type LayerNorm
overwrite built-in layer type GroupNorm
overwrite built-in layer type RMSNorm
overwrite built-in layer type LayerNorm
overwrite built-in layer type GroupNorm
overwrite built-in layer type RMSNorm
overwrite built-in layer type LayerNorm
overwrite built-in layer type GroupNorm
overwrite built-in layer type RMSNorm
overwrite built-in layer type LayerNorm
overwrite built-in layer type GroupNorm
overwrite built-in layer type RMSNorm
overwrite built-in layer type LayerNorm
overwrite built-in layer type GroupNorm
overwrite built-in layer type RMSNorm
overwrite built-in layer type LayerNorm
overwrite built-in layer type GroupNorm
overwrite built-in layer type RMSNorm
overwrite built-in layer type LayerNorm
overwrite built-in layer type GroupNorm
overwrite built-in layer type RMSNorm
overwrite built-in layer type LayerNorm
overwrite built-in layer type GroupNorm
overwrite built-in layer type RMSNorm
overwrite built-in layer type LayerNorm
overwrite built-in layer type GroupNorm
overwrite built-in layer type RMSNorm
overwrite built-in layer type LayerNorm
overwrite built-in layer type GroupNorm
overwrite built-in layer type RMSNorm
overwrite built-in layer type LayerNorm
overwrite built-in layer type GroupNorm
overwrite built-in layer type RMSNorm
overwrite built-in layer type LayerNorm
overwrite built-in layer type GroupNorm
overwrite built-in layer type RMSNorm
overwrite built-in layer type LayerNorm
overwrite built-in layer type GroupNorm
overwrite built-in layer type RMSNorm
overwrite built-in layer type LayerNorm
overwrite built-in layer type GroupNorm
overwrite built-in layer type RMSNorm
overwrite built-in layer type LayerNorm
overwrite built-in layer type GroupNorm
overwrite built-in layer type RMSNorm
overwrite built-in layer type LayerNorm
overwrite built-in layer type GroupNorm
overwrite built-in layer type RMSNorm
overwrite built-in layer type LayerNorm
overwrite built-in layer type GroupNorm
Text conditioned: 15 tokens, 14.5737 s, embeddings computed
[0 NVIDIA GeForce RTX 4060 Laptop GPU]  queueC=2[8]  queueT=1[2]  rebar=1  r-score=76
[0 NVIDIA GeForce RTX 4060 Laptop GPU]  fp16-p/s/u/a=1/1/1/1  int8-p/s/u/a=1/1/1/1  bf16-p/s=1/1
[0 NVIDIA GeForce RTX 4060 Laptop GPU]  subgroup=32(32~32)  ops=1/1/1/1/1/1/1/1/1/1
[0 NVIDIA GeForce RTX 4060 Laptop GPU]  fp16-cm=16x16x16/16x8x16/16x8x8  int8-cm=16x16x32/16x8x32  bf16-cm=16x16x16  fp8-cm=16x16x32  fp6-cm=0  fp4-cm=0
[1 llvmpipe (LLVM 22.1.8, 256 bits)]  queueC=0[1]  queueT=0[1]  rebar=1  r-score=14
[1 llvmpipe (LLVM 22.1.8, 256 bits)]  fp16-p/s/u/a=1/1/1/1  int8-p/s/u/a=1/1/1/1  bf16-p/s=1/0
[1 llvmpipe (LLVM 22.1.8, 256 bits)]  subgroup=8(8~8)  ops=1/1/1/1/1/1/1/1/1/1
[1 llvmpipe (LLVM 22.1.8, 256 bits)]  fp16-cm=8x8x8  int8-cm=8x8x8  bf16-cm=0  fp8-cm=0  fp6-cm=0  fp4-cm=0
[2 llvmpipe (LLVM 17.0.6, 256 bits)]  queueC=0[1]  queueT=0[1]  rebar=1  r-score=4
[2 llvmpipe (LLVM 17.0.6, 256 bits)]  fp16-p/s/u/a=1/1/1/1  int8-p/s/u/a=1/1/1/1  bf16-p/s=1/0
[2 llvmpipe (LLVM 17.0.6, 256 bits)]  subgroup=8(8~8)  ops=1/1/1/1/1/1/0/1/0/0
[2 llvmpipe (LLVM 17.0.6, 256 bits)]  fp16-cm=0  int8-cm=0  bf16-cm=0  fp8-cm=0  fp6-cm=0  fp4-cm=0
overwrite built-in layer type RMSNorm
overwrite built-in layer type LayerNorm
overwrite built-in layer type RMSNorm
overwrite built-in layer type LayerNorm
overwrite built-in layer type RMSNorm
overwrite built-in layer type LayerNorm
overwrite built-in layer type RMSNorm
overwrite built-in layer type LayerNorm
overwrite built-in layer type RMSNorm
overwrite built-in layer type LayerNorm
overwrite built-in layer type RMSNorm
overwrite built-in layer type LayerNorm
overwrite built-in layer type RMSNorm
overwrite built-in layer type LayerNorm
overwrite built-in layer type RMSNorm
overwrite built-in layer type LayerNorm
overwrite built-in layer type RMSNorm
overwrite built-in layer type LayerNorm
overwrite built-in layer type RMSNorm
overwrite built-in layer type LayerNorm
overwrite built-in layer type RMSNorm
overwrite built-in layer type LayerNorm
overwrite built-in layer type RMSNorm
overwrite built-in layer type LayerNorm
overwrite built-in layer type RMSNorm
overwrite built-in layer type LayerNorm
overwrite built-in layer type RMSNorm
overwrite built-in layer type LayerNorm
overwrite built-in layer type RMSNorm
overwrite built-in layer type LayerNorm
overwrite built-in layer type RMSNorm
overwrite built-in layer type LayerNorm
overwrite built-in layer type RMSNorm
overwrite built-in layer type LayerNorm
overwrite built-in layer type RMSNorm
overwrite built-in layer type LayerNorm
overwrite built-in layer type RMSNorm
overwrite built-in layer type LayerNorm
overwrite built-in layer type RMSNorm
overwrite built-in layer type LayerNorm
overwrite built-in layer type RMSNorm
overwrite built-in layer type LayerNorm
overwrite built-in layer type RMSNorm
overwrite built-in layer type LayerNorm
overwrite built-in layer type RMSNorm
overwrite built-in layer type LayerNorm
overwrite built-in layer type RMSNorm
overwrite built-in layer type LayerNorm
overwrite built-in layer type RMSNorm
overwrite built-in layer type LayerNorm
overwrite built-in layer type RMSNorm
overwrite built-in layer type LayerNorm
overwrite built-in layer type RMSNorm
overwrite built-in layer type LayerNorm
overwrite built-in layer type RMSNorm
overwrite built-in layer type LayerNorm
overwrite built-in layer type RMSNorm
overwrite built-in layer type LayerNorm
overwrite built-in layer type RMSNorm
overwrite built-in layer type LayerNorm
overwrite built-in layer type RMSNorm
overwrite built-in layer type LayerNorm
overwrite built-in layer type RMSNorm
overwrite built-in layer type LayerNorm
overwrite built-in layer type RMSNorm
overwrite built-in layer type LayerNorm
overwrite built-in layer type RMSNorm
overwrite built-in layer type LayerNorm
overwrite built-in layer type RMSNorm
overwrite built-in layer type LayerNorm
overwrite built-in layer type RMSNorm
overwrite built-in layer type LayerNorm
overwrite built-in layer type RMSNorm
overwrite built-in layer type LayerNorm
overwrite built-in layer type RMSNorm
overwrite built-in layer type LayerNorm
Denoise 1/8: 71.0048 s
overwrite built-in layer type RMSNorm
overwrite built-in layer type LayerNorm
overwrite built-in layer type RMSNorm
overwrite built-in layer type LayerNorm
overwrite built-in layer type RMSNorm
overwrite built-in layer type LayerNorm
overwrite built-in layer type RMSNorm
overwrite built-in layer type LayerNorm
overwrite built-in layer type RMSNorm
overwrite built-in layer type LayerNorm
overwrite built-in layer type RMSNorm
overwrite built-in layer type LayerNorm
overwrite built-in layer type RMSNorm
overwrite built-in layer type LayerNorm
overwrite built-in layer type RMSNorm
overwrite built-in layer type LayerNorm
overwrite built-in layer type RMSNorm
overwrite built-in layer type LayerNorm
overwrite built-in layer type RMSNorm
overwrite built-in layer type LayerNorm
overwrite built-in layer type RMSNorm
overwrite built-in layer type LayerNorm
overwrite built-in layer type RMSNorm
overwrite built-in layer type LayerNorm
overwrite built-in layer type RMSNorm
overwrite built-in layer type LayerNorm
overwrite built-in layer type RMSNorm
overwrite built-in layer type LayerNorm
overwrite built-in layer type RMSNorm
overwrite built-in layer type LayerNorm
overwrite built-in layer type RMSNorm
overwrite built-in layer type LayerNorm
overwrite built-in layer type RMSNorm
overwrite built-in layer type LayerNorm
overwrite built-in layer type RMSNorm
overwrite built-in layer type LayerNorm
overwrite built-in layer type RMSNorm
overwrite built-in layer type LayerNorm
overwrite built-in layer type RMSNorm
overwrite built-in layer type LayerNorm
overwrite built-in layer type RMSNorm
overwrite built-in layer type LayerNorm
overwrite built-in layer type RMSNorm
overwrite built-in layer type LayerNorm
overwrite built-in layer type RMSNorm
overwrite built-in layer type LayerNorm
overwrite built-in layer type RMSNorm
overwrite built-in layer type LayerNorm
overwrite built-in layer type RMSNorm
overwrite built-in layer type LayerNorm
overwrite built-in layer type RMSNorm
overwrite built-in layer type LayerNorm
overwrite built-in layer type RMSNorm
overwrite built-in layer type LayerNorm
overwrite built-in layer type RMSNorm
overwrite built-in layer type LayerNorm
overwrite built-in layer type RMSNorm
overwrite built-in layer type LayerNorm
overwrite built-in layer type RMSNorm
overwrite built-in layer type LayerNorm
overwrite built-in layer type RMSNorm
overwrite built-in layer type LayerNorm
overwrite built-in layer type RMSNorm
overwrite built-in layer type LayerNorm
overwrite built-in layer type RMSNorm
overwrite built-in layer type LayerNorm
overwrite built-in layer type RMSNorm
overwrite built-in layer type LayerNorm
overwrite built-in layer type RMSNorm
overwrite built-in layer type LayerNorm
overwrite built-in layer type RMSNorm
overwrite built-in layer type LayerNorm
overwrite built-in layer type RMSNorm
overwrite built-in layer type LayerNorm
overwrite built-in layer type RMSNorm
overwrite built-in layer type LayerNorm
Denoise 2/8: 67.5281 s
overwrite built-in layer type RMSNorm
overwrite built-in layer type LayerNorm
overwrite built-in layer type RMSNorm
overwrite built-in layer type LayerNorm
overwrite built-in layer type RMSNorm
overwrite built-in layer type LayerNorm
overwrite built-in layer type RMSNorm
overwrite built-in layer type LayerNorm
overwrite built-in layer type RMSNorm
overwrite built-in layer type LayerNorm
overwrite built-in layer type RMSNorm
overwrite built-in layer type LayerNorm
overwrite built-in layer type RMSNorm
overwrite built-in layer type LayerNorm
overwrite built-in layer type RMSNorm
overwrite built-in layer type LayerNorm
overwrite built-in layer type RMSNorm
overwrite built-in layer type LayerNorm
overwrite built-in layer type RMSNorm
overwrite built-in layer type LayerNorm
overwrite built-in layer type RMSNorm
overwrite built-in layer type LayerNorm
overwrite built-in layer type RMSNorm
overwrite built-in layer type LayerNorm
overwrite built-in layer type RMSNorm
overwrite built-in layer type LayerNorm
overwrite built-in layer type RMSNorm
overwrite built-in layer type LayerNorm
overwrite built-in layer type RMSNorm
overwrite built-in layer type LayerNorm
overwrite built-in layer type RMSNorm
overwrite built-in layer type LayerNorm
overwrite built-in layer type RMSNorm
overwrite built-in layer type LayerNorm
overwrite built-in layer type RMSNorm
overwrite built-in layer type LayerNorm
overwrite built-in layer type RMSNorm
overwrite built-in layer type LayerNorm
overwrite built-in layer type RMSNorm
overwrite built-in layer type LayerNorm
overwrite built-in layer type RMSNorm
overwrite built-in layer type LayerNorm
overwrite built-in layer type RMSNorm
overwrite built-in layer type LayerNorm
overwrite built-in layer type RMSNorm
overwrite built-in layer type LayerNorm
overwrite built-in layer type RMSNorm
overwrite built-in layer type LayerNorm
overwrite built-in layer type RMSNorm
overwrite built-in layer type LayerNorm
overwrite built-in layer type RMSNorm
overwrite built-in layer type LayerNorm
overwrite built-in layer type RMSNorm
overwrite built-in layer type LayerNorm
overwrite built-in layer type RMSNorm
overwrite built-in layer type LayerNorm
overwrite built-in layer type RMSNorm
overwrite built-in layer type LayerNorm
overwrite built-in layer type RMSNorm
overwrite built-in layer type LayerNorm
overwrite built-in layer type RMSNorm
overwrite built-in layer type LayerNorm
overwrite built-in layer type RMSNorm
overwrite built-in layer type LayerNorm
overwrite built-in layer type RMSNorm
overwrite built-in layer type LayerNorm
overwrite built-in layer type RMSNorm
overwrite built-in layer type LayerNorm
overwrite built-in layer type RMSNorm
overwrite built-in layer type LayerNorm
overwrite built-in layer type RMSNorm
overwrite built-in layer type LayerNorm
overwrite built-in layer type RMSNorm
overwrite built-in layer type LayerNorm
overwrite built-in layer type RMSNorm
overwrite built-in layer type LayerNorm
Denoise 3/8: 67.7843 s
overwrite built-in layer type RMSNorm
overwrite built-in layer type LayerNorm
overwrite built-in layer type RMSNorm
overwrite built-in layer type LayerNorm
overwrite built-in layer type RMSNorm
overwrite built-in layer type LayerNorm
overwrite built-in layer type RMSNorm
overwrite built-in layer type LayerNorm
overwrite built-in layer type RMSNorm
overwrite built-in layer type LayerNorm
overwrite built-in layer type RMSNorm
overwrite built-in layer type LayerNorm
overwrite built-in layer type RMSNorm
overwrite built-in layer type LayerNorm
overwrite built-in layer type RMSNorm
overwrite built-in layer type LayerNorm
overwrite built-in layer type RMSNorm
overwrite built-in layer type LayerNorm
overwrite built-in layer type RMSNorm
overwrite built-in layer type LayerNorm
overwrite built-in layer type RMSNorm
overwrite built-in layer type LayerNorm
overwrite built-in layer type RMSNorm
overwrite built-in layer type LayerNorm
overwrite built-in layer type RMSNorm
overwrite built-in layer type LayerNorm
overwrite built-in layer type RMSNorm
overwrite built-in layer type LayerNorm
overwrite built-in layer type RMSNorm
overwrite built-in layer type LayerNorm
overwrite built-in layer type RMSNorm
overwrite built-in layer type LayerNorm
overwrite built-in layer type RMSNorm
overwrite built-in layer type LayerNorm
overwrite built-in layer type RMSNorm
overwrite built-in layer type LayerNorm
overwrite built-in layer type RMSNorm
overwrite built-in layer type LayerNorm
overwrite built-in layer type RMSNorm
overwrite built-in layer type LayerNorm
overwrite built-in layer type RMSNorm
overwrite built-in layer type LayerNorm
overwrite built-in layer type RMSNorm
overwrite built-in layer type LayerNorm
overwrite built-in layer type RMSNorm
overwrite built-in layer type LayerNorm
overwrite built-in layer type RMSNorm
overwrite built-in layer type LayerNorm
overwrite built-in layer type RMSNorm
overwrite built-in layer type LayerNorm
overwrite built-in layer type RMSNorm
overwrite built-in layer type LayerNorm
overwrite built-in layer type RMSNorm
overwrite built-in layer type LayerNorm
overwrite built-in layer type RMSNorm
overwrite built-in layer type LayerNorm
overwrite built-in layer type RMSNorm
overwrite built-in layer type LayerNorm
overwrite built-in layer type RMSNorm
overwrite built-in layer type LayerNorm
overwrite built-in layer type RMSNorm
overwrite built-in layer type LayerNorm
overwrite built-in layer type RMSNorm
overwrite built-in layer type LayerNorm
overwrite built-in layer type RMSNorm
overwrite built-in layer type LayerNorm
overwrite built-in layer type RMSNorm
overwrite built-in layer type LayerNorm
overwrite built-in layer type RMSNorm
overwrite built-in layer type LayerNorm
overwrite built-in layer type RMSNorm
overwrite built-in layer type LayerNorm
overwrite built-in layer type RMSNorm
overwrite built-in layer type LayerNorm
overwrite built-in layer type RMSNorm
overwrite built-in layer type LayerNorm
Denoise 4/8: 66.6778 s
overwrite built-in layer type RMSNorm
overwrite built-in layer type LayerNorm
overwrite built-in layer type RMSNorm
overwrite built-in layer type LayerNorm
overwrite built-in layer type RMSNorm
overwrite built-in layer type LayerNorm
overwrite built-in layer type RMSNorm
overwrite built-in layer type LayerNorm
overwrite built-in layer type RMSNorm
overwrite built-in layer type LayerNorm
overwrite built-in layer type RMSNorm
overwrite built-in layer type LayerNorm
overwrite built-in layer type RMSNorm
overwrite built-in layer type LayerNorm
overwrite built-in layer type RMSNorm
overwrite built-in layer type LayerNorm
overwrite built-in layer type RMSNorm
overwrite built-in layer type LayerNorm
overwrite built-in layer type RMSNorm
overwrite built-in layer type LayerNorm
overwrite built-in layer type RMSNorm
overwrite built-in layer type LayerNorm
overwrite built-in layer type RMSNorm
overwrite built-in layer type LayerNorm
overwrite built-in layer type RMSNorm
overwrite built-in layer type LayerNorm
overwrite built-in layer type RMSNorm
overwrite built-in layer type LayerNorm
overwrite built-in layer type RMSNorm
overwrite built-in layer type LayerNorm
overwrite built-in layer type RMSNorm
overwrite built-in layer type LayerNorm
overwrite built-in layer type RMSNorm
overwrite built-in layer type LayerNorm
overwrite built-in layer type RMSNorm
overwrite built-in layer type LayerNorm
overwrite built-in layer type RMSNorm
overwrite built-in layer type LayerNorm
overwrite built-in layer type RMSNorm
overwrite built-in layer type LayerNorm
overwrite built-in layer type RMSNorm
overwrite built-in layer type LayerNorm
overwrite built-in layer type RMSNorm
overwrite built-in layer type LayerNorm
overwrite built-in layer type RMSNorm
overwrite built-in layer type LayerNorm
overwrite built-in layer type RMSNorm
overwrite built-in layer type LayerNorm
overwrite built-in layer type RMSNorm
overwrite built-in layer type LayerNorm
overwrite built-in layer type RMSNorm
overwrite built-in layer type LayerNorm
overwrite built-in layer type RMSNorm
overwrite built-in layer type LayerNorm
overwrite built-in layer type RMSNorm
overwrite built-in layer type LayerNorm
overwrite built-in layer type RMSNorm
overwrite built-in layer type LayerNorm
overwrite built-in layer type RMSNorm
overwrite built-in layer type LayerNorm
overwrite built-in layer type RMSNorm
overwrite built-in layer type LayerNorm
overwrite built-in layer type RMSNorm
overwrite built-in layer type LayerNorm
overwrite built-in layer type RMSNorm
overwrite built-in layer type LayerNorm
overwrite built-in layer type RMSNorm
overwrite built-in layer type LayerNorm
overwrite built-in layer type RMSNorm
overwrite built-in layer type LayerNorm
overwrite built-in layer type RMSNorm
overwrite built-in layer type LayerNorm
overwrite built-in layer type RMSNorm
overwrite built-in layer type LayerNorm
overwrite built-in layer type RMSNorm
overwrite built-in layer type LayerNorm
Denoise 5/8: 63.7505 s
overwrite built-in layer type RMSNorm
overwrite built-in layer type LayerNorm
overwrite built-in layer type RMSNorm
overwrite built-in layer type LayerNorm
overwrite built-in layer type RMSNorm
overwrite built-in layer type LayerNorm
overwrite built-in layer type RMSNorm
overwrite built-in layer type LayerNorm
overwrite built-in layer type RMSNorm
overwrite built-in layer type LayerNorm
overwrite built-in layer type RMSNorm
overwrite built-in layer type LayerNorm
overwrite built-in layer type RMSNorm
overwrite built-in layer type LayerNorm
overwrite built-in layer type RMSNorm
overwrite built-in layer type LayerNorm
overwrite built-in layer type RMSNorm
overwrite built-in layer type LayerNorm
overwrite built-in layer type RMSNorm
overwrite built-in layer type LayerNorm
overwrite built-in layer type RMSNorm
overwrite built-in layer type LayerNorm
overwrite built-in layer type RMSNorm
overwrite built-in layer type LayerNorm
overwrite built-in layer type RMSNorm
overwrite built-in layer type LayerNorm
overwrite built-in layer type RMSNorm
overwrite built-in layer type LayerNorm
overwrite built-in layer type RMSNorm
overwrite built-in layer type LayerNorm
overwrite built-in layer type RMSNorm
overwrite built-in layer type LayerNorm
overwrite built-in layer type RMSNorm
overwrite built-in layer type LayerNorm
overwrite built-in layer type RMSNorm
overwrite built-in layer type LayerNorm
overwrite built-in layer type RMSNorm
overwrite built-in layer type LayerNorm
overwrite built-in layer type RMSNorm
overwrite built-in layer type LayerNorm
overwrite built-in layer type RMSNorm
overwrite built-in layer type LayerNorm
overwrite built-in layer type RMSNorm
overwrite built-in layer type LayerNorm
overwrite built-in layer type RMSNorm
overwrite built-in layer type LayerNorm
overwrite built-in layer type RMSNorm
overwrite built-in layer type LayerNorm
overwrite built-in layer type RMSNorm
overwrite built-in layer type LayerNorm
overwrite built-in layer type RMSNorm
overwrite built-in layer type LayerNorm
overwrite built-in layer type RMSNorm
overwrite built-in layer type LayerNorm
overwrite built-in layer type RMSNorm
overwrite built-in layer type LayerNorm
overwrite built-in layer type RMSNorm
overwrite built-in layer type LayerNorm
overwrite built-in layer type RMSNorm
overwrite built-in layer type LayerNorm
overwrite built-in layer type RMSNorm
overwrite built-in layer type LayerNorm
overwrite built-in layer type RMSNorm
overwrite built-in layer type LayerNorm
overwrite built-in layer type RMSNorm
overwrite built-in layer type LayerNorm
overwrite built-in layer type RMSNorm
overwrite built-in layer type LayerNorm
overwrite built-in layer type RMSNorm
overwrite built-in layer type LayerNorm
overwrite built-in layer type RMSNorm
overwrite built-in layer type LayerNorm
overwrite built-in layer type RMSNorm
overwrite built-in layer type LayerNorm
overwrite built-in layer type RMSNorm
overwrite built-in layer type LayerNorm
Denoise 6/8: 68.6556 s
overwrite built-in layer type RMSNorm
overwrite built-in layer type LayerNorm
overwrite built-in layer type RMSNorm
overwrite built-in layer type LayerNorm
overwrite built-in layer type RMSNorm
overwrite built-in layer type LayerNorm
overwrite built-in layer type RMSNorm
overwrite built-in layer type LayerNorm
overwrite built-in layer type RMSNorm
overwrite built-in layer type LayerNorm
overwrite built-in layer type RMSNorm
overwrite built-in layer type LayerNorm
overwrite built-in layer type RMSNorm
overwrite built-in layer type LayerNorm
overwrite built-in layer type RMSNorm
overwrite built-in layer type LayerNorm
overwrite built-in layer type RMSNorm
overwrite built-in layer type LayerNorm
overwrite built-in layer type RMSNorm
overwrite built-in layer type LayerNorm
overwrite built-in layer type RMSNorm
overwrite built-in layer type LayerNorm
overwrite built-in layer type RMSNorm
overwrite built-in layer type LayerNorm
overwrite built-in layer type RMSNorm
overwrite built-in layer type LayerNorm
overwrite built-in layer type RMSNorm
overwrite built-in layer type LayerNorm
overwrite built-in layer type RMSNorm
overwrite built-in layer type LayerNorm
overwrite built-in layer type RMSNorm
overwrite built-in layer type LayerNorm
overwrite built-in layer type RMSNorm
overwrite built-in layer type LayerNorm
overwrite built-in layer type RMSNorm
overwrite built-in layer type LayerNorm
overwrite built-in layer type RMSNorm
overwrite built-in layer type LayerNorm
overwrite built-in layer type RMSNorm
overwrite built-in layer type LayerNorm
overwrite built-in layer type RMSNorm
overwrite built-in layer type LayerNorm
overwrite built-in layer type RMSNorm
overwrite built-in layer type LayerNorm
overwrite built-in layer type RMSNorm
overwrite built-in layer type LayerNorm
overwrite built-in layer type RMSNorm
overwrite built-in layer type LayerNorm
overwrite built-in layer type RMSNorm
overwrite built-in layer type LayerNorm
overwrite built-in layer type RMSNorm
overwrite built-in layer type LayerNorm
overwrite built-in layer type RMSNorm
overwrite built-in layer type LayerNorm
overwrite built-in layer type RMSNorm
overwrite built-in layer type LayerNorm
overwrite built-in layer type RMSNorm
overwrite built-in layer type LayerNorm
overwrite built-in layer type RMSNorm
overwrite built-in layer type LayerNorm
overwrite built-in layer type RMSNorm
overwrite built-in layer type LayerNorm
overwrite built-in layer type RMSNorm
overwrite built-in layer type LayerNorm
overwrite built-in layer type RMSNorm
overwrite built-in layer type LayerNorm
overwrite built-in layer type RMSNorm
overwrite built-in layer type LayerNorm
overwrite built-in layer type RMSNorm
overwrite built-in layer type LayerNorm
overwrite built-in layer type RMSNorm
overwrite built-in layer type LayerNorm
overwrite built-in layer type RMSNorm
overwrite built-in layer type LayerNorm
overwrite built-in layer type RMSNorm
overwrite built-in layer type LayerNorm
Denoise 7/8: 64.4819 s
overwrite built-in layer type RMSNorm
overwrite built-in layer type LayerNorm
overwrite built-in layer type RMSNorm
overwrite built-in layer type LayerNorm
overwrite built-in layer type RMSNorm
overwrite built-in layer type LayerNorm
overwrite built-in layer type RMSNorm
overwrite built-in layer type LayerNorm
overwrite built-in layer type RMSNorm
overwrite built-in layer type LayerNorm
overwrite built-in layer type RMSNorm
overwrite built-in layer type LayerNorm
overwrite built-in layer type RMSNorm
overwrite built-in layer type LayerNorm
overwrite built-in layer type RMSNorm
overwrite built-in layer type LayerNorm
overwrite built-in layer type RMSNorm
overwrite built-in layer type LayerNorm
overwrite built-in layer type RMSNorm
overwrite built-in layer type LayerNorm
overwrite built-in layer type RMSNorm
overwrite built-in layer type LayerNorm
overwrite built-in layer type RMSNorm
overwrite built-in layer type LayerNorm
overwrite built-in layer type RMSNorm
overwrite built-in layer type LayerNorm
overwrite built-in layer type RMSNorm
overwrite built-in layer type LayerNorm
overwrite built-in layer type RMSNorm
overwrite built-in layer type LayerNorm
overwrite built-in layer type RMSNorm
overwrite built-in layer type LayerNorm
overwrite built-in layer type RMSNorm
overwrite built-in layer type LayerNorm
overwrite built-in layer type RMSNorm
overwrite built-in layer type LayerNorm
overwrite built-in layer type RMSNorm
overwrite built-in layer type LayerNorm
overwrite built-in layer type RMSNorm
overwrite built-in layer type LayerNorm
overwrite built-in layer type RMSNorm
overwrite built-in layer type LayerNorm
overwrite built-in layer type RMSNorm
overwrite built-in layer type LayerNorm
overwrite built-in layer type RMSNorm
overwrite built-in layer type LayerNorm
overwrite built-in layer type RMSNorm
overwrite built-in layer type LayerNorm
overwrite built-in layer type RMSNorm
overwrite built-in layer type LayerNorm
overwrite built-in layer type RMSNorm
overwrite built-in layer type LayerNorm
overwrite built-in layer type RMSNorm
overwrite built-in layer type LayerNorm
overwrite built-in layer type RMSNorm
overwrite built-in layer type LayerNorm
overwrite built-in layer type RMSNorm
overwrite built-in layer type LayerNorm
overwrite built-in layer type RMSNorm
overwrite built-in layer type LayerNorm
overwrite built-in layer type RMSNorm
overwrite built-in layer type LayerNorm
overwrite built-in layer type RMSNorm
overwrite built-in layer type LayerNorm
overwrite built-in layer type RMSNorm
overwrite built-in layer type LayerNorm
overwrite built-in layer type RMSNorm
overwrite built-in layer type LayerNorm
overwrite built-in layer type RMSNorm
overwrite built-in layer type LayerNorm
overwrite built-in layer type RMSNorm
overwrite built-in layer type LayerNorm
overwrite built-in layer type RMSNorm
overwrite built-in layer type LayerNorm
overwrite built-in layer type RMSNorm
overwrite built-in layer type LayerNorm
Denoise 8/8: 63.5285 s
overwrite built-in layer type RMSNorm
overwrite built-in layer type LayerNorm
overwrite built-in layer type GroupNorm
VAE and PNG: 48.991 s
Saved 1024x1024 PNG: /home/mingshi/Project/AI/ernie-image-ncnn-vulkan/outputs/pipeline1024-portable-direct-v1/native.png
Total: 617.18 s
	Command being timed: "/home/mingshi/Project/AI/ernie-image-ncnn-vulkan/outputs/pipeline1024-portable-direct-v1/ernie-image.snapshot --model /home/mingshi/Project/AI/ernie-image-ncnn-vulkan/models/portable-turbo1024-s32-v1 --prompt A red apple on a wooden table, soft daylight, realistic photo. --output /home/mingshi/Project/AI/ernie-image-ncnn-vulkan/outputs/pipeline1024-portable-direct-v1/native.png --device vulkan --precision fp16 --steps 8 --latent /home/mingshi/Project/AI/ernie-image-ncnn-vulkan/outputs/pipeline1024-official-reference-v1/reference/initial.f32 --trace-dir /home/mingshi/Project/AI/ernie-image-ncnn-vulkan/outputs/pipeline1024-portable-direct-v1/trace --vae-convolution direct"
	User time (seconds): 1385.79
	System time (seconds): 485.31
	Percent of CPU this job got: 303%
	Elapsed (wall clock) time (h:mm:ss or m:ss): 10:17.50
	Average shared text size (kbytes): 0
	Average unshared data size (kbytes): 0
	Average stack size (kbytes): 0
	Average total size (kbytes): 0
	Maximum resident set size (kbytes): 6104472
	Average resident set size (kbytes): 0
	Major (requiring I/O) page faults: 39
	Minor (reclaiming a frame) page faults: 227757193
	Voluntary context switches: 112991
	Involuntary context switches: 80984
	Swaps: 0
	File system inputs: 249682352
	File system outputs: 251504
	Socket messages sent: 0
	Socket messages received: 0
	Signals delivered: 0
	Page size (bytes): 4096
	Exit status: 0
