	Command being timed: "/home/mingshi/Project/AI/ernie-image-ncnn-vulkan/build/ernie-block-runner --model /home/mingshi/Project/AI/ernie-image-ncnn-vulkan/models/converted/dit-block-00-s4160/runtime --fixture /home/mingshi/Project/AI/ernie-image-ncnn-vulkan/models/converted/dit-block-00-s4160/runtime --tokens 4160 --backend cpu --precision fp32 --repeat 3 --output /home/mingshi/Project/AI/ernie-image-ncnn-vulkan/outputs/block-s4160-verified/cpu-fp32/actual.f32"
	User time (seconds): 48.49
	System time (seconds): 1.58
	Percent of CPU this job got: 356%
	Elapsed (wall clock) time (h:mm:ss or m:ss): 0:14.02
	Average shared text size (kbytes): 0
	Average unshared data size (kbytes): 0
	Average stack size (kbytes): 0
	Average total size (kbytes): 0
	Maximum resident set size (kbytes): 2854404
	Average resident set size (kbytes): 0
	Major (requiring I/O) page faults: 0
	Minor (reclaiming a frame) page faults: 958998
	Voluntary context switches: 67
	Involuntary context switches: 2776
	Swaps: 0
	File system inputs: 0
	File system outputs: 133192
	Socket messages sent: 0
	Socket messages received: 0
	Signals delivered: 0
	Page size (bytes): 4096
	Exit status: 0
