	Command being timed: "/home/mingshi/Project/AI/ernie-image-ncnn-vulkan/build/ernie-block-sequence-runner --fixture /home/mingshi/Project/AI/ernie-image-ncnn-vulkan/outputs/sequence01-s288-v2/reference --tokens 288 --output /home/mingshi/Project/AI/ernie-image-ncnn-vulkan/outputs/sequence01-s288-v2/vulkan-fp32-stream/actual.f32 --backend vulkan --precision fp32 --policy stream --model /home/mingshi/Project/AI/ernie-image-ncnn-vulkan/models/converted/dit-block-00-s288/runtime --model /home/mingshi/Project/AI/ernie-image-ncnn-vulkan/models/converted/dit-block-01-s288"
	User time (seconds): 0.58
	System time (seconds): 1.44
	Percent of CPU this job got: 92%
	Elapsed (wall clock) time (h:mm:ss or m:ss): 0:02.18
	Average shared text size (kbytes): 0
	Average unshared data size (kbytes): 0
	Average stack size (kbytes): 0
	Average total size (kbytes): 0
	Maximum resident set size (kbytes): 669452
	Average resident set size (kbytes): 0
	Major (requiring I/O) page faults: 0
	Minor (reclaiming a frame) page faults: 668896
	Voluntary context switches: 600
	Involuntary context switches: 52
	Swaps: 0
	File system inputs: 2024
	File system outputs: 9224
	Socket messages sent: 0
	Socket messages received: 0
	Signals delivered: 0
	Page size (bytes): 4096
	Exit status: 0
