	Command being timed: "/home/mingshi/Project/AI/ernie-image-ncnn-vulkan/build/ernie-block-runner --model /home/mingshi/Project/AI/ernie-image-ncnn-vulkan/models/converted/dit-block-01-s288 --fixture /home/mingshi/Project/AI/ernie-image-ncnn-vulkan/models/converted/dit-block-01-s288 --tokens 288 --backend vulkan --precision fp16 --repeat 3 --output /home/mingshi/Project/AI/ernie-image-ncnn-vulkan/outputs/block01-s288-direct/vulkan-fp16/actual.f32 --device-io --trace-attention"
	User time (seconds): 4.48
	System time (seconds): 1.70
	Percent of CPU this job got: 318%
	Elapsed (wall clock) time (h:mm:ss or m:ss): 0:01.94
	Average shared text size (kbytes): 0
	Average unshared data size (kbytes): 0
	Average stack size (kbytes): 0
	Average total size (kbytes): 0
	Maximum resident set size (kbytes): 665548
	Average resident set size (kbytes): 0
	Major (requiring I/O) page faults: 0
	Minor (reclaiming a frame) page faults: 779314
	Voluntary context switches: 496
	Involuntary context switches: 185
	Swaps: 0
	File system inputs: 6440
	File system outputs: 9224
	Socket messages sent: 0
	Socket messages received: 0
	Signals delivered: 0
	Page size (bytes): 4096
	Exit status: 0
