Running as unit: ernie-d1-install-cpu-v2.scope; invocation ID: 33bfcbe2e39a4430bfe174512aafea24
[1/332] Generating source batchnorm_x86_avx512.cpp
[2/332] Generating source batchnorm_x86_avx512.h
[3/332] Generating source batchnorm_x86_avx.h
[4/332] Generating source batchnorm_x86_avx.cpp
[5/332] Generating source concat_x86_avx512.h
[6/332] Generating source concat_x86_avx512.cpp
[7/332] Generating source concat_x86_avx.h
[8/332] Generating source concat_x86_avx.cpp
[9/332] Generating source convolution_x86_avx512.h
[10/332] Generating source convolution_x86_avx512.cpp
[11/332] Generating source convolution_x86_avx.h
[12/332] Generating source convolution_x86_avx.cpp
[13/332] Generating source crop_x86_avx512.h
[14/332] Generating source crop_x86_avx512.cpp
[15/332] Generating source crop_x86_avx.h
[16/332] Generating source crop_x86_avx.cpp
[17/332] Generating source flatten_x86_avx512.h
[18/332] Generating source flatten_x86_avx512.cpp
[19/332] Generating source flatten_x86_avx.h
[20/332] Generating source flatten_x86_avx.cpp
[21/332] Generating source innerproduct_x86_avx512.h
[22/332] Generating source innerproduct_x86_avx512.cpp
[23/332] Generating source innerproduct_x86_avx.h
[24/332] Generating source innerproduct_x86_avx.cpp
[25/332] Generating source reshape_x86_avx512.h
[26/332] Generating source reshape_x86_avx512.cpp
[27/332] Generating source reshape_x86_avx.h
[28/332] Generating source reshape_x86_avx.cpp
[29/332] Generating source slice_x86_avx512.h
[30/332] Generating source slice_x86_avx512.cpp
[31/332] Generating source slice_x86_avx.h
[32/332] Generating source slice_x86_avx.cpp
[33/332] Generating source softmax_x86_avx512.cpp
[34/332] Generating source softmax_x86_avx512.h
[35/332] Generating source softmax_x86_avx.h
[36/332] Generating source softmax_x86_avx.cpp
[37/332] Generating source binaryop_x86_avx512.h
[38/332] Generating source binaryop_x86_avx512.cpp
[39/332] Generating source binaryop_x86_avx.h
[40/332] Generating source binaryop_x86_avx.cpp
[41/332] Generating source unaryop_x86_avx512.h
[42/332] Generating source unaryop_x86_avx512.cpp
[43/332] Generating source unaryop_x86_avx.h
[44/332] Generating source unaryop_x86_avx.cpp
[45/332] Generating source padding_x86_avx512.h
[46/332] Generating source padding_x86_avx512.cpp
[47/332] Generating source padding_x86_avx.h
[48/332] Generating source padding_x86_avx.cpp
[49/332] Generating source interp_x86_avx512.h
[50/332] Generating source interp_x86_avx512.cpp
[51/332] Generating source interp_x86_avx.h
[52/332] Generating source interp_x86_avx.cpp
[53/332] Generating source packing_x86_avx512.h
[54/332] Generating source packing_x86_avx512.cpp
[55/332] Generating source packing_x86_avx.h
[56/332] Generating source packing_x86_avx.cpp
[57/332] Generating source cast_x86_avx512.h
[58/332] Generating source cast_x86_avx512.cpp
[59/332] Generating source cast_x86_avx.h
[60/332] Generating source cast_x86_avx.cpp
[61/332] Generating source swish_x86_avx512.h
[62/332] Generating source swish_x86_avx512.cpp
[63/332] Generating source swish_x86_avx.h
[64/332] Generating source swish_x86_avx.cpp
[65/332] Generating source gemm_x86_avx512.h
[66/332] Generating source gemm_x86_avx512.cpp
[67/332] Generating source gemm_x86_avx.h
[68/332] Generating source gemm_x86_avx.cpp
[69/332] Generating source groupnorm_x86_avx512.h
[70/332] Generating source groupnorm_x86_avx512.cpp
[71/332] Generating source groupnorm_x86_avx.h
[72/332] Generating source groupnorm_x86_avx.cpp
[73/332] Generating source layernorm_x86_avx512.h
[74/332] Generating source layernorm_x86_avx512.cpp
[75/332] Generating source layernorm_x86_avx.h
[76/332] Generating source layernorm_x86_avx.cpp
[77/332] Generating source multiheadattention_x86_avx512.h
[78/332] Generating source multiheadattention_x86_avx512.cpp
[79/332] Generating source multiheadattention_x86_avx.h
[80/332] Generating source multiheadattention_x86_avx.cpp
[81/332] Generating source gelu_x86_avx512.h
[82/332] Generating source gelu_x86_avx512.cpp
[83/332] Generating source gelu_x86_avx.h
[84/332] Generating source gelu_x86_avx.cpp
[85/332] Generating source rmsnorm_x86_avx512.h
[86/332] Generating source rmsnorm_x86_avx512.cpp
[87/332] Generating source rmsnorm_x86_avx.h
[88/332] Generating source rmsnorm_x86_avx.cpp
[89/332] Generating source sdpa_x86_avx512.h
[90/332] Generating source sdpa_x86_avx512.cpp
[91/332] Generating source sdpa_x86_avx.h
[92/332] Generating source sdpa_x86_avx.cpp
[93/332] Building CXX object ncnn/src/CMakeFiles/ncnn.dir/allocator.cpp.o
[94/332] Building CXX object ncnn/src/CMakeFiles/ncnn.dir/benchmark.cpp.o
[95/332] Building CXX object ncnn/src/CMakeFiles/ncnn.dir/blob.cpp.o
[96/332] Building CXX object ncnn/src/CMakeFiles/ncnn.dir/c_api.cpp.o
[97/332] Building CXX object ncnn/src/CMakeFiles/ncnn.dir/command.cpp.o
[98/332] Building CXX object ncnn/src/CMakeFiles/ncnn.dir/cpu.cpp.o
[99/332] Building CXX object ncnn/src/CMakeFiles/ncnn.dir/datareader.cpp.o
[100/332] Building CXX object ncnn/src/CMakeFiles/ncnn.dir/expression.cpp.o
[101/332] Building CXX object ncnn/src/CMakeFiles/ncnn.dir/gpu.cpp.o
[102/332] Building CXX object ncnn/src/CMakeFiles/ncnn.dir/layer.cpp.o
[103/332] Building CXX object ncnn/src/CMakeFiles/ncnn.dir/mat.cpp.o
[104/332] Building CXX object ncnn/src/CMakeFiles/ncnn.dir/mat_pixel.cpp.o
[105/332] Building CXX object ncnn/src/CMakeFiles/ncnn.dir/mat_pixel_affine.cpp.o
[106/332] Building CXX object ncnn/src/CMakeFiles/ncnn.dir/mat_pixel_drawing.cpp.o
[107/332] Building CXX object ncnn/src/CMakeFiles/ncnn.dir/mat_pixel_resize.cpp.o
[108/332] Building CXX object ncnn/src/CMakeFiles/ncnn.dir/mat_pixel_rotate.cpp.o
[109/332] Building CXX object ncnn/src/CMakeFiles/ncnn.dir/modelbin.cpp.o
[110/332] Building CXX object ncnn/src/CMakeFiles/ncnn.dir/net.cpp.o
[111/332] Building CXX object ncnn/src/CMakeFiles/ncnn.dir/option.cpp.o
[112/332] Building CXX object ncnn/src/CMakeFiles/ncnn.dir/paramdict.cpp.o
[113/332] Building CXX object ncnn/src/CMakeFiles/ncnn.dir/pipeline.cpp.o
[114/332] Building CXX object ncnn/src/CMakeFiles/ncnn.dir/pipelinecache.cpp.o
[115/332] Building CXX object ncnn/src/CMakeFiles/ncnn.dir/simpleocv.cpp.o
[116/332] Building CXX object ncnn/src/CMakeFiles/ncnn.dir/simpleomp.cpp.o
[117/332] Building CXX object ncnn/src/CMakeFiles/ncnn.dir/simplestl.cpp.o
[118/332] Building CXX object ncnn/src/CMakeFiles/ncnn.dir/simplemath.cpp.o
[119/332] Building CXX object ncnn/src/CMakeFiles/ncnn.dir/simplevk.cpp.o
[120/332] Building CXX object ncnn/src/CMakeFiles/ncnn.dir/layer/batchnorm.cpp.o
[121/332] Building CXX object ncnn/src/CMakeFiles/ncnn.dir/layer/x86/batchnorm_x86.cpp.o
[122/332] Building CXX object ncnn/src/CMakeFiles/ncnn.dir/layer/x86/batchnorm_x86_avx512.cpp.o
[123/332] Building CXX object ncnn/src/CMakeFiles/ncnn.dir/layer/x86/batchnorm_x86_fma.cpp.o
[124/332] Building CXX object ncnn/src/CMakeFiles/ncnn.dir/layer/x86/batchnorm_x86_fma4.cpp.o
[125/332] Building CXX object ncnn/src/CMakeFiles/ncnn.dir/layer/x86/batchnorm_x86_avx.cpp.o
[126/332] Building CXX object ncnn/src/CMakeFiles/ncnn.dir/layer/x86/batchnorm_x86_avx512bf16.cpp.o
[127/332] Building CXX object ncnn/src/CMakeFiles/ncnn.dir/layer/x86/batchnorm_x86_avx2.cpp.o
[128/332] Building CXX object ncnn/src/CMakeFiles/ncnn.dir/layer/concat.cpp.o
[129/332] Building CXX object ncnn/src/CMakeFiles/ncnn.dir/layer/x86/concat_x86.cpp.o
[130/332] Building CXX object ncnn/src/CMakeFiles/ncnn.dir/layer/x86/concat_x86_avx512.cpp.o
[131/332] Building CXX object ncnn/src/CMakeFiles/ncnn.dir/layer/x86/concat_x86_avx.cpp.o
[132/332] Building CXX object ncnn/src/CMakeFiles/ncnn.dir/layer/convolution.cpp.o
[133/332] Building CXX object ncnn/src/CMakeFiles/ncnn.dir/layer/x86/convolution_x86.cpp.o
[134/332] Building CXX object ncnn/src/CMakeFiles/ncnn.dir/layer/x86/convolution_x86_avx512.cpp.o
[135/332] Building CXX object ncnn/src/CMakeFiles/ncnn.dir/layer/x86/convolution_x86_fma.cpp.o
[136/332] Building CXX object ncnn/src/CMakeFiles/ncnn.dir/layer/x86/convolution_x86_fma4.cpp.o
[137/332] Building CXX object ncnn/src/CMakeFiles/ncnn.dir/layer/x86/convolution_x86_avx.cpp.o
[138/332] Building CXX object ncnn/src/CMakeFiles/ncnn.dir/layer/x86/convolution_x86_avx512vnni.cpp.o
[139/332] Building CXX object ncnn/src/CMakeFiles/ncnn.dir/layer/x86/convolution_x86_avx512bf16.cpp.o
[140/332] Building CXX object ncnn/src/CMakeFiles/ncnn.dir/layer/x86/convolution_x86_avxvnni.cpp.o
[141/332] Building CXX object ncnn/src/CMakeFiles/ncnn.dir/layer/x86/convolution_x86_avxvnniint8.cpp.o
[142/332] Building CXX object ncnn/src/CMakeFiles/ncnn.dir/layer/x86/convolution_x86_avx2.cpp.o
[143/332] Building CXX object ncnn/src/CMakeFiles/ncnn.dir/layer/x86/convolution_x86_xop.cpp.o
[144/332] Building CXX object ncnn/src/CMakeFiles/ncnn.dir/layer/crop.cpp.o
[145/332] Building CXX object ncnn/src/CMakeFiles/ncnn.dir/layer/x86/crop_x86.cpp.o
[146/332] Building CXX object ncnn/src/CMakeFiles/ncnn.dir/layer/x86/crop_x86_avx512.cpp.o
[147/332] Building CXX object ncnn/src/CMakeFiles/ncnn.dir/layer/x86/crop_x86_avx.cpp.o
[148/332] Building CXX object ncnn/src/CMakeFiles/ncnn.dir/layer/flatten.cpp.o
[149/332] Building CXX object ncnn/src/CMakeFiles/ncnn.dir/layer/x86/flatten_x86.cpp.o
[150/332] Building CXX object ncnn/src/CMakeFiles/ncnn.dir/layer/x86/flatten_x86_avx512.cpp.o
[151/332] Building CXX object ncnn/src/CMakeFiles/ncnn.dir/layer/x86/flatten_x86_avx.cpp.o
[152/332] Building CXX object ncnn/src/CMakeFiles/ncnn.dir/layer/innerproduct.cpp.o
[153/332] Building CXX object ncnn/src/CMakeFiles/ncnn.dir/layer/x86/innerproduct_x86.cpp.o
[154/332] Building CXX object ncnn/src/CMakeFiles/ncnn.dir/layer/x86/innerproduct_x86_avx512.cpp.o
[155/332] Building CXX object ncnn/src/CMakeFiles/ncnn.dir/layer/x86/innerproduct_x86_fma.cpp.o
[156/332] Building CXX object ncnn/src/CMakeFiles/ncnn.dir/layer/x86/innerproduct_x86_fma4.cpp.o
[157/332] Building pinned native Tokenizers bridge
   Compiling proc-macro2 v1.0.107
   Compiling unicode-ident v1.0.24
   Compiling quote v1.0.47
   Compiling version_check v0.9.5
   Compiling serde_core v1.0.229
   Compiling syn v2.0.119
   Compiling syn v3.0.5
   Compiling libc v0.2.189
   Compiling crossbeam-utils v0.8.22
   Compiling cfg-if v1.0.4
   Compiling zerocopy v0.8.56
   Compiling fnv v1.0.7
   Compiling strsim v0.11.1
   Compiling crossbeam-epoch v0.9.20
   Compiling getrandom v0.3.4
   Compiling serde v1.0.229
   Compiling typenum v1.18.0
   Compiling memchr v2.8.3
   Compiling ident_case v1.0.1
   Compiling darling_core v0.20.11
   Compiling serde_derive v1.0.229
   Compiling generic-array v0.14.7
   Compiling shlex v2.0.1
   Compiling find-msvc-tools v0.1.12
   Compiling crossbeam-deque v0.8.7
   Compiling cc v1.4.5
   Compiling darling_macro v0.20.11
   Compiling rayon-core v1.13.0
   Compiling pkg-config v0.3.34
   Compiling rustversion v1.0.23
   Compiling onig_sys v69.9.3
   Compiling darling v0.20.11
   Compiling zmij v1.0.23
   Compiling either v1.18.0
   Compiling ppv-lite86 v0.2.21
   Compiling derive_builder_core v0.20.2
   Compiling rand_core v0.9.5
   Compiling aho-corasick v1.1.5
   Compiling ahash v0.8.12
   Compiling thiserror v2.0.20
   Compiling minimal-lexical v0.2.1
   Compiling paste v1.0.15
   Compiling once_cell v1.21.4
   Compiling itoa v1.0.18
   Compiling serde_json v1.0.151
   Compiling regex-syntax v0.8.11
   Compiling esaxx-rs v0.1.10
   Compiling nom v7.1.3
   Compiling regex-automata v0.4.18
   Compiling rand_chacha v0.9.0
   Compiling castaway v0.2.4
   Compiling derive_builder_macro v0.20.2
   Compiling rayon v1.12.0
   Compiling itertools v0.14.0
   Compiling block-buffer v0.10.4
   Compiling crypto-common v0.1.6
   Compiling thiserror-impl v2.0.20
   Compiling monostate-impl v0.1.18
   Compiling unicode-segmentation v1.13.3
   Compiling pastey v0.2.3
   Compiling static_assertions v1.1.0
   Compiling bitflags v2.13.1
   Compiling macro_rules_attribute-proc_macro v0.2.3
   Compiling ryu v1.0.23
   Compiling smallvec v1.16.0
   Compiling base64 v0.13.1
   Compiling unicode-normalization-alignments v0.1.12
   Compiling spm_precompiled v0.1.4
   Compiling macro_rules_attribute v0.2.3
   Compiling compact_str v0.9.1
   Compiling onig v6.5.3
   Compiling monostate v0.1.18
   Compiling rayon-cond v0.4.0
   Compiling digest v0.10.7
   Compiling derive_builder v0.20.2
   Compiling rand v0.9.5
   Compiling regex v1.13.1
   Compiling dary_heap v0.3.9
   Compiling log v0.4.34
   Compiling cpufeatures v0.2.17
   Compiling unicode_categories v0.1.1
   Compiling sha2 v0.10.9
   Compiling tokenizers v0.22.2
   Compiling ernie-tokenizer-bridge v0.1.0 (/home/mingshi/Project/AI/ernie-image-ncnn-vulkan/.worktrees/surpass-reference/outputs/d1-install-source-v2/tokenizer)
    Finished `release` profile [optimized] target(s) in 1m 15s
[158/332] Building CXX object ncnn/src/CMakeFiles/ncnn.dir/layer/x86/innerproduct_x86_avx.cpp.o
[159/332] Building CXX object ncnn/src/CMakeFiles/ncnn.dir/layer/x86/innerproduct_x86_avx2.cpp.o
[160/332] Building CXX object ncnn/src/CMakeFiles/ncnn.dir/layer/x86/innerproduct_x86_avx512bf16.cpp.o
[161/332] Building CXX object ncnn/src/CMakeFiles/ncnn.dir/layer/x86/innerproduct_x86_f16c.cpp.o
[162/332] Building CXX object ncnn/src/CMakeFiles/ncnn.dir/layer/input.cpp.o
[163/332] Building CXX object ncnn/src/CMakeFiles/ncnn.dir/layer/memorydata.cpp.o
[164/332] Building CXX object ncnn/src/CMakeFiles/ncnn.dir/layer/reshape.cpp.o
[165/332] Building CXX object ncnn/src/CMakeFiles/ncnn.dir/layer/reduction.cpp.o
[166/332] Building CXX object ncnn/src/CMakeFiles/ncnn.dir/layer/x86/reshape_x86.cpp.o
[167/332] Building CXX object ncnn/src/CMakeFiles/ncnn.dir/layer/x86/reshape_x86_avx512.cpp.o
[168/332] Building CXX object ncnn/src/CMakeFiles/ncnn.dir/layer/x86/reshape_x86_avx.cpp.o
[169/332] Building CXX object ncnn/src/CMakeFiles/ncnn.dir/layer/slice.cpp.o
[170/332] Building CXX object ncnn/src/CMakeFiles/ncnn.dir/layer/x86/slice_x86.cpp.o
[171/332] Building CXX object ncnn/src/CMakeFiles/ncnn.dir/layer/x86/slice_x86_avx.cpp.o
[172/332] Building CXX object ncnn/src/CMakeFiles/ncnn.dir/layer/x86/slice_x86_avx512.cpp.o
[173/332] Building CXX object ncnn/src/CMakeFiles/ncnn.dir/layer/softmax.cpp.o
[174/332] Building CXX object ncnn/src/CMakeFiles/ncnn.dir/layer/x86/softmax_x86.cpp.o
[175/332] Building CXX object ncnn/src/CMakeFiles/ncnn.dir/layer/x86/softmax_x86_avx512.cpp.o
[176/332] Building CXX object ncnn/src/CMakeFiles/ncnn.dir/layer/x86/softmax_x86_fma.cpp.o
[177/332] Building CXX object ncnn/src/CMakeFiles/ncnn.dir/layer/x86/softmax_x86_fma4.cpp.o
[178/332] Building CXX object ncnn/src/CMakeFiles/ncnn.dir/layer/x86/softmax_x86_avx.cpp.o
[179/332] Building CXX object ncnn/src/CMakeFiles/ncnn.dir/layer/x86/softmax_x86_avx512bf16.cpp.o
[180/332] Building CXX object ncnn/src/CMakeFiles/ncnn.dir/layer/x86/softmax_x86_avx2.cpp.o
[181/332] Building CXX object ncnn/src/CMakeFiles/ncnn.dir/layer/split.cpp.o
[182/332] Building CXX object ncnn/src/CMakeFiles/ncnn.dir/layer/binaryop.cpp.o
[183/332] Building CXX object ncnn/src/CMakeFiles/ncnn.dir/layer/x86/binaryop_x86.cpp.o
[184/332] Building CXX object ncnn/src/CMakeFiles/ncnn.dir/layer/x86/binaryop_x86_avx512.cpp.o
[185/332] Building CXX object ncnn/src/CMakeFiles/ncnn.dir/layer/x86/binaryop_x86_fma.cpp.o
[186/332] Building CXX object ncnn/src/CMakeFiles/ncnn.dir/layer/x86/binaryop_x86_avx.cpp.o
[187/332] Building CXX object ncnn/src/CMakeFiles/ncnn.dir/layer/x86/binaryop_x86_fma4.cpp.o
[188/332] Building CXX object ncnn/src/CMakeFiles/ncnn.dir/layer/x86/binaryop_x86_avx2.cpp.o
[189/332] Building CXX object ncnn/src/CMakeFiles/ncnn.dir/layer/unaryop.cpp.o
[190/332] Building CXX object ncnn/src/CMakeFiles/ncnn.dir/layer/x86/binaryop_x86_avx512bf16.cpp.o
[191/332] Building CXX object ncnn/src/CMakeFiles/ncnn.dir/layer/x86/unaryop_x86.cpp.o
[192/332] Building CXX object ncnn/src/CMakeFiles/ncnn.dir/layer/x86/unaryop_x86_avx512.cpp.o
[193/332] Building CXX object ncnn/src/CMakeFiles/ncnn.dir/layer/x86/unaryop_x86_fma.cpp.o
[194/332] Building CXX object ncnn/src/CMakeFiles/ncnn.dir/layer/x86/unaryop_x86_fma4.cpp.o
[195/332] Building CXX object ncnn/src/CMakeFiles/ncnn.dir/layer/x86/unaryop_x86_avx512bf16.cpp.o
[196/332] Building CXX object ncnn/src/CMakeFiles/ncnn.dir/layer/x86/unaryop_x86_avx.cpp.o
[197/332] Building CXX object ncnn/src/CMakeFiles/ncnn.dir/layer/padding.cpp.o
[198/332] Building CXX object ncnn/src/CMakeFiles/ncnn.dir/layer/x86/unaryop_x86_avx2.cpp.o
[199/332] Building CXX object ncnn/src/CMakeFiles/ncnn.dir/layer/x86/padding_x86.cpp.o
[200/332] Building CXX object ncnn/src/CMakeFiles/ncnn.dir/layer/x86/padding_x86_avx512.cpp.o
[201/332] Building CXX object ncnn/src/CMakeFiles/ncnn.dir/layer/squeeze.cpp.o
[202/332] Building CXX object ncnn/src/CMakeFiles/ncnn.dir/layer/x86/padding_x86_avx.cpp.o
[203/332] Building CXX object ncnn/src/CMakeFiles/ncnn.dir/layer/expanddims.cpp.o
[204/332] Building CXX object ncnn/src/CMakeFiles/ncnn.dir/layer/interp.cpp.o
[205/332] Building CXX object ncnn/src/CMakeFiles/ncnn.dir/layer/permute.cpp.o
[206/332] Building CXX object ncnn/src/CMakeFiles/ncnn.dir/layer/x86/interp_x86.cpp.o
[207/332] Building CXX object ncnn/src/CMakeFiles/ncnn.dir/layer/x86/interp_x86_fma.cpp.o
[208/332] Building CXX object ncnn/src/CMakeFiles/ncnn.dir/layer/x86/interp_x86_avx512.cpp.o
[209/332] Building CXX object ncnn/src/CMakeFiles/ncnn.dir/layer/x86/interp_x86_fma4.cpp.o
[210/332] Building CXX object ncnn/src/CMakeFiles/ncnn.dir/layer/x86/interp_x86_avx.cpp.o
[211/332] Building CXX object ncnn/src/CMakeFiles/ncnn.dir/layer/x86/interp_x86_avx2.cpp.o
[212/332] Building CXX object ncnn/src/CMakeFiles/ncnn.dir/layer/x86/interp_x86_avx512bf16.cpp.o
[213/332] Building CXX object ncnn/src/CMakeFiles/ncnn.dir/layer/reorg.cpp.o
[214/332] Building CXX object ncnn/src/CMakeFiles/ncnn.dir/layer/packing.cpp.o
[215/332] Building CXX object ncnn/src/CMakeFiles/ncnn.dir/layer/x86/packing_x86.cpp.o
[216/332] Building CXX object ncnn/src/CMakeFiles/ncnn.dir/layer/x86/packing_x86_avx512.cpp.o
[217/332] Building CXX object ncnn/src/CMakeFiles/ncnn.dir/layer/cast.cpp.o
[218/332] Building CXX object ncnn/src/CMakeFiles/ncnn.dir/layer/x86/packing_x86_avx.cpp.o
[219/332] Building CXX object ncnn/src/CMakeFiles/ncnn.dir/layer/x86/cast_x86.cpp.o
[220/332] Building CXX object ncnn/src/CMakeFiles/ncnn.dir/layer/x86/cast_x86_avx512.cpp.o
[221/332] Building CXX object ncnn/src/CMakeFiles/ncnn.dir/layer/x86/cast_x86_avx.cpp.o
[222/332] Building CXX object ncnn/src/CMakeFiles/ncnn.dir/layer/x86/cast_x86_avx512bf16.cpp.o
[223/332] Building CXX object ncnn/src/CMakeFiles/ncnn.dir/layer/x86/cast_x86_avx2.cpp.o
[224/332] Building CXX object ncnn/src/CMakeFiles/ncnn.dir/layer/swish.cpp.o
[225/332] Building CXX object ncnn/src/CMakeFiles/ncnn.dir/layer/x86/cast_x86_f16c.cpp.o
[226/332] Building CXX object ncnn/src/CMakeFiles/ncnn.dir/layer/x86/swish_x86.cpp.o
[227/332] Building CXX object ncnn/src/CMakeFiles/ncnn.dir/layer/x86/swish_x86_avx512.cpp.o
[228/332] Building CXX object ncnn/src/CMakeFiles/ncnn.dir/layer/x86/swish_x86_fma.cpp.o
[229/332] Building CXX object ncnn/src/CMakeFiles/ncnn.dir/layer/x86/swish_x86_fma4.cpp.o
[230/332] Building CXX object ncnn/src/CMakeFiles/ncnn.dir/layer/x86/swish_x86_avx.cpp.o
[231/332] Building CXX object ncnn/src/CMakeFiles/ncnn.dir/layer/x86/swish_x86_avx512bf16.cpp.o
[232/332] Building CXX object ncnn/src/CMakeFiles/ncnn.dir/layer/x86/swish_x86_avx2.cpp.o
[233/332] Building CXX object ncnn/src/CMakeFiles/ncnn.dir/layer/gemm.cpp.o
[234/332] Building CXX object ncnn/src/CMakeFiles/ncnn.dir/layer/x86/gemm_x86.cpp.o
[235/332] Building CXX object ncnn/src/CMakeFiles/ncnn.dir/layer/x86/gemm_x86_fma.cpp.o
[236/332] Building CXX object ncnn/src/CMakeFiles/ncnn.dir/layer/x86/gemm_x86_fma4.cpp.o
[237/332] Building CXX object ncnn/src/CMakeFiles/ncnn.dir/layer/x86/gemm_x86_avx512.cpp.o
[238/332] Building CXX object ncnn/src/CMakeFiles/ncnn.dir/layer/x86/gemm_x86_avx512vnni.cpp.o
[239/332] Building CXX object ncnn/src/CMakeFiles/ncnn.dir/layer/x86/gemm_x86_avx.cpp.o
[240/332] Building CXX object ncnn/src/CMakeFiles/ncnn.dir/layer/x86/gemm_x86_avx512bf16.cpp.o
[241/332] Building CXX object ncnn/src/CMakeFiles/ncnn.dir/layer/x86/gemm_x86_avx512vnni_avx512bf16.cpp.o
[242/332] Building CXX object ncnn/src/CMakeFiles/ncnn.dir/layer/x86/gemm_x86_avxvnni.cpp.o
[243/332] Building CXX object ncnn/src/CMakeFiles/ncnn.dir/layer/x86/gemm_x86_avxvnniint8.cpp.o
[244/332] Building CXX object ncnn/src/CMakeFiles/ncnn.dir/layer/x86/gemm_x86_avx2.cpp.o
[245/332] Building CXX object ncnn/src/CMakeFiles/ncnn.dir/layer/x86/gemm_x86_xop.cpp.o
[246/332] Building CXX object ncnn/src/CMakeFiles/ncnn.dir/layer/groupnorm.cpp.o
[247/332] Building CXX object ncnn/src/CMakeFiles/ncnn.dir/layer/x86/groupnorm_x86.cpp.o
[248/332] Building CXX object ncnn/src/CMakeFiles/ncnn.dir/layer/x86/groupnorm_x86_fma.cpp.o
[249/332] Building CXX object ncnn/src/CMakeFiles/ncnn.dir/layer/x86/groupnorm_x86_avx512.cpp.o
[250/332] Building CXX object ncnn/src/CMakeFiles/ncnn.dir/layer/x86/groupnorm_x86_fma4.cpp.o
[251/332] Building CXX object ncnn/src/CMakeFiles/ncnn.dir/layer/x86/groupnorm_x86_avx.cpp.o
[252/332] Building CXX object ncnn/src/CMakeFiles/ncnn.dir/layer/x86/groupnorm_x86_avx2.cpp.o
[253/332] Building CXX object ncnn/src/CMakeFiles/ncnn.dir/layer/x86/groupnorm_x86_avx512bf16.cpp.o
[254/332] Building CXX object ncnn/src/CMakeFiles/ncnn.dir/layer/layernorm.cpp.o
[255/332] Building CXX object ncnn/src/CMakeFiles/ncnn.dir/layer/x86/layernorm_x86.cpp.o
[256/332] Building CXX object ncnn/src/CMakeFiles/ncnn.dir/layer/x86/layernorm_x86_avx512.cpp.o
[257/332] Building CXX object ncnn/src/CMakeFiles/ncnn.dir/layer/x86/layernorm_x86_fma.cpp.o
[258/332] Building CXX object ncnn/src/CMakeFiles/ncnn.dir/layer/x86/layernorm_x86_fma4.cpp.o
[259/332] Building CXX object ncnn/src/CMakeFiles/ncnn.dir/layer/x86/layernorm_x86_avx.cpp.o
[260/332] Building CXX object ncnn/src/CMakeFiles/ncnn.dir/layer/x86/layernorm_x86_avx512bf16.cpp.o
[261/332] Building CXX object ncnn/src/CMakeFiles/ncnn.dir/layer/x86/layernorm_x86_avx2.cpp.o
[262/332] Building CXX object ncnn/src/CMakeFiles/ncnn.dir/layer/multiheadattention.cpp.o
[263/332] Building CXX object ncnn/src/CMakeFiles/ncnn.dir/layer/x86/multiheadattention_x86.cpp.o
[264/332] Building CXX object ncnn/src/CMakeFiles/ncnn.dir/layer/x86/multiheadattention_x86_avx512.cpp.o
[265/332] Building CXX object ncnn/src/CMakeFiles/ncnn.dir/layer/x86/multiheadattention_x86_avx.cpp.o
[266/332] Building CXX object ncnn/src/CMakeFiles/ncnn.dir/layer/gelu.cpp.o
[267/332] Building CXX object ncnn/src/CMakeFiles/ncnn.dir/layer/x86/gelu_x86.cpp.o
[268/332] Building CXX object ncnn/src/CMakeFiles/ncnn.dir/layer/x86/gelu_x86_avx512.cpp.o
[269/332] Building CXX object ncnn/src/CMakeFiles/ncnn.dir/layer/x86/gelu_x86_fma.cpp.o
[270/332] Building CXX object ncnn/src/CMakeFiles/ncnn.dir/layer/x86/gelu_x86_fma4.cpp.o
[271/332] Building CXX object ncnn/src/CMakeFiles/ncnn.dir/layer/x86/gelu_x86_avx.cpp.o
[272/332] Building CXX object ncnn/src/CMakeFiles/ncnn.dir/layer/x86/gelu_x86_avx512bf16.cpp.o
[273/332] Building CXX object ncnn/src/CMakeFiles/ncnn.dir/layer/x86/gelu_x86_avx2.cpp.o
[274/332] Building CXX object ncnn/src/CMakeFiles/ncnn.dir/layer/rmsnorm.cpp.o
[275/332] Building CXX object ncnn/src/CMakeFiles/ncnn.dir/layer/x86/rmsnorm_x86.cpp.o
[276/332] Building CXX object ncnn/src/CMakeFiles/ncnn.dir/layer/x86/rmsnorm_x86_avx512.cpp.o
[277/332] Building CXX object ncnn/src/CMakeFiles/ncnn.dir/layer/x86/rmsnorm_x86_fma.cpp.o
[278/332] Building CXX object ncnn/src/CMakeFiles/ncnn.dir/layer/x86/rmsnorm_x86_fma4.cpp.o
[279/332] Building CXX object ncnn/src/CMakeFiles/ncnn.dir/layer/x86/rmsnorm_x86_avx.cpp.o
[280/332] Building CXX object ncnn/src/CMakeFiles/ncnn.dir/layer/x86/rmsnorm_x86_avx512bf16.cpp.o
[281/332] Building CXX object ncnn/src/CMakeFiles/ncnn.dir/layer/x86/rmsnorm_x86_avx2.cpp.o
[282/332] Building CXX object ncnn/src/CMakeFiles/ncnn.dir/layer/sdpa.cpp.o
[283/332] Building CXX object ncnn/src/CMakeFiles/ncnn.dir/layer/x86/sdpa_x86.cpp.o
[284/332] Building CXX object ncnn/src/CMakeFiles/ncnn.dir/layer/x86/sdpa_x86_fma.cpp.o
[285/332] Building CXX object ncnn/src/CMakeFiles/ncnn.dir/layer/x86/sdpa_x86_avx512.cpp.o
[286/332] Building CXX object ncnn/src/CMakeFiles/ncnn.dir/layer/x86/sdpa_x86_fma4.cpp.o
[287/332] Building CXX object ncnn/src/CMakeFiles/ncnn.dir/layer/x86/sdpa_x86_avx.cpp.o
[288/332] Building CXX object ncnn/src/CMakeFiles/ncnn.dir/layer/x86/sdpa_x86_avx2.cpp.o
[289/332] Building CXX object tokenizer/CMakeFiles/ernie-tokenizer.dir/__/src/tokenizer.cpp.o
[290/332] Linking CXX static library tokenizer/libernie-tokenizer.a
[291/332] Building CXX object ncnn/src/CMakeFiles/ncnn.dir/layer/x86/sdpa_x86_avx512bf16.cpp.o
[292/332] Linking CXX static library ncnn/src/libncnn.a
[293/332] Building CXX object src/CMakeFiles/ernie-runtime.dir/ernie_gelu.cpp.o
[294/332] Building CXX object src/CMakeFiles/ernie-runtime.dir/ernie_rmsnorm.cpp.o
[295/332] Building CXX object src/CMakeFiles/ernie-runtime.dir/ernie_groupnorm.cpp.o
[296/332] Building CXX object src/CMakeFiles/ernie-runtime.dir/ernie_residual.cpp.o
[297/332] Building CXX object src/CMakeFiles/ernie-runtime.dir/ernie_attention.cpp.o
[298/332] Building CXX object src/CMakeFiles/ernie-runtime.dir/img2img.cpp.o
[299/332] Building CXX object src/CMakeFiles/ernie-runtime.dir/latent_ops.cpp.o
[300/332] Building CXX object src/CMakeFiles/ernie-runtime.dir/image_encoder.cpp.o
[301/332] Building CXX object src/CMakeFiles/ernie-runtime.dir/component_files.cpp.o
[302/332] Building CXX object src/CMakeFiles/ernie-runtime.dir/block_sequence.cpp.o
[303/332] Building CXX object src/CMakeFiles/ernie-runtime.dir/dit.cpp.o
[304/332] Building CXX object src/CMakeFiles/ernie-runtime.dir/denoiser.cpp.o
[305/332] Building CXX object src/CMakeFiles/ernie-runtime.dir/text_encoder.cpp.o
[306/332] Building CXX object src/CMakeFiles/ernie-runtime.dir/ernie_text_down.cpp.o
[307/332] Building CXX object src/CMakeFiles/ernie-runtime.dir/conditioning.cpp.o
[308/332] Building CXX object src/CMakeFiles/ernie-runtime.dir/pe_session.cpp.o
[309/332] Building CXX object src/CMakeFiles/ernie-shape-graph.dir/model_config.cpp.o
[310/332] Linking CXX static library src/libernie-runtime.a
[311/332] Building CXX object src/CMakeFiles/ernie-shape-graph.dir/shape_graph.cpp.o
[312/332] Linking CXX static library src/libernie-shape-graph.a
[313/332] Building CXX object src/CMakeFiles/ernie-model-package.dir/model_package.cpp.o
[314/332] Building CXX object src/CMakeFiles/ernie-pe.dir/prompt_enhancer.cpp.o
[315/332] Linking CXX static library src/libernie-pe.a
[316/332] Building CXX object src/CMakeFiles/ernie-pipeline.dir/model_config.cpp.o
[317/332] Building CXX object src/CMakeFiles/ernie-pipeline.dir/pipeline.cpp.o
[318/332] Building CXX object src/CMakeFiles/ernie-pipeline.dir/runtime_info.cpp.o
[319/332] Building CXX object src/CMakeFiles/ernie-pipeline.dir/gpu_context.cpp.o
[320/332] Building CXX object src/CMakeFiles/ernie-pipeline.dir/tensor_io.cpp.o
[321/332] Linking CXX static library src/libernie-model-package.a
[322/332] Building CXX object src/CMakeFiles/ernie-pipeline.dir/vae.cpp.o
[323/332] Building CXX object src/CMakeFiles/ernie-shape-plan.dir/shape_plan.cpp.o
[324/332] Linking CXX static library src/libernie-pipeline.a
[325/332] Building CXX object src/CMakeFiles/ernie-execution-metrics.dir/execution_metrics.cpp.o
[326/332] Building CXX object cli/CMakeFiles/ernie-image.dir/main.cpp.o
[327/332] Building CXX object cli/CMakeFiles/ernie-image.dir/prompt_file.cpp.o
[328/332] Building CXX object cli/CMakeFiles/ernie-image.dir/options.cpp.o
[329/332] Linking CXX static library src/libernie-shape-plan.a
[330/332] Linking CXX static library src/libernie-execution-metrics.a
[331/332] Building CXX object cli/CMakeFiles/ernie-image.dir/image_io.cpp.o
[332/332] Linking CXX executable ernie-image
	Command being timed: "taskset -c 8,10 cmake --build build-install-cpu-v2 --parallel 2"
	User time (seconds): 243.53
	System time (seconds): 17.71
	Percent of CPU this job got: 198%
	Elapsed (wall clock) time (h:mm:ss or m:ss): 2:11.75
	Average shared text size (kbytes): 0
	Average unshared data size (kbytes): 0
	Average stack size (kbytes): 0
	Average total size (kbytes): 0
	Maximum resident set size (kbytes): 690268
	Average resident set size (kbytes): 0
	Major (requiring I/O) page faults: 78
	Minor (reclaiming a frame) page faults: 6389320
	Voluntary context switches: 9213
	Involuntary context switches: 22949
	Swaps: 0
	File system inputs: 63560
	File system outputs: 990672
	Socket messages sent: 0
	Socket messages received: 0
	Signals delivered: 0
	Page size (bytes): 4096
	Exit status: 0
