1375
1384
1386
1403
1419
1439
1455
1460
1460
1460
1460
1484
1516
1548
1548
1548
1548
1546
1738
1448
1456
1456
1456
1489
1521
1553
1557
1557
1557
1557
1563
1563
1566
1586
1588
1588
1590
1590
1594
1594
1596
1596
1598
1582
1582
1582
1598
1598
1598
1630
1630
1630
1630
1726
1726
1726
1806
1806
1806
1806
1806
1902
1935
1932
1516
1548
1580
1644
1644
1644
1761
1761
1761
1855
1855
1855
1539
1571
1612
1612
1644
1676
1676
1772
1772
1772
1868
1868
1852
1948
1522
1530
1563
1595
1627
1659
1659
1755
1755
1755
1851
1851
1851
1947
1947
1530
1563
1595
1627
1659
1659
1659
1755
1752
1752
1848
1848
1848
1848
1944
1528
1577
1577
1607
1639
1671
1675
1771
1771
1771
1867
1855
1855
1855
1951
1535
1567
1599
1631
1663
1663
1647
1743
1743
1743
1839
1839
1839
1839
1935
1519
1551
1583
1615
1647
1647
1647
1743
1743
1743
1839
1839
1839
1932
1937
1953
1537
1569
1601
1601
1633
1665
1665
1663
1759
1759
1764
1860
1860
1860
1956
1539
1572
1604
1635
1667
1667
1667
1764
1764
1764
1860
1844
1844
1939
1523
1555
1555
1587
1619
1651
1651
1651
1747
1747
1747
1843
1864
1864
1960
1544
1576
1576
1603
1635
1667
1667
1747
1747
1747
1843
1843
1843
1843
1939
1523
1560
1559
1591
1623
1655
1655
1655
1751
1751
1751
1847
1847
1847
1943
1943
1527
1559
1591
1623
1655
1655
1655
1751
1751
1751
1751
1847
1847
1863
1959
1959
1543
1575
1607
1639
1669
1669
1669
1741
1741
1741
1837
1837
1837
1837
1514
1547
1579
1610
1642
1646
1646
1743
1743
1743
1839
1839
1860
1860
1539
1539
1571
1603
1635
1667
1667
1667
1748
1748
1748
1844
1844
1844
1940
1803
1523
1555
1587
1619
1651
1651
1651
1747
1747
1747
1840
1840
1840
1936
1520
1552
1584
1616
1648
1648
1646
1742
1742
1742
1843
1843
1843
1843
1939
1522
1555
1587
1611
1643
1643
1643
1739
1739
1739
1835
1835
1835
1835
1931
1931
1514
1547
1547
1579
1611
1643
1643
1643
1739
1739
1739
1835
1835
1835
1835
1928
1928
1512
1544
1576
1608
1640
1640
1640
1736
1734
1755
1851
1851
1856
1535
1567
1599
1599
1631
1663
1647
1647
1744
1744
1744
1840
1840
1840
1936
1519
1551
1583
1615
1647
1647
1647
1743
1743
1743
1839
1839
1839
1935
1519
1551
1583
1615
1647
1647
1642
1738
1738
1738
1834
1834
1834
1930
1514
1546
1578
1606
1638
1638
1642
1739
1739
1739
1835
1835
1835
1931
1514
1546
1578
1610
1642
1642
1642
1738
1738
1738
1834
1834
1834
1930
1930
1514
1546
1578
1610
1642
1642
1642
1738
1738
1738
1834
1832
1832
1928
1928
1928
1512
1544
1576
1608
1640
1638
1734
1734
1734
1734
1830
1834
1834
1930
1930
1514
1546
1578
1631
1663
1673
1673
1770
1770
1770
1866
1866
1866
1545
1578
1610
1642
1674
1674
1674
1754
1746
1746
1841
1841
1839
1952
1536
1568
1597
1629
1661
1661
1757
1757
1756
1836
1836
1836
1930
1514
1546
1578
1610
1642
1642
1646
1742
1742
1742
1838
1838
1838
1934
1518
1550
1582
1614
1646
1646
1646
1741
1741
1741
1837
1837
1837
1933
1517
1549
1581
1613
1645
1645
1741
1741
1737
1833
1833
1830
1926
1926
1926
1510
1542
1574
1606
1638
1638
1636
1732
1732
1732
1828
1828
1828
1929
1929
1505
1505
1577
1577
1577
1429
1369
