1228
1228
1228
1228
1228
1228
1253
1253
1253
1253
1251
1251
1251
1251
1251
1251
1235
1235
1235
1251
1248
1248
1248
1253
1253
1253
1253
1253
1253
1237
1237
1237
1237
1237
1237
1237
1236
1236
1236
1236
1236
1236
1236
1236
1236
1236
1236
1236
1236
1236
1236
1236
1236
1236
1236
1236
1236
1236
1236
1234
1234
1234
1234
1234
1234
1234
1230
1230
1230
1219
1219
1219
1219
1224
1224
1224
1224
1224
1224
1224
1224
1224
1224
1224
1224
1224
1224
1224
1224
1224
1224
1224
1224
1224
1224
1224
1224
1224
1224
1224
1224
1224
1224
1224
1224
1224
1224
1224
1224
1221
1221
1221
1221
1221
1221
1221
1221
1221
1221
1219
1219
1219
1219
1224
1224
1224
1224
1224
1224
1224
1224
1224
1224
1224
1235
1235
1235
1242
1262
1282
1292
1349
1349
1370
1394
1426
1458
1458
1458
1466
1466
1466
1658
1465
1473
1473
1473
1505
1505
1518
1550
1550
1550
1549
1555
1555
1557
1557
1559
1557
1559
1559
1563
1568
1570
1570
1572
1573
1589
1589
1589
1589
1589
1621
1621
1621
1621
1621
1717
1717
1717
1826
1826
1826
1826
1810
1907
2459
2459
2459
2459
2459
2459
2043
2075
2107
2139
2171
2171
2168
2264
2264
2264
2360
2360
2456
2554
2554
2554
2184
2216
2248
2280
2285
2285
2381
2381
2381
2477
2461
2573
2573
2573
2157
2189
2221
2253
2285
2285
2285
2365
2353
2449
2449
2449
2545
2545
2545
2545
2128
2192
2224
2256
2256
2273
2369
2369
2369
2465
2462
2462
2558
2558
2558
2126
2158
2190
2254
2254
2252
2348
2348
2344
2445
2444
2444
2540
2540
2540
2124
2156
2188
2220
2252
2252
2348
2348
2348
2444
2444
2444
2540
2540
2540
2141
2173
2205
2237
2269
2269
2365
2365
2365
2461
2445
2445
2541
2541
2541
2122
2154
2186
2250
2250
2249
2345
2345
2345
2441
2439
2535
2535
2535
2540
2124
2156
2204
2236
2268
2268
2365
2365
2365
2461
2461
2557
2557
2557
2557
2140
2173
2221
2253
2253
2253
2349
2348
2348
2444
2444
2540
2540
2540
2307
2156
2188
2220
2252
2252
2249
2345
2345
2345
2441
2441
2537
2537
2537
2537
2119
2151
2183
2237
2269
2269
2365
2365
2365
2461
2461
2461
2557
2541
2541
2125
2157
2189
2221
2253
2252
2349
2349
2348
2444
2444
2444
2540
2540
2540
2124
2156
2188
2220
2252
2252
2348
2348
2348
2444
2441
2441
2537
2537
2537
2121
2153
2185
2217
2249
2247
2247
2343
2340
2436
2436
2436
2532
2532
2532
2116
2148
2180
2212
2244
2244
2244
2340
2340
2436
2436
2436
2532
2532
2532
2532
2116
2148
2180
2244
2244
2244
2340
2340
2340
2436
2436
2532
2532
2532
2529
2113
2177
2209
2254
2254
2254
2350
2350
2350
2444
2444
2540
2544
2544
2128
2160
2192
2224
2256
2256
2256
2352
2352
2352
2448
2448
2544
2544
2544
2544
2128
2160
2192
2256
2250
2250
2346
2346
2346
2442
2442
2442
2538
2538
2538
2128
2160
2192
2256
2255
2255
2351
2351
2351
2447
2435
2435
2531
2531
2529
2113
2145
2181
2213
2245
2245
2341
2341
2341
2437
2437
2437
2533
2533
2533
2117
2149
2181
2213
2245
2245
2341
2341
2341
2437
2437
2437
2533
2533
2533
2117
2179
2211
2243
2275
2275
2275
2371
2371
2368
2464
2448
2544
2544
2544
2544
2128
2160
2224
2254
2254
2253
2353
2353
2353
2449
2449
2545
2545
2545
2545
2129
2193
2225
2257
2257
2257
2353
2353
2353
2449
2449
2449
2545
2545
2545
2129
2193
2225
2257
2257
2245
2341
2341
2341
2437
2437
2533
2533
2531
2531
2115
2147
2179
2211
2243
2243
2339
2339
2337
2433
2433
2437
2533
2533
2533
2117
2149
2181
2213
2245
2245
2341
2341
2341
2437
2437
2437
2533
2533
2533
2117
2149
2181
2213
2245
2245
2245
2341
2341
2341
2437
2437
2437
2533
2533
2533
2117
2149
2179
2211
2243
2243
2339
2338
2338
2455
2455
2455
2548
2548
2548
2137
2169
2201
2237
2270
2270
2270
2366
2366
2462
2462
2462
2558
2542
2541
2557
2141
2173
2205
2237
2269
2269
2365
2365
2365
2445
2445
2445
2541
2541
2541
2125
2157
2189
2221
2252
2252
2346
2346
2346
2442
2442
2442
2538
2538
2538
2122
2152
2184
2216
2252
2252
2348
2361
2361
2457
2457
2457
2553
2553
2553
2129
2129
2185
2185
2185
2145
2177
2209
2209
2209
2209
2401
2120
2152
2184
2216
2248
2248
2248
2344
2344
2344
2440
2440
2440
2536
2534
2534
2534
2534
2534
2134
2166
2198
2262
2262
2260
2356
2356
2361
2457
2441
2441
2537
2537
2537
2121
2153
2185
2217
2249
2248
2344
2344
2344
2440
2440
2440
2536
2536
2536
2120
2152
2184
2216
2248
2248
2248
2344
2344
2344
2440
2440
2440
2536
2536
2533
2117
2149
2181
2213
2241
2241
2338
2338
2338
2432
2432
2432
2532
2532
2532
2532
2116
2148
2212
2244
2244
2244
2340
2340
2340
2436
2436
2436
2532
2532
2532
2116
2148
2180
2212
2244
2244
2244
2340
2340
2340
2436
2436
2532
2532
2532
2532
2116
2148
2177
2209
2241
2241
2337
2337
2337
2433
2433
2433
2527
2527
2527
2115
2148
2180
2212
2244
2244
2244
2340
2340
2340
2436
2436
2436
2532
2532
2553
2136
2168
2201
2233
2265
2265
2361
2361
2361
2441
2441
2441
2537
2537
2537
2553
2169
2201
2233
2264
2264
2269
2365
2365
2365
2445
2445
2445
2541
2541
2541
2122
2155
2187
2223
2276
2276
2385
2385
2385
2483
2483
2483
2579
2579
2563
2147
2179
2211
2243
2275
2275
2275
2371
2370
2370
2466
2466
2562
2562
2562
2561
2144
2177
2241
2273
2273
2273
2369
2369
2369
2455
2455
2551
2551
2551
2551
2135
2167
2199
2231
2261
2261
2382
2382
2382
2478
2478
2478
2574
2562
2561
2145
2177
2209
2241
2273
2273
2273
2369
2369
2449
2449
2461
2557
2557
2557
2140
2172
2204
2236
2285
2285
2285
2382
2382
2478
2478
2478
2574
2573
2554
2138
2170
2202
2234
2266
2267
2363
2363
2363
2456
2456
2460
2556
2556
2556
2140
2172
2204
2236
2268
2268
2356
2356
2356
2452
2452
2452
2548
2548
2548
2132
2152
2184
2216
2248
2248
2248
2344
2344
2340
2436
2436
2436
2532
2532
2532
2116
2148
2212
2241
2241
2241
2338
2338
2338
2434
2434
2434
2530
2527
2527
2116
2177
2209
2241
2273
2273
2369
2369
2369
2465
2465
2449
2545
2545
2545
2129
2161
2193
2225
2257
2257
2352
2352
2352
2448
2448
2448
2544
2544
2544
2127
2160
2192
2224
2256
2256
2352
2352
2349
2445
2445
2445
2541
2541
2541
2125
2157
2189
2219
2251
2256
2340
2340
2340
2436
2436
2436
2532
2541
2557
2141
2173
2205
2237
2269
2269
2269
2365
2365
2365
2461
2461
2557
2557
2557
2557
2125
2189
2220
2252
2252
2252
2348
2348
2348
2444
2444
2441
2537
2537
2537
2121
2153
2185
2217
2249
2249
2360
2360
2360
2460
2460
2460
2556
2556
2556
2140
2156
2188
2220
2252
2252
2252
2348
2348
2461
2461
2461
2557
2557
2557
2557
2140
2205
2237
2253
2253
2252
2348
2348
2348
2444
2444
2444
2540
2540
2540
2121
2153
2185
2217
2249
2249
2345
2345
2345
2441
2439
2439
2535
2540
2540
2124
2156
2188
2220
2252
2252
2348
2348
2348
2444
2444
2444
2540
2532
2532
2116
2148
2180
2212
2244
2244
2340
2340
2340
2436
2436
2436
2532
2532
2532
2116
2148
2180
2212
2244
2241
2337
2337
2337
2433
2433
2433
2529
2529
2529
2111
2143
2175
2212
2244
2244
2340
2340
2340
2436
2457
2457
2553
2553
2553
2137
2169
2201
2233
2265
2249
2249
2345
2345
2345
2441
2441
2537
2537
2537
2112
2112
2120
2144
2208
2208
2208
2208
2208
2208
2117
2149
2181
2213
2245
2245
2270
2367
2367
2367
2460
2461
2461
2561
2561
2561
2561
2561
2561
2145
2209
2225
2257
2257
2257
2353
2352
2352
2448
2465
2465
2561
2561
2561
2145
2177
2209
2241
2273
2257
2353
2353
2353
2449
2449
2449
2545
2545
2545
2128
2157
2189
2221
2270
2270
2270
2366
2366
2366
2462
2460
2556
2556
2545
2545
2128
2176
2240
2272
2272
2272
2369
2369
2368
2464
2464
2448
2544
2544
2544
2128
2160
2192
2220
2252
2252
2348
2348
2348
2444
2444
2444
2540
2540
2540
2540
2156
2188
2220
2252
2249
2249
2345
2345
2345
2441
2441
2463
2559
2559
2556
2140
2172
2209
2241
2273
2273
2257
2353
2353
2449
2449
2449
2561
2561
2561
2329
2177
2209
2241
2273
2273
2273
2353
2353
2353
2449
2448
2448
2544
2544
2544
2128
2160
2192
2224
2256
2256
2352
2352
2349
2445
2445
2445
2541
2541
2541
2125
2157
2189
2219
2251
2251
2344
2344
2344
2440
2440
2440
2536
2536
2536
2208
2148
2180
2212
2244
2244
2244
2340
2340
2340
2436
2436
2436
2532
2557
2557
2141
2173
2205
2269
2269
2269
2365
2365
2349
2445
2445
2445
2538
2538
2538
2122
2154
2186
2249
2249
2249
2345
2343
2343
2444
2444
2444
2540
2540
2557
2141
2173
2205
2237
2269
2269
2365
2365
2365
2445
2445
2445
2541
2541
2541
2125
2157
2189
2221
2252
2268
2365
2365
2365
2461
2461
2461
2557
2557
2557
2124
2173
2202
2234
2266
2266
2266
2362
2362
2362
2458
2442
2536
2536
2541
2541
2157
2189
2221
2253
2252
2252
2348
2348
2348
2444
2444
2444
2540
2540
2540
2124
2156
2188
2220
2252
2252
2348
2348
2348
2444
2444
2465
2561
2561
2561
2145
2177
2209
2241
2273
2273
2255
2351
2351
2447
2447
2447
2543
2543
2543
2127
2172
2204
2241
2273
2273
2273
2369
2369
2465
2465
2464
2560
2560
2560
2144
2176
2192
2224
2256
2256
2256
2352
2352
2352
2448
2448
2448
2544
2544
2544
2127
2160
2192
2224
2256
2256
2352
2352
2352
2448
2441
2441
2537
2537
2537
2121
2153
2185
2217
2249
2247
2343
2348
2348
2444
2444
2436
2532
2532
2532
2116
2148
2180
2212
2244
2244
2340
2340
2361
2457
2457
2457
2553
2553
2553
2136
2168
2200
2216
2248
2248
2248
2345
2345
2345
2441
2441
2537
2536
2536
2533
2149
2181
2213
2245
2245
2245
2341
2341
2341
2435
2435
2440
2536
2536
2536
2120
2152
2184
2216
2248
2248
2248
2344
2360
2456
2456
2456
2552
2552
2552
2552
2141
2191
2207
2239
2271
2271
2368
2368
2368
2464
2464
2464
2551
2551
2551
2135
2167
2199
2249
2281
2278
2374
2374
2374
2470
2470
2470
2566
2548
2548
2135
2167
2199
2256
2288
2288
2384
2384
2384
2480
2480
2480
2576
2560
2560
2144
2192
2224
2255
2287
2287
2383
2377
2377
2473
2473
2457
2569
2569
2570
2154
2186
2218
2250
2282
2282
2282
2362
2361
2361
2457
2457
2457
2553
2553
2553
2169
2201
2229
2261
2265
2265
2361
2361
2361
2457
2457
2457
2553
2553
2553
2136
2168
2188
2220
2252
2252
2349
2348
2348
2444
2444
2461
2557
2557
2557
2141
2173
2205
2237
2269
2269
2349
2349
2349
2445
2473
2473
2567
2567
2567
2143
2143
2175
2207
2239
2239
2239
2236
2236
2153
2185
2217
2249
2281
2265
2265
2361
2361
2361
2457
2457
2456
2552
2552
2552
2552
2552
2136
2168
2200
2249
2281
2281
2377
2377
2377
2473
2473
2473
2569
2553
2553
2136
2168
2200
2232
2272
2270
2366
2366
2366
2462
2462
2462
2558
2558
2558
2140
2172
2208
2240
2272
2272
2368
2368
2368
2464
2464
2464
2560
2544
2544
2128
2160
2192
2224
2256
2256
2256
2352
2352
2448
2448
2448
2544
2544
2544
2128
2160
2192
2220
2252
2252
2252
2348
2348
2348
2441
2441
2537
2537
2537
2537
2121
2153
2185
2249
2247
2252
2348
2348
2365
2461
2461
2461
2557
2557
2557
2140
2173
2205
2221
2253
2253
2349
2349
2349
2445
2445
2445
2540
2540
2540
2124
2156
2188
2220
2252
2252
2252
2348
2348
2444
2444
2444
2540
2540
2537
2121
2153
2185
2217
2249
2266
2266
2362
2362
2360
2460
2460
2556
2556
2556
2468
2156
2188
2220
2252
2252
2252
2348
2348
2364
2460
2460
2556
2557
2557
2557
2140
2172
2204
2252
2252
2252
2348
2348
2348
2469
2469
2469
2565
2565
2565
2149
2181
2213
2274
2258
2258
2355
2355
2355
2451
2451
2451
2547
2544
2548
2132
2164
2196
2260
2260
2260
2356
2356
2356
2452
2452
2452
2548
2548
2548
2132
2164
2196
2228
2260
2260
2356
2356
2373
2469
2469
2469
2565
2565
2565
2148
2180
2212
2220
2252
2252
2349
2349
2346
2442
2442
2461
2557
2559
2559
2142
2175
2207
2237
2273
2273
2369
2369
2369
2457
2457
2457
2553
2553
2553
2137
2166
2198
2230
2262
2262
2262
2358
2358
2454
2454
2452
2549
2545
2545
2149
2181
2213
2245
2277
2277
2373
2373
2373
2469
2453
2453
2547
2547
2547
2131
2163
2195
2220
2252
2251
2251
2345
2345
2445
2445
2445
2541
2541
2541
2125
2157
2189
2221
2278
2278
2278
2374
2374
2470
2470
2470
2566
2566
2550
2334
2182
2214
2246
2278
2278
2278
2374
2374
2374
2454
2454
2454
2550
2550
2550
2134
2163
2195
2226
2258
2258
2355
2355
2355
2451
2451
2448
2544
2549
2549
2133
2165
2197
2229
2261
2261
2357
2357
2357
2453
2453
2453
2549
2570
2570
2154
2186
2218
2250
2282
2282
2378
2378
2382
2478
2478
2478
2574
2574
2574
2158
2190
2222
2238
2270
2270
2267
2363
2363
2459
2459
2459
2555
2554
2554
2138
2168
2200
2237
2269
2269
2269
2365
2365
2461
2461
2461
2574
2574
2574
2574
2158
2190
2222
2286
2286
2286
2366
2366
2366
2478
2478
2478
2574
2574
2574
2158
2190
2222
2254
2270
2270
2366
2362
2362
2458
2455
2455
2551
2551
2551
2134
2166
2198
2230
2262
2260
2260
2361
2361
2457
2457
2478
2574
2574
2574
2470
2222
2254
2286
2318
2318
2302
2398
2398
2398
2494
2494
2494
2590
2590
2590
2172
2204
2236
2268
2300
2300
2396
2396
2396
2492
2492
2509
2605
2605
2602
2186
2218
2250
2282
2314
2314
2394
2394
2394
2488
2488
2492
2588
2588
2588
2172
2199
2231
2263
2267
2265
2265
2361
2361
2457
2457
2457
2553
2553
2553
2137
2169
2201
2233
2265
2265
2265
2361
2361
2457
2457
2457
2553
2553
2553
2137
2161
2193
2225
2254
2254
2254
2351
2351
2447
2447
2447
2543
2543
2541
2116
2121
2154
2210
2242
2242
2242
2242
2242
2434
2154
2186
2202
2234
2282
2282
2282
2378
2378
2378
2378
2474
2474
2474
2554
2554
2554
2554
2554
2554
2137
2170
2201
2233
2281
2281
2378
2378
2378
2471
2471
2471
2567
2567
2551
2135
2167
2199
2231
2261
2261
2265
2362
2362
2361
2457
2457
2553
2553
2553
2553
2137
2186
2218
2250
2282
2282
2378
2378
2378
2474
2474
2458
2554
2554
2554
2138
2170
2202
2234
2266
2266
2265
2361
2361
2361
2457
2457
2457
2551
2551
2551
2134
2166
2198
2230
2262
2279
2279
2373
2373
2378
2474
2474
2570
2570
2570
2554
2137
2169
2201
2233
2265
2265
2362
2362
2362
2457
2457
2457
2553
2553
2549
2133
2165
2197
2229
2261
2261
2261
2357
2357
2357
2453
2453
2566
2566
2566
2526
2179
2211
2243
2275
2275
2275
2355
2355
2355
2451
2449
2545
2550
2550
2550
2133
2165
2197
2261
2261
2261
2357
2378
2378
2474
2474
2474
2570
2570
2570
2154
2186
2202
2234
2282
2282
2378
2378
2378
2474
2474
2474
2570
2570
2554
2154
2186
2218
2250
2282
2279
2375
2375
2375
2471
2455
2456
2552
2552
2552
2133
2170
2201
2233
2265
2265
2265
2361
2361
2457
2457
2457
2553
2553
2553
2129
2169
2201
2233
2265
2265
2265
2361
2361
2361
2457
2457
2553
2553
2553
2553
2137
2201
2233
2257
2257
2257
2353
2353
2353
2446
2446
2446
2542
2542
2543
2151
2183
2215
2247
2277
2282
2378
2378
2378
2474
2458
2458
2554
2554
2554
2138
2170
2202
2234
2266
2265
2361
2361
2361
2457
2474
2474
2570
2570
2570
2153
2185
2218
2290
2290
2290
2386
2386
2386
2482
2482
2482
2578
2562
2560
2142
2206
2238
2270
2270
2270
2367
2367
2367
2460
2465
2561
2561
2561
2137
2177
2209
2241
2273
2273
2273
2369
2369
2369
2465
2465
2465
2561
2561
2561
2145
2177
2209
2241
2273
2273
2369
2353
2353
2449
2449
2449
2545
2545
2545
2129
2161
2193
2225
2254
2254
2254
2350
2350
2446
2476
2476
2572
2572
2570
2158
2190
2222
2254
2286
2286
2286
2382
2382
2382
2478
2478
2574
2558
2558
2557
2173
2205
2237
2269
2269
2269
2365
2365
2365
2461
2461
2557
2557
2557
2141
2173
2205
2237
2269
2269
2269
2365
2365
2458
2458
2458
2554
2554
2555
2130
2170
2202
2234
2264
2269
2269
2365
2353
2374
2470
2470
2470
2566
2566
2566
2150
2182
2214
2230
2262
2262
2358
2358
2358
2454
2454
2454
2550
2549
2549
2133
2165
2197
2261
2261
2261
2357
2357
2357
2453
2453
2453
2549
2546
2546
2130
2162
2194
2243
2275
2275
2371
2371
2369
2470
2470
2470
2566
2550
2550
2134
2166
2198
2262
2262
2262
2358
2358
2357
2453
2453
2453
2549
2549
2549
2133
2165
2229
2261
2261
2261
2357
2357
2357
2453
2453
2453
2549
2549
2549
2133
2197
2229
2259
2259
2259
2355
2355
2376
2472
2472
2472
2568
2565
2570
2186
2218
2250
2282
2282
2282
2378
2378
2378
2474
2474
2570
2570
2553
2553
2137
2169
2201
2233
2265
2265
2361
2361
2361
2457
2457
2457
2553
2553
2553
2137
2169
2217
2249
2281
2281
2281
2378
2375
2471
2471
2471
2551
2551
2551
2135
2167
2199
2229
2261
2261
2261
2357
2357
2453
2453
2453
2549
2549
2549
2549
2125
2125
2157
2189
2221
2221
2221
2221
2430
2149
2182
2214
2278
2278
2278
2374
2374
2374
2454
2454
2454
2550
2550
2550
2550
2550
2133
2187
2219
2251
2283
2283
2380
2380
2380
2476
2476
2458
2557
2557
2557
2141
2173
2205
2237
2269
2269
2365
2365
2365
2461
2461
2461
2557
2557
2557
2141
2173
2205
2237
2269
2269
2365
2365
2365
2461
2461
2461
2557
2557
2557
2141
2173
2205
2237
2269
2269
2254
2350
2350
2350
2446
2447
2543
2543
2543
2126
2161
2193
2246
2278
2278
2278
2374
2374
2374
2470
2470
2470
2550
2550
2550
2134
2166
2198
2262
2262
2262
2358
2357
2357
2453
2453
2453
2549
2549
2549
2133
2165
2197
2229
2261
2261
2357
2357
2357
2453
2451
2451
2547
2547
2547
2130
2162
2194
2226
2258
2261
2357
2353
2353
2449
2449
2449
2545
2545
2545
2129
2161
2214
2246
2278
2278
2278
2374
2374
2374
2470
2470
2550
2550
2550
2558
2182
2214
2246
2278
2278
2278
2374
2374
2374
2454
2454
2550
2550
2547
2123
2163
2194
2226
2258
2258
2258
2355
2355
2352
2453
2453
2549
2549
2549
2549
2133
2165
2229
2261
2261
2261
2357
2357
2357
2453
2453
2453
2549
2549
2549
2133
2165
2197
2261
2257
2257
2353
2353
2353
2449
2449
2545
2545
2545
2545
2161
2193
2225
2254
2254
2254
2351
2351
2351
2447
2447
2543
2543
2541
2545
2129
2161
2193
2225
2257
2257
2353
2353
2353
2449
2449
2449
2545
2545
2545
2129
2161
2193
2225
2257
2257
2353
2353
2353
2449
2449
2449
2545
2545
2545
2129
2161
2218
2250
2282
2282
2378
2378
2376
2472
2472
2472
2552
2552
2552
2136
2168
2200
2229
2266
2266
2362
2361
2361
2457
2457
2457
2553
2553
2553
2137
2169
2201
2233
2265
2265
2265
2361
2361
2457
2457
2478
2574
2574
2574
2158
2190
2222
2254
2286
2286
2286
2382
2382
2382
2478
2478
2574
2572
2572
2147
2187
2219
2251
2283
2283
2267
2363
2361
2366
2462
2461
2557
2557
2557
2453
2173
2205
2237
2269
2269
2269
2365
2365
2365
2461
2461
2461
2557
2557
2557
2141
2173
2205
2237
2269
2269
2365
2365
2365
2461
2453
2453
2549
2549
2549
2129
2193
2222
2254
2254
2254
2350
2350
2350
2446
2446
2542
2540
2545
2129
2161
2193
2225
2257
2257
2257
2353
2353
2353
2449
2449
2545
2545
2545
2121
2161
2193
2225
2257
2257
2257
2382
2382
2382
2478
2478
2574
2574
2574
2158
2190
2206
2238
2270
2270
2270
2382
2380
2476
2476
2476
2571
2572
2572
2572
2171
2219
2249
2286
2286
2286
2382
2382
2382
2478
2478
2558
2558
2558
2342
2190
2221
2253
2285
2286
2286
2382
2382
2382
2478
2478
2574
2574
2574
2158
2190
2222
2254
2286
2286
2270
2361
2361
2361
2457
2457
2553
2550
2550
2550
2134
2167
2215
2247
2279
2279
2375
2373
2378
2474
2474
2474
2554
2554
2554
2138
2170
2202
2234
2266
2266
2361
2361
2361
2457
2457
2457
2553
2553
2553
2131
2163
2195
2227
2259
2259
2355
2355
2355
2451
2451
2451
2564
2564
2564
2148
2180
2209
2241
2273
2279
2375
2355
2355
2467
2467
2467
2565
2566
2566
2149
2181
2213
2245
2261
2282
2378
2378
2378
2474
2474
2474
2570
2570
2570
2130
2130
2138
2194
2226
2226
2226
2225
2225
2137
2169
2201
2233
2265
2265
2265
2361
2361
2361
2457
2457
2553
2550
2550
2550
2550
2550
2134
2166
2198
2230
2262
2265
2361
2361
2361
2457
2457
2457
2553
2545
2545
2129
2161
2193
2225
2257
2257
2257
2353
2353
2353
2449
2449
2545
2550
2566
2494
2182
2214
2246
2278
2278
2278
2374
2386
2386
2482
2482
2482
2578
2578
2576
2160
2192
2239
2271
2271
2271
2367
2367
2367
2466
2466
2466
2561
2561
2561
2145
2177
2209
2241
2273
2273
2369
2369
2369
2465
2465
2465
2578
2578
2578
2162
2194
2226
2258
2290
2290
2386
2370
2370
2466
2466
2466
2562
2562
2562
2146
2178
2201
2233
2262
2262
2262
2358
2358
2358
2454
2454
2550
2550
2553
2137
2181
2213
2245
2277
2277
2277
2374
2374
2373
2469
2470
2566
2566
2566
2566
2149
2182
2214
2278
2278
2258
2354
2354
2354
2450
2450
2450
2546
2546
2546
2129
2161
2193
2225
2257
2257
2353
2353
2350
2446
2446
2446
2542
2542
2542
2126
2158
2190
2225
2257
2257
2353
2378
2378
2474
2474
2474
2570
2570
2570
2154
2186
2202
2234
2266
2266
2362
2362
2362
2458
2458
2458
2553
2553
2553
2137
2169
2201
2250
2282
2282
2378
2378
2378
2474
2474
2474
2568
2568
2568
2151
2183
2215
2279
2279
2279
2376
2357
2361
2457
2457
2457
2553
2553
2553
2137
2169
2201
2233
2265
2265
2265
2361
2361
2457
2457
2457
2553
2553
2553
2553
2137
2186
2218
2250
2282
2282
2378
2378
2378
2474
2474
2546
2546
2546
2546
2129
2159
2191
2255
2255
2255
2351
2351
2351
2447
2447
2444
2545
2545
2545
2129
2161
2193
2225
2257
2257
2353
2353
2353
2449
2449
2449
2545
2545
2545
2129
2161
2193
2257
2257
2257
2370
2370
2370
2466
2466
2466
2562
2562
2562
2146
2162
2194
2226
2258
2258
2351
2351
2351
2447
2447
2446
2542
2542
2542
2126
2161
2193
2225
2257
2257
2353
2353
2353
2449
2449
2449
2545
2545
2545
2129
2161
2193
2257
2257
2273
2370
2370
2370
2466
2466
2466
2562
2562
2562
2129
2161
2193
2225
2257
2258
2354
2354
2354
2450
2449
2446
2542
2542
2542
2126
2158
2207
2239
2271
2271
2370
2370
2370
2466
2466
2466
2546
2546
2546
2129
2161
2193
2225
2257
2258
2354
2353
2353
2449
2449
2449
2545
2545
2545
2129
2161
2193
2225
2257
2257
2257
2353
2353
2449
2449
2449
2545
2545
2545
2129
2158
2190
2222
2254
2254
2254
2346
2346
2442
2442
2445
2541
2541
2541
2125
2157
2189
2221
2253
2253
2253
2349
2349
2349
2445
2445
2541
2541
2541
2437
2157
2189
2221
2253
2253
2253
2349
2349
2349
2445
2445
2541
2541
2541
2213
2157
2189
2221
2253
2253
2250
2346
2346
2346
2443
2443
2539
2539
2539
2539
2125
2157
2221
2253
2253
2253
2349
2349
2349
2445
2445
2445
2541
2541
2541
2125
2157
2189
2221
2253
2253
2349
2349
2349
2445
2445
2445
2541
2541
2541
2125
2157
2189
2253
2253
2253
2349
2349
2349
2445
2442
2442
2538
2538
2538
2122
2154
2186
2218
2250
2253
2349
2349
2349
2445
2445
2445
2541
2541
2541
2125
2157
2189
2253
2253
2253
2349
2349
2370
2466
2466
2466
2562
2562
2562
2138
2138
2170
2186
2242
2242
2242
2242
2146
2186
2218
2250
2282
2282
2266
2360
2376
2376
2472
2472
2568
2568
2568
2568
2568
2570
2170
2202
2234
2266
2266
2266
2362
2361
2361
2457
2457
2553
2553
2553
2553
2137
2169
2201
2233
2265
2265
2361
2361
2361
2457
2457
2457
2553
2553
2551
2134
2167
2199
2231
2263
2263
2263
2359
2355
2448
2440
2440
2536
2536
2536
2120
2152
2184
2216
2253
2253
2253
2349
2349
2349
2445
2445
2445
2541
2541
2541
2125
2157
2189
2221
2253
2253
2349
2349
2349
2445
2445
2445
2541
2541
2541
2125
2157
2189
2218
2250
2250
2347
2351
2367
2463
2463
2463
2559
2557
2557
2141
2173
2205
2237
2269
2269
2269
2349
2354
2354
2450
2450
2545
2545
2545
2545
2129
2161
2193
2250
2282
2282
2378
2378
2378
2474
2474
2474
2570
2554
2570
2154
2186
2218
2250
2282
2282
2378
2376
2376
2456
2456
2456
2552
2552
2552
2136
2168
2213
2245
2277
2277
2277
2373
2373
2469
2469
2474
2554
2570
2570
2154
2186
2218
2250
2282
2282
2282
2378
2361
2457
2457
2457
2553
2553
2553
2137
2169
2201
2229
2261
2261
2261
2357
2357
2453
2453
2453
2546
2546
2546
2147
2179
2211
2243
2275
2275
2275
2369
2369
2465
2449
2449
2545
2545
2545
2129
2166
2198
2230
2262
2261
2261
2357
2357
2453
2453
2453
2549
2549
2549
2133
2165
2197
2229
2261
2261
2261
2357
2357
2453
2470
2470
2566
2566
2566
2149
2182
2211
2243
2275
2255
2255
2351
2351
2447
2447
2447
2541
2541
2541
2124
2156
2218
2250
2282
2282
2286
2382
2382
2382
2478
2478
2574
2574
2574
2574
2158
2174
2206
2238
2286
2286
2382
2382
2382
2478
2478
2478
2574
2574
2558
2142
2173
2222
2254
2286
2286
2283
2379
2379
2475
2475
2475
2555
2555
2555
2139
2169
2201
2233
2265
2265
2265
2361
2361
2457
2461
2461
2557
2557
2557
2413
2150
2182
2214
2246
2278
2278
2374
2374
2374
2470
2454
2550
2550
2550
2550
2134
2166
2230
2262
2262
2261
2357
2357
2357
2450
2450
2546
2546
2546
2546
2130
2194
2226
2258
2256
2256
2352
2352
2369
2465
2465
2465
2561
2561
2566
2149
2181
2245
2261
2261
2261
2358
2358
2358
2453
2453
2549
2549
2549
2549
2161
2193
2225
2257
2257
2257
2353
2353
2353
2449
2449
2449
2545
2545
2542
2126
2158
2190
2222
2254
2254
2350
2350
2350
2444
2444
2444
2540
2536
2536
2120
2152
2184
2216
2253
2253
2349
2349
2349
2445
2445
2445
2541
2541
2541
2125
2157
2189
2221
2253
2253
2349
2349
2349
2445
2445
2445
2541
2541
2541
2125
2157
2189
2253
2250
2250
2346
2346
2346
2442
2442
2442
2538
2538
2536
2120
2152
2184
2216
2248
2248
2344
2344
2344
2445
2445
2445
2541
2541
2541
2125
2157
2189
2221
2253
2253
2253
2349
2349
2445
2445
2445
2541
2541
2541
2125
2157
2189
2221
2253
2253
2253
2378
2378
2376
2472
2472
2568
2568
2568
2336
2184
2199
2231
2261
2261
2261
2357
2357
2374
2470
2470
2566
2566
2570
2570
2154
2186
2218
2234
2266
2266
2361
2361
2361
2457
2457
2457
2553
2553
2553
2137
2169
2201
2233
2265
2265
2378
2378
2378
2474
2474
2470
2566
2563
2563
2139
2139
1343
1343
1343
1343
1327
1327
1325
1325
1325
1324
1324
1324
1324
1324
1324
1329
1329
1329
1329
1329
1329
1329
1329
1329
1329
1329
1329
1329
1329
1329
1329
1329
1329
1329
1329
1329
1329
1329
1329
1329
1329
1329
1329
1329
1321
1321
1318
1318
1318
1318
1318
1318
1318
1318
1318
1318
1316
1316
1316
1316
1316
1316
1316
1316
1316
1321
1321
1321
1321
1321
1321
1321
1346
1346
1346
1346
1346
1346
1346
1346
1346
1346
1330
1330
1330
1330
1330
1330
1330
1330
1330
1346
1346
1346
1346
1346
1343
1343
1343
1343
1343
1327
1326
1326
1326
1326
1324
1324
1324
1324
1324
1341
1341
1341
1341
1345
1345
1345
1345
1345
1345
1329
1329
1329
1329
1329
1329
1329
1329
1330
1330
1329
1329
1329
1329
1329
1329
1329
1329
1329
1329
1329
1329
1329
1329
1329
1326
1326
1326
1326
1326
1326
1326
1326
1326
1343
1341
1341
1341
1341
1341
1341
1341
1341
1341
1330
1330
1330
1329
1330
1330
1330
1330
1330
1330
1329
1329
1329
1329
1329
1329
1329
1329
1329
1329
1329
1329
1329
1329
1329
1329
1329
1329
1329
1329
1329
1326
1326
1326
1326
1326
1326
1326
1326
1318
1318
1316
1316
1316
1316
1316
1316
1341
1341
1341
1346
1346
1346
1346
1346
1346
1346
1330
1330
1330
1330
1330
1330
1330
1330
1330
1330
1329
1329
1329
1329
1329
1329
1329
1329
1329
1329
1329
1329
1329
1329
1326
1326
1326
1326
1326
1326
1347
1347
1347
1347
1345
1345
1345
1345
1345
1345
1329
1345
1345
1350
1350
1350
1350
1350
1350
1350
1350
1334
1334
1334
1334
1334
1334
1349
1349
1349
1349
1349
1349
1349
1333
1333
1333
1333
1333
1333
1333
1333
1333
1332
1329
1329
1329
1329
1313
1313
1313
1313
1313
1325
1328
1329
1329
1329
1325
1325
1325
1325
1325
1325
1325
1325
1325
1325
1325
1325
1321
1321
1321
1321
1321
1321
1321
1321
1321
1346
1346
1346
1346
1346
1343
1343
1343
1343
1343
1327
1327
1327
1327
1327
1325
1325
1325
1325
1325
1329
1329
1329
1329
1329
1329
1328
1328
1328
1328
1328
1328
1328
1328
1328
1328
1328
1328
1328
1328
1328
1328
1328
1328
1328
1328
1328
1328
1328
1328
1320
1320
1320
1320
1320
1317
1317
1317
1317
1317
1317
1317
1317
1317
1317
1315
1315
1315
1320
1320
1320
1320
1320
1345
1345
1345
1345
1345
1345
1345
1345
1345
1345
1329
1329
1329
1329
1330
1330
1330
1330
1330
1330
1329
1329
1329
1329
1329
1329
1329
1329
1329
1329
1329
1326
1326
1326
1326
1326
1326
1326
1326
1326
1326
1323
1323
1323
1328
1328
1328
1328
1345
1345
1345
1345
1345
1345
1345
1345
1345
1345
1345
1345
1345
1345
1345
1345
1345
1329
1329
1328
1328
1328
1328
1328
1328
1344
1344
1344
1344
1344
1344
1344
1344
1342
1342
1326
1326
1326
1326
1326
1326
1326
1326
1323
1323
1323
1328
1328
1328
1328
1328
1328
1328
1328
1328
1328
1328
1328
1328
1328
1328
1328
1328
1328
1328
1328
1328
1324
1324
1324
1324
1324
1324
1324
1324
1320
1320
1320
1320
1320
1320
1320
1320
1317
1317
1317
1317
1317
1317
1317
1317
1317
1317
1315
1315
1315
1320
1312
1281
1246
1232
1232
1232
