1291
1296
1299
1315
1331
1351
1372
1380
1380
1380
1412
1410
1447
1479
1479
1479
1479
1479
1485
1485
1487
1487
1487
1489
1489
1491
1491
1496
1492
1494
1494
1496
1496
1495
1495
1495
1495
1495
1495
1527
1527
1526
1526
1526
1622
1622
1622
1718
1718
1718
1732
1842
1860
1440
1472
1472
1504
1536
1568
1568
1568
1638
1643
1643
1739
1739
1739
1851
1851
1435
1466
1466
1498
1530
1530
1562
1562
1562
1658
1658
1658
1753
1753
1753
1849
1433
1433
1465
1497
1529
1529
1561
1561
1561
1657
1657
1657
1754
1754
1754
1838
1860
1436
1444
1476
1508
1508
1540
1572
1572
1572
1654
1654
1654
1654
1750
1750
1750
1846
1430
1462
1461
1493
1525
1525
1557
1557
1557
1653
1653
1653
1749
1749
1766
1862
1445
1445
1478
1510
1542
1542
1574
1574
1558
1654
1654
1654
1654
1750
1750
1750
1844
1419
1427
1459
1491
1491
1523
1523
1555
1555
1553
1649
1649
1649
1745
1745
1745
1841
1841
1425
1425
1457
1489
1521
1521
1553
1553
1553
1649
1649
1649
1745
1741
1741
1741
1421
1421
1453
1485
1517
1517
1549
1549
1549
1645
1645
1645
1741
1741
1741
1739
1835
1418
1451
1451
1483
1515
1515
1576
1576
1578
1674
1674
1674
1770
1770
1771
1771
1851
1427
1435
1467
1499
1499
1531
1531
1563
1563
1657
1657
1657
1657
1753
1753
1753
1849
1433
1465
1465
1497
1529
1529
1561
1561
1561
1657
1657
1657
1753
1753
1751
1751
1847
1430
1430
1462
1495
1527
1515
1547
1549
1549
1645
1645
1666
1762
1762
1762
1762
1858
1442
1442
1474
1506
1522
1522
1554
1554
1554
1650
1650
1650
1746
1746
1745
1745
1841
1425
1457
1457
1487
1519
1551
1551
1559
1559
1656
1656
1656
1752
1750
1750
1846
1846
1429
1429
1461
1493
1525
1525
1562
1562
1658
1658
1654
1654
1750
1750
1750
1846
1429
1461
1461
1493
1546
1578
1578
1578
1674
1674
1674
1770
1770
1770
1754
1850
1434
1434
1466
1498
1528
1528
1560
1560
1551
1647
1647
1647
1743
1743
1758
1854
1622
1438
1470
1470
1502
1534
1566
1566
1554
1650
1650
1650
1650
1746
1746
1746
1842
1426
1425
1457
1489
1521
1521
1553
1553
1553
1650
1650
1650
1746
1746
1746
1842
1842
1425
1457
1489
1489
1519
1551
1567
1567
1664
1664
1664
1760
1760
1760
1854
1429
1437
1469
1501
1501
1533
1565
1565
1549
1650
1650
1649
1745
1745
1745
1842
1842
1842
1425
1458
1458
1550
1582
1582
1614
1614
1710
1710
1710
1806
1807
1807
1903
1487
1519
1519
1551
1583
1615
1614
1614
1711
1711
1711
1807
1807
1807
1903
1481
1510
1510
1542
1583
1586
1618
1618
1621
1719
1719
1718
1830
1830
1830
1926
1510
1510
1542
1574
1606
1598
1630
1629
1629
1726
1726
1727
1823
1840
1840
1935
1519
1571
1573
1605
1637
1669
1669
1669
1765
1761
1761
1838
1838
1838
1934
1517
1550
1582
1613
1577
1609
1608
1598
1694
1694
1694
1790
1789
1789
1462
1470
1486
1518
1550
1550
1582
1582
1582
1695
1685
1685
1781
1781
1773
1444
1452
1485
1515
1547
1547
1579
1575
1575
1667
1668
1668
1764
1764
1860
1440
1440
1472
1504
1536
1552
1552
1552
1650
1649
1663
1759
1759
1759
1855
1439
1471
1471
1503
1535
1571
1571
1571
1667
1667
1667
1763
1763
1788
1884
1460
1467
1499
1531
1563
1563
1577
1577
1657
1657
1639
1735
1735
1735
1831
1415
1415
1447
1478
1510
1537
1537
1537
1659
1659
1659
1772
1772
1772
1868
1856
1440
1472
1456
1488
1520
1553
1553
1553
1705
1709
1710
1806
1804
1804
1900
1476
1395
1340
