1622
1622
1622
1622
1622
1622
1622
1622
1622
1622
1622
1622
1622
1622
1622
1622
1622
1622
1622
1622
1622
1622
1622
1622
1622
1622
1622
1622
1622
1622
1622
1622
1622
1622
1622
1622
1622
1622
1622
1622
1622
1622
1622
1622
1622
1622
1622
1622
1622
1622
1622
1622
1622
1622
1622
1622
1622
1622
1622
1622
1622
1622
1622
1622
1622
1622
1622
1622
1622
1622
1622
1622
1622
1622
1622
1622
1622
1622
1622
1622
1622
1622
1622
1622
1622
1622
1622
1622
1622
1622
1622
1622
1622
1622
1622
1622
1622
1622
1622
1622
1622
1622
1622
1622
1622
1622
1622
1622
1622
1622
1622
1622
1622
1622
1622
1622
1622
1622
1622
1622
1622
1622
1622
1622
1622
1622
1622
1622
1622
1622
1622
1622
1622
1622
1622
1622
1622
1622
1622
1622
1622
1622
1622
1622
1622
1622
1622
1622
1622
1622
1622
1622
1622
1622
1622
1622
1622
1622
1622
1622
1622
1622
1622
1622
1622
1622
1622
1622
1622
1622
1622
1622
1622
1622
1622
1622
1622
1622
1630
1632
1632
1637
1659
1675
1689
1727
1727
1727
1727
1727
1727
1727
1727
1727
1727
1727
1727
1849
1845
1845
1845
1845
1845
1845
1846
1846
1846
1846
1846
1846
1846
1846
1846
1847
1847
1847
2198
2198
2804
2804
2804
2804
2804
2804
2802
2802
2802
2802
2802
2802
2802
2803
2803
2803
2803
2803
2804
2804
2804
2804
2804
2804
2804
2802
2802
2802
2802
2802
2802
2802
2803
2803
2803
2803
2803
2804
2804
2804
2804
2804
2804
2804
2804
2802
2802
2802
2802
2802
2802
2803
2803
2803
2803
2804
2804
2804
2804
2804
2804
2804
2804
2802
2802
2809
2810
2810
2810
2810
2810
2811
2811
2811
2811
2811
2811
2811
2811
2811
2811
2810
2809
2809
2809
2810
2810
2810
2810
2810
2810
2811
2811
2811
2811
2811
2811
2811
2811
2811
2811
2809
2809
2809
2810
2810
2810
2810
2810
2810
2810
2811
2811
2811
2811
2804
2804
2803
2803
2803
2803
2802
2802
2802
2802
2802
2802
2802
2803
2803
2803
2803
2803
2803
2804
2804
2804
2804
2804
2804
2804
2802
2802
2802
2802
2802
2802
2802
2803
2803
2803
2803
2803
2804
2804
2804
2804
2804
2804
2804
2804
2802
2802
2802
2802
2802
2802
2802
2803
2803
2803
2803
2803
2804
2804
2804
2804
2804
2804
2804
2804
2802
2802
2802
2802
2802
2802
2802
2803
2803
2803
2803
2803
2804
2804
2804
2804
2804
2804
2804
2804
2802
2802
2802
2802
2802
2802
2802
2803
2803
2803
2803
2803
2804
2804
2804
2804
2804
2804
2804
2804
2802
2802
2802
2802
2802
2802
2802
2803
2803
2803
2803
2803
2804
2804
2804
2804
2804
2804
2804
2804
2802
2802
2802
2802
2802
2802
2802
2803
2803
2803
2803
2803
2804
2804
2804
2804
2804
2804
2804
2804
2802
2802
2802
2802
2802
2802
2802
2803
2803
2803
2803
2803
2804
2804
2804
2804
2804
2804
2804
2802
2802
2802
2802
2802
2802
2802
2803
2803
2803
2803
2803
2803
2804
2804
2804
2804
2804
2804
2804
2802
2802
2802
2802
2802
2802
2802
2803
2803
2803
2803
2803
2804
2804
2804
2804
2804
2804
2804
2804
2802
2802
2802
2802
2802
2802
2802
2803
2803
2803
2803
2803
2804
2804
2804
2804
2804
2804
2804
2804
2802
2802
2802
2802
2802
2802
2802
2803
2803
2803
2803
2803
2803
2804
2804
2804
2804
2804
2804
2804
2803
2802
2802
2802
2802
2802
2802
2803
2803
2803
2803
2803
2803
2804
2804
2804
2804
2804
2804
2804
2804
2802
2802
2802
2802
2802
2802
2802
2803
2803
2803
2803
2803
2804
2804
2804
2804
2804
2804
2804
2803
2802
2802
2802
2802
2802
2802
2802
2803
2803
2803
2803
2803
2804
2804
2804
2804
2804
2804
2804
2803
2802
2802
2802
2802
2802
2802
2803
2803
2803
2803
2803
2804
2804
2804
2804
2804
2804
2804
2804
2802
2802
2802
2802
2802
2802
2802
2803
2803
2803
2803
2803
2804
2804
2804
2804
2804
2804
2804
2804
2802
2802
2802
2802
2802
2802
2802
2803
2803
2803
2803
2803
2804
2804
2804
2804
2804
2804
2804
2804
2802
2802
2802
2802
2802
2802
2802
2803
2803
2803
2803
2803
2804
2804
2804
2804
2804
2804
2804
2802
2802
2802
2802
2802
2802
2802
2803
2803
2803
2803
2803
2804
2804
2804
2804
2804
2804
2804
2804
2802
2802
2802
2802
2802
2802
2802
2803
2803
2803
2803
2803
2804
2804
2804
2804
2804
2804
2804
2804
2802
2802
2802
2802
2802
2802
2802
2803
2803
2803
2803
2803
2804
2804
2804
2804
2804
2804
2804
2804
2802
2802
2802
2802
2802
2802
2802
2803
2803
2803
2803
2803
2804
2804
2804
2804
2804
2804
2804
2804
2802
2802
2802
2802
2802
2802
2802
2803
2803
2803
2803
2803
2804
2804
2804
2804
2804
2804
2804
2804
2802
2802
2802
2802
2802
2802
2802
2803
2803
2803
2803
2803
2804
2804
2804
2804
2804
2804
2804
2804
2802
2802
2802
2802
2802
2802
2802
2803
2803
2803
2803
2803
2804
2804
2804
2804
2804
2804
2804
2804
2802
2809
2809
2809
2810
2810
2810
2810
2810
2810
2811
2811
2811
2811
2811
2811
2811
2811
2811
2811
2809
2809
2809
2809
2810
2810
2810
2810
2810
2810
2811
2811
2811
2811
2811
2811
2811
2811
2811
2811
2809
2809
2809
2809
2810
2810
2810
2810
2810
2810
2811
2804
2804
2804
2804
2804
2804
2804
2804
2804
2802
2802
2802
2802
1677
