	Command being timed: "/var/tmp/ernie-stages0-768-v1/native/diagnostic/runner.snapshot --fixture /var/tmp/ernie-stages0-768-v1/native/diagnostic/oracle/fixture --tokens 2368 --output /var/tmp/ernie-stages0-768-v1/native/diagnostic/native/actual.f32 --backend vulkan --precision fp32 --policy stream --width 48 --height 48 --text-tokens 64 --trace-dir /var/tmp/ernie-stages0-768-v1/native/diagnostic/trace --threads 2 --host-weights --package /home/mingshi/Project/AI/ernie-image-ncnn-vulkan/models/turbo-shared-v2 --valid-text-tokens 15"
	User time (seconds): 18.34
	System time (seconds): 48.89
	Percent of CPU this job got: 72%
	Elapsed (wall clock) time (h:mm:ss or m:ss): 1:32.45
	Average shared text size (kbytes): 0
	Average unshared data size (kbytes): 0
	Average stack size (kbytes): 0
	Average total size (kbytes): 0
	Maximum resident set size (kbytes): 1425332
	Average resident set size (kbytes): 0
	Major (requiring I/O) page faults: 371
	Minor (reclaiming a frame) page faults: 23982318
	Voluntary context switches: 18029
	Involuntary context switches: 2164
	Swaps: 0
	File system inputs: 59637176
	File system outputs: 2806592
	Socket messages sent: 0
	Socket messages received: 0
	Signals delivered: 0
	Page size (bytes): 4096
	Exit status: 0
