[1/237] Building CXX object ncnn/src/CMakeFiles/ncnn.dir/allocator.cpp.o
[2/237] Building CXX object ncnn/src/CMakeFiles/ncnn.dir/benchmark.cpp.o
[3/237] Building CXX object ncnn/src/CMakeFiles/ncnn.dir/blob.cpp.o
[4/237] Building CXX object ncnn/src/CMakeFiles/ncnn.dir/c_api.cpp.o
[5/237] Building CXX object ncnn/src/CMakeFiles/ncnn.dir/command.cpp.o
[6/237] Building CXX object ncnn/src/CMakeFiles/ncnn.dir/cpu.cpp.o
[7/237] Building CXX object ncnn/src/CMakeFiles/ncnn.dir/datareader.cpp.o
[8/237] Building CXX object ncnn/src/CMakeFiles/ncnn.dir/expression.cpp.o
[9/237] Building CXX object ncnn/src/CMakeFiles/ncnn.dir/gpu.cpp.o
[10/237] Building CXX object ncnn/src/CMakeFiles/ncnn.dir/layer.cpp.o
[11/237] Building CXX object ncnn/src/CMakeFiles/ncnn.dir/mat.cpp.o
[12/237] Building CXX object ncnn/src/CMakeFiles/ncnn.dir/mat_pixel.cpp.o
[13/237] Building CXX object ncnn/src/CMakeFiles/ncnn.dir/mat_pixel_affine.cpp.o
[14/237] Building CXX object ncnn/src/CMakeFiles/ncnn.dir/mat_pixel_drawing.cpp.o
[15/237] Building CXX object ncnn/src/CMakeFiles/ncnn.dir/mat_pixel_resize.cpp.o
[16/237] Building CXX object ncnn/src/CMakeFiles/ncnn.dir/mat_pixel_rotate.cpp.o
[17/237] Building CXX object ncnn/src/CMakeFiles/ncnn.dir/modelbin.cpp.o
[18/237] Building CXX object ncnn/src/CMakeFiles/ncnn.dir/net.cpp.o
[19/237] Building CXX object ncnn/src/CMakeFiles/ncnn.dir/option.cpp.o
[20/237] Building CXX object ncnn/src/CMakeFiles/ncnn.dir/paramdict.cpp.o
[21/237] Building CXX object ncnn/src/CMakeFiles/ncnn.dir/pipeline.cpp.o
[22/237] Building CXX object ncnn/src/CMakeFiles/ncnn.dir/pipelinecache.cpp.o
[23/237] Building CXX object ncnn/src/CMakeFiles/ncnn.dir/simpleocv.cpp.o
[24/237] Building CXX object ncnn/src/CMakeFiles/ncnn.dir/simpleomp.cpp.o
[25/237] Building CXX object ncnn/src/CMakeFiles/ncnn.dir/simplestl.cpp.o
[26/237] Building CXX object ncnn/src/CMakeFiles/ncnn.dir/simplemath.cpp.o
[27/237] Building CXX object ncnn/src/CMakeFiles/ncnn.dir/simplevk.cpp.o
[28/237] Building CXX object ncnn/src/CMakeFiles/ncnn.dir/layer/batchnorm.cpp.o
[29/237] Building CXX object ncnn/src/CMakeFiles/ncnn.dir/layer/x86/batchnorm_x86.cpp.o
[30/237] Building CXX object ncnn/src/CMakeFiles/ncnn.dir/layer/x86/batchnorm_x86_avx512.cpp.o
[31/237] Building CXX object ncnn/src/CMakeFiles/ncnn.dir/layer/x86/batchnorm_x86_fma.cpp.o
[32/237] Building CXX object ncnn/src/CMakeFiles/ncnn.dir/layer/x86/batchnorm_x86_fma4.cpp.o
[33/237] Building CXX object ncnn/src/CMakeFiles/ncnn.dir/layer/x86/batchnorm_x86_avx.cpp.o
[34/237] Building CXX object ncnn/src/CMakeFiles/ncnn.dir/layer/x86/batchnorm_x86_avx512bf16.cpp.o
[35/237] Building CXX object ncnn/src/CMakeFiles/ncnn.dir/layer/x86/batchnorm_x86_avx2.cpp.o
[36/237] Building CXX object ncnn/src/CMakeFiles/ncnn.dir/layer/concat.cpp.o
[37/237] Building CXX object ncnn/src/CMakeFiles/ncnn.dir/layer/x86/concat_x86.cpp.o
[38/237] Building pinned native Tokenizers bridge
   Compiling ernie-tokenizer-bridge v0.1.0 (/home/mingshi/Project/AI/ernie-image-ncnn-vulkan/.worktrees/surpass-reference/tokenizer)
    Finished `release` profile [optimized] target(s) in 13.78s
[39/237] Building CXX object ncnn/src/CMakeFiles/ncnn.dir/layer/x86/concat_x86_avx512.cpp.o
[40/237] Building CXX object ncnn/src/CMakeFiles/ncnn.dir/layer/x86/concat_x86_avx.cpp.o
[41/237] Building CXX object ncnn/src/CMakeFiles/ncnn.dir/layer/convolution.cpp.o
[42/237] Building CXX object ncnn/src/CMakeFiles/ncnn.dir/layer/x86/convolution_x86.cpp.o
[43/237] Building CXX object ncnn/src/CMakeFiles/ncnn.dir/layer/x86/convolution_x86_fma.cpp.o
[44/237] Building CXX object ncnn/src/CMakeFiles/ncnn.dir/layer/x86/convolution_x86_avx512.cpp.o
[45/237] Building CXX object ncnn/src/CMakeFiles/ncnn.dir/layer/x86/convolution_x86_fma4.cpp.o
[46/237] Building CXX object ncnn/src/CMakeFiles/ncnn.dir/layer/x86/convolution_x86_avx512vnni.cpp.o
[47/237] Building CXX object ncnn/src/CMakeFiles/ncnn.dir/layer/x86/convolution_x86_avx.cpp.o
[48/237] Building CXX object ncnn/src/CMakeFiles/ncnn.dir/layer/x86/convolution_x86_avxvnni.cpp.o
[49/237] Building CXX object ncnn/src/CMakeFiles/ncnn.dir/layer/x86/convolution_x86_avxvnniint8.cpp.o
[50/237] Building CXX object ncnn/src/CMakeFiles/ncnn.dir/layer/x86/convolution_x86_avx512bf16.cpp.o
[51/237] Building CXX object ncnn/src/CMakeFiles/ncnn.dir/layer/x86/convolution_x86_xop.cpp.o
[52/237] Building CXX object ncnn/src/CMakeFiles/ncnn.dir/layer/crop.cpp.o
[53/237] Building CXX object ncnn/src/CMakeFiles/ncnn.dir/layer/x86/crop_x86.cpp.o
[54/237] Building CXX object ncnn/src/CMakeFiles/ncnn.dir/layer/x86/convolution_x86_avx2.cpp.o
[55/237] Building CXX object ncnn/src/CMakeFiles/ncnn.dir/layer/x86/crop_x86_avx512.cpp.o
[56/237] Building CXX object ncnn/src/CMakeFiles/ncnn.dir/layer/flatten.cpp.o
[57/237] Building CXX object ncnn/src/CMakeFiles/ncnn.dir/layer/x86/crop_x86_avx.cpp.o
[58/237] Building CXX object ncnn/src/CMakeFiles/ncnn.dir/layer/x86/flatten_x86.cpp.o
[59/237] Building CXX object ncnn/src/CMakeFiles/ncnn.dir/layer/x86/flatten_x86_avx512.cpp.o
[60/237] Building CXX object ncnn/src/CMakeFiles/ncnn.dir/layer/x86/flatten_x86_avx.cpp.o
[61/237] Building CXX object ncnn/src/CMakeFiles/ncnn.dir/layer/innerproduct.cpp.o
[62/237] Building CXX object ncnn/src/CMakeFiles/ncnn.dir/layer/x86/innerproduct_x86.cpp.o
[63/237] Building CXX object ncnn/src/CMakeFiles/ncnn.dir/layer/x86/innerproduct_x86_fma.cpp.o
[64/237] Building CXX object ncnn/src/CMakeFiles/ncnn.dir/layer/x86/innerproduct_x86_fma4.cpp.o
[65/237] Building CXX object ncnn/src/CMakeFiles/ncnn.dir/layer/x86/innerproduct_x86_avx512.cpp.o
[66/237] Building CXX object ncnn/src/CMakeFiles/ncnn.dir/layer/x86/innerproduct_x86_avx.cpp.o
[67/237] Building CXX object ncnn/src/CMakeFiles/ncnn.dir/layer/x86/innerproduct_x86_avx512bf16.cpp.o
[68/237] Building CXX object ncnn/src/CMakeFiles/ncnn.dir/layer/x86/innerproduct_x86_avx2.cpp.o
[69/237] Building CXX object ncnn/src/CMakeFiles/ncnn.dir/layer/x86/innerproduct_x86_f16c.cpp.o
[70/237] Building CXX object ncnn/src/CMakeFiles/ncnn.dir/layer/input.cpp.o
[71/237] Building CXX object ncnn/src/CMakeFiles/ncnn.dir/layer/memorydata.cpp.o
[72/237] Building CXX object ncnn/src/CMakeFiles/ncnn.dir/layer/reshape.cpp.o
[73/237] Building CXX object ncnn/src/CMakeFiles/ncnn.dir/layer/reduction.cpp.o
[74/237] Building CXX object ncnn/src/CMakeFiles/ncnn.dir/layer/x86/reshape_x86.cpp.o
[75/237] Building CXX object ncnn/src/CMakeFiles/ncnn.dir/layer/x86/reshape_x86_avx512.cpp.o
[76/237] Building CXX object ncnn/src/CMakeFiles/ncnn.dir/layer/x86/reshape_x86_avx.cpp.o
[77/237] Building CXX object ncnn/src/CMakeFiles/ncnn.dir/layer/slice.cpp.o
[78/237] Building CXX object ncnn/src/CMakeFiles/ncnn.dir/layer/x86/slice_x86.cpp.o
[79/237] Building CXX object ncnn/src/CMakeFiles/ncnn.dir/layer/x86/slice_x86_avx.cpp.o
[80/237] Building CXX object ncnn/src/CMakeFiles/ncnn.dir/layer/x86/slice_x86_avx512.cpp.o
[81/237] Building CXX object ncnn/src/CMakeFiles/ncnn.dir/layer/softmax.cpp.o
[82/237] Building CXX object ncnn/src/CMakeFiles/ncnn.dir/layer/x86/softmax_x86.cpp.o
[83/237] Building CXX object ncnn/src/CMakeFiles/ncnn.dir/layer/x86/softmax_x86_fma.cpp.o
[84/237] Building CXX object ncnn/src/CMakeFiles/ncnn.dir/layer/x86/softmax_x86_avx512.cpp.o
[85/237] Building CXX object ncnn/src/CMakeFiles/ncnn.dir/layer/x86/softmax_x86_fma4.cpp.o
[86/237] Building CXX object ncnn/src/CMakeFiles/ncnn.dir/layer/x86/softmax_x86_avx.cpp.o
[87/237] Building CXX object ncnn/src/CMakeFiles/ncnn.dir/layer/x86/softmax_x86_avx512bf16.cpp.o
[88/237] Building CXX object ncnn/src/CMakeFiles/ncnn.dir/layer/x86/softmax_x86_avx2.cpp.o
[89/237] Building CXX object ncnn/src/CMakeFiles/ncnn.dir/layer/split.cpp.o
[90/237] Building CXX object ncnn/src/CMakeFiles/ncnn.dir/layer/binaryop.cpp.o
[91/237] Building CXX object ncnn/src/CMakeFiles/ncnn.dir/layer/x86/binaryop_x86.cpp.o
[92/237] Building CXX object ncnn/src/CMakeFiles/ncnn.dir/layer/x86/binaryop_x86_avx512.cpp.o
[93/237] Building CXX object ncnn/src/CMakeFiles/ncnn.dir/layer/x86/binaryop_x86_fma.cpp.o
[94/237] Building CXX object ncnn/src/CMakeFiles/ncnn.dir/layer/x86/binaryop_x86_avx.cpp.o
[95/237] Building CXX object ncnn/src/CMakeFiles/ncnn.dir/layer/x86/binaryop_x86_fma4.cpp.o
[96/237] Building CXX object ncnn/src/CMakeFiles/ncnn.dir/layer/x86/binaryop_x86_avx2.cpp.o
[97/237] Building CXX object ncnn/src/CMakeFiles/ncnn.dir/layer/x86/binaryop_x86_avx512bf16.cpp.o
[98/237] Building CXX object ncnn/src/CMakeFiles/ncnn.dir/layer/unaryop.cpp.o
[99/237] Building CXX object ncnn/src/CMakeFiles/ncnn.dir/layer/x86/unaryop_x86.cpp.o
[100/237] Building CXX object ncnn/src/CMakeFiles/ncnn.dir/layer/x86/unaryop_x86_avx512.cpp.o
[101/237] Building CXX object ncnn/src/CMakeFiles/ncnn.dir/layer/x86/unaryop_x86_fma.cpp.o
[102/237] Building CXX object ncnn/src/CMakeFiles/ncnn.dir/layer/x86/unaryop_x86_fma4.cpp.o
[103/237] Building CXX object ncnn/src/CMakeFiles/ncnn.dir/layer/x86/unaryop_x86_avx.cpp.o
[104/237] Building CXX object ncnn/src/CMakeFiles/ncnn.dir/layer/x86/unaryop_x86_avx512bf16.cpp.o
[105/237] Building CXX object ncnn/src/CMakeFiles/ncnn.dir/layer/padding.cpp.o
[106/237] Building CXX object ncnn/src/CMakeFiles/ncnn.dir/layer/x86/unaryop_x86_avx2.cpp.o
[107/237] Building CXX object ncnn/src/CMakeFiles/ncnn.dir/layer/x86/padding_x86.cpp.o
[108/237] Building CXX object ncnn/src/CMakeFiles/ncnn.dir/layer/x86/padding_x86_avx512.cpp.o
[109/237] Building CXX object ncnn/src/CMakeFiles/ncnn.dir/layer/squeeze.cpp.o
[110/237] Building CXX object ncnn/src/CMakeFiles/ncnn.dir/layer/x86/padding_x86_avx.cpp.o
[111/237] Building CXX object ncnn/src/CMakeFiles/ncnn.dir/layer/expanddims.cpp.o
[112/237] Building CXX object ncnn/src/CMakeFiles/ncnn.dir/layer/permute.cpp.o
[113/237] Building CXX object ncnn/src/CMakeFiles/ncnn.dir/layer/interp.cpp.o
[114/237] Building CXX object ncnn/src/CMakeFiles/ncnn.dir/layer/x86/interp_x86.cpp.o
[115/237] Building CXX object ncnn/src/CMakeFiles/ncnn.dir/layer/x86/interp_x86_avx512.cpp.o
[116/237] Building CXX object ncnn/src/CMakeFiles/ncnn.dir/layer/x86/interp_x86_fma.cpp.o
[117/237] Building CXX object ncnn/src/CMakeFiles/ncnn.dir/layer/x86/interp_x86_fma4.cpp.o
[118/237] Building CXX object ncnn/src/CMakeFiles/ncnn.dir/layer/x86/interp_x86_avx.cpp.o
[119/237] Building CXX object ncnn/src/CMakeFiles/ncnn.dir/layer/x86/interp_x86_avx2.cpp.o
[120/237] Building CXX object ncnn/src/CMakeFiles/ncnn.dir/layer/x86/interp_x86_avx512bf16.cpp.o
[121/237] Building CXX object ncnn/src/CMakeFiles/ncnn.dir/layer/reorg.cpp.o
[122/237] Building CXX object ncnn/src/CMakeFiles/ncnn.dir/layer/packing.cpp.o
[123/237] Building CXX object ncnn/src/CMakeFiles/ncnn.dir/layer/x86/packing_x86.cpp.o
[124/237] Building CXX object ncnn/src/CMakeFiles/ncnn.dir/layer/x86/packing_x86_avx512.cpp.o
[125/237] Building CXX object ncnn/src/CMakeFiles/ncnn.dir/layer/cast.cpp.o
[126/237] Building CXX object ncnn/src/CMakeFiles/ncnn.dir/layer/x86/packing_x86_avx.cpp.o
[127/237] Building CXX object ncnn/src/CMakeFiles/ncnn.dir/layer/x86/cast_x86.cpp.o
[128/237] Building CXX object ncnn/src/CMakeFiles/ncnn.dir/layer/x86/cast_x86_avx512.cpp.o
[129/237] Building CXX object ncnn/src/CMakeFiles/ncnn.dir/layer/x86/cast_x86_avx.cpp.o
[130/237] Building CXX object ncnn/src/CMakeFiles/ncnn.dir/layer/x86/cast_x86_avx512bf16.cpp.o
[131/237] Building CXX object ncnn/src/CMakeFiles/ncnn.dir/layer/x86/cast_x86_avx2.cpp.o
[132/237] Building CXX object ncnn/src/CMakeFiles/ncnn.dir/layer/swish.cpp.o
[133/237] Building CXX object ncnn/src/CMakeFiles/ncnn.dir/layer/x86/cast_x86_f16c.cpp.o
[134/237] Building CXX object ncnn/src/CMakeFiles/ncnn.dir/layer/x86/swish_x86.cpp.o
[135/237] Building CXX object ncnn/src/CMakeFiles/ncnn.dir/layer/x86/swish_x86_avx512.cpp.o
[136/237] Building CXX object ncnn/src/CMakeFiles/ncnn.dir/layer/x86/swish_x86_fma.cpp.o
[137/237] Building CXX object ncnn/src/CMakeFiles/ncnn.dir/layer/x86/swish_x86_fma4.cpp.o
[138/237] Building CXX object ncnn/src/CMakeFiles/ncnn.dir/layer/x86/swish_x86_avx.cpp.o
[139/237] Building CXX object ncnn/src/CMakeFiles/ncnn.dir/layer/x86/swish_x86_avx512bf16.cpp.o
[140/237] Building CXX object ncnn/src/CMakeFiles/ncnn.dir/layer/x86/swish_x86_avx2.cpp.o
[141/237] Building CXX object ncnn/src/CMakeFiles/ncnn.dir/layer/gemm.cpp.o
[142/237] Building CXX object ncnn/src/CMakeFiles/ncnn.dir/layer/x86/gemm_x86.cpp.o
[143/237] Building CXX object ncnn/src/CMakeFiles/ncnn.dir/layer/x86/gemm_x86_fma.cpp.o
[144/237] Building CXX object ncnn/src/CMakeFiles/ncnn.dir/layer/x86/gemm_x86_fma4.cpp.o
[145/237] Building CXX object ncnn/src/CMakeFiles/ncnn.dir/layer/x86/gemm_x86_avx512.cpp.o
[146/237] Building CXX object ncnn/src/CMakeFiles/ncnn.dir/layer/x86/gemm_x86_avx512vnni.cpp.o
[147/237] Building CXX object ncnn/src/CMakeFiles/ncnn.dir/layer/x86/gemm_x86_avx.cpp.o
[148/237] Building CXX object ncnn/src/CMakeFiles/ncnn.dir/layer/x86/gemm_x86_avx512bf16.cpp.o
[149/237] Building CXX object ncnn/src/CMakeFiles/ncnn.dir/layer/x86/gemm_x86_avx512vnni_avx512bf16.cpp.o
[150/237] Building CXX object ncnn/src/CMakeFiles/ncnn.dir/layer/x86/gemm_x86_avxvnni.cpp.o
[151/237] Building CXX object ncnn/src/CMakeFiles/ncnn.dir/layer/x86/gemm_x86_avxvnniint8.cpp.o
[152/237] Building CXX object ncnn/src/CMakeFiles/ncnn.dir/layer/x86/gemm_x86_avx2.cpp.o
[153/237] Building CXX object ncnn/src/CMakeFiles/ncnn.dir/layer/x86/gemm_x86_xop.cpp.o
[154/237] Building CXX object ncnn/src/CMakeFiles/ncnn.dir/layer/groupnorm.cpp.o
[155/237] Building CXX object ncnn/src/CMakeFiles/ncnn.dir/layer/x86/groupnorm_x86.cpp.o
[156/237] Building CXX object ncnn/src/CMakeFiles/ncnn.dir/layer/x86/groupnorm_x86_avx512.cpp.o
[157/237] Building CXX object ncnn/src/CMakeFiles/ncnn.dir/layer/x86/groupnorm_x86_fma.cpp.o
[158/237] Building CXX object ncnn/src/CMakeFiles/ncnn.dir/layer/x86/groupnorm_x86_fma4.cpp.o
[159/237] Building CXX object ncnn/src/CMakeFiles/ncnn.dir/layer/x86/groupnorm_x86_avx.cpp.o
[160/237] Building CXX object ncnn/src/CMakeFiles/ncnn.dir/layer/x86/groupnorm_x86_avx2.cpp.o
[161/237] Building CXX object ncnn/src/CMakeFiles/ncnn.dir/layer/x86/groupnorm_x86_avx512bf16.cpp.o
[162/237] Building CXX object ncnn/src/CMakeFiles/ncnn.dir/layer/layernorm.cpp.o
[163/237] Building CXX object ncnn/src/CMakeFiles/ncnn.dir/layer/x86/layernorm_x86.cpp.o
[164/237] Building CXX object ncnn/src/CMakeFiles/ncnn.dir/layer/x86/layernorm_x86_avx512.cpp.o
[165/237] Building CXX object ncnn/src/CMakeFiles/ncnn.dir/layer/x86/layernorm_x86_fma.cpp.o
[166/237] Building CXX object ncnn/src/CMakeFiles/ncnn.dir/layer/x86/layernorm_x86_fma4.cpp.o
[167/237] Building CXX object ncnn/src/CMakeFiles/ncnn.dir/layer/x86/layernorm_x86_avx.cpp.o
[168/237] Building CXX object ncnn/src/CMakeFiles/ncnn.dir/layer/x86/layernorm_x86_avx512bf16.cpp.o
[169/237] Building CXX object ncnn/src/CMakeFiles/ncnn.dir/layer/x86/layernorm_x86_avx2.cpp.o
[170/237] Building CXX object ncnn/src/CMakeFiles/ncnn.dir/layer/multiheadattention.cpp.o
[171/237] Building CXX object ncnn/src/CMakeFiles/ncnn.dir/layer/x86/multiheadattention_x86.cpp.o
[172/237] Building CXX object ncnn/src/CMakeFiles/ncnn.dir/layer/x86/multiheadattention_x86_avx512.cpp.o
[173/237] Building CXX object ncnn/src/CMakeFiles/ncnn.dir/layer/x86/multiheadattention_x86_avx.cpp.o
[174/237] Building CXX object ncnn/src/CMakeFiles/ncnn.dir/layer/gelu.cpp.o
[175/237] Building CXX object ncnn/src/CMakeFiles/ncnn.dir/layer/x86/gelu_x86.cpp.o
[176/237] Building CXX object ncnn/src/CMakeFiles/ncnn.dir/layer/x86/gelu_x86_fma.cpp.o
[177/237] Building CXX object ncnn/src/CMakeFiles/ncnn.dir/layer/x86/gelu_x86_avx512.cpp.o
[178/237] Building CXX object ncnn/src/CMakeFiles/ncnn.dir/layer/x86/gelu_x86_fma4.cpp.o
[179/237] Building CXX object ncnn/src/CMakeFiles/ncnn.dir/layer/x86/gelu_x86_avx.cpp.o
[180/237] Building CXX object ncnn/src/CMakeFiles/ncnn.dir/layer/x86/gelu_x86_avx512bf16.cpp.o
[181/237] Building CXX object ncnn/src/CMakeFiles/ncnn.dir/layer/x86/gelu_x86_avx2.cpp.o
[182/237] Building CXX object ncnn/src/CMakeFiles/ncnn.dir/layer/rmsnorm.cpp.o
[183/237] Building CXX object ncnn/src/CMakeFiles/ncnn.dir/layer/x86/rmsnorm_x86.cpp.o
[184/237] Building CXX object ncnn/src/CMakeFiles/ncnn.dir/layer/x86/rmsnorm_x86_avx512.cpp.o
[185/237] Building CXX object ncnn/src/CMakeFiles/ncnn.dir/layer/x86/rmsnorm_x86_fma.cpp.o
[186/237] Building CXX object ncnn/src/CMakeFiles/ncnn.dir/layer/x86/rmsnorm_x86_fma4.cpp.o
[187/237] Building CXX object ncnn/src/CMakeFiles/ncnn.dir/layer/x86/rmsnorm_x86_avx.cpp.o
[188/237] Building CXX object ncnn/src/CMakeFiles/ncnn.dir/layer/x86/rmsnorm_x86_avx512bf16.cpp.o
[189/237] Building CXX object ncnn/src/CMakeFiles/ncnn.dir/layer/x86/rmsnorm_x86_avx2.cpp.o
[190/237] Building CXX object ncnn/src/CMakeFiles/ncnn.dir/layer/sdpa.cpp.o
[191/237] Building CXX object ncnn/src/CMakeFiles/ncnn.dir/layer/x86/sdpa_x86.cpp.o
[192/237] Building CXX object ncnn/src/CMakeFiles/ncnn.dir/layer/x86/sdpa_x86_fma.cpp.o
[193/237] Building CXX object ncnn/src/CMakeFiles/ncnn.dir/layer/x86/sdpa_x86_avx512.cpp.o
[194/237] Building CXX object ncnn/src/CMakeFiles/ncnn.dir/layer/x86/sdpa_x86_fma4.cpp.o
[195/237] Building CXX object ncnn/src/CMakeFiles/ncnn.dir/layer/x86/sdpa_x86_avx.cpp.o
[196/237] Building CXX object ncnn/src/CMakeFiles/ncnn.dir/layer/x86/sdpa_x86_avx2.cpp.o
[197/237] Building CXX object src/CMakeFiles/ernie-shape-plan.dir/shape_plan.cpp.o
[198/237] Building CXX object ncnn/src/CMakeFiles/ncnn.dir/layer/x86/sdpa_x86_avx512bf16.cpp.o
[199/237] Linking CXX static library ncnn/src/libncnn.a
[200/237] Building CXX object src/CMakeFiles/ernie-runtime.dir/ernie_gelu.cpp.o
[201/237] Building CXX object src/CMakeFiles/ernie-runtime.dir/ernie_residual.cpp.o
[202/237] Building CXX object src/CMakeFiles/ernie-runtime.dir/ernie_rmsnorm.cpp.o
[203/237] Building CXX object src/CMakeFiles/ernie-runtime.dir/ernie_groupnorm.cpp.o
[204/237] Building CXX object src/CMakeFiles/ernie-runtime.dir/ernie_attention.cpp.o
[205/237] Building CXX object src/CMakeFiles/ernie-runtime.dir/img2img.cpp.o
[206/237] Building CXX object src/CMakeFiles/ernie-runtime.dir/latent_ops.cpp.o
[207/237] Building CXX object src/CMakeFiles/ernie-runtime.dir/image_encoder.cpp.o
[208/237] Building CXX object src/CMakeFiles/ernie-runtime.dir/component_files.cpp.o
[209/237] Building CXX object src/CMakeFiles/ernie-runtime.dir/block_sequence.cpp.o
[210/237] Building CXX object src/CMakeFiles/ernie-runtime.dir/dit.cpp.o
[211/237] Building CXX object src/CMakeFiles/ernie-runtime.dir/denoiser.cpp.o
[212/237] Building CXX object src/CMakeFiles/ernie-runtime.dir/text_encoder.cpp.o
[213/237] Building CXX object src/CMakeFiles/ernie-runtime.dir/ernie_text_down.cpp.o
[214/237] Building CXX object src/CMakeFiles/ernie-runtime.dir/conditioning.cpp.o
[215/237] Linking CXX static library src/libernie-shape-plan.a
[216/237] Building CXX object src/CMakeFiles/ernie-runtime.dir/pe_session.cpp.o
[217/237] Building CXX object src/CMakeFiles/ernie-shape-graph.dir/model_config.cpp.o
[218/237] Linking CXX static library src/libernie-runtime.a
[219/237] Building CXX object src/CMakeFiles/ernie-shape-graph.dir/shape_graph.cpp.o
[220/237] Linking CXX static library src/libernie-shape-graph.a
[221/237] Building CXX object src/CMakeFiles/ernie-model-package.dir/model_package.cpp.o
[222/237] Building CXX object src/CMakeFiles/ernie-pe.dir/prompt_enhancer.cpp.o
[223/237] Linking CXX static library src/libernie-pe.a
[224/237] Building CXX object src/CMakeFiles/ernie-execution-metrics.dir/execution_metrics.cpp.o
[225/237] Building CXX object src/CMakeFiles/ernie-pipeline.dir/model_config.cpp.o
[226/237] Building CXX object src/CMakeFiles/ernie-pipeline.dir/runtime_info.cpp.o
[227/237] Building CXX object src/CMakeFiles/ernie-pipeline.dir/gpu_context.cpp.o
[228/237] Building CXX object src/CMakeFiles/ernie-pipeline.dir/pipeline.cpp.o
[229/237] Building CXX object src/CMakeFiles/ernie-pipeline.dir/tensor_io.cpp.o
[230/237] Linking CXX static library src/libernie-model-package.a
[231/237] Linking CXX static library src/libernie-execution-metrics.a
[232/237] Building CXX object src/CMakeFiles/ernie-pipeline.dir/vae.cpp.o
[233/237] Linking CXX static library src/libernie-pipeline.a
[234/237] Building CXX object cli/CMakeFiles/ernie-image.dir/main.cpp.o
[235/237] Building CXX object cli/CMakeFiles/ernie-image.dir/options.cpp.o
[236/237] Building CXX object cli/CMakeFiles/ernie-image.dir/image_io.cpp.o
[237/237] Linking CXX executable ernie-image
