Traceback (most recent call last):
  File "/home/mingshi/Project/AI/ernie-image-ncnn-vulkan/.worktrees/surpass-reference/tests/test_install.py", line 153, in <module>
    check_install(args.build, args.output, args.config, args.isolate_source)
    ~~~~~~~~~~~~~^^^^^^^^^^^^^^^^^^^^^^^^^^^^^^^^^^^^^^^^^^^^^^^^^^^^^^^^^^^
  File "/home/mingshi/Project/AI/ernie-image-ncnn-vulkan/.worktrees/surpass-reference/tests/test_install.py", line 60, in check_install
    run(["cmake", "--install", build, "--config", config, "--prefix", prefix], "install")
    ~~~^^^^^^^^^^^^^^^^^^^^^^^^^^^^^^^^^^^^^^^^^^^^^^^^^^^^^^^^^^^^^^^^^^^^^^^^^^^^^^^^^^
  File "/home/mingshi/Project/AI/ernie-image-ncnn-vulkan/.worktrees/surpass-reference/tests/test_install.py", line 56, in run
    raise RuntimeError(f"{name} returned {completed.returncode}: {completed.stdout[-4000:]}")
RuntimeError: install returned 1: -- Installing: /var/tmp/ernie-runtime-sdk-v1-vulkan/安装 original/lib64/cmake/glslang/glslang-targets.cmake
-- Installing: /var/tmp/ernie-runtime-sdk-v1-vulkan/安装 original/lib64/cmake/glslang/glslang-targets-release.cmake
-- Installing: /var/tmp/ernie-runtime-sdk-v1-vulkan/安装 original/lib64/cmake/glslang/glslang-config.cmake
-- Installing: /var/tmp/ernie-runtime-sdk-v1-vulkan/安装 original/lib64/cmake/glslang/glslang-config-version.cmake
-- Installing: /var/tmp/ernie-runtime-sdk-v1-vulkan/安装 original/lib64/libSPIRV.a
-- Installing: /var/tmp/ernie-runtime-sdk-v1-vulkan/安装 original/include/glslang/SPIRV/GlslangToSpv.h
-- Installing: /var/tmp/ernie-runtime-sdk-v1-vulkan/安装 original/include/glslang/SPIRV/disassemble.h
-- Installing: /var/tmp/ernie-runtime-sdk-v1-vulkan/安装 original/include/glslang/SPIRV/Logger.h
-- Installing: /var/tmp/ernie-runtime-sdk-v1-vulkan/安装 original/include/glslang/SPIRV/spirv.hpp11
-- Installing: /var/tmp/ernie-runtime-sdk-v1-vulkan/安装 original/include/glslang/SPIRV/SpvTools.h
-- Installing: /var/tmp/ernie-runtime-sdk-v1-vulkan/安装 original/lib64/libglslang.a
CMake Error at /home/mingshi/Project/AI/ernie-image-ncnn-vulkan/.worktrees/surpass-reference/build-dev/ncnn/glslang/glslang/cmake_install.cmake:50 (file):
  file INSTALL cannot find
  "/home/mingshi/Project/AI/ernie-image-ncnn-vulkan/.worktrees/surpass-reference/build-dev/ncnn/glslang/glslang/libMachineIndependent.a":
  No such file or directory.
Call Stack (most recent call first):
  /home/mingshi/Project/AI/ernie-image-ncnn-vulkan/.worktrees/surpass-reference/build-dev/ncnn/glslang/cmake_install.cmake:78 (include)
  /home/mingshi/Project/AI/ernie-image-ncnn-vulkan/.worktrees/surpass-reference/build-dev/ncnn/cmake_install.cmake:47 (include)
  /home/mingshi/Project/AI/ernie-image-ncnn-vulkan/.worktrees/surpass-reference/build-dev/cmake_install.cmake:47 (include)



