	Command being timed: "/var/tmp/ernie-blocks17-19-768-v1/runner.snapshot --package /home/mingshi/Project/AI/ernie-image-ncnn-vulkan/.worktrees/surpass-reference/models/turbo-shared-v2 --block-index 17 --fixture /var/tmp/ernie-blocks17-19-768-v1/native/block-17-official-cpu-rope/fixture --output /var/tmp/ernie-blocks17-19-768-v1/native/block-17-official-cpu-rope/actual.f32 --tokens 2368 --width 48 --height 48 --text-tokens 64 --valid-text-tokens 15 --threads 2 --backend vulkan --precision fp32 --policy stream --host-weights --trace-dir /var/tmp/ernie-blocks17-19-768-v1/native/block-17-official-cpu-rope/trace"
	User time (seconds): 10.37
	System time (seconds): 9.00
	Percent of CPU this job got: 95%
	Elapsed (wall clock) time (h:mm:ss or m:ss): 0:20.24
	Average shared text size (kbytes): 0
	Average unshared data size (kbytes): 0
	Average stack size (kbytes): 0
	Average total size (kbytes): 0
	Maximum resident set size (kbytes): 1453524
	Average resident set size (kbytes): 0
	Major (requiring I/O) page faults: 11
	Minor (reclaiming a frame) page faults: 701437
	Voluntary context switches: 1427
	Involuntary context switches: 416
	Swaps: 0
	File system inputs: 32826328
	File system outputs: 151560
	Socket messages sent: 0
	Socket messages received: 0
	Signals delivered: 0
	Page size (bytes): 4096
	Exit status: 0
