Command terminated by signal 11
	Command being timed: "/home/mingshi/Project/AI/ernie-image-ncnn-vulkan/outputs/dit-head-input-v1/ernie-head-runner.snapshot --model /home/mingshi/Project/AI/ernie-image-ncnn-vulkan/models/dit-heads-s288-v1/input --fixture /home/mingshi/Project/AI/ernie-image-ncnn-vulkan/models/dit-heads-s288-v1/input --output /home/mingshi/Project/AI/ernie-image-ncnn-vulkan/outputs/dit-head-input-v1/vulkan-fp32/actual --component input --height 4 --width 4 --text-tokens 272 --backend vulkan --precision fp32"
	User time (seconds): 0.12
	System time (seconds): 0.63
	Percent of CPU this job got: 68%
	Elapsed (wall clock) time (h:mm:ss or m:ss): 0:01.10
	Average shared text size (kbytes): 0
	Average unshared data size (kbytes): 0
	Average stack size (kbytes): 0
	Average total size (kbytes): 0
	Maximum resident set size (kbytes): 293972
	Average resident set size (kbytes): 0
	Major (requiring I/O) page faults: 7
	Minor (reclaiming a frame) page faults: 30249
	Voluntary context switches: 659
	Involuntary context switches: 61
	Swaps: 0
	File system inputs: 11856
	File system outputs: 88
	Socket messages sent: 0
	Socket messages received: 0
	Signals delivered: 0
	Page size (bytes): 4096
	Exit status: 0
