1344
1337
1343
1361
1379
1394
1410
1418
1482
1482
1546
1610
1610
1610
1671
1671
1863
1863
2055
2055
2297
1483
1611
1739
1739
1931
1931
2160
2160
2368
1536
1664
1728
1792
1790
1982
2174
2158
2350
1517
1582
1710
1774
1774
1958
2150
2150
2342
1510
1574
1643
1755
1755
1947
1947
2139
2139
2330
1497
1562
1642
1791
1791
1984
1984
2176
2176
2368
1535
1599
1647
1775
1775
1967
1967
2159
2159
2351
1519
1583
1647
1759
1759
1951
1951
2143
2143
2323
1490
1550
1614
1742
1742
1934
1934
2126
2126
2318
1486
1545
1678
1763
1763
1955
1955
2147
2147
2339
1507
1635
1695
1759
1759
1976
1976
2168
2168
2360
1592
1656
1720
1768
1960
1944
2136
2136
2328
2328
1496
1622
1702
1766
1766
1958
1958
2150
2150
2342
2342
1504
1552
1637
1765
1764
1956
1956
2148
2148
2340
1506
1575
1639
1767
1767
1959
1959
2151
2151
2343
2207
1575
1623
1687
1751
1943
1943
1943
2135
2135
2325
1492
1557
1621
1749
1749
1941
1941
2133
2133
2322
1482
1567
1695
1759
1759
1951
1951
2145
2143
2335
1502
1566
1694
1758
1758
1951
1951
2143
2140
2332
1504
1616
1680
1744
1744
1936
1936
2128
2126
2318
1485
1549
1677
1741
1803
1995
1995
2187
2187
2377
1608
1672
1800
1800
1800
1800
1800
1800
1796
1989
1989
1989
2181
2181
2376
1637
1706
1770
1832
2012
1996
2188
2188
2380
1546
1594
1723
1803
1803
1991
1996
2188
2380
1539
1609
1672
1800
1784
1977
2169
2186
2378
2378
1610
1645
1773
1773
1965
1965
2157
2157
2349
1581
1645
1773
1773
1965
1965
2157
2157
2333
1501
1629
1693
1757
1949
1946
2138
2133
2325
1493
1621
1685
1749
1937
1937
2129
2121
2313
1478
1629
1693
1757
1949
1974
2166
2166
2358
1526
1654
1718
1782
1974
1974
2150
2150
2342
1502
1574
1702
1749
1749
1942
1942
2133
2325
2252
1556
1619
1747
1747
1939
1939
2131
2131
2323
1555
1619
1744
1744
1954
1954
2146
2146
2338
1570
1634
1698
1760
1952
1957
2216
2216
2408
1568
1632
1696
1824
1825
2017
2033
2225
2225
2417
1476
