	Command being timed: "/home/mingshi/Project/AI/ernie-image-ncnn-vulkan/build/ernie-block-runner --model /home/mingshi/Project/AI/ernie-image-ncnn-vulkan/models/converted/dit-block-00-s4160/bf16-storage --fixture /home/mingshi/Project/AI/ernie-image-ncnn-vulkan/models/converted/dit-block-00-s4160/bf16-storage --tokens 4160 --backend cpu --precision fp32 --repeat 1 --output /home/mingshi/Project/AI/ernie-image-ncnn-vulkan/outputs/block-s4160-bf16-storage-cpu-fp32/actual.f32"
	User time (seconds): 17.46
	System time (seconds): 1.65
	Percent of CPU this job got: 351%
	Elapsed (wall clock) time (h:mm:ss or m:ss): 0:05.43
	Average shared text size (kbytes): 0
	Average unshared data size (kbytes): 0
	Average stack size (kbytes): 0
	Average total size (kbytes): 0
	Maximum resident set size (kbytes): 2588876
	Average resident set size (kbytes): 0
	Major (requiring I/O) page faults: 0
	Minor (reclaiming a frame) page faults: 1071898
	Voluntary context switches: 33
	Involuntary context switches: 334
	Swaps: 0
	File system inputs: 0
	File system outputs: 133128
	Socket messages sent: 0
	Socket messages received: 0
	Signals delivered: 0
	Page size (bytes): 4096
	Exit status: 0
