	Command being timed: "/home/mingshi/Project/AI/ernie-image-ncnn-vulkan/outputs/dit-head-output-v2/ernie-head-runner.snapshot --model /home/mingshi/Project/AI/ernie-image-ncnn-vulkan/models/dit-heads-s288-v2/output --fixture /home/mingshi/Project/AI/ernie-image-ncnn-vulkan/models/dit-heads-s288-v2/output --output /home/mingshi/Project/AI/ernie-image-ncnn-vulkan/outputs/dit-head-output-v2/vulkan-bf16/actual --component output --height 4 --width 4 --text-tokens 272 --backend vulkan --precision bf16"
	User time (seconds): 2.72
	System time (seconds): 0.75
	Percent of CPU this job got: 250%
	Elapsed (wall clock) time (h:mm:ss or m:ss): 0:01.38
	Average shared text size (kbytes): 0
	Average unshared data size (kbytes): 0
	Average stack size (kbytes): 0
	Average total size (kbytes): 0
	Maximum resident set size (kbytes): 568792
	Average resident set size (kbytes): 0
	Major (requiring I/O) page faults: 0
	Minor (reclaiming a frame) page faults: 120146
	Voluntary context switches: 331
	Involuntary context switches: 110
	Swaps: 0
	File system inputs: 0
	File system outputs: 24
	Socket messages sent: 0
	Socket messages received: 0
	Signals delivered: 0
	Page size (bytes): 4096
	Exit status: 0
