Unrecognized keys in `rope_parameters` for 'rope_type'='yarn': {'llama_4_scaling_beta'}
Unrecognized keys in `rope_parameters` for 'rope_type'='yarn': {'llama_4_scaling_beta'}
Unrecognized keys in `rope_parameters` for 'rope_type'='yarn': {'llama_4_scaling_beta'}
Unrecognized keys in `rope_parameters` for 'rope_type'='yarn': {'llama_4_scaling_beta'}
Unrecognized keys in `rope_parameters` for 'rope_type'='yarn': {'llama_4_scaling_beta'}
Unrecognized keys in `rope_parameters` for 'rope_type'='yarn': {'llama_4_scaling_beta'}
Unrecognized keys in `rope_parameters` for 'rope_type'='yarn': {'llama_4_scaling_beta'}
Unrecognized keys in `rope_parameters` for 'rope_type'='yarn': {'llama_4_scaling_beta'}
Unrecognized keys in `rope_parameters` for 'rope_type'='yarn': {'llama_4_scaling_beta'}
Unrecognized keys in `rope_parameters` for 'rope_type'='yarn': {'llama_4_scaling_beta'}
Unrecognized keys in `rope_parameters` for 'rope_type'='yarn': {'llama_4_scaling_beta'}
Unrecognized keys in `rope_parameters` for 'rope_type'='yarn': {'llama_4_scaling_beta'}
Unrecognized keys in `rope_parameters` for 'rope_type'='yarn': {'llama_4_scaling_beta'}
Unrecognized keys in `rope_parameters` for 'rope_type'='yarn': {'llama_4_scaling_beta'}
Unrecognized keys in `rope_parameters` for 'rope_type'='yarn': {'llama_4_scaling_beta'}
Unrecognized keys in `rope_parameters` for 'rope_type'='yarn': {'llama_4_scaling_beta'}
Unrecognized keys in `rope_parameters` for 'rope_type'='yarn': {'llama_4_scaling_beta'}
Unrecognized keys in `rope_parameters` for 'rope_type'='yarn': {'llama_4_scaling_beta'}
Unrecognized keys in `rope_parameters` for 'rope_type'='yarn': {'llama_4_scaling_beta'}
Unrecognized keys in `rope_parameters` for 'rope_type'='yarn': {'llama_4_scaling_beta'}
Unrecognized keys in `rope_parameters` for 'rope_type'='yarn': {'llama_4_scaling_beta'}
Unrecognized keys in `rope_parameters` for 'rope_type'='yarn': {'llama_4_scaling_beta'}
Unrecognized keys in `rope_parameters` for 'rope_type'='yarn': {'llama_4_scaling_beta'}
Unrecognized keys in `rope_parameters` for 'rope_type'='yarn': {'llama_4_scaling_beta'}
Unrecognized keys in `rope_parameters` for 'rope_type'='yarn': {'llama_4_scaling_beta'}
Unrecognized keys in `rope_parameters` for 'rope_type'='yarn': {'llama_4_scaling_beta'}
{"cuda_memory_after_block": 0, "allocated_bytes": 1092928512, "reserved_bytes": 2212495360, "peak_allocated_bytes": 1918682112, "peak_reserved_bytes": 2212495360}
{"cuda_memory_after_block": 1, "allocated_bytes": 1092928512, "reserved_bytes": 2212495360, "peak_allocated_bytes": 1918682112, "peak_reserved_bytes": 2212495360}
{"cuda_memory_after_block": 2, "allocated_bytes": 1092928512, "reserved_bytes": 2212495360, "peak_allocated_bytes": 1918682112, "peak_reserved_bytes": 2212495360}
{"cuda_memory_after_block": 3, "allocated_bytes": 1092928512, "reserved_bytes": 2212495360, "peak_allocated_bytes": 1918682112, "peak_reserved_bytes": 2212495360}
{"cuda_memory_after_block": 4, "allocated_bytes": 1092928512, "reserved_bytes": 2212495360, "peak_allocated_bytes": 1918682112, "peak_reserved_bytes": 2212495360}
{"cuda_memory_after_block": 5, "allocated_bytes": 1092928512, "reserved_bytes": 2212495360, "peak_allocated_bytes": 1918682112, "peak_reserved_bytes": 2212495360}
{"reference_step": 0, "blocks_complete": 6, "elapsed_seconds": 6.0251163560024, "allocated_bytes": 151273472, "reserved_before_release": 2212495360, "reserved_after_release": 163577856}
{"cuda_memory_after_block": 6, "allocated_bytes": 1092928512, "reserved_bytes": 2212495360, "peak_allocated_bytes": 1918682112, "peak_reserved_bytes": 2212495360}
{"cuda_memory_after_block": 7, "allocated_bytes": 1092928512, "reserved_bytes": 2212495360, "peak_allocated_bytes": 1918682112, "peak_reserved_bytes": 2212495360}
{"cuda_memory_after_block": 8, "allocated_bytes": 1092928512, "reserved_bytes": 2212495360, "peak_allocated_bytes": 1918682112, "peak_reserved_bytes": 2212495360}
{"cuda_memory_after_block": 9, "allocated_bytes": 1092928512, "reserved_bytes": 2212495360, "peak_allocated_bytes": 1918682112, "peak_reserved_bytes": 2212495360}
{"cuda_memory_after_block": 10, "allocated_bytes": 1092928512, "reserved_bytes": 2212495360, "peak_allocated_bytes": 1918682112, "peak_reserved_bytes": 2212495360}
{"cuda_memory_after_block": 11, "allocated_bytes": 1092928512, "reserved_bytes": 2212495360, "peak_allocated_bytes": 1918682112, "peak_reserved_bytes": 2212495360}
{"reference_step": 0, "blocks_complete": 12, "elapsed_seconds": 11.566450075013563, "allocated_bytes": 151273472, "reserved_before_release": 2212495360, "reserved_after_release": 163577856}
{"cuda_memory_after_block": 12, "allocated_bytes": 1092928512, "reserved_bytes": 2212495360, "peak_allocated_bytes": 1918682112, "peak_reserved_bytes": 2212495360}
{"cuda_memory_after_block": 13, "allocated_bytes": 1092928512, "reserved_bytes": 2212495360, "peak_allocated_bytes": 1918682112, "peak_reserved_bytes": 2212495360}
{"cuda_memory_after_block": 14, "allocated_bytes": 1092928512, "reserved_bytes": 2212495360, "peak_allocated_bytes": 1918682112, "peak_reserved_bytes": 2212495360}
{"cuda_memory_after_block": 15, "allocated_bytes": 1092928512, "reserved_bytes": 2212495360, "peak_allocated_bytes": 1918682112, "peak_reserved_bytes": 2212495360}
{"cuda_memory_after_block": 16, "allocated_bytes": 1092928512, "reserved_bytes": 2212495360, "peak_allocated_bytes": 1918682112, "peak_reserved_bytes": 2212495360}
{"cuda_memory_after_block": 17, "allocated_bytes": 1092928512, "reserved_bytes": 2212495360, "peak_allocated_bytes": 1918682112, "peak_reserved_bytes": 2212495360}
{"reference_step": 0, "blocks_complete": 18, "elapsed_seconds": 17.289994074002607, "allocated_bytes": 151273472, "reserved_before_release": 2212495360, "reserved_after_release": 163577856}
{"cuda_memory_after_block": 18, "allocated_bytes": 1092928512, "reserved_bytes": 2212495360, "peak_allocated_bytes": 1918682112, "peak_reserved_bytes": 2212495360}
{"cuda_memory_after_block": 19, "allocated_bytes": 1092928512, "reserved_bytes": 2212495360, "peak_allocated_bytes": 1918682112, "peak_reserved_bytes": 2212495360}
{"cuda_memory_after_block": 20, "allocated_bytes": 1092928512, "reserved_bytes": 2212495360, "peak_allocated_bytes": 1918682112, "peak_reserved_bytes": 2212495360}
{"cuda_memory_after_block": 21, "allocated_bytes": 1092928512, "reserved_bytes": 2212495360, "peak_allocated_bytes": 1918682112, "peak_reserved_bytes": 2212495360}
{"cuda_memory_after_block": 22, "allocated_bytes": 1092928512, "reserved_bytes": 2212495360, "peak_allocated_bytes": 1918682112, "peak_reserved_bytes": 2212495360}
{"cuda_memory_after_block": 23, "allocated_bytes": 1092928512, "reserved_bytes": 2212495360, "peak_allocated_bytes": 1918682112, "peak_reserved_bytes": 2212495360}
{"reference_step": 0, "blocks_complete": 24, "elapsed_seconds": 22.94581949900021, "allocated_bytes": 151273472, "reserved_before_release": 2212495360, "reserved_after_release": 163577856}
{"cuda_memory_after_block": 24, "allocated_bytes": 1092928512, "reserved_bytes": 2212495360, "peak_allocated_bytes": 1918682112, "peak_reserved_bytes": 2212495360}
{"cuda_memory_after_block": 25, "allocated_bytes": 1092928512, "reserved_bytes": 2212495360, "peak_allocated_bytes": 1918682112, "peak_reserved_bytes": 2212495360}
{"cuda_memory_after_block": 26, "allocated_bytes": 1092928512, "reserved_bytes": 2212495360, "peak_allocated_bytes": 1918682112, "peak_reserved_bytes": 2212495360}
{"cuda_memory_after_block": 27, "allocated_bytes": 1092928512, "reserved_bytes": 2212495360, "peak_allocated_bytes": 1918682112, "peak_reserved_bytes": 2212495360}
{"cuda_memory_after_block": 28, "allocated_bytes": 1092928512, "reserved_bytes": 2212495360, "peak_allocated_bytes": 1918682112, "peak_reserved_bytes": 2212495360}
{"cuda_memory_after_block": 29, "allocated_bytes": 1092928512, "reserved_bytes": 2212495360, "peak_allocated_bytes": 1918682112, "peak_reserved_bytes": 2212495360}
{"reference_step": 0, "blocks_complete": 30, "elapsed_seconds": 28.644815737992758, "allocated_bytes": 151273472, "reserved_before_release": 2212495360, "reserved_after_release": 163577856}
{"cuda_memory_after_block": 30, "allocated_bytes": 1092928512, "reserved_bytes": 2212495360, "peak_allocated_bytes": 1918682112, "peak_reserved_bytes": 2212495360}
{"cuda_memory_after_block": 31, "allocated_bytes": 1092928512, "reserved_bytes": 2212495360, "peak_allocated_bytes": 1918682112, "peak_reserved_bytes": 2212495360}
{"cuda_memory_after_block": 32, "allocated_bytes": 1092928512, "reserved_bytes": 2212495360, "peak_allocated_bytes": 1918682112, "peak_reserved_bytes": 2212495360}
{"cuda_memory_after_block": 33, "allocated_bytes": 1092928512, "reserved_bytes": 2212495360, "peak_allocated_bytes": 1918682112, "peak_reserved_bytes": 2212495360}
{"cuda_memory_after_block": 34, "allocated_bytes": 1092928512, "reserved_bytes": 2212495360, "peak_allocated_bytes": 1918682112, "peak_reserved_bytes": 2212495360}
{"cuda_memory_after_block": 35, "allocated_bytes": 1092928512, "reserved_bytes": 2212495360, "peak_allocated_bytes": 1918682112, "peak_reserved_bytes": 2212495360}
{"reference_step": 0, "blocks_complete": 36, "elapsed_seconds": 34.164375266991556, "allocated_bytes": 151273472, "reserved_before_release": 2212495360, "reserved_after_release": 163577856}
{"reference_step": 0, "elapsed_seconds": 34.280972084001405}
{"cuda_memory_after_block": 0, "allocated_bytes": 1092928512, "reserved_bytes": 2212495360, "peak_allocated_bytes": 1918682112, "peak_reserved_bytes": 2212495360}
{"cuda_memory_after_block": 1, "allocated_bytes": 1092928512, "reserved_bytes": 2212495360, "peak_allocated_bytes": 1918682112, "peak_reserved_bytes": 2212495360}
{"cuda_memory_after_block": 2, "allocated_bytes": 1092928512, "reserved_bytes": 2212495360, "peak_allocated_bytes": 1918682112, "peak_reserved_bytes": 2212495360}
{"cuda_memory_after_block": 3, "allocated_bytes": 1092928512, "reserved_bytes": 2212495360, "peak_allocated_bytes": 1918682112, "peak_reserved_bytes": 2212495360}
{"cuda_memory_after_block": 4, "allocated_bytes": 1092928512, "reserved_bytes": 2212495360, "peak_allocated_bytes": 1918682112, "peak_reserved_bytes": 2212495360}
{"cuda_memory_after_block": 5, "allocated_bytes": 1092928512, "reserved_bytes": 2212495360, "peak_allocated_bytes": 1918682112, "peak_reserved_bytes": 2212495360}
{"reference_step": 1, "blocks_complete": 6, "elapsed_seconds": 5.951969371992163, "allocated_bytes": 151273472, "reserved_before_release": 2212495360, "reserved_after_release": 163577856}
{"cuda_memory_after_block": 6, "allocated_bytes": 1092928512, "reserved_bytes": 2212495360, "peak_allocated_bytes": 1918682112, "peak_reserved_bytes": 2212495360}
{"cuda_memory_after_block": 7, "allocated_bytes": 1092928512, "reserved_bytes": 2212495360, "peak_allocated_bytes": 1918682112, "peak_reserved_bytes": 2212495360}
{"cuda_memory_after_block": 8, "allocated_bytes": 1092928512, "reserved_bytes": 2212495360, "peak_allocated_bytes": 1918682112, "peak_reserved_bytes": 2212495360}
{"cuda_memory_after_block": 9, "allocated_bytes": 1092928512, "reserved_bytes": 2212495360, "peak_allocated_bytes": 1918682112, "peak_reserved_bytes": 2212495360}
{"cuda_memory_after_block": 10, "allocated_bytes": 1092928512, "reserved_bytes": 2212495360, "peak_allocated_bytes": 1918682112, "peak_reserved_bytes": 2212495360}
{"cuda_memory_after_block": 11, "allocated_bytes": 1092928512, "reserved_bytes": 2212495360, "peak_allocated_bytes": 1918682112, "peak_reserved_bytes": 2212495360}
{"reference_step": 1, "blocks_complete": 12, "elapsed_seconds": 11.592696884996258, "allocated_bytes": 151273472, "reserved_before_release": 2212495360, "reserved_after_release": 163577856}
{"cuda_memory_after_block": 12, "allocated_bytes": 1092928512, "reserved_bytes": 2212495360, "peak_allocated_bytes": 1918682112, "peak_reserved_bytes": 2212495360}
{"cuda_memory_after_block": 13, "allocated_bytes": 1092928512, "reserved_bytes": 2212495360, "peak_allocated_bytes": 1918682112, "peak_reserved_bytes": 2212495360}
{"cuda_memory_after_block": 14, "allocated_bytes": 1092928512, "reserved_bytes": 2212495360, "peak_allocated_bytes": 1918682112, "peak_reserved_bytes": 2212495360}
{"cuda_memory_after_block": 15, "allocated_bytes": 1092928512, "reserved_bytes": 2212495360, "peak_allocated_bytes": 1918682112, "peak_reserved_bytes": 2212495360}
{"cuda_memory_after_block": 16, "allocated_bytes": 1092928512, "reserved_bytes": 2212495360, "peak_allocated_bytes": 1918682112, "peak_reserved_bytes": 2212495360}
{"cuda_memory_after_block": 17, "allocated_bytes": 1092928512, "reserved_bytes": 2212495360, "peak_allocated_bytes": 1918682112, "peak_reserved_bytes": 2212495360}
{"reference_step": 1, "blocks_complete": 18, "elapsed_seconds": 17.303121042001294, "allocated_bytes": 151273472, "reserved_before_release": 2212495360, "reserved_after_release": 163577856}
{"cuda_memory_after_block": 18, "allocated_bytes": 1092928512, "reserved_bytes": 2212495360, "peak_allocated_bytes": 1918682112, "peak_reserved_bytes": 2212495360}
{"cuda_memory_after_block": 19, "allocated_bytes": 1092928512, "reserved_bytes": 2212495360, "peak_allocated_bytes": 1918682112, "peak_reserved_bytes": 2212495360}
{"cuda_memory_after_block": 20, "allocated_bytes": 1092928512, "reserved_bytes": 2212495360, "peak_allocated_bytes": 1918682112, "peak_reserved_bytes": 2212495360}
{"cuda_memory_after_block": 21, "allocated_bytes": 1092928512, "reserved_bytes": 2212495360, "peak_allocated_bytes": 1918682112, "peak_reserved_bytes": 2212495360}
{"cuda_memory_after_block": 22, "allocated_bytes": 1092928512, "reserved_bytes": 2212495360, "peak_allocated_bytes": 1918682112, "peak_reserved_bytes": 2212495360}
{"cuda_memory_after_block": 23, "allocated_bytes": 1092928512, "reserved_bytes": 2212495360, "peak_allocated_bytes": 1918682112, "peak_reserved_bytes": 2212495360}
{"reference_step": 1, "blocks_complete": 24, "elapsed_seconds": 22.963358532986604, "allocated_bytes": 151273472, "reserved_before_release": 2212495360, "reserved_after_release": 163577856}
{"cuda_memory_after_block": 24, "allocated_bytes": 1092928512, "reserved_bytes": 2212495360, "peak_allocated_bytes": 1918682112, "peak_reserved_bytes": 2212495360}
{"cuda_memory_after_block": 25, "allocated_bytes": 1092928512, "reserved_bytes": 2212495360, "peak_allocated_bytes": 1918682112, "peak_reserved_bytes": 2212495360}
{"cuda_memory_after_block": 26, "allocated_bytes": 1092928512, "reserved_bytes": 2212495360, "peak_allocated_bytes": 1918682112, "peak_reserved_bytes": 2212495360}
{"cuda_memory_after_block": 27, "allocated_bytes": 1092928512, "reserved_bytes": 2212495360, "peak_allocated_bytes": 1918682112, "peak_reserved_bytes": 2212495360}
{"cuda_memory_after_block": 28, "allocated_bytes": 1092928512, "reserved_bytes": 2212495360, "peak_allocated_bytes": 1918682112, "peak_reserved_bytes": 2212495360}
{"cuda_memory_after_block": 29, "allocated_bytes": 1092928512, "reserved_bytes": 2212495360, "peak_allocated_bytes": 1918682112, "peak_reserved_bytes": 2212495360}
{"reference_step": 1, "blocks_complete": 30, "elapsed_seconds": 28.67248257799656, "allocated_bytes": 151273472, "reserved_before_release": 2212495360, "reserved_after_release": 163577856}
{"cuda_memory_after_block": 30, "allocated_bytes": 1092928512, "reserved_bytes": 2212495360, "peak_allocated_bytes": 1918682112, "peak_reserved_bytes": 2212495360}
{"cuda_memory_after_block": 31, "allocated_bytes": 1092928512, "reserved_bytes": 2212495360, "peak_allocated_bytes": 1918682112, "peak_reserved_bytes": 2212495360}
{"cuda_memory_after_block": 32, "allocated_bytes": 1092928512, "reserved_bytes": 2212495360, "peak_allocated_bytes": 1918682112, "peak_reserved_bytes": 2212495360}
{"cuda_memory_after_block": 33, "allocated_bytes": 1092928512, "reserved_bytes": 2212495360, "peak_allocated_bytes": 1918682112, "peak_reserved_bytes": 2212495360}
{"cuda_memory_after_block": 34, "allocated_bytes": 1092928512, "reserved_bytes": 2212495360, "peak_allocated_bytes": 1918682112, "peak_reserved_bytes": 2212495360}
{"cuda_memory_after_block": 35, "allocated_bytes": 1092928512, "reserved_bytes": 2212495360, "peak_allocated_bytes": 1918682112, "peak_reserved_bytes": 2212495360}
{"reference_step": 1, "blocks_complete": 36, "elapsed_seconds": 34.3245525220118, "allocated_bytes": 151273472, "reserved_before_release": 2212495360, "reserved_after_release": 163577856}
{"reference_step": 1, "elapsed_seconds": 34.438346086011734}
{"cuda_memory_after_block": 0, "allocated_bytes": 1092928512, "reserved_bytes": 2212495360, "peak_allocated_bytes": 1918682112, "peak_reserved_bytes": 2212495360}
{"cuda_memory_after_block": 1, "allocated_bytes": 1092928512, "reserved_bytes": 2212495360, "peak_allocated_bytes": 1918682112, "peak_reserved_bytes": 2212495360}
{"cuda_memory_after_block": 2, "allocated_bytes": 1092928512, "reserved_bytes": 2212495360, "peak_allocated_bytes": 1918682112, "peak_reserved_bytes": 2212495360}
{"cuda_memory_after_block": 3, "allocated_bytes": 1092928512, "reserved_bytes": 2212495360, "peak_allocated_bytes": 1918682112, "peak_reserved_bytes": 2212495360}
{"cuda_memory_after_block": 4, "allocated_bytes": 1092928512, "reserved_bytes": 2212495360, "peak_allocated_bytes": 1918682112, "peak_reserved_bytes": 2212495360}
{"cuda_memory_after_block": 5, "allocated_bytes": 1092928512, "reserved_bytes": 2212495360, "peak_allocated_bytes": 1918682112, "peak_reserved_bytes": 2212495360}
{"reference_step": 2, "blocks_complete": 6, "elapsed_seconds": 5.999432333017467, "allocated_bytes": 151273472, "reserved_before_release": 2212495360, "reserved_after_release": 163577856}
{"cuda_memory_after_block": 6, "allocated_bytes": 1092928512, "reserved_bytes": 2212495360, "peak_allocated_bytes": 1918682112, "peak_reserved_bytes": 2212495360}
{"cuda_memory_after_block": 7, "allocated_bytes": 1092928512, "reserved_bytes": 2212495360, "peak_allocated_bytes": 1918682112, "peak_reserved_bytes": 2212495360}
{"cuda_memory_after_block": 8, "allocated_bytes": 1092928512, "reserved_bytes": 2212495360, "peak_allocated_bytes": 1918682112, "peak_reserved_bytes": 2212495360}
{"cuda_memory_after_block": 9, "allocated_bytes": 1092928512, "reserved_bytes": 2212495360, "peak_allocated_bytes": 1918682112, "peak_reserved_bytes": 2212495360}
{"cuda_memory_after_block": 10, "allocated_bytes": 1092928512, "reserved_bytes": 2212495360, "peak_allocated_bytes": 1918682112, "peak_reserved_bytes": 2212495360}
{"cuda_memory_after_block": 11, "allocated_bytes": 1092928512, "reserved_bytes": 2212495360, "peak_allocated_bytes": 1918682112, "peak_reserved_bytes": 2212495360}
{"reference_step": 2, "blocks_complete": 12, "elapsed_seconds": 11.641755599004682, "allocated_bytes": 151273472, "reserved_before_release": 2212495360, "reserved_after_release": 163577856}
{"cuda_memory_after_block": 12, "allocated_bytes": 1092928512, "reserved_bytes": 2212495360, "peak_allocated_bytes": 1918682112, "peak_reserved_bytes": 2212495360}
{"cuda_memory_after_block": 13, "allocated_bytes": 1092928512, "reserved_bytes": 2212495360, "peak_allocated_bytes": 1918682112, "peak_reserved_bytes": 2212495360}
{"cuda_memory_after_block": 14, "allocated_bytes": 1092928512, "reserved_bytes": 2212495360, "peak_allocated_bytes": 1918682112, "peak_reserved_bytes": 2212495360}
{"cuda_memory_after_block": 15, "allocated_bytes": 1092928512, "reserved_bytes": 2212495360, "peak_allocated_bytes": 1918682112, "peak_reserved_bytes": 2212495360}
{"cuda_memory_after_block": 16, "allocated_bytes": 1092928512, "reserved_bytes": 2212495360, "peak_allocated_bytes": 1918682112, "peak_reserved_bytes": 2212495360}
{"cuda_memory_after_block": 17, "allocated_bytes": 1092928512, "reserved_bytes": 2212495360, "peak_allocated_bytes": 1918682112, "peak_reserved_bytes": 2212495360}
{"reference_step": 2, "blocks_complete": 18, "elapsed_seconds": 17.380019944015658, "allocated_bytes": 151273472, "reserved_before_release": 2212495360, "reserved_after_release": 163577856}
{"cuda_memory_after_block": 18, "allocated_bytes": 1092928512, "reserved_bytes": 2212495360, "peak_allocated_bytes": 1918682112, "peak_reserved_bytes": 2212495360}
{"cuda_memory_after_block": 19, "allocated_bytes": 1092928512, "reserved_bytes": 2212495360, "peak_allocated_bytes": 1918682112, "peak_reserved_bytes": 2212495360}
{"cuda_memory_after_block": 20, "allocated_bytes": 1092928512, "reserved_bytes": 2212495360, "peak_allocated_bytes": 1918682112, "peak_reserved_bytes": 2212495360}
{"cuda_memory_after_block": 21, "allocated_bytes": 1092928512, "reserved_bytes": 2212495360, "peak_allocated_bytes": 1918682112, "peak_reserved_bytes": 2212495360}
{"cuda_memory_after_block": 22, "allocated_bytes": 1092928512, "reserved_bytes": 2212495360, "peak_allocated_bytes": 1918682112, "peak_reserved_bytes": 2212495360}
{"cuda_memory_after_block": 23, "allocated_bytes": 1092928512, "reserved_bytes": 2212495360, "peak_allocated_bytes": 1918682112, "peak_reserved_bytes": 2212495360}
{"reference_step": 2, "blocks_complete": 24, "elapsed_seconds": 23.04303456802154, "allocated_bytes": 151273472, "reserved_before_release": 2212495360, "reserved_after_release": 163577856}
{"cuda_memory_after_block": 24, "allocated_bytes": 1092928512, "reserved_bytes": 2212495360, "peak_allocated_bytes": 1918682112, "peak_reserved_bytes": 2212495360}
{"cuda_memory_after_block": 25, "allocated_bytes": 1092928512, "reserved_bytes": 2212495360, "peak_allocated_bytes": 1918682112, "peak_reserved_bytes": 2212495360}
{"cuda_memory_after_block": 26, "allocated_bytes": 1092928512, "reserved_bytes": 2212495360, "peak_allocated_bytes": 1918682112, "peak_reserved_bytes": 2212495360}
{"cuda_memory_after_block": 27, "allocated_bytes": 1092928512, "reserved_bytes": 2212495360, "peak_allocated_bytes": 1918682112, "peak_reserved_bytes": 2212495360}
{"cuda_memory_after_block": 28, "allocated_bytes": 1092928512, "reserved_bytes": 2212495360, "peak_allocated_bytes": 1918682112, "peak_reserved_bytes": 2212495360}
{"cuda_memory_after_block": 29, "allocated_bytes": 1092928512, "reserved_bytes": 2212495360, "peak_allocated_bytes": 1918682112, "peak_reserved_bytes": 2212495360}
{"reference_step": 2, "blocks_complete": 30, "elapsed_seconds": 28.762408713024342, "allocated_bytes": 151273472, "reserved_before_release": 2212495360, "reserved_after_release": 163577856}
{"cuda_memory_after_block": 30, "allocated_bytes": 1092928512, "reserved_bytes": 2212495360, "peak_allocated_bytes": 1918682112, "peak_reserved_bytes": 2212495360}
{"cuda_memory_after_block": 31, "allocated_bytes": 1092928512, "reserved_bytes": 2212495360, "peak_allocated_bytes": 1918682112, "peak_reserved_bytes": 2212495360}
{"cuda_memory_after_block": 32, "allocated_bytes": 1092928512, "reserved_bytes": 2212495360, "peak_allocated_bytes": 1918682112, "peak_reserved_bytes": 2212495360}
{"cuda_memory_after_block": 33, "allocated_bytes": 1092928512, "reserved_bytes": 2212495360, "peak_allocated_bytes": 1918682112, "peak_reserved_bytes": 2212495360}
{"cuda_memory_after_block": 34, "allocated_bytes": 1092928512, "reserved_bytes": 2212495360, "peak_allocated_bytes": 1918682112, "peak_reserved_bytes": 2212495360}
{"cuda_memory_after_block": 35, "allocated_bytes": 1092928512, "reserved_bytes": 2212495360, "peak_allocated_bytes": 1918682112, "peak_reserved_bytes": 2212495360}
{"reference_step": 2, "blocks_complete": 36, "elapsed_seconds": 34.50209308700869, "allocated_bytes": 151273472, "reserved_before_release": 2212495360, "reserved_after_release": 163577856}
{"reference_step": 2, "elapsed_seconds": 34.61120031401515}
{"cuda_memory_after_block": 0, "allocated_bytes": 1092928512, "reserved_bytes": 2212495360, "peak_allocated_bytes": 1918682112, "peak_reserved_bytes": 2212495360}
{"cuda_memory_after_block": 1, "allocated_bytes": 1092928512, "reserved_bytes": 2212495360, "peak_allocated_bytes": 1918682112, "peak_reserved_bytes": 2212495360}
{"cuda_memory_after_block": 2, "allocated_bytes": 1092928512, "reserved_bytes": 2212495360, "peak_allocated_bytes": 1918682112, "peak_reserved_bytes": 2212495360}
{"cuda_memory_after_block": 3, "allocated_bytes": 1092928512, "reserved_bytes": 2212495360, "peak_allocated_bytes": 1918682112, "peak_reserved_bytes": 2212495360}
{"cuda_memory_after_block": 4, "allocated_bytes": 1092928512, "reserved_bytes": 2212495360, "peak_allocated_bytes": 1918682112, "peak_reserved_bytes": 2212495360}
{"cuda_memory_after_block": 5, "allocated_bytes": 1092928512, "reserved_bytes": 2212495360, "peak_allocated_bytes": 1918682112, "peak_reserved_bytes": 2212495360}
{"reference_step": 3, "blocks_complete": 6, "elapsed_seconds": 6.057399481011089, "allocated_bytes": 151273472, "reserved_before_release": 2212495360, "reserved_after_release": 163577856}
{"cuda_memory_after_block": 6, "allocated_bytes": 1092928512, "reserved_bytes": 2212495360, "peak_allocated_bytes": 1918682112, "peak_reserved_bytes": 2212495360}
{"cuda_memory_after_block": 7, "allocated_bytes": 1092928512, "reserved_bytes": 2212495360, "peak_allocated_bytes": 1918682112, "peak_reserved_bytes": 2212495360}
{"cuda_memory_after_block": 8, "allocated_bytes": 1092928512, "reserved_bytes": 2212495360, "peak_allocated_bytes": 1918682112, "peak_reserved_bytes": 2212495360}
{"cuda_memory_after_block": 9, "allocated_bytes": 1092928512, "reserved_bytes": 2212495360, "peak_allocated_bytes": 1918682112, "peak_reserved_bytes": 2212495360}
{"cuda_memory_after_block": 10, "allocated_bytes": 1092928512, "reserved_bytes": 2212495360, "peak_allocated_bytes": 1918682112, "peak_reserved_bytes": 2212495360}
{"cuda_memory_after_block": 11, "allocated_bytes": 1092928512, "reserved_bytes": 2212495360, "peak_allocated_bytes": 1918682112, "peak_reserved_bytes": 2212495360}
{"reference_step": 3, "blocks_complete": 12, "elapsed_seconds": 11.686773877008818, "allocated_bytes": 151273472, "reserved_before_release": 2212495360, "reserved_after_release": 163577856}
{"cuda_memory_after_block": 12, "allocated_bytes": 1092928512, "reserved_bytes": 2212495360, "peak_allocated_bytes": 1918682112, "peak_reserved_bytes": 2212495360}
{"cuda_memory_after_block": 13, "allocated_bytes": 1092928512, "reserved_bytes": 2212495360, "peak_allocated_bytes": 1918682112, "peak_reserved_bytes": 2212495360}
{"cuda_memory_after_block": 14, "allocated_bytes": 1092928512, "reserved_bytes": 2212495360, "peak_allocated_bytes": 1918682112, "peak_reserved_bytes": 2212495360}
{"cuda_memory_after_block": 15, "allocated_bytes": 1092928512, "reserved_bytes": 2212495360, "peak_allocated_bytes": 1918682112, "peak_reserved_bytes": 2212495360}
{"cuda_memory_after_block": 16, "allocated_bytes": 1092928512, "reserved_bytes": 2212495360, "peak_allocated_bytes": 1918682112, "peak_reserved_bytes": 2212495360}
{"cuda_memory_after_block": 17, "allocated_bytes": 1092928512, "reserved_bytes": 2212495360, "peak_allocated_bytes": 1918682112, "peak_reserved_bytes": 2212495360}
{"reference_step": 3, "blocks_complete": 18, "elapsed_seconds": 17.427513775997795, "allocated_bytes": 151273472, "reserved_before_release": 2212495360, "reserved_after_release": 163577856}
{"cuda_memory_after_block": 18, "allocated_bytes": 1092928512, "reserved_bytes": 2212495360, "peak_allocated_bytes": 1918682112, "peak_reserved_bytes": 2212495360}
{"cuda_memory_after_block": 19, "allocated_bytes": 1092928512, "reserved_bytes": 2212495360, "peak_allocated_bytes": 1918682112, "peak_reserved_bytes": 2212495360}
{"cuda_memory_after_block": 20, "allocated_bytes": 1092928512, "reserved_bytes": 2212495360, "peak_allocated_bytes": 1918682112, "peak_reserved_bytes": 2212495360}
{"cuda_memory_after_block": 21, "allocated_bytes": 1092928512, "reserved_bytes": 2212495360, "peak_allocated_bytes": 1918682112, "peak_reserved_bytes": 2212495360}
{"cuda_memory_after_block": 22, "allocated_bytes": 1092928512, "reserved_bytes": 2212495360, "peak_allocated_bytes": 1918682112, "peak_reserved_bytes": 2212495360}
{"cuda_memory_after_block": 23, "allocated_bytes": 1092928512, "reserved_bytes": 2212495360, "peak_allocated_bytes": 1918682112, "peak_reserved_bytes": 2212495360}
{"reference_step": 3, "blocks_complete": 24, "elapsed_seconds": 23.12123595600133, "allocated_bytes": 151273472, "reserved_before_release": 2212495360, "reserved_after_release": 163577856}
{"cuda_memory_after_block": 24, "allocated_bytes": 1092928512, "reserved_bytes": 2212495360, "peak_allocated_bytes": 1918682112, "peak_reserved_bytes": 2212495360}
{"cuda_memory_after_block": 25, "allocated_bytes": 1092928512, "reserved_bytes": 2212495360, "peak_allocated_bytes": 1918682112, "peak_reserved_bytes": 2212495360}
{"cuda_memory_after_block": 26, "allocated_bytes": 1092928512, "reserved_bytes": 2212495360, "peak_allocated_bytes": 1918682112, "peak_reserved_bytes": 2212495360}
{"cuda_memory_after_block": 27, "allocated_bytes": 1092928512, "reserved_bytes": 2212495360, "peak_allocated_bytes": 1918682112, "peak_reserved_bytes": 2212495360}
{"cuda_memory_after_block": 28, "allocated_bytes": 1092928512, "reserved_bytes": 2212495360, "peak_allocated_bytes": 1918682112, "peak_reserved_bytes": 2212495360}
{"cuda_memory_after_block": 29, "allocated_bytes": 1092928512, "reserved_bytes": 2212495360, "peak_allocated_bytes": 1918682112, "peak_reserved_bytes": 2212495360}
{"reference_step": 3, "blocks_complete": 30, "elapsed_seconds": 28.851563092990546, "allocated_bytes": 151273472, "reserved_before_release": 2212495360, "reserved_after_release": 163577856}
{"cuda_memory_after_block": 30, "allocated_bytes": 1092928512, "reserved_bytes": 2212495360, "peak_allocated_bytes": 1918682112, "peak_reserved_bytes": 2212495360}
{"cuda_memory_after_block": 31, "allocated_bytes": 1092928512, "reserved_bytes": 2212495360, "peak_allocated_bytes": 1918682112, "peak_reserved_bytes": 2212495360}
{"cuda_memory_after_block": 32, "allocated_bytes": 1092928512, "reserved_bytes": 2212495360, "peak_allocated_bytes": 1918682112, "peak_reserved_bytes": 2212495360}
{"cuda_memory_after_block": 33, "allocated_bytes": 1092928512, "reserved_bytes": 2212495360, "peak_allocated_bytes": 1918682112, "peak_reserved_bytes": 2212495360}
{"cuda_memory_after_block": 34, "allocated_bytes": 1092928512, "reserved_bytes": 2212495360, "peak_allocated_bytes": 1918682112, "peak_reserved_bytes": 2212495360}
{"cuda_memory_after_block": 35, "allocated_bytes": 1092928512, "reserved_bytes": 2212495360, "peak_allocated_bytes": 1918682112, "peak_reserved_bytes": 2212495360}
{"reference_step": 3, "blocks_complete": 36, "elapsed_seconds": 34.412675124011, "allocated_bytes": 151273472, "reserved_before_release": 2212495360, "reserved_after_release": 163577856}
{"reference_step": 3, "elapsed_seconds": 34.53139011299936}
{"cuda_memory_after_block": 0, "allocated_bytes": 1092928512, "reserved_bytes": 2212495360, "peak_allocated_bytes": 1918682112, "peak_reserved_bytes": 2212495360}
{"cuda_memory_after_block": 1, "allocated_bytes": 1092928512, "reserved_bytes": 2212495360, "peak_allocated_bytes": 1918682112, "peak_reserved_bytes": 2212495360}
{"cuda_memory_after_block": 2, "allocated_bytes": 1092928512, "reserved_bytes": 2212495360, "peak_allocated_bytes": 1918682112, "peak_reserved_bytes": 2212495360}
{"cuda_memory_after_block": 3, "allocated_bytes": 1092928512, "reserved_bytes": 2212495360, "peak_allocated_bytes": 1918682112, "peak_reserved_bytes": 2212495360}
{"cuda_memory_after_block": 4, "allocated_bytes": 1092928512, "reserved_bytes": 2212495360, "peak_allocated_bytes": 1918682112, "peak_reserved_bytes": 2212495360}
{"cuda_memory_after_block": 5, "allocated_bytes": 1092928512, "reserved_bytes": 2212495360, "peak_allocated_bytes": 1918682112, "peak_reserved_bytes": 2212495360}
{"reference_step": 4, "blocks_complete": 6, "elapsed_seconds": 6.092092858016258, "allocated_bytes": 151273472, "reserved_before_release": 2212495360, "reserved_after_release": 163577856}
{"cuda_memory_after_block": 6, "allocated_bytes": 1092928512, "reserved_bytes": 2212495360, "peak_allocated_bytes": 1918682112, "peak_reserved_bytes": 2212495360}
{"cuda_memory_after_block": 7, "allocated_bytes": 1092928512, "reserved_bytes": 2212495360, "peak_allocated_bytes": 1918682112, "peak_reserved_bytes": 2212495360}
{"cuda_memory_after_block": 8, "allocated_bytes": 1092928512, "reserved_bytes": 2212495360, "peak_allocated_bytes": 1918682112, "peak_reserved_bytes": 2212495360}
{"cuda_memory_after_block": 9, "allocated_bytes": 1092928512, "reserved_bytes": 2212495360, "peak_allocated_bytes": 1918682112, "peak_reserved_bytes": 2212495360}
{"cuda_memory_after_block": 10, "allocated_bytes": 1092928512, "reserved_bytes": 2212495360, "peak_allocated_bytes": 1918682112, "peak_reserved_bytes": 2212495360}
{"cuda_memory_after_block": 11, "allocated_bytes": 1092928512, "reserved_bytes": 2212495360, "peak_allocated_bytes": 1918682112, "peak_reserved_bytes": 2212495360}
{"reference_step": 4, "blocks_complete": 12, "elapsed_seconds": 11.852425846998813, "allocated_bytes": 151273472, "reserved_before_release": 2212495360, "reserved_after_release": 163577856}
{"cuda_memory_after_block": 12, "allocated_bytes": 1092928512, "reserved_bytes": 2212495360, "peak_allocated_bytes": 1918682112, "peak_reserved_bytes": 2212495360}
{"cuda_memory_after_block": 13, "allocated_bytes": 1092928512, "reserved_bytes": 2212495360, "peak_allocated_bytes": 1918682112, "peak_reserved_bytes": 2212495360}
{"cuda_memory_after_block": 14, "allocated_bytes": 1092928512, "reserved_bytes": 2212495360, "peak_allocated_bytes": 1918682112, "peak_reserved_bytes": 2212495360}
{"cuda_memory_after_block": 15, "allocated_bytes": 1092928512, "reserved_bytes": 2212495360, "peak_allocated_bytes": 1918682112, "peak_reserved_bytes": 2212495360}
{"cuda_memory_after_block": 16, "allocated_bytes": 1092928512, "reserved_bytes": 2212495360, "peak_allocated_bytes": 1918682112, "peak_reserved_bytes": 2212495360}
{"cuda_memory_after_block": 17, "allocated_bytes": 1092928512, "reserved_bytes": 2212495360, "peak_allocated_bytes": 1918682112, "peak_reserved_bytes": 2212495360}
{"reference_step": 4, "blocks_complete": 18, "elapsed_seconds": 17.666651114996057, "allocated_bytes": 151273472, "reserved_before_release": 2212495360, "reserved_after_release": 163577856}
{"cuda_memory_after_block": 18, "allocated_bytes": 1092928512, "reserved_bytes": 2212495360, "peak_allocated_bytes": 1918682112, "peak_reserved_bytes": 2212495360}
{"cuda_memory_after_block": 19, "allocated_bytes": 1092928512, "reserved_bytes": 2212495360, "peak_allocated_bytes": 1918682112, "peak_reserved_bytes": 2212495360}
{"cuda_memory_after_block": 20, "allocated_bytes": 1092928512, "reserved_bytes": 2212495360, "peak_allocated_bytes": 1918682112, "peak_reserved_bytes": 2212495360}
{"cuda_memory_after_block": 21, "allocated_bytes": 1092928512, "reserved_bytes": 2212495360, "peak_allocated_bytes": 1918682112, "peak_reserved_bytes": 2212495360}
{"cuda_memory_after_block": 22, "allocated_bytes": 1092928512, "reserved_bytes": 2212495360, "peak_allocated_bytes": 1918682112, "peak_reserved_bytes": 2212495360}
{"cuda_memory_after_block": 23, "allocated_bytes": 1092928512, "reserved_bytes": 2212495360, "peak_allocated_bytes": 1918682112, "peak_reserved_bytes": 2212495360}
{"reference_step": 4, "blocks_complete": 24, "elapsed_seconds": 23.345928407012252, "allocated_bytes": 151273472, "reserved_before_release": 2212495360, "reserved_after_release": 163577856}
{"cuda_memory_after_block": 24, "allocated_bytes": 1092928512, "reserved_bytes": 2212495360, "peak_allocated_bytes": 1918682112, "peak_reserved_bytes": 2212495360}
{"cuda_memory_after_block": 25, "allocated_bytes": 1092928512, "reserved_bytes": 2212495360, "peak_allocated_bytes": 1918682112, "peak_reserved_bytes": 2212495360}
{"cuda_memory_after_block": 26, "allocated_bytes": 1092928512, "reserved_bytes": 2212495360, "peak_allocated_bytes": 1918682112, "peak_reserved_bytes": 2212495360}
{"cuda_memory_after_block": 27, "allocated_bytes": 1092928512, "reserved_bytes": 2212495360, "peak_allocated_bytes": 1918682112, "peak_reserved_bytes": 2212495360}
{"cuda_memory_after_block": 28, "allocated_bytes": 1092928512, "reserved_bytes": 2212495360, "peak_allocated_bytes": 1918682112, "peak_reserved_bytes": 2212495360}
{"cuda_memory_after_block": 29, "allocated_bytes": 1092928512, "reserved_bytes": 2212495360, "peak_allocated_bytes": 1918682112, "peak_reserved_bytes": 2212495360}
{"reference_step": 4, "blocks_complete": 30, "elapsed_seconds": 29.04189342801692, "allocated_bytes": 151273472, "reserved_before_release": 2212495360, "reserved_after_release": 163577856}
{"cuda_memory_after_block": 30, "allocated_bytes": 1092928512, "reserved_bytes": 2212495360, "peak_allocated_bytes": 1918682112, "peak_reserved_bytes": 2212495360}
{"cuda_memory_after_block": 31, "allocated_bytes": 1092928512, "reserved_bytes": 2212495360, "peak_allocated_bytes": 1918682112, "peak_reserved_bytes": 2212495360}
{"cuda_memory_after_block": 32, "allocated_bytes": 1092928512, "reserved_bytes": 2212495360, "peak_allocated_bytes": 1918682112, "peak_reserved_bytes": 2212495360}
{"cuda_memory_after_block": 33, "allocated_bytes": 1092928512, "reserved_bytes": 2212495360, "peak_allocated_bytes": 1918682112, "peak_reserved_bytes": 2212495360}
{"cuda_memory_after_block": 34, "allocated_bytes": 1092928512, "reserved_bytes": 2212495360, "peak_allocated_bytes": 1918682112, "peak_reserved_bytes": 2212495360}
{"cuda_memory_after_block": 35, "allocated_bytes": 1092928512, "reserved_bytes": 2212495360, "peak_allocated_bytes": 1918682112, "peak_reserved_bytes": 2212495360}
{"reference_step": 4, "blocks_complete": 36, "elapsed_seconds": 34.65506808299688, "allocated_bytes": 151273472, "reserved_before_release": 2212495360, "reserved_after_release": 163577856}
{"reference_step": 4, "elapsed_seconds": 34.7705167660024}
{"cuda_memory_after_block": 0, "allocated_bytes": 1092928512, "reserved_bytes": 2212495360, "peak_allocated_bytes": 1918682112, "peak_reserved_bytes": 2212495360}
{"cuda_memory_after_block": 1, "allocated_bytes": 1092928512, "reserved_bytes": 2212495360, "peak_allocated_bytes": 1918682112, "peak_reserved_bytes": 2212495360}
{"cuda_memory_after_block": 2, "allocated_bytes": 1092928512, "reserved_bytes": 2212495360, "peak_allocated_bytes": 1918682112, "peak_reserved_bytes": 2212495360}
{"cuda_memory_after_block": 3, "allocated_bytes": 1092928512, "reserved_bytes": 2212495360, "peak_allocated_bytes": 1918682112, "peak_reserved_bytes": 2212495360}
{"cuda_memory_after_block": 4, "allocated_bytes": 1092928512, "reserved_bytes": 2212495360, "peak_allocated_bytes": 1918682112, "peak_reserved_bytes": 2212495360}
{"cuda_memory_after_block": 5, "allocated_bytes": 1092928512, "reserved_bytes": 2212495360, "peak_allocated_bytes": 1918682112, "peak_reserved_bytes": 2212495360}
{"reference_step": 5, "blocks_complete": 6, "elapsed_seconds": 6.005867586995009, "allocated_bytes": 151273472, "reserved_before_release": 2212495360, "reserved_after_release": 163577856}
{"cuda_memory_after_block": 6, "allocated_bytes": 1092928512, "reserved_bytes": 2212495360, "peak_allocated_bytes": 1918682112, "peak_reserved_bytes": 2212495360}
{"cuda_memory_after_block": 7, "allocated_bytes": 1092928512, "reserved_bytes": 2212495360, "peak_allocated_bytes": 1918682112, "peak_reserved_bytes": 2212495360}
{"cuda_memory_after_block": 8, "allocated_bytes": 1092928512, "reserved_bytes": 2212495360, "peak_allocated_bytes": 1918682112, "peak_reserved_bytes": 2212495360}
{"cuda_memory_after_block": 9, "allocated_bytes": 1092928512, "reserved_bytes": 2212495360, "peak_allocated_bytes": 1918682112, "peak_reserved_bytes": 2212495360}
{"cuda_memory_after_block": 10, "allocated_bytes": 1092928512, "reserved_bytes": 2212495360, "peak_allocated_bytes": 1918682112, "peak_reserved_bytes": 2212495360}
{"cuda_memory_after_block": 11, "allocated_bytes": 1092928512, "reserved_bytes": 2212495360, "peak_allocated_bytes": 1918682112, "peak_reserved_bytes": 2212495360}
{"reference_step": 5, "blocks_complete": 12, "elapsed_seconds": 11.675239101983607, "allocated_bytes": 151273472, "reserved_before_release": 2212495360, "reserved_after_release": 163577856}
{"cuda_memory_after_block": 12, "allocated_bytes": 1092928512, "reserved_bytes": 2212495360, "peak_allocated_bytes": 1918682112, "peak_reserved_bytes": 2212495360}
{"cuda_memory_after_block": 13, "allocated_bytes": 1092928512, "reserved_bytes": 2212495360, "peak_allocated_bytes": 1918682112, "peak_reserved_bytes": 2212495360}
{"cuda_memory_after_block": 14, "allocated_bytes": 1092928512, "reserved_bytes": 2212495360, "peak_allocated_bytes": 1918682112, "peak_reserved_bytes": 2212495360}
{"cuda_memory_after_block": 15, "allocated_bytes": 1092928512, "reserved_bytes": 2212495360, "peak_allocated_bytes": 1918682112, "peak_reserved_bytes": 2212495360}
{"cuda_memory_after_block": 16, "allocated_bytes": 1092928512, "reserved_bytes": 2212495360, "peak_allocated_bytes": 1918682112, "peak_reserved_bytes": 2212495360}
{"cuda_memory_after_block": 17, "allocated_bytes": 1092928512, "reserved_bytes": 2212495360, "peak_allocated_bytes": 1918682112, "peak_reserved_bytes": 2212495360}
{"reference_step": 5, "blocks_complete": 18, "elapsed_seconds": 17.42864291399019, "allocated_bytes": 151273472, "reserved_before_release": 2212495360, "reserved_after_release": 163577856}
{"cuda_memory_after_block": 18, "allocated_bytes": 1092928512, "reserved_bytes": 2212495360, "peak_allocated_bytes": 1918682112, "peak_reserved_bytes": 2212495360}
{"cuda_memory_after_block": 19, "allocated_bytes": 1092928512, "reserved_bytes": 2212495360, "peak_allocated_bytes": 1918682112, "peak_reserved_bytes": 2212495360}
{"cuda_memory_after_block": 20, "allocated_bytes": 1092928512, "reserved_bytes": 2212495360, "peak_allocated_bytes": 1918682112, "peak_reserved_bytes": 2212495360}
{"cuda_memory_after_block": 21, "allocated_bytes": 1092928512, "reserved_bytes": 2212495360, "peak_allocated_bytes": 1918682112, "peak_reserved_bytes": 2212495360}
{"cuda_memory_after_block": 22, "allocated_bytes": 1092928512, "reserved_bytes": 2212495360, "peak_allocated_bytes": 1918682112, "peak_reserved_bytes": 2212495360}
{"cuda_memory_after_block": 23, "allocated_bytes": 1092928512, "reserved_bytes": 2212495360, "peak_allocated_bytes": 1918682112, "peak_reserved_bytes": 2212495360}
{"reference_step": 5, "blocks_complete": 24, "elapsed_seconds": 23.10117625098792, "allocated_bytes": 151273472, "reserved_before_release": 2212495360, "reserved_after_release": 163577856}
{"cuda_memory_after_block": 24, "allocated_bytes": 1092928512, "reserved_bytes": 2212495360, "peak_allocated_bytes": 1918682112, "peak_reserved_bytes": 2212495360}
{"cuda_memory_after_block": 25, "allocated_bytes": 1092928512, "reserved_bytes": 2212495360, "peak_allocated_bytes": 1918682112, "peak_reserved_bytes": 2212495360}
{"cuda_memory_after_block": 26, "allocated_bytes": 1092928512, "reserved_bytes": 2212495360, "peak_allocated_bytes": 1918682112, "peak_reserved_bytes": 2212495360}
{"cuda_memory_after_block": 27, "allocated_bytes": 1092928512, "reserved_bytes": 2212495360, "peak_allocated_bytes": 1918682112, "peak_reserved_bytes": 2212495360}
{"cuda_memory_after_block": 28, "allocated_bytes": 1092928512, "reserved_bytes": 2212495360, "peak_allocated_bytes": 1918682112, "peak_reserved_bytes": 2212495360}
{"cuda_memory_after_block": 29, "allocated_bytes": 1092928512, "reserved_bytes": 2212495360, "peak_allocated_bytes": 1918682112, "peak_reserved_bytes": 2212495360}
{"reference_step": 5, "blocks_complete": 30, "elapsed_seconds": 28.80501555200317, "allocated_bytes": 151273472, "reserved_before_release": 2212495360, "reserved_after_release": 163577856}
{"cuda_memory_after_block": 30, "allocated_bytes": 1092928512, "reserved_bytes": 2212495360, "peak_allocated_bytes": 1918682112, "peak_reserved_bytes": 2212495360}
{"cuda_memory_after_block": 31, "allocated_bytes": 1092928512, "reserved_bytes": 2212495360, "peak_allocated_bytes": 1918682112, "peak_reserved_bytes": 2212495360}
{"cuda_memory_after_block": 32, "allocated_bytes": 1092928512, "reserved_bytes": 2212495360, "peak_allocated_bytes": 1918682112, "peak_reserved_bytes": 2212495360}
{"cuda_memory_after_block": 33, "allocated_bytes": 1092928512, "reserved_bytes": 2212495360, "peak_allocated_bytes": 1918682112, "peak_reserved_bytes": 2212495360}
{"cuda_memory_after_block": 34, "allocated_bytes": 1092928512, "reserved_bytes": 2212495360, "peak_allocated_bytes": 1918682112, "peak_reserved_bytes": 2212495360}
{"cuda_memory_after_block": 35, "allocated_bytes": 1092928512, "reserved_bytes": 2212495360, "peak_allocated_bytes": 1918682112, "peak_reserved_bytes": 2212495360}
{"reference_step": 5, "blocks_complete": 36, "elapsed_seconds": 34.432769261999056, "allocated_bytes": 151273472, "reserved_before_release": 2212495360, "reserved_after_release": 163577856}
{"reference_step": 5, "elapsed_seconds": 34.57279301297967}
{"cuda_memory_after_block": 0, "allocated_bytes": 1092928512, "reserved_bytes": 2212495360, "peak_allocated_bytes": 1918682112, "peak_reserved_bytes": 2212495360}
{"cuda_memory_after_block": 1, "allocated_bytes": 1092928512, "reserved_bytes": 2212495360, "peak_allocated_bytes": 1918682112, "peak_reserved_bytes": 2212495360}
{"cuda_memory_after_block": 2, "allocated_bytes": 1092928512, "reserved_bytes": 2212495360, "peak_allocated_bytes": 1918682112, "peak_reserved_bytes": 2212495360}
{"cuda_memory_after_block": 3, "allocated_bytes": 1092928512, "reserved_bytes": 2212495360, "peak_allocated_bytes": 1918682112, "peak_reserved_bytes": 2212495360}
{"cuda_memory_after_block": 4, "allocated_bytes": 1092928512, "reserved_bytes": 2212495360, "peak_allocated_bytes": 1918682112, "peak_reserved_bytes": 2212495360}
{"cuda_memory_after_block": 5, "allocated_bytes": 1092928512, "reserved_bytes": 2212495360, "peak_allocated_bytes": 1918682112, "peak_reserved_bytes": 2212495360}
{"reference_step": 6, "blocks_complete": 6, "elapsed_seconds": 6.0469570359855425, "allocated_bytes": 151273472, "reserved_before_release": 2212495360, "reserved_after_release": 163577856}
{"cuda_memory_after_block": 6, "allocated_bytes": 1092928512, "reserved_bytes": 2212495360, "peak_allocated_bytes": 1918682112, "peak_reserved_bytes": 2212495360}
{"cuda_memory_after_block": 7, "allocated_bytes": 1092928512, "reserved_bytes": 2212495360, "peak_allocated_bytes": 1918682112, "peak_reserved_bytes": 2212495360}
{"cuda_memory_after_block": 8, "allocated_bytes": 1092928512, "reserved_bytes": 2212495360, "peak_allocated_bytes": 1918682112, "peak_reserved_bytes": 2212495360}
{"cuda_memory_after_block": 9, "allocated_bytes": 1092928512, "reserved_bytes": 2212495360, "peak_allocated_bytes": 1918682112, "peak_reserved_bytes": 2212495360}
{"cuda_memory_after_block": 10, "allocated_bytes": 1092928512, "reserved_bytes": 2212495360, "peak_allocated_bytes": 1918682112, "peak_reserved_bytes": 2212495360}
{"cuda_memory_after_block": 11, "allocated_bytes": 1092928512, "reserved_bytes": 2212495360, "peak_allocated_bytes": 1918682112, "peak_reserved_bytes": 2212495360}
{"reference_step": 6, "blocks_complete": 12, "elapsed_seconds": 11.747799550998025, "allocated_bytes": 151273472, "reserved_before_release": 2212495360, "reserved_after_release": 163577856}
{"cuda_memory_after_block": 12, "allocated_bytes": 1092928512, "reserved_bytes": 2212495360, "peak_allocated_bytes": 1918682112, "peak_reserved_bytes": 2212495360}
{"cuda_memory_after_block": 13, "allocated_bytes": 1092928512, "reserved_bytes": 2212495360, "peak_allocated_bytes": 1918682112, "peak_reserved_bytes": 2212495360}
{"cuda_memory_after_block": 14, "allocated_bytes": 1092928512, "reserved_bytes": 2212495360, "peak_allocated_bytes": 1918682112, "peak_reserved_bytes": 2212495360}
{"cuda_memory_after_block": 15, "allocated_bytes": 1092928512, "reserved_bytes": 2212495360, "peak_allocated_bytes": 1918682112, "peak_reserved_bytes": 2212495360}
{"cuda_memory_after_block": 16, "allocated_bytes": 1092928512, "reserved_bytes": 2212495360, "peak_allocated_bytes": 1918682112, "peak_reserved_bytes": 2212495360}
{"cuda_memory_after_block": 17, "allocated_bytes": 1092928512, "reserved_bytes": 2212495360, "peak_allocated_bytes": 1918682112, "peak_reserved_bytes": 2212495360}
{"reference_step": 6, "blocks_complete": 18, "elapsed_seconds": 17.501541748002637, "allocated_bytes": 151273472, "reserved_before_release": 2212495360, "reserved_after_release": 163577856}
{"cuda_memory_after_block": 18, "allocated_bytes": 1092928512, "reserved_bytes": 2212495360, "peak_allocated_bytes": 1918682112, "peak_reserved_bytes": 2212495360}
{"cuda_memory_after_block": 19, "allocated_bytes": 1092928512, "reserved_bytes": 2212495360, "peak_allocated_bytes": 1918682112, "peak_reserved_bytes": 2212495360}
{"cuda_memory_after_block": 20, "allocated_bytes": 1092928512, "reserved_bytes": 2212495360, "peak_allocated_bytes": 1918682112, "peak_reserved_bytes": 2212495360}
{"cuda_memory_after_block": 21, "allocated_bytes": 1092928512, "reserved_bytes": 2212495360, "peak_allocated_bytes": 1918682112, "peak_reserved_bytes": 2212495360}
{"cuda_memory_after_block": 22, "allocated_bytes": 1092928512, "reserved_bytes": 2212495360, "peak_allocated_bytes": 1918682112, "peak_reserved_bytes": 2212495360}
{"cuda_memory_after_block": 23, "allocated_bytes": 1092928512, "reserved_bytes": 2212495360, "peak_allocated_bytes": 1918682112, "peak_reserved_bytes": 2212495360}
{"reference_step": 6, "blocks_complete": 24, "elapsed_seconds": 23.20139997798833, "allocated_bytes": 151273472, "reserved_before_release": 2212495360, "reserved_after_release": 163577856}
{"cuda_memory_after_block": 24, "allocated_bytes": 1092928512, "reserved_bytes": 2212495360, "peak_allocated_bytes": 1918682112, "peak_reserved_bytes": 2212495360}
{"cuda_memory_after_block": 25, "allocated_bytes": 1092928512, "reserved_bytes": 2212495360, "peak_allocated_bytes": 1918682112, "peak_reserved_bytes": 2212495360}
{"cuda_memory_after_block": 26, "allocated_bytes": 1092928512, "reserved_bytes": 2212495360, "peak_allocated_bytes": 1918682112, "peak_reserved_bytes": 2212495360}
{"cuda_memory_after_block": 27, "allocated_bytes": 1092928512, "reserved_bytes": 2212495360, "peak_allocated_bytes": 1918682112, "peak_reserved_bytes": 2212495360}
{"cuda_memory_after_block": 28, "allocated_bytes": 1092928512, "reserved_bytes": 2212495360, "peak_allocated_bytes": 1918682112, "peak_reserved_bytes": 2212495360}
{"cuda_memory_after_block": 29, "allocated_bytes": 1092928512, "reserved_bytes": 2212495360, "peak_allocated_bytes": 1918682112, "peak_reserved_bytes": 2212495360}
{"reference_step": 6, "blocks_complete": 30, "elapsed_seconds": 29.062785441987216, "allocated_bytes": 151273472, "reserved_before_release": 2212495360, "reserved_after_release": 163577856}
{"cuda_memory_after_block": 30, "allocated_bytes": 1092928512, "reserved_bytes": 2212495360, "peak_allocated_bytes": 1918682112, "peak_reserved_bytes": 2212495360}
{"cuda_memory_after_block": 31, "allocated_bytes": 1092928512, "reserved_bytes": 2212495360, "peak_allocated_bytes": 1918682112, "peak_reserved_bytes": 2212495360}
{"cuda_memory_after_block": 32, "allocated_bytes": 1092928512, "reserved_bytes": 2212495360, "peak_allocated_bytes": 1918682112, "peak_reserved_bytes": 2212495360}
{"cuda_memory_after_block": 33, "allocated_bytes": 1092928512, "reserved_bytes": 2212495360, "peak_allocated_bytes": 1918682112, "peak_reserved_bytes": 2212495360}
{"cuda_memory_after_block": 34, "allocated_bytes": 1092928512, "reserved_bytes": 2212495360, "peak_allocated_bytes": 1918682112, "peak_reserved_bytes": 2212495360}
{"cuda_memory_after_block": 35, "allocated_bytes": 1092928512, "reserved_bytes": 2212495360, "peak_allocated_bytes": 1918682112, "peak_reserved_bytes": 2212495360}
{"reference_step": 6, "blocks_complete": 36, "elapsed_seconds": 34.780739556998014, "allocated_bytes": 151273472, "reserved_before_release": 2212495360, "reserved_after_release": 163577856}
{"reference_step": 6, "elapsed_seconds": 34.889183074003085}
{"cuda_memory_after_block": 0, "allocated_bytes": 1092928512, "reserved_bytes": 2212495360, "peak_allocated_bytes": 1918682112, "peak_reserved_bytes": 2212495360}
{"cuda_memory_after_block": 1, "allocated_bytes": 1092928512, "reserved_bytes": 2212495360, "peak_allocated_bytes": 1918682112, "peak_reserved_bytes": 2212495360}
{"cuda_memory_after_block": 2, "allocated_bytes": 1092928512, "reserved_bytes": 2212495360, "peak_allocated_bytes": 1918682112, "peak_reserved_bytes": 2212495360}
{"cuda_memory_after_block": 3, "allocated_bytes": 1092928512, "reserved_bytes": 2212495360, "peak_allocated_bytes": 1918682112, "peak_reserved_bytes": 2212495360}
{"cuda_memory_after_block": 4, "allocated_bytes": 1092928512, "reserved_bytes": 2212495360, "peak_allocated_bytes": 1918682112, "peak_reserved_bytes": 2212495360}
{"cuda_memory_after_block": 5, "allocated_bytes": 1092928512, "reserved_bytes": 2212495360, "peak_allocated_bytes": 1918682112, "peak_reserved_bytes": 2212495360}
{"reference_step": 7, "blocks_complete": 6, "elapsed_seconds": 6.51316264399793, "allocated_bytes": 151273472, "reserved_before_release": 2212495360, "reserved_after_release": 163577856}
{"cuda_memory_after_block": 6, "allocated_bytes": 1092928512, "reserved_bytes": 2212495360, "peak_allocated_bytes": 1918682112, "peak_reserved_bytes": 2212495360}
{"cuda_memory_after_block": 7, "allocated_bytes": 1092928512, "reserved_bytes": 2212495360, "peak_allocated_bytes": 1918682112, "peak_reserved_bytes": 2212495360}
{"cuda_memory_after_block": 8, "allocated_bytes": 1092928512, "reserved_bytes": 2212495360, "peak_allocated_bytes": 1918682112, "peak_reserved_bytes": 2212495360}
{"cuda_memory_after_block": 9, "allocated_bytes": 1092928512, "reserved_bytes": 2212495360, "peak_allocated_bytes": 1918682112, "peak_reserved_bytes": 2212495360}
{"cuda_memory_after_block": 10, "allocated_bytes": 1092928512, "reserved_bytes": 2212495360, "peak_allocated_bytes": 1918682112, "peak_reserved_bytes": 2212495360}
{"cuda_memory_after_block": 11, "allocated_bytes": 1092928512, "reserved_bytes": 2212495360, "peak_allocated_bytes": 1918682112, "peak_reserved_bytes": 2212495360}
{"reference_step": 7, "blocks_complete": 12, "elapsed_seconds": 12.403384453995386, "allocated_bytes": 151273472, "reserved_before_release": 2212495360, "reserved_after_release": 163577856}
{"cuda_memory_after_block": 12, "allocated_bytes": 1092928512, "reserved_bytes": 2212495360, "peak_allocated_bytes": 1918682112, "peak_reserved_bytes": 2212495360}
{"cuda_memory_after_block": 13, "allocated_bytes": 1092928512, "reserved_bytes": 2212495360, "peak_allocated_bytes": 1918682112, "peak_reserved_bytes": 2212495360}
{"cuda_memory_after_block": 14, "allocated_bytes": 1092928512, "reserved_bytes": 2212495360, "peak_allocated_bytes": 1918682112, "peak_reserved_bytes": 2212495360}
{"cuda_memory_after_block": 15, "allocated_bytes": 1092928512, "reserved_bytes": 2212495360, "peak_allocated_bytes": 1918682112, "peak_reserved_bytes": 2212495360}
{"cuda_memory_after_block": 16, "allocated_bytes": 1092928512, "reserved_bytes": 2212495360, "peak_allocated_bytes": 1918682112, "peak_reserved_bytes": 2212495360}
{"cuda_memory_after_block": 17, "allocated_bytes": 1092928512, "reserved_bytes": 2212495360, "peak_allocated_bytes": 1918682112, "peak_reserved_bytes": 2212495360}
{"reference_step": 7, "blocks_complete": 18, "elapsed_seconds": 18.290864751004847, "allocated_bytes": 151273472, "reserved_before_release": 2212495360, "reserved_after_release": 163577856}
{"cuda_memory_after_block": 18, "allocated_bytes": 1092928512, "reserved_bytes": 2212495360, "peak_allocated_bytes": 1918682112, "peak_reserved_bytes": 2212495360}
{"cuda_memory_after_block": 19, "allocated_bytes": 1092928512, "reserved_bytes": 2212495360, "peak_allocated_bytes": 1918682112, "peak_reserved_bytes": 2212495360}
{"cuda_memory_after_block": 20, "allocated_bytes": 1092928512, "reserved_bytes": 2212495360, "peak_allocated_bytes": 1918682112, "peak_reserved_bytes": 2212495360}
{"cuda_memory_after_block": 21, "allocated_bytes": 1092928512, "reserved_bytes": 2212495360, "peak_allocated_bytes": 1918682112, "peak_reserved_bytes": 2212495360}
{"cuda_memory_after_block": 22, "allocated_bytes": 1092928512, "reserved_bytes": 2212495360, "peak_allocated_bytes": 1918682112, "peak_reserved_bytes": 2212495360}
{"cuda_memory_after_block": 23, "allocated_bytes": 1092928512, "reserved_bytes": 2212495360, "peak_allocated_bytes": 1918682112, "peak_reserved_bytes": 2212495360}
{"reference_step": 7, "blocks_complete": 24, "elapsed_seconds": 24.224803540011635, "allocated_bytes": 151273472, "reserved_before_release": 2212495360, "reserved_after_release": 163577856}
{"cuda_memory_after_block": 24, "allocated_bytes": 1092928512, "reserved_bytes": 2212495360, "peak_allocated_bytes": 1918682112, "peak_reserved_bytes": 2212495360}
{"cuda_memory_after_block": 25, "allocated_bytes": 1092928512, "reserved_bytes": 2212495360, "peak_allocated_bytes": 1918682112, "peak_reserved_bytes": 2212495360}
{"cuda_memory_after_block": 26, "allocated_bytes": 1092928512, "reserved_bytes": 2212495360, "peak_allocated_bytes": 1918682112, "peak_reserved_bytes": 2212495360}
{"cuda_memory_after_block": 27, "allocated_bytes": 1092928512, "reserved_bytes": 2212495360, "peak_allocated_bytes": 1918682112, "peak_reserved_bytes": 2212495360}
{"cuda_memory_after_block": 28, "allocated_bytes": 1092928512, "reserved_bytes": 2212495360, "peak_allocated_bytes": 1918682112, "peak_reserved_bytes": 2212495360}
{"cuda_memory_after_block": 29, "allocated_bytes": 1092928512, "reserved_bytes": 2212495360, "peak_allocated_bytes": 1918682112, "peak_reserved_bytes": 2212495360}
{"reference_step": 7, "blocks_complete": 30, "elapsed_seconds": 30.224348668998573, "allocated_bytes": 151273472, "reserved_before_release": 2212495360, "reserved_after_release": 163577856}
{"cuda_memory_after_block": 30, "allocated_bytes": 1092928512, "reserved_bytes": 2212495360, "peak_allocated_bytes": 1918682112, "peak_reserved_bytes": 2212495360}
{"cuda_memory_after_block": 31, "allocated_bytes": 1092928512, "reserved_bytes": 2212495360, "peak_allocated_bytes": 1918682112, "peak_reserved_bytes": 2212495360}
{"cuda_memory_after_block": 32, "allocated_bytes": 1092928512, "reserved_bytes": 2212495360, "peak_allocated_bytes": 1918682112, "peak_reserved_bytes": 2212495360}
{"cuda_memory_after_block": 33, "allocated_bytes": 1092928512, "reserved_bytes": 2212495360, "peak_allocated_bytes": 1918682112, "peak_reserved_bytes": 2212495360}
{"cuda_memory_after_block": 34, "allocated_bytes": 1092928512, "reserved_bytes": 2212495360, "peak_allocated_bytes": 1918682112, "peak_reserved_bytes": 2212495360}
{"cuda_memory_after_block": 35, "allocated_bytes": 1092928512, "reserved_bytes": 2212495360, "peak_allocated_bytes": 1918682112, "peak_reserved_bytes": 2212495360}
{"reference_step": 7, "blocks_complete": 36, "elapsed_seconds": 36.0968212900043, "allocated_bytes": 151273472, "reserved_before_release": 2212495360, "reserved_after_release": 163577856}
{"reference_step": 7, "elapsed_seconds": 36.21497349100537}
{"complete": true, "config": {"packed_width": 48, "packed_height": 86, "text_bucket": 32, "dit_text_tokens": 64, "text_layers": 25, "dit_layers": 36}, "ids": [1, 1065, 4804, 46227, 1408, 1261, 32656, 4234, 1044, 6444, 85352, 1044, 43905, 16649, 1046]}
