	Command being timed: "/home/mingshi/Project/AI/ernie-image-ncnn-vulkan/build/ernie-block-sequence-runner --fixture /home/mingshi/Project/AI/ernie-image-ncnn-vulkan/outputs/sequence01-s288-v2/reference --tokens 288 --output /home/mingshi/Project/AI/ernie-image-ncnn-vulkan/outputs/sequence01-s288-v2/cpu-fp32-resident/actual.f32 --backend cpu --precision fp32 --policy resident --model /home/mingshi/Project/AI/ernie-image-ncnn-vulkan/models/converted/dit-block-00-s288/runtime --model /home/mingshi/Project/AI/ernie-image-ncnn-vulkan/models/converted/dit-block-01-s288"
	User time (seconds): 5.43
	System time (seconds): 1.75
	Percent of CPU this job got: 378%
	Elapsed (wall clock) time (h:mm:ss or m:ss): 0:01.89
	Average shared text size (kbytes): 0
	Average unshared data size (kbytes): 0
	Average stack size (kbytes): 0
	Average total size (kbytes): 0
	Maximum resident set size (kbytes): 1950672
	Average resident set size (kbytes): 0
	Major (requiring I/O) page faults: 10
	Minor (reclaiming a frame) page faults: 1124714
	Voluntary context switches: 32
	Involuntary context switches: 102
	Swaps: 0
	File system inputs: 9488
	File system outputs: 9224
	Socket messages sent: 0
	Socket messages received: 0
	Signals delivered: 0
	Page size (bytes): 4096
	Exit status: 0
