pnnxparam = head.pnnx.param
pnnxbin = head.pnnx.bin
pnnxpy = head_pnnx.py
pnnxonnx = head.pnnx.onnx
ncnnparam = head.ncnn.param
ncnnbin = head.ncnn.bin
ncnnpy = head_ncnn.py
fp16 = 0
optlevel = 2
device = cpu
inputshape = [1,288,4096]f32,[1,4096]f32
inputshape2 = 
input = 
input2 = 
customop = 
moduleop = 
get inputshape from traced inputs
inputshape = [1,288,4096]f32,[1,4096]f32
############# pass_level0
inline module = diffusers.models.transformers.transformer_ernie_image.ErnieImageAdaLNContinuous
inline module = diffusers.models.transformers.transformer_ernie_image.ErnieImageAdaLNContinuous

----------------

############# pass_level1
############# pass_level2
############# pass_level3
############# pass_level4
############# pass_level5
############# pass_ncnn
fallback batch axis 233 for operand 1
fallback batch axis 233 for operand 3
fallback batch axis 233 for operand 13
fallback batch axis 233 for operand 14
slice along batch axis is not supported
permute across batch dim is not supported yet!
permute across batch dim is not supported yet!
model inputshape = [1,288,4096]f32,[1,4096]f32
FLOPS = 380.94M
memory OPS = 40.043M
