	Command being timed: "/home/mingshi/Project/AI/ernie-image-ncnn-vulkan/outputs/dit-head-input-v2/ernie-head-runner.snapshot --model /home/mingshi/Project/AI/ernie-image-ncnn-vulkan/models/dit-heads-s288-v1/input --fixture /home/mingshi/Project/AI/ernie-image-ncnn-vulkan/models/dit-heads-s288-v1/input --output /home/mingshi/Project/AI/ernie-image-ncnn-vulkan/outputs/dit-head-input-v2/vulkan-bf16/actual --component input --height 4 --width 4 --text-tokens 272 --backend vulkan --precision bf16"
	User time (seconds): 3.92
	System time (seconds): 1.23
	Percent of CPU this job got: 280%
	Elapsed (wall clock) time (h:mm:ss or m:ss): 0:01.83
	Average shared text size (kbytes): 0
	Average unshared data size (kbytes): 0
	Average stack size (kbytes): 0
	Average total size (kbytes): 0
	Maximum resident set size (kbytes): 1084980
	Average resident set size (kbytes): 0
	Major (requiring I/O) page faults: 0
	Minor (reclaiming a frame) page faults: 389873
	Voluntary context switches: 386
	Involuntary context switches: 99
	Swaps: 0
	File system inputs: 0
	File system outputs: 9448
	Socket messages sent: 0
	Socket messages received: 0
	Signals delivered: 0
	Page size (bytes): 4096
	Exit status: 0
