	Command being timed: "/home/mingshi/Project/AI/ernie-image-ncnn-vulkan/outputs/vae-direct-64-v1/ernie-head-runner.snapshot --model /home/mingshi/Project/AI/ernie-image-ncnn-vulkan/models/vae-8x8-v1 --fixture /home/mingshi/Project/AI/ernie-image-ncnn-vulkan/models/vae-8x8-v1 --output /home/mingshi/Project/AI/ernie-image-ncnn-vulkan/outputs/vae-direct-64-v1/cpu-fp32/actual --component vae --height 8 --width 8 --text-tokens 0 --backend cpu --precision fp32 --vae-convolution direct"
	User time (seconds): 1.05
	System time (seconds): 0.16
	Percent of CPU this job got: 388%
	Elapsed (wall clock) time (h:mm:ss or m:ss): 0:00.31
	Average shared text size (kbytes): 0
	Average unshared data size (kbytes): 0
	Average stack size (kbytes): 0
	Average total size (kbytes): 0
	Maximum resident set size (kbytes): 333396
	Average resident set size (kbytes): 0
	Major (requiring I/O) page faults: 0
	Minor (reclaiming a frame) page faults: 83706
	Voluntary context switches: 12
	Involuntary context switches: 153
	Swaps: 0
	File system inputs: 0
	File system outputs: 104
	Socket messages sent: 0
	Socket messages received: 0
	Signals delivered: 0
	Page size (bytes): 4096
	Exit status: 0
