[0 NVIDIA GeForce RTX 4060 Laptop GPU]  queueC=2[8]  queueT=1[2]  rebar=1  r-score=76
[0 NVIDIA GeForce RTX 4060 Laptop GPU]  fp16-p/s/u/a=1/1/1/1  int8-p/s/u/a=1/1/1/1  bf16-p/s=1/1
[0 NVIDIA GeForce RTX 4060 Laptop GPU]  subgroup=32(32~32)  ops=1/1/1/1/1/1/1/1/1/1
[0 NVIDIA GeForce RTX 4060 Laptop GPU]  fp16-cm=16x16x16/16x8x16/16x8x8  int8-cm=16x16x32/16x8x32  bf16-cm=16x16x16  fp8-cm=16x16x32  fp6-cm=0  fp4-cm=0
[1 llvmpipe (LLVM 22.1.8, 256 bits)]  queueC=0[1]  queueT=0[1]  rebar=1  r-score=14
[1 llvmpipe (LLVM 22.1.8, 256 bits)]  fp16-p/s/u/a=1/1/1/1  int8-p/s/u/a=1/1/1/1  bf16-p/s=1/0
[1 llvmpipe (LLVM 22.1.8, 256 bits)]  subgroup=8(8~8)  ops=1/1/1/1/1/1/1/1/1/1
[1 llvmpipe (LLVM 22.1.8, 256 bits)]  fp16-cm=8x8x8  int8-cm=8x8x8  bf16-cm=0  fp8-cm=0  fp6-cm=0  fp4-cm=0
[2 llvmpipe (LLVM 17.0.6, 256 bits)]  queueC=0[1]  queueT=0[1]  rebar=1  r-score=4
[2 llvmpipe (LLVM 17.0.6, 256 bits)]  fp16-p/s/u/a=1/1/1/1  int8-p/s/u/a=1/1/1/1  bf16-p/s=1/0
[2 llvmpipe (LLVM 17.0.6, 256 bits)]  subgroup=8(8~8)  ops=1/1/1/1/1/1/0/1/0/0
[2 llvmpipe (LLVM 17.0.6, 256 bits)]  fp16-cm=0  int8-cm=0  bf16-cm=0  fp8-cm=0  fp6-cm=0  fp4-cm=0
overwrite built-in layer type RMSNorm
overwrite built-in layer type LayerNorm
overwrite built-in layer type RMSNorm
overwrite built-in layer type LayerNorm
overwrite built-in layer type RMSNorm
overwrite built-in layer type LayerNorm
overwrite built-in layer type RMSNorm
overwrite built-in layer type LayerNorm
overwrite built-in layer type RMSNorm
overwrite built-in layer type LayerNorm
overwrite built-in layer type RMSNorm
overwrite built-in layer type LayerNorm
overwrite built-in layer type RMSNorm
overwrite built-in layer type LayerNorm
overwrite built-in layer type RMSNorm
overwrite built-in layer type LayerNorm
overwrite built-in layer type RMSNorm
overwrite built-in layer type LayerNorm
overwrite built-in layer type RMSNorm
overwrite built-in layer type LayerNorm
overwrite built-in layer type RMSNorm
overwrite built-in layer type LayerNorm
overwrite built-in layer type RMSNorm
overwrite built-in layer type LayerNorm
overwrite built-in layer type RMSNorm
overwrite built-in layer type LayerNorm
overwrite built-in layer type RMSNorm
overwrite built-in layer type LayerNorm
overwrite built-in layer type RMSNorm
overwrite built-in layer type LayerNorm
overwrite built-in layer type RMSNorm
overwrite built-in layer type LayerNorm
overwrite built-in layer type RMSNorm
overwrite built-in layer type LayerNorm
overwrite built-in layer type RMSNorm
overwrite built-in layer type LayerNorm
overwrite built-in layer type RMSNorm
overwrite built-in layer type LayerNorm
overwrite built-in layer type RMSNorm
overwrite built-in layer type LayerNorm
overwrite built-in layer type RMSNorm
overwrite built-in layer type LayerNorm
overwrite built-in layer type RMSNorm
overwrite built-in layer type LayerNorm
overwrite built-in layer type RMSNorm
overwrite built-in layer type LayerNorm
overwrite built-in layer type RMSNorm
overwrite built-in layer type LayerNorm
overwrite built-in layer type RMSNorm
overwrite built-in layer type LayerNorm
{"blocks":25,"tokens":32,"valid_tokens":15,"backend":"vulkan","precision":"fp16","load_seconds":23.209235556,"compute_seconds":0.24440016,"compute_submissions":25}
	Command being timed: "/home/mingshi/Project/AI/ernie-image-ncnn-vulkan/outputs/text-prompt-apple-v1/runner.snapshot --output /home/mingshi/Project/AI/ernie-image-ncnn-vulkan/outputs/text-prompt-apple-v1/vulkan-fp16/output.f32 --tokens 32 --backend vulkan --precision fp16 --model /home/mingshi/Project/AI/ernie-image-ncnn-vulkan/models/text-s32-v1/block-00 --model /home/mingshi/Project/AI/ernie-image-ncnn-vulkan/models/text-s32-v2/block-01 --model /home/mingshi/Project/AI/ernie-image-ncnn-vulkan/models/text-s32-v2/block-02 --model /home/mingshi/Project/AI/ernie-image-ncnn-vulkan/models/text-s32-v2/block-03 --model /home/mingshi/Project/AI/ernie-image-ncnn-vulkan/models/text-s32-v2/block-04 --model /home/mingshi/Project/AI/ernie-image-ncnn-vulkan/models/text-s32-v2/block-05 --model /home/mingshi/Project/AI/ernie-image-ncnn-vulkan/models/text-s32-v2/block-06 --model /home/mingshi/Project/AI/ernie-image-ncnn-vulkan/models/text-s32-v2/block-07 --model /home/mingshi/Project/AI/ernie-image-ncnn-vulkan/models/text-s32-v2/block-08 --model /home/mingshi/Project/AI/ernie-image-ncnn-vulkan/models/text-s32-v2/block-09 --model /home/mingshi/Project/AI/ernie-image-ncnn-vulkan/models/text-s32-v2/block-10 --model /home/mingshi/Project/AI/ernie-image-ncnn-vulkan/models/text-s32-v2/block-11 --model /home/mingshi/Project/AI/ernie-image-ncnn-vulkan/models/text-s32-v2/block-12 --model /home/mingshi/Project/AI/ernie-image-ncnn-vulkan/models/text-s32-v2/block-13 --model /home/mingshi/Project/AI/ernie-image-ncnn-vulkan/models/text-s32-v2/block-14 --model /home/mingshi/Project/AI/ernie-image-ncnn-vulkan/models/text-s32-v2/block-15 --model /home/mingshi/Project/AI/ernie-image-ncnn-vulkan/models/text-s32-v2/block-16 --model /home/mingshi/Project/AI/ernie-image-ncnn-vulkan/models/text-s32-v2/block-17 --model /home/mingshi/Project/AI/ernie-image-ncnn-vulkan/models/text-s32-v2/block-18 --model /home/mingshi/Project/AI/ernie-image-ncnn-vulkan/models/text-s32-v2/block-19 --model /home/mingshi/Project/AI/ernie-image-ncnn-vulkan/models/text-s32-v2/block-20 --model /home/mingshi/Project/AI/ernie-image-ncnn-vulkan/models/text-s32-v2/block-21 --model /home/mingshi/Project/AI/ernie-image-ncnn-vulkan/models/text-s32-v2/block-22 --model /home/mingshi/Project/AI/ernie-image-ncnn-vulkan/models/text-s32-v2/block-23 --model /home/mingshi/Project/AI/ernie-image-ncnn-vulkan/models/text-s32-v2/block-24 --ids /home/mingshi/Project/AI/ernie-image-ncnn-vulkan/outputs/text-prompt-apple-v1/reference/ids.txt --embeddings /home/mingshi/Project/AI/ernie-image-ncnn-vulkan/models/text-s32-v1/embeddings.bf16 --frequencies /home/mingshi/Project/AI/ernie-image-ncnn-vulkan/models/text-s32-v1/rope-inv-freq.f32"
	User time (seconds): 66.28
	System time (seconds): 21.10
	Percent of CPU this job got: 357%
	Elapsed (wall clock) time (h:mm:ss or m:ss): 0:24.43
	Average shared text size (kbytes): 0
	Average unshared data size (kbytes): 0
	Average stack size (kbytes): 0
	Average total size (kbytes): 0
	Maximum resident set size (kbytes): 576848
	Average resident set size (kbytes): 0
	Major (requiring I/O) page faults: 0
	Minor (reclaiming a frame) page faults: 9152653
	Voluntary context switches: 3698
	Involuntary context switches: 1179
	Swaps: 0
	File system inputs: 8836264
	File system outputs: 368
	Socket messages sent: 0
	Socket messages received: 0
	Signals delivered: 0
	Page size (bytes): 4096
	Exit status: 0
