-- The C compiler identification is GNU 16.2.1
-- The CXX compiler identification is GNU 16.2.1
-- Detecting C compiler ABI info
-- Detecting C compiler ABI info - done
-- Check for working C compiler: /usr/bin/cc - skipped
-- Detecting C compile features
-- Detecting C compile features - done
-- Detecting CXX compiler ABI info
-- Detecting CXX compiler ABI info - done
-- Check for working CXX compiler: /usr/bin/c++ - skipped
-- Detecting CXX compile features
-- Detecting CXX compile features - done
-- Found Git: /usr/bin/git (found version "2.55.0")
-- CMAKE_INSTALL_PREFIX = /usr/local
-- NCNN_VERSION_STRING = 1.0.20260906
-- Performing Test NCNN_COMPILER_SUPPORT_GNU_INLINE_ASM
-- Performing Test NCNN_COMPILER_SUPPORT_GNU_INLINE_ASM - Success
-- Performing Test NCNN_COMPILER_SUPPORT_X86_RECIP_NONE
-- Performing Test NCNN_COMPILER_SUPPORT_X86_RECIP_NONE - Success
-- Performing Test NCNN_COMPILER_SUPPORT_X86_AVX
-- Performing Test NCNN_COMPILER_SUPPORT_X86_AVX - Success
-- Performing Test NCNN_COMPILER_SUPPORT_X86_FMA
-- Performing Test NCNN_COMPILER_SUPPORT_X86_FMA - Success
-- Performing Test NCNN_COMPILER_SUPPORT_X86_FMA4
-- Performing Test NCNN_COMPILER_SUPPORT_X86_FMA4 - Success
-- Performing Test NCNN_COMPILER_SUPPORT_X86_XOP
-- Performing Test NCNN_COMPILER_SUPPORT_X86_XOP - Success
-- Performing Test NCNN_COMPILER_SUPPORT_X86_F16C
-- Performing Test NCNN_COMPILER_SUPPORT_X86_F16C - Success
-- Performing Test NCNN_COMPILER_SUPPORT_X86_AVX2
-- Performing Test NCNN_COMPILER_SUPPORT_X86_AVX2 - Success
-- Performing Test NCNN_COMPILER_SUPPORT_X86_AVX512
-- Performing Test NCNN_COMPILER_SUPPORT_X86_AVX512 - Success
-- Performing Test NCNN_COMPILER_SUPPORT_X86_AVX_VNNI
-- Performing Test NCNN_COMPILER_SUPPORT_X86_AVX_VNNI - Success
-- Performing Test NCNN_COMPILER_SUPPORT_X86_AVX_VNNI_INT8
-- Performing Test NCNN_COMPILER_SUPPORT_X86_AVX_VNNI_INT8 - Success
-- Performing Test NCNN_COMPILER_SUPPORT_X86_AVX_VNNI_INT16
-- Performing Test NCNN_COMPILER_SUPPORT_X86_AVX_VNNI_INT16 - Success
-- Performing Test NCNN_COMPILER_SUPPORT_X86_AVX_NE_CONVERT
-- Performing Test NCNN_COMPILER_SUPPORT_X86_AVX_NE_CONVERT - Success
-- Performing Test NCNN_COMPILER_SUPPORT_X86_AVX512_VNNI
-- Performing Test NCNN_COMPILER_SUPPORT_X86_AVX512_VNNI - Success
-- Performing Test NCNN_COMPILER_SUPPORT_X86_AVX512_BF16
-- Performing Test NCNN_COMPILER_SUPPORT_X86_AVX512_BF16 - Success
-- Performing Test NCNN_COMPILER_SUPPORT_X86_AVX512_FP16
-- Performing Test NCNN_COMPILER_SUPPORT_X86_AVX512_FP16 - Success
-- Target arch: x86 64bit
-- Performing Test CMAKE_HAVE_LIBC_PTHREAD
-- Performing Test CMAKE_HAVE_LIBC_PTHREAD - Success
-- Found Threads: TRUE
-- Performing Test COMPILER_HAS_HIDDEN_VISIBILITY
-- Performing Test COMPILER_HAS_HIDDEN_VISIBILITY - Success
-- Performing Test COMPILER_HAS_HIDDEN_INLINE_VISIBILITY
-- Performing Test COMPILER_HAS_HIDDEN_INLINE_VISIBILITY - Success
-- Performing Test COMPILER_HAS_DEPRECATED_ATTR
-- Performing Test COMPILER_HAS_DEPRECATED_ATTR - Success
-- Found OpenMP_C: -fopenmp (found version "5.2")
-- Found OpenMP_CXX: -fopenmp (found version "5.2")
-- Found OpenMP: TRUE (found version "5.2")
-- Found ZLIB: /usr/lib64/libz.so (found version "1.3.1")
-- Found PNG: /usr/lib64/libpng.so (found version "1.6.58")
-- Configuring done (6.3s)
-- Generating done (0.1s)
-- Build files have been written to: /home/mingshi/Project/AI/ernie-image-ncnn-vulkan/outputs/d1-preset-source-v5/build/linux-vulkan
