{
  "baseline": {
    "nrmse": 0.0022942704205009693,
    "max_abs": 0.2358229160308838
  },
  "factors": [
    {
      "phase": "latent",
      "changed_input": "in0",
      "descriptive_distance_from_official": {
        "nrmse": 4.125540213266196e-06,
        "max_abs": 0.00024259090423583984
      }
    },
    {
      "phase": "text",
      "changed_input": "in1",
      "descriptive_distance_from_official": {
        "nrmse": 0.00229646432805313,
        "max_abs": 0.23649883270263672
      }
    }
  ]
}
