1284
1294
1310
1327
1347
1351
1375
1375
1375
1375
1407
1407
1439
1439
1471
1471
1471
1472
1472
1477
1479
1479
1481
1481
1483
1483
1487
1487
1490
1488
1488
1490
1490
1490
1490
1490
1490
1490
1522
1520
1524
1524
1524
1620
1620
1620
1741
1741
1741
1741
1741
1855
1435
1435
1435
1435
1452
1452
1452
1484
1516
1516
1516
1516
1516
1516
1531
1531
1531
1531
1531
1531
1531
1531
1531
1533
1517
1517
1515
1532
1532
1532
1532
1532
1564
1564
1564
1564
1560
1641
1645
1645
1741
1741
1741
1741
1837
1525
1437
1436
1436
1436
1468
1481
1481
1513
1545
1545
1545
1545
1545
1545
1545
1546
1546
1546
1546
1546
1557
1562
1562
1562
1562
1561
1561
1561
1559
1559
1557
1541
1541
1541
1573
1571
1571
1571
1571
1667
1665
1665
1670
1766
1766
1766
1766
1766
1862
1862
1445
1445
1445
1445
1477
1477
1477
1509
1541
1541
1541
1541
1541
1563
1563
1563
1563
1563
1563
1563
1562
1562
1562
1560
1556
1558
1559
1559
1559
1559
1556
1556
1556
1588
1588
1588
1572
1572
1668
1668
1666
1762
1766
1765
1765
1765
1861
1861
1445
1445
1445
1445
1477
1477
1477
1509
1541
1541
1541
1541
1541
1541
1541
1541
1541
1541
1541
1541
1541
1541
1540
1540
1540
1528
1528
1527
1523
1522
1522
1523
1520
1552
1552
1552
1552
1552
1648
1648
1648
1648
1742
1757
1762
1762
1762
1858
1858
1451
1451
1451
1451
1483
1483
1515
1547
1547
1547
1547
1547
1541
1541
1540
1540
1540
1541
1541
1541
1541
1541
1541
1541
1540
1540
1540
1540
1530
1530
1530
1530
1562
1560
1559
1559
1559
1655
1655
1655
1751
1751
1751
1748
1748
1849
1849
1433
1433
1449
1449
1481
1481
1481
1513
1545
1545
1545
1545
1529
1529
1529
1530
1530
1530
1530
1530
1530
1530
1529
1528
1527
1527
1527
1527
1527
1527
1527
1527
1527
1559
1559
1559
1556
1556
1652
1652
1652
1652
1748
1748
1748
1748
1746
1842
1847
1430
1430
1430
1426
1459
1459
1459
1491
1523
1523
1523
1523
1523
1548
1548
1548
1548
1548
1548
1548
1548
1548
1548
1534
1534
1534
1534
1534
1534
1534
1534
1528
1528
1559
1559
1559
1559
1555
1652
1652
1652
1748
1748
1748
1748
1748
1844
1841
1841
1430
1430
1430
1430
1462
1462
1462
1494
1526
1526
1526
1526
1526
1526
1518
1522
1522
1522
1522
1522
1522
1522
1522
1522
1522
1522
1521
1521
1521
1521
1521
1521
1553
1553
1553
1553
1553
1553
1647
1672
1672
1768
1768
1768
1768
1768
1768
1864
1861
1845
1434
1434
1434
1434
1466
1486
1486
1518
1550
1550
1550
1550
1550
1550
1550
1534
1530
1530
1530
1529
1529
1529
1529
1529
1529
1529
1529
1529
1529
1529
1529
1529
1546
1546
1578
1578
1578
1578
1575
1671
1671
1671
1655
1751
1751
1751
1751
1751
1845
1845
1433
1433
1433
1433
1465
1465
1465
1497
1529
1529
1529
1529
1529
1529
1521
1521
1521
1521
1521
1521
1521
1521
1521
1521
1521
1521
1521
1521
1521
1521
1521
1521
1517
1517
1549
1549
1549
1549
1642
1642
1642
1642
1738
1738
1738
1738
1738
1834
1832
1832
1421
1421
1421
1421
1453
1453
1453
1485
1517
1517
1517
1517
1517
1517
1517
1517
1517
1517
1517
1517
1517
1517
1517
1517
1517
1517
1517
1517
1517
1517
1517
1517
1517
1549
1549
1549
1549
1549
1642
1642
1642
1642
1738
1738
1738
1738
1738
1835
1833
1421
1421
1421
1421
1453
1453
1453
1485
1517
1517
1517
1517
1517
1517
1517
1517
1517
1517
1517
1517
1517
1531
1531
1531
1531
1531
1531
1531
1531
1531
1531
1531
1531
1563
1563
1563
1563
1563
1659
1656
1656
1752
1752
1752
1752
1752
1848
1848
1432
1429
1434
1434
1487
1487
1519
1519
1551
1551
1551
1551
1551
1551
1535
1535
1535
1535
1535
1535
1535
1535
1535
1535
1529
1529
1529
1529
1529
1529
1529
1529
1561
1561
1561
1561
1561
1657
1657
1657
1753
1751
1751
1751
1751
1847
1742
1430
1430
1447
1447
1477
1482
1514
1546
1538
1538
1538
1541
1545
1545
1545
1545
1545
1545
1545
1545
1545
1545
1545
1529
1529
1529
1529
1529
1529
1529
1529
1528
1560
1560
1559
1559
1558
1655
1655
1655
1751
1751
1751
1751
1748
1844
1844
1428
1428
1428
1428
1460
1460
1492
1490
1527
1527
1527
1527
1527
1527
1525
1517
1517
1516
1516
1516
1516
1519
1519
1519
1519
1519
1519
1519
1519
1519
1519
1519
1551
1551
1551
1551
1551
1647
1647
1647
1743
1743
1743
1743
1743
1839
1839
1420
1420
1420
1420
1452
1452
1484
1516
1516
1516
1514
1523
1539
1539
1539
1539
1539
1539
1539
1539
1539
1539
1521
1521
1521
1521
1521
1521
1521
1521
1521
1552
1552
1552
1552
1648
1648
1648
1648
1744
1744
1744
1744
1744
1840
1416
1424
1424
1424
1456
1453
1453
1485
1517
1517
1517
1517
1517
1517
1517
1515
1516
1516
1516
1516
1516
1516
1516
1516
1516
1516
1516
1516
1516
1516
1516
1548
1548
1548
1548
1548
1644
1644
1644
1740
1740
1740
1740
1740
1836
1420
1420
1420
1452
1452
1452
1484
1516
1516
1516
1513
1513
1513
1513
1513
1513
1513
1513
1513
1513
1511
1516
1516
1516
1516
1516
1516
1516
1516
1516
1516
1548
1548
1548
1548
1644
1644
1644
1644
1740
1740
1740
1740
1740
1836
1412
1420
1420
1420
1452
1452
1484
1488
1520
1520
1520
1520
1520
1520
1518
1518
1518
1518
1518
1518
1518
1518
1518
1518
1516
1520
1520
1520
1520
1520
1520
1552
1552
1552
1552
1552
1648
1648
1648
1744
1744
1744
1744
1744
1840
1840
1424
1424
1424
1424
1456
1456
1488
1520
1520
1520
1520
1516
1516
1516
1516
1516
1516
1516
1514
1514
1514
1514
1514
1514
1514
1514
1514
1514
1511
1516
1516
1548
1548
1548
1548
1644
1644
1644
1740
1740
1740
1740
1740
1836
1836
1836
1836
1420
1420
1420
1420
1452
1452
1484
1516
1516
1516
1516
1516
1516
1516
1516
1516
1516
1516
1516
1516
1516
1513
1513
1513
1513
1513
1513
1513
1513
1513
1513
1543
1548
1548
1548
1644
1644
1644
1740
1740
1740
1740
1740
1836
1836
1420
1420
1420
1420
1452
1452
1484
1484
1516
1516
1516
1516
1516
1516
1516
1516
1516
1516
1516
1516
1516
1516
1516
1516
1516
1516
1513
1513
1513
1513
1513
1545
1545
1545
1545
1641
1640
1644
1740
1740
1740
1740
1744
1840
1840
1415
1424
1424
1424
1456
1456
1456
1488
1520
1520
1520
1519
1519
1519
1519
1519
1519
1519
1519
1519
1519
1519
1523
1523
1523
1523
1523
1523
1523
1523
1523
1520
1552
1553
1553
1553
1649
1649
1649
1745
1745
1743
1747
1747
1843
1419
1427
1426
1426
1455
1455
1455
1487
1519
1519
1519
1519
1519
1519
1519
1519
1519
1519
1519
1519
1519
1519
1519
1519
1519
1519
1518
1551
1551
1549
1549
1549
1582
1582
1582
1581
1675
1659
1659
1755
1755
1755
1755
1851
1851
1435
1433
1436
1485
1485
1485
1517
1549
1549
1549
1549
1549
1549
1533
1533
1533
1533
1533
1533
1533
1533
1534
1534
1532
1532
1532
1532
1532
1532
1532
1564
1564
1564
1564
1564
1689
1690
1690
1786
1786
1786
1783
1783
1463
1463
1463
1463
1498
1498
1498
1530
1559
1564
1548
1548
1548
1548
1548
1548
1548
1548
1548
1548
1548
1549
1549
1549
1549
1549
1549
1549
1549
1549
1549
1581
1581
1581
1581
1677
1677
1677
1773
1773
1773
1773
1773
1869
1869
1453
1453
1453
1482
1482
1482
1490
1522
1521
1521
1517
1517
1517
1515
1519
1519
1519
1519
1519
1519
1519
1519
1519
1519
1519
1519
1519
1519
1519
1519
1550
1550
1551
1551
1551
1659
1659
1659
1755
1755
1755
1755
1851
1851
1435
1435
1435
1435
1467
1467
1499
1531
1531
1528
1528
1528
1528
1528
1528
1528
1528
1528
1528
1526
1530
1530
1530
1530
1530
1530
1530
1530
1531
1531
1563
1563
1563
1563
1563
1659
1659
1659
1755
1755
1755
1755
1839
1422
1422
1422
1454
1454
1486
1518
1518
1518
1518
1518
1518
1518
1518
1518
1518
1516
1516
1516
1516
1516
1516
1516
1516
1516
1516
1514
1518
1518
1518
1550
1550
1550
1550
1646
1647
1647
1743
1743
1743
1743
1743
1839
1839
1422
1422
1422
1422
1454
1454
1486
1518
1518
1518
1518
1518
1518
1518
1518
1518
1518
1518
1518
1518
1518
1518
1516
1516
1516
1516
1516
1516
1516
1516
1548
1548
1546
1550
1550
1647
1647
1647
1743
1743
1743
1743
1838
1838
1838
1422
1422
1422
1422
1454
1454
1486
1518
1518
1518
1518
1518
1518
1518
1518
1518
1518
1518
1518
1518
1518
1518
1518
1518
1518
1518
1518
1516
1516
1516
1548
1548
1548
1548
1548
1644
1644
1642
1742
1742
1742
1742
1838
1838
1422
1422
1422
1454
1454
1454
1486
1518
1539
1539
1539
1539
1539
1539
1539
1539
1539
1539
1521
1521
1521
1521
1521
1521
1521
1521
1521
1521
1520
1520
1552
1552
1552
1550
1646
1646
1646
1742
1742
1742
1742
1838
1838
1840
1424
1424
1424
1424
1456
1456
1488
1520
1520
1520
1520
1520
1520
1520
1516
1516
1516
1516
1516
1516
1516
1516
1516
1516
1516
1516
1516
1516
1516
1516
1516
1548
1548
1548
1548
1644
1644
1644
1740
1738
1738
1738
1834
1834
1410
1418
1418
1418
1450
1452
1484
1516
1516
1516
1516
1516
1516
1516
1516
1516
1516
1516
1516
1516
1516
1516
1516
1516
1516
1516
1516
1516
1516
1516
1516
1548
1548
1548
1548
1644
1644
1644
1740
1740
1740
1740
1740
1836
1837
1418
1418
1418
1450
1450
1450
1482
1514
1514
1514
1516
1516
1516
1516
1516
1516
1516
1516
1516
1516
1516
1516
1516
1516
1516
1516
1531
1531
1531
1531
1562
1562
1563
1563
1563
1659
1659
1755
1755
1755
1754
1754
1850
1394
1345
1291
