overwrite built-in layer type RMSNorm
overwrite built-in layer type LayerNorm
overwrite built-in layer type RMSNorm
overwrite built-in layer type LayerNorm
overwrite built-in layer type RMSNorm
overwrite built-in layer type LayerNorm
overwrite built-in layer type RMSNorm
overwrite built-in layer type LayerNorm
{"step":0,"timestep":1000,"delta":-0.199999988079,"elapsed_seconds":2.943575348,"block_load_seconds":1.605083886,"block_compute_seconds":0.57867462,"input_head_seconds":0.519384631,"output_head_seconds":0.114452857}
overwrite built-in layer type RMSNorm
overwrite built-in layer type LayerNorm
overwrite built-in layer type RMSNorm
overwrite built-in layer type LayerNorm
overwrite built-in layer type RMSNorm
overwrite built-in layer type LayerNorm
overwrite built-in layer type RMSNorm
overwrite built-in layer type LayerNorm
{"step":1,"timestep":800,"delta":-0.800000011921,"elapsed_seconds":2.87994808,"block_load_seconds":1.575749968,"block_compute_seconds":0.568109851,"input_head_seconds":0.505931113,"output_head_seconds":0.114146528}
{"complete":true,"steps":2,"blocks":2,"backend":"cpu","dit_storage":"fp32","scheduler_storage":"fp32","trace_downloads":true}
	Command being timed: "/home/mingshi/Project/AI/ernie-image-ncnn-vulkan/outputs/denoise02-s288-v1/ernie-denoise-runner.snapshot --fixture /home/mingshi/Project/AI/ernie-image-ncnn-vulkan/outputs/denoise02-s288-v1/reference --output /home/mingshi/Project/AI/ernie-image-ncnn-vulkan/outputs/denoise02-s288-v1/cpu-fp32 --input-head /home/mingshi/Project/AI/ernie-image-ncnn-vulkan/models/dit-heads-s288-v1/input --output-head /home/mingshi/Project/AI/ernie-image-ncnn-vulkan/models/dit-heads-s288-v2/output --steps 2 --width 4 --height 4 --text-tokens 272 --backend cpu --precision fp32 --trace --model /home/mingshi/Project/AI/ernie-image-ncnn-vulkan/models/dit-s288-v2/block-00/runtime --model /home/mingshi/Project/AI/ernie-image-ncnn-vulkan/models/dit-s288-v2/block-01/runtime"
	User time (seconds): 14.61
	System time (seconds): 5.44
	Percent of CPU this job got: 343%
	Elapsed (wall clock) time (h:mm:ss or m:ss): 0:05.83
	Average shared text size (kbytes): 0
	Average unshared data size (kbytes): 0
	Average stack size (kbytes): 0
	Average total size (kbytes): 0
	Maximum resident set size (kbytes): 1126160
	Average resident set size (kbytes): 0
	Major (requiring I/O) page faults: 0
	Minor (reclaiming a frame) page faults: 3326828
	Voluntary context switches: 58
	Involuntary context switches: 269
	Swaps: 0
	File system inputs: 32
	File system outputs: 152
	Socket messages sent: 0
	Socket messages received: 0
	Signals delivered: 0
	Page size (bytes): 4096
	Exit status: 0
