1397
1397
1441
1452
1456
1523
1535
1551
1550
1547
1572
1572
1572
1572
1604
1588
1620
1652
1651
1628
1628
1627
1633
1633
1635
1635
1621
1621
1623
1602
1606
1611
1613
1613
1615
1615
1615
1615
1615
1615
1615
1647
1647
1647
1647
1743
1743
1743
1835
1835
1835
1835
1835
1931
1949
1927
1511
1543
1575
1607
1663
1663
1663
1759
1759
1759
1855
1855
1855
1964
1948
1532
1564
1564
1596
1628
1660
1660
1660
1754
1753
1854
1854
1854
1950
1533
1566
1598
1630
1662
1662
1662
1758
1758
1854
1854
1854
1854
1909
1533
1566
1598
1630
1662
1662
1662
1758
1758
1758
1854
1846
1846
1946
1551
1551
1583
1615
1647
1679
1676
1772
1772
1772
1756
1852
1852
1852
1948
1532
1562
1594
1631
1662
1662
1662
1758
1758
1758
1758
1854
1854
1854
1950
1950
1526
1534
1566
1598
1630
1662
1662
1662
1758
1758
1758
1854
1854
1854
1950
1534
1566
1598
1622
1679
1679
1679
1775
1775
1779
1873
1873
1873
1873
1552
1552
1585
1617
1649
1665
1662
1662
1763
1763
1762
1858
1858
1858
1954
1954
1538
1570
1602
1634
1666
1666
1666
1762
1762
1762
1858
1858
1858
1954
1538
1570
1570
1602
1634
1666
1666
1762
1762
1762
1762
1858
1858
1875
1971
1555
1582
1582
1614
1646
1678
1678
1678
1758
1754
1754
1850
1853
1855
1951
1951
1951
1535
1566
1598
1630
1662
1662
1662
1758
1758
1758
1758
1854
1854
1854
1534
1566
1598
1630
1662
1662
1662
1758
1758
1758
1758
1854
1854
1854
1950
1534
1566
1590
1619
1651
1651
1651
1747
1747
1747
1843
1843
1843
1841
1937
1521
1558
1590
1622
1654
1654
1654
1750
1750
1750
1867
1867
1867
1963
1963
1963
1547
1579
1611
1643
1659
1659
1659
1755
1755
1755
1755
1851
1851
1851
1530
1562
1562
1594
1626
1658
1658
1754
1751
1751
1847
1847
1847
1847
1807
1527
1559
1591
1621
1653
1653
1658
1754
1754
1754
1850
1850
1850
1946
1530
1558
1590
1622
1654
1654
1654
1750
1750
1750
1846
1846
1850
1967
1551
1583
1615
1647
1679
1679
1679
1775
1775
1759
1855
1855
1855
1871
1967
1548
1580
1612
1644
1676
1676
1676
1772
1756
1756
1850
1850
1850
1950
1950
1950
1533
1565
1597
1629
1661
1661
1661
1758
1758
1758
1854
1854
1854
1533
1565
1597
1629
1661
1661
1661
1758
1758
1854
1854
1854
1950
1533
1561
1593
1625
1657
1657
1653
1750
1745
1745
1841
1841
1841
1937
1521
1553
1585
1617
1649
1649
1745
1750
1750
1846
1846
1846
1942
1942
1525
1558
1590
1622
1654
1653
1750
1750
1750
1846
1846
1846
1942
1941
1557
1589
1621
1653
1653
1653
1750
1750
1750
1846
1846
1846
1942
1525
1555
1587
1619
1651
1651
1747
1747
1747
1843
1843
1841
1937
1937
1521
1553
1589
1621
1653
1653
1653
1750
1750
1846
1846
1846
1942
1525
1557
1589
1621
1653
1653
1750
1750
1750
1846
1846
1846
1942
1525
1557
1589
1621
1653
1653
1750
1750
1750
1846
1846
1843
1939
1523
1555
1587
1619
1651
1651
1651
1747
1745
1841
1841
1841
1937
1967
1551
1583
1615
1679
1679
1679
1775
1775
1775
1855
1855
1855
1951
1815
1567
1599
1599
1631
1663
1662
1758
1758
1758
1870
1870
1870
1966
1487
1426
