	Command being timed: "/var/tmp/ernie-benchmark-runtime512-v1/native/benchmark/ernie-image.snapshot --model /var/tmp/ernie-benchmark-runtime512-v1/model --prompt-file /var/tmp/ernie-benchmark-runtime512-v1/native/benchmark/prompt.txt --output /var/tmp/ernie-benchmark-runtime512-v1/native/benchmark/native.png --seed 42 --steps 8 --device vulkan --precision fp32 --vae-device cpu --vae-convolution direct --width 512 --height 512 --threads 2 --text-device cpu --dit-weights auto --gpu-reserve-mib 8192 --dit-cache-mib 6144 --ram-reserve-mib 3072 --model-loading mapped --report-json /var/tmp/ernie-benchmark-runtime512-v1/native/benchmark/generation.json --gpu 0 --text-down-vector --latent /var/tmp/ernie-benchmark-runtime512-v1/native/benchmark/initial.f32"
	User time (seconds): 94.45
	System time (seconds): 225.19
	Percent of CPU this job got: 82%
	Elapsed (wall clock) time (h:mm:ss or m:ss): 6:26.81
	Average shared text size (kbytes): 0
	Average unshared data size (kbytes): 0
	Average stack size (kbytes): 0
	Average total size (kbytes): 0
	Maximum resident set size (kbytes): 9560916
	Average resident set size (kbytes): 0
	Major (requiring I/O) page faults: 1430
	Minor (reclaiming a frame) page faults: 115168710
	Voluntary context switches: 78161
	Involuntary context switches: 47865
	Swaps: 0
	File system inputs: 196033992
	File system outputs: 5288
	Socket messages sent: 0
	Socket messages received: 0
	Signals delivered: 0
	Page size (bytes): 4096
	Exit status: 0
