	Command being timed: ".venv/bin/python tools/build_dit_weights.py --template models/converted/dit-block-00-s4160/runtime --weights models/official/dit-block-00.safetensors --fixture models/converted/dit-block-00-s4160/runtime --output models/converted/dit-block-00-s4160/direct-bf16"
	User time (seconds): 2.77
	System time (seconds): 0.72
	Percent of CPU this job got: 140%
	Elapsed (wall clock) time (h:mm:ss or m:ss): 0:02.47
	Average shared text size (kbytes): 0
	Average unshared data size (kbytes): 0
	Average stack size (kbytes): 0
	Average total size (kbytes): 0
	Maximum resident set size (kbytes): 46188
	Average resident set size (kbytes): 0
	Major (requiring I/O) page faults: 0
	Minor (reclaiming a frame) page faults: 23456
	Voluntary context switches: 169
	Involuntary context switches: 436
	Swaps: 0
	File system inputs: 2333328
	File system outputs: 852192
	Socket messages sent: 0
	Socket messages received: 0
	Signals delivered: 0
	Page size (bytes): 4096
	Exit status: 0
