Python Exception <class 'ModuleNotFoundError'>: No module named 'UEPrinters'
/home/mingshi/.gdbinit:10: Error in sourced command file:
Error occurred in Python: No module named 'UEPrinters'

This GDB supports auto-downloading debuginfo from the following URLs:
  <ima:enforcing>
  <https://debuginfod.fedoraproject.org/>
  <ima:ignore>
Enable debuginfod for this session? (y or [n]) [answered N; input not from terminal]
Debuginfod has been disabled.
To make this setting permanent, add 'set debuginfod enabled off' to .gdbinit.
[Thread debugging using libthread_db enabled]
Using host libthread_db library "/lib64/libthread_db.so.1".
[Detaching after vfork from child process 83721]
[0 NVIDIA GeForce RTX 4060 Laptop GPU]  queueC=2[8]  queueT=1[2]  rebar=1  r-score=76
[0 NVIDIA GeForce RTX 4060 Laptop GPU]  fp16-p/s/u/a=1/1/1/1  int8-p/s/u/a=1/1/1/1  bf16-p/s=1/1
[0 NVIDIA GeForce RTX 4060 Laptop GPU]  subgroup=32(32~32)  ops=1/1/1/1/1/1/1/1/1/1
[0 NVIDIA GeForce RTX 4060 Laptop GPU]  fp16-cm=16x16x16/16x8x16/16x8x8  int8-cm=16x16x32/16x8x32  bf16-cm=16x16x16  fp8-cm=16x16x32  fp6-cm=0  fp4-cm=0
[1 llvmpipe (LLVM 22.1.8, 256 bits)]  queueC=0[1]  queueT=0[1]  rebar=1  r-score=14
[1 llvmpipe (LLVM 22.1.8, 256 bits)]  fp16-p/s/u/a=1/1/1/1  int8-p/s/u/a=1/1/1/1  bf16-p/s=1/0
[1 llvmpipe (LLVM 22.1.8, 256 bits)]  subgroup=8(8~8)  ops=1/1/1/1/1/1/1/1/1/1
[1 llvmpipe (LLVM 22.1.8, 256 bits)]  fp16-cm=8x8x8  int8-cm=8x8x8  bf16-cm=0  fp8-cm=0  fp6-cm=0  fp4-cm=0
[2 llvmpipe (LLVM 17.0.6, 256 bits)]  queueC=0[1]  queueT=0[1]  rebar=1  r-score=4
[2 llvmpipe (LLVM 17.0.6, 256 bits)]  fp16-p/s/u/a=1/1/1/1  int8-p/s/u/a=1/1/1/1  bf16-p/s=1/0
[2 llvmpipe (LLVM 17.0.6, 256 bits)]  subgroup=8(8~8)  ops=1/1/1/1/1/1/0/1/0/0
[2 llvmpipe (LLVM 17.0.6, 256 bits)]  fp16-cm=0  int8-cm=0  bf16-cm=0  fp8-cm=0  fp6-cm=0  fp4-cm=0
[New Thread 0x7ffff23f66c0 (LWP 83723)]
[New Thread 0x7ffff15f46c0 (LWP 83724)]
[New Thread 0x7ffff06f46c0 (LWP 83726)]
[New Thread 0x7fffd12096c0 (LWP 83727)]
[New Thread 0x7fffd01536c0 (LWP 83747)]
overwrite built-in layer type RMSNorm

Thread 1 "ernie-head-runn" received signal SIGSEGV, Segmentation fault.
0x00000000004fba75 in ncnn::Convolution_vulkan::create_pipeline(ncnn::Option const&) ()
#0  0x00000000004fba75 in ncnn::Convolution_vulkan::create_pipeline(ncnn::Option const&) ()
#1  0x000000000046c26d in ncnn::Net::load_model(ncnn::DataReader const&) ()
#2  0x000000000046c926 in ncnn::Net::load_model(char const*) ()
#3  0x00000000004117c2 in main ()
