-- Installing: /var/tmp/ernie-runtime-sdk-v2-vulkan/安装 original/lib64/cmake/glslang/glslang-targets.cmake
-- Installing: /var/tmp/ernie-runtime-sdk-v2-vulkan/安装 original/lib64/cmake/glslang/glslang-targets-release.cmake
-- Installing: /var/tmp/ernie-runtime-sdk-v2-vulkan/安装 original/lib64/cmake/glslang/glslang-config.cmake
-- Installing: /var/tmp/ernie-runtime-sdk-v2-vulkan/安装 original/lib64/cmake/glslang/glslang-config-version.cmake
-- Installing: /var/tmp/ernie-runtime-sdk-v2-vulkan/安装 original/lib64/libSPIRV.a
-- Installing: /var/tmp/ernie-runtime-sdk-v2-vulkan/安装 original/include/glslang/SPIRV/GlslangToSpv.h
-- Installing: /var/tmp/ernie-runtime-sdk-v2-vulkan/安装 original/include/glslang/SPIRV/disassemble.h
-- Installing: /var/tmp/ernie-runtime-sdk-v2-vulkan/安装 original/include/glslang/SPIRV/Logger.h
-- Installing: /var/tmp/ernie-runtime-sdk-v2-vulkan/安装 original/include/glslang/SPIRV/spirv.hpp11
-- Installing: /var/tmp/ernie-runtime-sdk-v2-vulkan/安装 original/include/glslang/SPIRV/SpvTools.h
-- Installing: /var/tmp/ernie-runtime-sdk-v2-vulkan/安装 original/lib64/libglslang.a
-- Installing: /var/tmp/ernie-runtime-sdk-v2-vulkan/安装 original/lib64/libMachineIndependent.a
-- Installing: /var/tmp/ernie-runtime-sdk-v2-vulkan/安装 original/lib64/libGenericCodeGen.a
-- Installing: /var/tmp/ernie-runtime-sdk-v2-vulkan/安装 original/include/glslang/Public/ResourceLimits.h
-- Installing: /var/tmp/ernie-runtime-sdk-v2-vulkan/安装 original/include/glslang/Public/ShaderLang.h
-- Installing: /var/tmp/ernie-runtime-sdk-v2-vulkan/安装 original/include/glslang/Public/resource_limits_c.h
-- Installing: /var/tmp/ernie-runtime-sdk-v2-vulkan/安装 original/include/glslang/Include/glslang_c_interface.h
-- Installing: /var/tmp/ernie-runtime-sdk-v2-vulkan/安装 original/include/glslang/Include/glslang_c_shader_types.h
-- Installing: /var/tmp/ernie-runtime-sdk-v2-vulkan/安装 original/include/glslang/Include/ResourceLimits.h
-- Installing: /var/tmp/ernie-runtime-sdk-v2-vulkan/安装 original/include/glslang/Include/visibility.h
-- Installing: /var/tmp/ernie-runtime-sdk-v2-vulkan/安装 original/include/glslang/MachineIndependent/Versions.h
-- Installing: /var/tmp/ernie-runtime-sdk-v2-vulkan/安装 original/include/glslang/build_info.h
-- Installing: /var/tmp/ernie-runtime-sdk-v2-vulkan/安装 original/lib64/libglslang-default-resource-limits.a
-- Installing: /var/tmp/ernie-runtime-sdk-v2-vulkan/安装 original/lib64/libOSDependent.a
-- Installing: /var/tmp/ernie-runtime-sdk-v2-vulkan/安装 original/lib64/libncnn.a
-- Installing: /var/tmp/ernie-runtime-sdk-v2-vulkan/安装 original/include/ncnn/allocator.h
-- Installing: /var/tmp/ernie-runtime-sdk-v2-vulkan/安装 original/include/ncnn/benchmark.h
-- Installing: /var/tmp/ernie-runtime-sdk-v2-vulkan/安装 original/include/ncnn/blob.h
-- Installing: /var/tmp/ernie-runtime-sdk-v2-vulkan/安装 original/include/ncnn/c_api.h
-- Installing: /var/tmp/ernie-runtime-sdk-v2-vulkan/安装 original/include/ncnn/command.h
-- Installing: /var/tmp/ernie-runtime-sdk-v2-vulkan/安装 original/include/ncnn/cpu.h
-- Installing: /var/tmp/ernie-runtime-sdk-v2-vulkan/安装 original/include/ncnn/datareader.h
-- Installing: /var/tmp/ernie-runtime-sdk-v2-vulkan/安装 original/include/ncnn/expression.h
-- Installing: /var/tmp/ernie-runtime-sdk-v2-vulkan/安装 original/include/ncnn/gpu.h
-- Installing: /var/tmp/ernie-runtime-sdk-v2-vulkan/安装 original/include/ncnn/layer.h
-- Installing: /var/tmp/ernie-runtime-sdk-v2-vulkan/安装 original/include/ncnn/layer_shader_type.h
-- Installing: /var/tmp/ernie-runtime-sdk-v2-vulkan/安装 original/include/ncnn/layer_type.h
-- Installing: /var/tmp/ernie-runtime-sdk-v2-vulkan/安装 original/include/ncnn/mat.h
-- Installing: /var/tmp/ernie-runtime-sdk-v2-vulkan/安装 original/include/ncnn/modelbin.h
-- Installing: /var/tmp/ernie-runtime-sdk-v2-vulkan/安装 original/include/ncnn/net.h
-- Installing: /var/tmp/ernie-runtime-sdk-v2-vulkan/安装 original/include/ncnn/option.h
-- Installing: /var/tmp/ernie-runtime-sdk-v2-vulkan/安装 original/include/ncnn/paramdict.h
-- Installing: /var/tmp/ernie-runtime-sdk-v2-vulkan/安装 original/include/ncnn/pipeline.h
-- Installing: /var/tmp/ernie-runtime-sdk-v2-vulkan/安装 original/include/ncnn/pipelinecache.h
-- Installing: /var/tmp/ernie-runtime-sdk-v2-vulkan/安装 original/include/ncnn/simpleocv.h
-- Installing: /var/tmp/ernie-runtime-sdk-v2-vulkan/安装 original/include/ncnn/simpleomp.h
-- Installing: /var/tmp/ernie-runtime-sdk-v2-vulkan/安装 original/include/ncnn/simplestl.h
-- Installing: /var/tmp/ernie-runtime-sdk-v2-vulkan/安装 original/include/ncnn/simplemath.h
-- Installing: /var/tmp/ernie-runtime-sdk-v2-vulkan/安装 original/include/ncnn/simplevk.h
-- Installing: /var/tmp/ernie-runtime-sdk-v2-vulkan/安装 original/include/ncnn/vulkan_header_fix.h
-- Installing: /var/tmp/ernie-runtime-sdk-v2-vulkan/安装 original/include/ncnn/ncnn_export.h
-- Installing: /var/tmp/ernie-runtime-sdk-v2-vulkan/安装 original/include/ncnn/layer_shader_type_enum.h
-- Installing: /var/tmp/ernie-runtime-sdk-v2-vulkan/安装 original/include/ncnn/layer_type_enum.h
-- Installing: /var/tmp/ernie-runtime-sdk-v2-vulkan/安装 original/include/ncnn/platform.h
-- Installing: /var/tmp/ernie-runtime-sdk-v2-vulkan/安装 original/lib64/cmake/ncnn/ncnn.cmake
-- Installing: /var/tmp/ernie-runtime-sdk-v2-vulkan/安装 original/lib64/cmake/ncnn/ncnn-release.cmake
-- Installing: /var/tmp/ernie-runtime-sdk-v2-vulkan/安装 original/lib64/cmake/ncnn/ncnnConfig.cmake
-- Installing: /var/tmp/ernie-runtime-sdk-v2-vulkan/安装 original/lib64/cmake/ncnn/ncnnConfigVersion.cmake
-- Installing: /var/tmp/ernie-runtime-sdk-v2-vulkan/安装 original/lib64/pkgconfig/ncnn.pc
-- Installing: /var/tmp/ernie-runtime-sdk-v2-vulkan/安装 original/bin/ernie-image
-- Installing: /var/tmp/ernie-runtime-sdk-v2-vulkan/安装 original/share/ernie-image/LICENSE
-- Installing: /var/tmp/ernie-runtime-sdk-v2-vulkan/安装 original/share/ernie-image/sources.lock.json
-- Installing: /var/tmp/ernie-runtime-sdk-v2-vulkan/安装 original/share/ernie-image/RUNNING.md
-- Installing: /var/tmp/ernie-runtime-sdk-v2-vulkan/安装 original/lib64/libernie-pipeline.a
-- Installing: /var/tmp/ernie-runtime-sdk-v2-vulkan/安装 original/lib64/libernie-runtime.a
-- Installing: /var/tmp/ernie-runtime-sdk-v2-vulkan/安装 original/lib64/libernie-pe.a
-- Installing: /var/tmp/ernie-runtime-sdk-v2-vulkan/安装 original/lib64/libernie-tokenizer.a
-- Installing: /var/tmp/ernie-runtime-sdk-v2-vulkan/安装 original/lib64/libernie-model-package.a
-- Installing: /var/tmp/ernie-runtime-sdk-v2-vulkan/安装 original/lib64/libernie-shape-graph.a
-- Installing: /var/tmp/ernie-runtime-sdk-v2-vulkan/安装 original/lib64/libernie-shape-plan.a
-- Installing: /var/tmp/ernie-runtime-sdk-v2-vulkan/安装 original/lib64/libernie-execution-metrics.a
-- Installing: /var/tmp/ernie-runtime-sdk-v2-vulkan/安装 original/lib64/libernie_tokenizer_bridge.a
-- Installing: /var/tmp/ernie-runtime-sdk-v2-vulkan/安装 original/include/ernie/pipeline.h
-- Installing: /var/tmp/ernie-runtime-sdk-v2-vulkan/安装 original/lib64/cmake/Ernie/ErnieTargets.cmake
-- Installing: /var/tmp/ernie-runtime-sdk-v2-vulkan/安装 original/lib64/cmake/Ernie/ErnieTargets-release.cmake
-- Installing: /var/tmp/ernie-runtime-sdk-v2-vulkan/安装 original/lib64/cmake/Ernie/ErnieConfig.cmake
-- Installing: /var/tmp/ernie-runtime-sdk-v2-vulkan/安装 original/lib64/cmake/Ernie/ErnieConfigVersion.cmake
