[  0%] Building CXX object ncnn/glslang/glslang/CMakeFiles/GenericCodeGen.dir/stub.cpp.o
[  1%] Built target SPIRV
[  1%] Building CXX object ncnn/glslang/glslang/CMakeFiles/MachineIndependent.dir/stub.cpp.o
[  1%] Linking CXX static library libGenericCodeGen.a
[  1%] Linking CXX static library libMachineIndependent.a
[  1%] Built target GenericCodeGen
[  1%] Built target MachineIndependent
[  1%] Building CXX object ncnn/glslang/glslang/CMakeFiles/glslang-default-resource-limits.dir/ResourceLimits/ResourceLimits.cpp.o
[  7%] Built target glslang
[  8%] Building CXX object ncnn/glslang/glslang/CMakeFiles/glslang-default-resource-limits.dir/ResourceLimits/resource_limits_c.cpp.o
[  8%] Building CXX object ncnn/glslang/glslang/OSDependent/Unix/CMakeFiles/OSDependent.dir/home/mingshi/Project/AI/ernie-image-ncnn-vulkan/third_party/ncnn/glslang/glslang/stub.cpp.o
[  8%] Linking CXX static library libOSDependent.a
[  8%] Linking CXX static library libglslang-default-resource-limits.a
[  8%] Built target OSDependent
[ 37%] Built target ncnn-generate-spirv
[ 37%] Built target glslang-default-resource-limits
[ 37%] Built target ernie-tokenizer-rust
[ 37%] Built target ernie-shape-plan
[ 37%] Built target ernie-execution-metrics
[ 38%] Built target ernie-prompt-file-contract
[ 38%] Building CXX object tests/CMakeFiles/ernie-image-io-contract.dir/__/cli/image_io.cpp.o
[ 38%] Building CXX object tests/CMakeFiles/ernie-shape-plan-contract.dir/test_shape_plan.cpp.o
[ 38%] Linking CXX executable ../ernie-shape-plan-contract
[ 38%] Built target ernie-shape-plan-contract
[ 39%] Building CXX object tests/CMakeFiles/ernie-image-io-contract.dir/test_image_io.cpp.o
[ 40%] Built target ernie-execution-metrics-contract
[ 87%] Built target ncnn
[ 87%] Built target ernie-tokenizer
[ 89%] Built target ernie-runtime
[ 89%] Linking CXX executable ../ernie-image-io-contract
[ 89%] Built target ernie-shape-graph
[ 89%] Building CXX object probes/CMakeFiles/ernie-attention-probe.dir/attention_probe.cpp.o
[ 89%] Built target ernie-image-io-contract
[ 89%] Building CXX object probes/CMakeFiles/ernie-block-runner.dir/attention_diagnostic.cpp.o
[ 89%] Building CXX object probes/CMakeFiles/ernie-block-runner.dir/block_runner.cpp.o
[ 89%] Linking CXX executable ../ernie-attention-probe
[ 89%] Built target ernie-attention-probe
[ 89%] Building CXX object probes/CMakeFiles/ernie-attention-accuracy-probe.dir/attention_accuracy_probe.cpp.o
[ 89%] Linking CXX executable ../ernie-block-runner
[ 89%] Built target ernie-block-runner
[ 89%] Building CXX object probes/CMakeFiles/ernie-attention-workspace-probe.dir/attention_workspace_probe.cpp.o
[ 89%] Linking CXX executable ../ernie-attention-accuracy-probe
[ 89%] Built target ernie-attention-accuracy-probe
[ 89%] Building CXX object probes/CMakeFiles/ernie-gelu-probe.dir/gelu_probe.cpp.o
[ 90%] Linking CXX executable ../ernie-attention-workspace-probe
[ 90%] Linking CXX executable ../ernie-gelu-probe
[ 90%] Built target ernie-attention-workspace-probe
[ 90%] Building CXX object probes/CMakeFiles/ernie-latent-runner.dir/latent_runner.cpp.o
[ 90%] Built target ernie-gelu-probe
[ 90%] Building CXX object probes/CMakeFiles/ernie-block-sequence-runner.dir/block_sequence_runner.cpp.o
[ 90%] Linking CXX executable ../ernie-latent-runner
[ 90%] Built target ernie-latent-runner
[ 90%] Building CXX object probes/CMakeFiles/ernie-head-runner.dir/head_runner.cpp.o
[ 90%] Linking CXX executable ../ernie-block-sequence-runner
[ 90%] Built target ernie-block-sequence-runner
[ 90%] Building CXX object probes/CMakeFiles/ernie-denoise-runner.dir/denoise_runner.cpp.o
[ 90%] Linking CXX executable ../ernie-head-runner
[ 90%] Built target ernie-head-runner
[ 90%] Building CXX object probes/CMakeFiles/ernie-text-runner.dir/text_runner.cpp.o
[ 90%] Linking CXX executable ../ernie-denoise-runner
[ 90%] Built target ernie-denoise-runner
[ 90%] Building CXX object probes/CMakeFiles/ernie-pe-block-runner.dir/pe_block_runner.cpp.o
[ 90%] Linking CXX executable ../ernie-text-runner
[ 90%] Linking CXX executable ../ernie-pe-block-runner
[ 90%] Built target ernie-text-runner
[ 90%] Building CXX object probes/CMakeFiles/ernie-rmsnorm-probe.dir/rmsnorm_probe.cpp.o
[ 90%] Built target ernie-pe-block-runner
[ 90%] Building CXX object probes/CMakeFiles/ernie-tokenize.dir/tokenizer_runner.cpp.o
[ 91%] Linking CXX executable ../ernie-rmsnorm-probe
[ 92%] Linking CXX executable ../ernie-tokenize
[ 92%] Built target ernie-rmsnorm-probe
[ 92%] Building CXX object probes/CMakeFiles/ernie-text-gemm-diagnostic.dir/text_gemm_diagnostic.cpp.o
[ 92%] Built target ernie-tokenize
[ 93%] Building CXX object tests/CMakeFiles/ernie-latent-contract.dir/test_latent_contract.cpp.o
[ 93%] Linking CXX executable ../ernie-text-gemm-diagnostic
[ 93%] Linking CXX executable ../ernie-latent-contract
[ 93%] Built target ernie-text-gemm-diagnostic
[ 93%] Building CXX object tests/CMakeFiles/ernie-component-files-contract.dir/test_component_files.cpp.o
[ 93%] Built target ernie-latent-contract
[ 93%] Building CXX object tests/CMakeFiles/ernie-img2img-contract.dir/test_img2img_contract.cpp.o
[ 94%] Linking CXX executable ../ernie-component-files-contract
[ 94%] Linking CXX executable ../ernie-img2img-contract
[ 94%] Built target ernie-component-files-contract
[ 94%] Building CXX object tests/CMakeFiles/ernie-image-encoder-contract.dir/test_image_encoder.cpp.o
[ 94%] Built target ernie-img2img-contract
[ 94%] Building CXX object tests/CMakeFiles/ernie-residual-contract.dir/test_residual_contract.cpp.o
[ 94%] Linking CXX executable ../ernie-image-encoder-contract
[ 94%] Linking CXX executable ../ernie-residual-contract
[ 94%] Built target ernie-image-encoder-contract
[ 95%] Building CXX object tests/CMakeFiles/ernie-shape-graph-contract.dir/test_shape_graph.cpp.o
[ 95%] Built target ernie-residual-contract
[ 96%] Building CXX object tests/CMakeFiles/ernie-text-down-contract.dir/test_text_down.cpp.o
[ 96%] Linking CXX executable ../ernie-shape-graph-contract
[ 96%] Linking CXX executable ../ernie-text-down-contract
[ 96%] Built target ernie-shape-graph-contract
[ 96%] Built target ernie-pe
[ 96%] Built target ernie-model-package
[ 96%] Building CXX object probes/CMakeFiles/ernie-pe-runner.dir/pe_runner.cpp.o
[ 96%] Built target ernie-text-down-contract
[ 96%] Building CXX object tests/CMakeFiles/ernie-pe-sampling-contract.dir/test_pe_sampling.cpp.o
[ 96%] Linking CXX executable ../ernie-pe-sampling-contract
[ 97%] Linking CXX executable ../ernie-pe-runner
[ 97%] Built target ernie-pe-sampling-contract
[ 98%] Building CXX object tests/CMakeFiles/ernie-model-package-contract.dir/test_model_package.cpp.o
[ 98%] Built target ernie-pe-runner
[ 99%] Built target ernie-pipeline
[100%] Built target ernie-image
[100%] Building CXX object probes/CMakeFiles/ernie-img2img-runner.dir/img2img_runner.cpp.o
[100%] Linking CXX executable ../ernie-model-package-contract
[100%] Linking CXX executable ../ernie-img2img-runner
[100%] Built target ernie-model-package-contract
[100%] Building CXX object tests/CMakeFiles/ernie-pipeline-api-contract.dir/test_pipeline_api.cpp.o
[100%] Built target ernie-img2img-runner
[100%] Building CXX object tests/CMakeFiles/ernie-request-validation-contract.dir/test_request_validation.cpp.o
[100%] Linking CXX executable ../ernie-pipeline-api-contract
[100%] Linking CXX executable ../ernie-request-validation-contract
[100%] Built target ernie-pipeline-api-contract
[100%] Building CXX object tests/CMakeFiles/ernie-gpu-context-contract.dir/test_gpu_context.cpp.o
[100%] Built target ernie-request-validation-contract
[100%] Linking CXX executable ../ernie-gpu-context-contract
[100%] Built target ernie-gpu-context-contract
