1280
1291
1297
1313
1328
1344
1347
1363
1368
1368
1368
1368
1397
1429
1461
1461
1461
1461
1652
1667
1385
1385
1385
1385
1417
1417
1449
1481
1481
1481
1481
1481
1487
1487
1489
1489
1483
1483
1484
1484
1488
1488
1488
1490
1490
1492
1492
1492
1488
1488
1488
1488
1520
1520
1541
1541
1541
1637
1635
1635
1731
1731
1735
1735
1719
1847
1423
1431
1431
1431
1431
1451
1451
1483
1514
1514
1514
1514
1514
1514
1514
1514
1514
1514
1514
1514
1514
1514
1514
1514
1514
1514
1514
1514
1514
1514
1514
1514
1544
1544
1544
1544
1640
1636
1636
1732
1732
1732
1730
1730
1826
1402
1414
1435
1435
1435
1467
1467
1499
1531
1531
1531
1531
1515
1515
1515
1515
1515
1515
1515
1515
1515
1515
1514
1514
1514
1514
1514
1514
1514
1514
1514
1514
1546
1546
1546
1546
1546
1640
1640
1640
1736
1736
1736
1736
1736
1832
1832
1405
1413
1414
1414
1418
1447
1447
1479
1511
1511
1511
1510
1510
1510
1510
1510
1510
1510
1531
1531
1531
1531
1531
1531
1531
1531
1531
1531
1515
1515
1515
1515
1547
1547
1547
1547
1643
1643
1643
1739
1736
1736
1736
1736
1832
1833
1425
1433
1433
1433
1430
1462
1463
1495
1531
1531
1515
1515
1515
1515
1515
1515
1515
1515
1515
1515
1515
1515
1515
1515
1514
1514
1514
1514
1514
1514
1514
1514
1546
1546
1546
1546
1547
1643
1643
1643
1643
1739
1739
1739
1736
1736
1832
1408
1416
1412
1412
1444
1465
1465
1495
1527
1527
1527
1532
1532
1532
1532
1516
1516
1515
1515
1515
1515
1515
1515
1515
1515
1515
1515
1514
1514
1515
1515
1515
1547
1547
1547
1547
1547
1643
1643
1643
1739
1739
1739
1739
1739
1835
1507
1416
1416
1416
1431
1463
1463
1495
1523
1523
1523
1521
1521
1521
1521
1525
1525
1525
1525
1525
1525
1524
1524
1524
1524
1545
1545
1545
1545
1545
1545
1543
1575
1575
1575
1559
1559
1655
1655
1655
1751
1751
1751
1751
1751
1846
1422
1431
1447
1447
1479
1476
1476
1508
1540
1528
1528
1528
1512
1512
1512
1510
1510
1510
1515
1515
1515
1514
1514
1514
1514
1514
1514
1514
1514
1514
1514
1514
1514
1546
1546
1546
1546
1642
1642
1642
1642
1738
1738
1738
1738
1738
1834
1602
1418
1418
1418
1414
1446
1446
1444
1476
1508
1508
1508
1508
1508
1508
1508
1508
1506
1506
1506
1506
1510
1510
1510
1510
1510
1510
1510
1510
1510
1510
1510
1510
1510
1542
1542
1542
1542
1542
1638
1638
1638
1752
1768
1768
1768
1768
1864
1864
1864
1440
1448
1448
1448
1448
1480
1480
1494
1494
1526
1526
1526
1524
1541
1541
1541
1541
1539
1539
1539
1539
1543
1543
1527
1527
1527
1527
1527
1527
1527
1527
1527
1527
1558
1558
1558
1558
1654
1654
1655
1655
1751
1751
1751
1751
1751
1847
1847
1430
1430
1430
1430
1450
1450
1450
1482
1514
1512
1512
1512
1512
1512
1512
1508
1508
1508
1508
1506
1506
1506
1506
1510
1510
1510
1510
1510
1510
1510
1510
1511
1511
1543
1543
1543
1543
1543
1655
1655
1655
1751
1751
1758
1767
1767
1863
1447
1447
1447
1447
1479
1479
1479
1511
1527
1527
1527
1525
1523
1523
1523
1523
1523
1523
1523
1523
1523
1523
1520
1521
1521
1521
1530
1565
1565
1565
1565
1565
1565
1597
1597
1597
1597
1677
1677
1677
1677
1773
1772
1772
1772
1772
1860
1436
1444
1443
1443
1443
1474
1474
1506
1506
1538
1538
1538
1538
1538
1538
1535
1535
1535
1535
1535
1535
1535
1552
1552
1552
1550
1550
1550
1552
1557
1545
1545
1529
1561
1561
1561
1561
1561
1657
1649
1669
1765
1765
1765
1765
1764
1860
1860
1444
1444
1428
1428
1459
1459
1459
1491
1523
1523
1523
1523
1523
1534
1534
1534
1534
1531
1531
1531
1531
1531
1531
1531
1531
1531
1531
1528
1528
1528
1528
1531
1563
1563
1563
1563
1563
1658
1658
1658
1754
1742
1742
1742
1742
1838
1838
1838
1414
1422
1422
1422
1422
1454
1454
1486
1486
1518
1518
1518
1518
1518
1518
1518
1518
1518
1510
1508
1508
1508
1508
1508
1508
1508
1508
1508
1508
1505
1505
1505
1537
1542
1542
1542
1542
1638
1638
1638
1734
1734
1734
1734
1734
1830
1830
1406
1414
1414
1414
1446
1446
1446
1478
1510
1510
1510
1510
1510
1510
1510
1510
1510
1510
1510
1510
1510
1510
1507
1507
1507
1507
1507
1507
1507
1507
1507
1507
1537
1537
1537
1537
1542
1638
1638
1638
1734
1734
1734
1734
1734
1830
1414
1414
1414
1414
1446
1446
1446
1478
1510
1510
1510
1510
1510
1510
1510
1510
1510
1510
1510
1510
1510
1510
1510
1510
1510
1510
1507
1507
1507
1507
1507
1539
1539
1539
1539
1539
1633
1633
1634
1730
1734
1734
1734
1734
1734
1830
1406
1414
1414
1414
1414
1446
1446
1478
1478
1510
1510
1510
1510
1510
1510
1510
1510
1510
1510
1510
1510
1510
1510
1510
1510
1510
1510
1510
1510
1510
1507
1508
1540
1540
1540
1540
1540
1636
1636
1636
1730
1730
1730
1755
1755
1851
1851
1427
1435
1435
1435
1467
1467
1451
1483
1515
1515
1515
1515
1515
1515
1515
1515
1514
1514
1514
1514
1514
1514
1514
1514
1514
1514
1535
1535
1535
1535
1535
1535
1567
1565
1565
1565
1549
1645
1645
1645
1757
1757
1757
1754
1754
1850
1855
1855
1431
1439
1423
1423
1455
1455
1487
1519
1518
1518
1518
1518
1518
1518
1518
1518
1518
1518
1518
1518
1518
1518
1518
1518
1518
1518
1533
1533
1533
1533
1533
1565
1565
1565
1565
1562
1658
1658
1654
1750
1750
1750
1746
1746
1842
1511
1423
1423
1427
1427
1459
1459
1491
1523
1523
1522
1522
1522
1522
1522
1522
1522
1522
1522
1522
1522
1522
1522
1522
1522
1522
1522
1522
1522
1522
1543
1531
1563
1563
1563
1563
1563
1659
1659
1659
1736
1736
1736
1736
1736
1832
1832
1408
1416
1416
1413
1413
1445
1450
1482
1514
1514
1514
1514
1514
1514
1514
1539
1539
1539
1539
1539
1539
1539
1539
1539
1539
1523
1523
1523
1523
1523
1523
1523
1555
1555
1555
1554
1650
1650
1650
1746
1746
1746
1746
1744
1840
1415
1423
1423
1423
1423
1456
1456
1488
1533
1534
1535
1540
1540
1556
1556
1556
1556
1556
1556
1556
1544
1544
1544
1544
1544
1544
1544
1544
1542
1542
1563
1563
1595
1595
1595
1595
1595
1693
1704
1712
1808
1808
1808
1808
1808
1904
1480
1488
1485
1469
1499
1499
1499
1548
1580
1580
1580
1580
1577
1577
1577
1581
1557
1541
1544
1544
1543
1543
1543
1543
1575
1595
1595
1595
1595
1595
1595
1593
1625
1625
1640
1688
1704
1800
1796
1796
1893
1893
1859
1861
1816
1816
1912
1488
1512
1512
1512
1512
1539
1539
1570
1602
1602
1602
1603
1603
1628
1627
1625
1625
1625
1630
1630
1630
1613
1613
1597
1597
1596
1596
1596
1596
1596
1596
1596
1596
1627
1627
1626
1605
1605
1699
1699
1693
1807
1805
1805
1805
1805
1901
1477
1485
1485
1485
1485
1517
1517
1549
1546
1578
1578
1579
1579
1579
1563
1563
1551
1551
1547
1547
1547
1551
1551
1551
1551
1553
1553
1553
1553
1553
1553
1594
1598
1598
1642
1645
1645
1645
1742
1742
1742
1819
1818
1818
1818
1818
1914
1490
1496
1496
1496
1527
1527
1559
1591
1591
1591
1591
1585
1585
1585
1585
1585
1585
1585
1585
1585
1585
1582
1582
1582
1587
1587
1587
1587
1587
1587
1587
1619
1619
1619
1615
1614
1710
1711
1710
1806
1802
1802
1797
1893
1893
1477
1477
1477
1477
1509
1509
1541
1573
1573
1573
1573
1573
1573
1573
1573
1573
1570
1570
1570
1570
1570
1570
1570
1570
1570
1570
1568
1568
1568
1573
1573
1605
1605
1605
1605
1701
1701
1701
1797
1797
1797
1797
1893
1477
1477
1477
1477
1509
1509
1541
1573
1573
1573
1573
1573
1573
1573
1573
1573
1573
1573
1573
1573
1573
1573
1573
1570
1570
1570
1570
1570
1570
1571
1603
1603
1603
1600
1697
1701
1701
1797
1797
1797
1797
1797
1893
1893
1469
1477
1477
1477
1477
1509
1509
1541
1573
1573
1573
1573
1573
1573
1573
1573
1573
1573
1573
1573
1573
1573
1573
1573
1573
1573
1573
1573
1570
1571
1571
1603
1603
1603
1603
1699
1699
1699
1807
1807
1807
1812
1812
1908
1908
1493
1493
1493
1492
1524
1524
1556
1588
1588
1588
1588
1588
1588
1586
1586
1586
1586
1586
1586
1586
1586
1586
1586
1586
1586
1586
1586
1586
1586
1586
1618
1618
1618
1615
1618
1714
1714
1714
1810
1810
1810
1810
1906
1900
1476
1484
1489
1489
1521
1521
1521
1553
1584
1582
1582
1582
1582
1582
1582
1582
1582
1582
1582
1581
1581
1581
1581
1581
1581
1581
1581
1581
1581
1581
1581
1613
1613
1613
1613
1709
1709
1709
1805
1803
1795
1795
1795
1891
1891
1891
1466
1474
1474
1472
1504
1504
1509
1541
1573
1573
1573
1573
1573
1573
1573
1573
1573
1573
1573
1573
1573
1573
1573
1573
1573
1573
1573
1573
1573
1573
1573
1605
1605
1605
1605
1701
1701
1701
1701
1797
1797
1797
1797
1891
1474
1474
1474
1474
1507
1507
1539
1571
1571
1568
1568
1568
1573
1573
1573
1573
1573
1573
1573
1573
1573
1573
1573
1573
1573
1573
1573
1573
1573
1573
1605
1605
1605
1605
1605
1701
1701
1797
1797
1797
1797
1797
1469
1477
1477
1477
1509
1509
1509
1538
1570
1570
1570
1570
1570
1570
1570
1570
1570
1568
1568
1568
1573
1573
1573
1573
1573
1573
1573
1573
1573
1573
1573
1605
1605
1605
1605
1701
1701
1701
1797
1797
1797
1797
1797
1893
1469
1477
1477
1477
1509
1509
1509
1541
1573
1573
1573
1573
1573
1570
1570
1570
1570
1570
1570
1570
1570
1570
1570
1568
1568
1568
1573
1573
1573
1573
1573
1605
1623
1639
1639
1639
1735
1735
1735
1831
1831
1831
1831
1910
1910
1486
1486
1558
1558
1558
1558
1558
1557
1399
