-- The C compiler identification is GNU 16.1.1
-- The CXX compiler identification is GNU 16.1.1
-- Detecting C compiler ABI info
-- Detecting C compiler ABI info - done
-- Check for working C compiler: /usr/bin/x86_64-w64-mingw32-gcc - skipped
-- Detecting C compile features
-- Detecting C compile features - done
-- Detecting CXX compiler ABI info
-- Detecting CXX compiler ABI info - done
-- Check for working CXX compiler: /usr/bin/x86_64-w64-mingw32-g++ - skipped
-- Detecting CXX compile features
-- Detecting CXX compile features - done
-- Found Git: /usr/bin/git (found version "2.55.0")
-- CMAKE_TOOLCHAIN_FILE = /home/mingshi/Project/AI/ernie-image-ncnn-vulkan/.worktrees/surpass-reference/outputs/windows-cpu-v1/toolchain.cmake
-- CMAKE_INSTALL_PREFIX = /usr/local
-- NCNN_VERSION_STRING = 1.0.20260907
-- Performing Test NCNN_COMPILER_SUPPORT_GNU_INLINE_ASM
-- Performing Test NCNN_COMPILER_SUPPORT_GNU_INLINE_ASM - Success
-- Performing Test NCNN_COMPILER_SUPPORT_X86_RECIP_NONE
-- Performing Test NCNN_COMPILER_SUPPORT_X86_RECIP_NONE - Success
-- Performing Test NCNN_COMPILER_SUPPORT_X86_AVX
-- Performing Test NCNN_COMPILER_SUPPORT_X86_AVX - Success
-- Performing Test NCNN_COMPILER_SUPPORT_X86_FMA
-- Performing Test NCNN_COMPILER_SUPPORT_X86_FMA - Success
-- Performing Test NCNN_COMPILER_SUPPORT_X86_FMA4
-- Performing Test NCNN_COMPILER_SUPPORT_X86_FMA4 - Success
-- Performing Test NCNN_COMPILER_SUPPORT_X86_XOP
-- Performing Test NCNN_COMPILER_SUPPORT_X86_XOP - Success
-- Performing Test NCNN_COMPILER_SUPPORT_X86_F16C
-- Performing Test NCNN_COMPILER_SUPPORT_X86_F16C - Success
-- Performing Test NCNN_COMPILER_SUPPORT_X86_AVX2
-- Performing Test NCNN_COMPILER_SUPPORT_X86_AVX2 - Success
-- Performing Test NCNN_COMPILER_SUPPORT_X86_AVX512
-- Performing Test NCNN_COMPILER_SUPPORT_X86_AVX512 - Success
-- Performing Test NCNN_COMPILER_SUPPORT_X86_AVX_VNNI
-- Performing Test NCNN_COMPILER_SUPPORT_X86_AVX_VNNI - Success
-- Performing Test NCNN_COMPILER_SUPPORT_X86_AVX_VNNI_INT8
-- Performing Test NCNN_COMPILER_SUPPORT_X86_AVX_VNNI_INT8 - Success
-- Performing Test NCNN_COMPILER_SUPPORT_X86_AVX_VNNI_INT16
-- Performing Test NCNN_COMPILER_SUPPORT_X86_AVX_VNNI_INT16 - Success
-- Performing Test NCNN_COMPILER_SUPPORT_X86_AVX_NE_CONVERT
-- Performing Test NCNN_COMPILER_SUPPORT_X86_AVX_NE_CONVERT - Success
-- Performing Test NCNN_COMPILER_SUPPORT_X86_AVX512_VNNI
-- Performing Test NCNN_COMPILER_SUPPORT_X86_AVX512_VNNI - Success
-- Performing Test NCNN_COMPILER_SUPPORT_X86_AVX512_BF16
-- Performing Test NCNN_COMPILER_SUPPORT_X86_AVX512_BF16 - Success
-- Performing Test NCNN_COMPILER_SUPPORT_X86_AVX512_FP16
-- Performing Test NCNN_COMPILER_SUPPORT_X86_AVX512_FP16 - Success
-- Target arch: x86 64bit
-- Performing Test COMPILER_HAS_DEPRECATED_ATTR
-- Performing Test COMPILER_HAS_DEPRECATED_ATTR - Success
-- Could NOT find OpenMP_C (missing: OpenMP_C_FLAGS OpenMP_C_LIB_NAMES) 
-- Could NOT find OpenMP_CXX (missing: OpenMP_CXX_FLAGS OpenMP_CXX_LIB_NAMES) 
-- Could NOT find OpenMP (missing: OpenMP_C_FOUND OpenMP_CXX_FOUND) 
-- Performing Test CMAKE_HAVE_LIBC_PTHREAD
-- Performing Test CMAKE_HAVE_LIBC_PTHREAD - Success
-- Found Threads: TRUE
CMake Error at tokenizer/CMakeLists.txt:5 (message):
  Cross-compiling the tokenizer requires ERNIE_RUST_TARGET for the C++ target


-- Configuring incomplete, errors occurred!
