test_bf16_request_obeys_compiled_device_support (tests.test_cli.CliTests.test_bf16_request_obeys_compiled_device_support) ... ok
test_diagnose_lists_runtime_without_loading_a_model (tests.test_cli.CliTests.test_diagnose_lists_runtime_without_loading_a_model) ... ok
test_diagnose_reads_only_bounded_model_config_metadata (tests.test_cli.CliTests.test_diagnose_reads_only_bounded_model_config_metadata) ... ok
test_diagnose_rejects_generation_options (tests.test_cli.CliTests.test_diagnose_rejects_generation_options) ... ok
test_dimensions_must_be_multiples_of_sixteen (tests.test_cli.CliTests.test_dimensions_must_be_multiples_of_sixteen) ... ok
test_dimensions_require_both_axes (tests.test_cli.CliTests.test_dimensions_require_both_axes) ... ok
test_duplicate_prompt_cannot_silently_replace_first (tests.test_cli.CliTests.test_duplicate_prompt_cannot_silently_replace_first) ... ok
test_generation_report_options (tests.test_cli.CliTests.test_generation_report_options) ... ok
test_gpu_requires_a_vulkan_stage (tests.test_cli.CliTests.test_gpu_requires_a_vulkan_stage) ... ok
test_img2img_only_options_require_input (tests.test_cli.CliTests.test_img2img_only_options_require_input) ... ok
test_img2img_reads_input_before_model_loading (tests.test_cli.CliTests.test_img2img_reads_input_before_model_loading) ... ok
test_invalid_img2img_metadata_is_rejected (tests.test_cli.CliTests.test_invalid_img2img_metadata_is_rejected) ... ok
test_invalid_utf8_prompt_file_is_rejected (tests.test_cli.CliTests.test_invalid_utf8_prompt_file_is_rejected) ... ok
test_metrics_rejects_empty_path_before_model_loading (tests.test_cli.CliTests.test_metrics_rejects_empty_path_before_model_loading) ... ok
test_missing_driver_diagnosis_keeps_metadata_and_strict_inference (tests.test_cli.CliTests.test_missing_driver_diagnosis_keeps_metadata_and_strict_inference) ... ok
test_missing_prompt_file_is_reported_before_model_loading (tests.test_cli.CliTests.test_missing_prompt_file_is_reported_before_model_loading) ... ok
test_model_loading_options (tests.test_cli.CliTests.test_model_loading_options) ... ok
test_output_format_is_checked_before_model_loading (tests.test_cli.CliTests.test_output_format_is_checked_before_model_loading) ... ok
test_pe_cannot_change_prompt_of_precomputed_embeddings (tests.test_cli.CliTests.test_pe_cannot_change_prompt_of_precomputed_embeddings) ... ok
test_pe_options_require_an_explicit_model (tests.test_cli.CliTests.test_pe_options_require_an_explicit_model) ... ok
test_pe_rejects_infinite_temperature (tests.test_cli.CliTests.test_pe_rejects_infinite_temperature) ... ok
test_pe_rejects_invalid_top_p (tests.test_cli.CliTests.test_pe_rejects_invalid_top_p) ... ok
test_prompt_file_is_bounded_before_model_loading (tests.test_cli.CliTests.test_prompt_file_is_bounded_before_model_loading) ... ok
test_prompt_sources_are_mutually_exclusive (tests.test_cli.CliTests.test_prompt_sources_are_mutually_exclusive) ... ok
test_rectangular_request_reaches_model_validation (tests.test_cli.CliTests.test_rectangular_request_reaches_model_validation) ... ok
test_repeated_resolution_cannot_silently_override (tests.test_cli.CliTests.test_repeated_resolution_cannot_silently_override) ... ok
test_resize_requires_explicit_target (tests.test_cli.CliTests.test_resize_requires_explicit_target) ... ok
test_strength_zero_does_not_require_prompt (tests.test_cli.CliTests.test_strength_zero_does_not_require_prompt) ... ok
test_strength_zero_rejects_unused_prompt_or_pe (tests.test_cli.CliTests.test_strength_zero_rejects_unused_prompt_or_pe) ... ok
test_threads_are_strictly_bounded (tests.test_cli.CliTests.test_threads_are_strictly_bounded) ... ok
test_unsupported_text_device_is_explicit (tests.test_cli.CliTests.test_unsupported_text_device_is_explicit) ... ok
test_vector_reduction_flag_reaches_model_validation (tests.test_cli.CliTests.test_vector_reduction_flag_reaches_model_validation) ... ok
test_vector_reduction_requires_native_text (tests.test_cli.CliTests.test_vector_reduction_requires_native_text) ... ok
test_weight_placement_options (tests.test_cli.CliTests.test_weight_placement_options) ... ok
test_native_json_roundtrip (tests.test_generation_report.GenerationReportTest.test_native_json_roundtrip) ... ok

----------------------------------------------------------------------
Ran 35 tests in 513.198s

OK
