[0/1] Re-running CMake...
-- CMAKE_TOOLCHAIN_FILE = /home/mingshi/Project/AI/ernie-image-ncnn-vulkan/.worktrees/surpass-reference/outputs/windows-cpu-v1/toolchain.cmake
-- CMAKE_INSTALL_PREFIX = /usr/local
-- NCNN_VERSION_STRING = 1.0.20260907
-- Target arch: x86 64bit
-- Could NOT find OpenMP_C (missing: OpenMP_C_FLAGS OpenMP_C_LIB_NAMES) 
-- Could NOT find OpenMP_CXX (missing: OpenMP_CXX_FLAGS OpenMP_CXX_LIB_NAMES) 
-- Could NOT find OpenMP (missing: OpenMP_C_FOUND OpenMP_CXX_FOUND) 
-- Configuring done (0.3s)
-- Generating done (0.0s)
-- Build files have been written to: /home/mingshi/Project/AI/ernie-image-ncnn-vulkan/.worktrees/surpass-reference/build-windows-cpu-v1
[1/87] Building CXX object src/CMakeFiles/ernie-runtime.dir/image_encoder.cpp.obj
[2/87] Building CXX object src/CMakeFiles/ernie-runtime.dir/component_files.cpp.obj
[3/87] Building CXX object src/CMakeFiles/ernie-runtime.dir/weight_placement.cpp.obj
[4/87] Building CXX object src/CMakeFiles/ernie-runtime.dir/weight_session.cpp.obj
[5/87] Building CXX object src/CMakeFiles/ernie-runtime.dir/block_sequence.cpp.obj
[6/87] Building CXX object src/CMakeFiles/ernie-runtime.dir/dit.cpp.obj
[7/87] Building CXX object src/CMakeFiles/ernie-runtime.dir/denoiser.cpp.obj
[8/87] Building CXX object src/CMakeFiles/ernie-runtime.dir/text_encoder.cpp.obj
[9/87] Building CXX object src/CMakeFiles/ernie-runtime.dir/ernie_text_down.cpp.obj
[10/87] Building CXX object src/CMakeFiles/ernie-runtime.dir/conditioning.cpp.obj
[11/87] Building CXX object src/CMakeFiles/ernie-runtime.dir/pe_session.cpp.obj
[12/87] Linking CXX static library src/libernie-runtime.a
[13/87] Building CXX object src/CMakeFiles/ernie-model-package.dir/model_package.cpp.obj
[14/87] Building CXX object src/CMakeFiles/ernie-pe.dir/prompt_enhancer.cpp.obj
[15/87] Linking CXX static library src/libernie-pe.a
[16/87] Building CXX object src/CMakeFiles/ernie-pipeline.dir/runtime_info.cpp.obj
[17/87] Building CXX object src/CMakeFiles/ernie-pipeline.dir/tensor_io.cpp.obj
[18/87] Building CXX object src/CMakeFiles/ernie-pipeline.dir/pipeline.cpp.obj
[19/87] Linking CXX static library src/libernie-model-package.a
[20/87] Building CXX object cli/CMakeFiles/ernie-image.dir/main.cpp.obj
[21/87] Building CXX object src/CMakeFiles/ernie-pipeline.dir/vae.cpp.obj
[22/87] Linking CXX static library src/libernie-pipeline.a
[23/87] Building CXX object cli/CMakeFiles/ernie-image.dir/prompt_file.cpp.obj
[24/87] Building CXX object cli/CMakeFiles/ernie-image.dir/options.cpp.obj
[25/87] Building CXX object cli/CMakeFiles/ernie-image.dir/generation_report.cpp.obj
[26/87] Building CXX object cli/CMakeFiles/ernie-image.dir/windows_main.cpp.obj
[27/87] Building CXX object cli/CMakeFiles/ernie-image.dir/image_io.cpp.obj
[28/87] Building CXX object probes/CMakeFiles/ernie-block-sequence-runner.dir/block_sequence_runner.cpp.obj
[29/87] Building CXX object probes/CMakeFiles/ernie-img2img-runner.dir/img2img_runner.cpp.obj
[30/87] Building CXX object probes/CMakeFiles/ernie-denoise-runner.dir/denoise_runner.cpp.obj
[31/87] Building CXX object probes/CMakeFiles/ernie-text-runner.dir/text_runner.cpp.obj
[32/87] Building CXX object probes/CMakeFiles/ernie-pe-runner.dir/pe_runner.cpp.obj
[33/87] Building CXX object tests/CMakeFiles/ernie-utf8-paths-contract.dir/__/cli/options.cpp.obj
[34/87] Building CXX object tests/CMakeFiles/ernie-utf8-paths-contract.dir/test_utf8_paths.cpp.obj
[35/87] Building CXX object tests/CMakeFiles/ernie-utf8-paths-contract.dir/__/cli/prompt_file.cpp.obj
[36/87] Building CXX object tests/CMakeFiles/ernie-generation-report-contract.dir/test_generation_report.cpp.obj
[37/87] Building CXX object tests/CMakeFiles/ernie-generation-report-contract.dir/__/cli/generation_report.cpp.obj
[38/87] Building CXX object tests/CMakeFiles/ernie-pipeline-api-contract.dir/test_pipeline_api.cpp.obj
[39/87] Building CXX object tests/CMakeFiles/ernie-request-validation-contract.dir/test_request_validation.cpp.obj
[40/87] Building CXX object tests/CMakeFiles/ernie-prompt-file-contract.dir/__/cli/prompt_file.cpp.obj
[41/87] Building CXX object tests/CMakeFiles/ernie-gpu-context-contract.dir/test_gpu_context.cpp.obj
[42/87] Building CXX object tests/CMakeFiles/ernie-image-io-contract.dir/test_image_io.cpp.obj
[43/87] Building CXX object tests/CMakeFiles/ernie-pe-sampling-contract.dir/test_pe_sampling.cpp.obj
[44/87] Building CXX object tests/CMakeFiles/ernie-component-files-contract.dir/test_component_files.cpp.obj
[45/87] Building CXX object tests/CMakeFiles/ernie-image-io-contract.dir/__/cli/image_io.cpp.obj
[46/87] Building CXX object tests/CMakeFiles/ernie-weight-placement-contract.dir/test_weight_placement.cpp.obj
[47/87] Building CXX object tests/CMakeFiles/ernie-weight-session-contract.dir/test_weight_session.cpp.obj
[48/87] Building CXX object tests/CMakeFiles/ernie-img2img-contract.dir/test_img2img_contract.cpp.obj
[49/87] Building CXX object tests/CMakeFiles/ernie-image-encoder-contract.dir/test_image_encoder.cpp.obj
[50/87] Building CXX object tests/CMakeFiles/ernie-model-package-contract.dir/test_model_package.cpp.obj
[51/87] Linking CXX executable ernie-image.exe
[52/87] Linking CXX executable ernie-attention-probe.exe
[53/87] Linking CXX executable ernie-block-runner.exe
[54/87] Linking CXX executable ernie-attention-accuracy-probe.exe
[55/87] Linking CXX executable ernie-attention-workspace-probe.exe
[56/87] Linking CXX executable ernie-gelu-probe.exe
[57/87] Building CXX object tests/CMakeFiles/ernie-text-down-contract.dir/test_text_down.cpp.obj
[58/87] Linking CXX executable ernie-latent-runner.exe
[59/87] Linking CXX executable ernie-block-sequence-runner.exe
[60/87] Linking CXX executable ernie-head-runner.exe
[61/87] Linking CXX executable ernie-img2img-runner.exe
[62/87] Linking CXX executable ernie-denoise-runner.exe
[63/87] Linking CXX executable ernie-text-runner.exe
[64/87] Linking CXX executable ernie-pe-block-runner.exe
[65/87] Linking CXX executable ernie-rmsnorm-probe.exe
[66/87] Linking CXX executable ernie-text-gemm-diagnostic.exe
[67/87] Linking CXX executable ernie-pe-runner.exe
[68/87] Linking CXX executable ernie-generation-report-contract.exe
[69/87] Linking CXX executable ernie-utf8-paths-contract.exe
[70/87] Linking CXX executable ernie-pipeline-api-contract.exe
[71/87] Linking CXX executable ernie-gpu-context-contract.exe
[72/87] Linking CXX executable ernie-prompt-file-contract.exe
[73/87] Linking CXX executable ernie-image-io-contract.exe
[74/87] Linking CXX executable ernie-request-validation-contract.exe
[75/87] Linking CXX executable ernie-latent-contract.exe
[76/87] Linking CXX executable ernie-pe-sampling-contract.exe
[77/87] Linking CXX executable ernie-weight-placement-contract.exe
[78/87] Linking CXX executable ernie-component-files-contract.exe
[79/87] Linking CXX executable ernie-host-memory-contract.exe
[80/87] Linking CXX executable ernie-weight-session-contract.exe
[81/87] Linking CXX executable ernie-model-loading-contract.exe
[82/87] Linking CXX executable ernie-img2img-contract.exe
[83/87] Linking CXX executable ernie-image-encoder-contract.exe
[84/87] Linking CXX executable ernie-residual-contract.exe
[85/87] Linking CXX executable ernie-text-down-contract.exe
[86/87] Linking CXX executable ernie-model-package-contract.exe
