	Command being timed: "/var/tmp/ernie-memory-grid512-v1/10-measured-mapped-off/native/benchmark/ernie-image.snapshot --model /var/tmp/ernie-memory-grid512-v1/10-measured-mapped-off/model --prompt-file /var/tmp/ernie-memory-grid512-v1/10-measured-mapped-off/native/benchmark/prompt.txt --output /var/tmp/ernie-memory-grid512-v1/10-measured-mapped-off/native/benchmark/native.png --seed 42 --steps 8 --device vulkan --precision fp32 --vae-device cpu --vae-convolution direct --width 512 --height 512 --threads 2 --text-device cpu --dit-weights host --gpu-reserve-mib 512 --dit-cache-mib 0 --ram-reserve-mib 3072 --model-loading mapped --report-json /var/tmp/ernie-memory-grid512-v1/10-measured-mapped-off/native/benchmark/generation.json --gpu 0 --text-down-vector --latent /var/tmp/ernie-memory-grid512-v1/10-measured-mapped-off/native/benchmark/initial.f32"
	User time (seconds): 104.24
	System time (seconds): 225.64
	Percent of CPU this job got: 82%
	Elapsed (wall clock) time (h:mm:ss or m:ss): 6:37.97
	Average shared text size (kbytes): 0
	Average unshared data size (kbytes): 0
	Average stack size (kbytes): 0
	Average total size (kbytes): 0
	Maximum resident set size (kbytes): 2070236
	Average resident set size (kbytes): 0
	Major (requiring I/O) page faults: 8514
	Minor (reclaiming a frame) page faults: 133340552
	Voluntary context switches: 85469
	Involuntary context switches: 20316
	Swaps: 0
	File system inputs: 105843920
	File system outputs: 5240
	Socket messages sent: 0
	Socket messages received: 0
	Signals delivered: 0
	Page size (bytes): 4096
	Exit status: 0
