	Command being timed: "/home/mingshi/Project/AI/ernie-image-ncnn-vulkan/build/ernie-block-sequence-runner --fixture /home/mingshi/Project/AI/ernie-image-ncnn-vulkan/outputs/sequence01-s288-v1/reference --tokens 288 --output /home/mingshi/Project/AI/ernie-image-ncnn-vulkan/outputs/sequence01-s288-v1/vulkan-bf16-stream/actual.f32 --backend vulkan --precision bf16 --policy stream --model /home/mingshi/Project/AI/ernie-image-ncnn-vulkan/models/converted/dit-block-00-s288/runtime --model /home/mingshi/Project/AI/ernie-image-ncnn-vulkan/models/converted/dit-block-01-s288"
	User time (seconds): 14.14
	System time (seconds): 3.02
	Percent of CPU this job got: 267%
	Elapsed (wall clock) time (h:mm:ss or m:ss): 0:06.40
	Average shared text size (kbytes): 0
	Average unshared data size (kbytes): 0
	Average stack size (kbytes): 0
	Average total size (kbytes): 0
	Maximum resident set size (kbytes): 701924
	Average resident set size (kbytes): 0
	Major (requiring I/O) page faults: 0
	Minor (reclaiming a frame) page faults: 1328528
	Voluntary context switches: 1190
	Involuntary context switches: 802
	Swaps: 0
	File system inputs: 0
	File system outputs: 13832
	Socket messages sent: 0
	Socket messages received: 0
	Signals delivered: 0
	Page size (bytes): 4096
	Exit status: 0
