Running as unit: ernie-d1-install-vulkan-v2.scope; invocation ID: 4598fc76f814404abe0a6d0a27b19c72
[1/607] Building CXX object ncnn/glslang/SPIRV/CMakeFiles/SPIRV.dir/home/mingshi/Project/AI/ernie-image-ncnn-vulkan/third_party/ncnn/glslang/glslang/stub.cpp.o
[2/607] Building CXX object ncnn/glslang/glslang/CMakeFiles/glslang.dir/GenericCodeGen/CodeGen.cpp.o
[3/607] Building CXX object ncnn/glslang/glslang/CMakeFiles/glslang.dir/GenericCodeGen/Link.cpp.o
[4/607] Building CXX object ncnn/glslang/glslang/CMakeFiles/glslang.dir/OSDependent/Unix/ossource.cpp.o
[5/607] Building CXX object ncnn/glslang/glslang/CMakeFiles/glslang.dir/CInterface/glslang_c_interface.cpp.o
[6/607] Building CXX object ncnn/glslang/glslang/CMakeFiles/glslang.dir/MachineIndependent/attribute.cpp.o
[7/607] Building CXX object ncnn/glslang/glslang/CMakeFiles/glslang.dir/MachineIndependent/glslang_tab.cpp.o
[8/607] Building CXX object ncnn/glslang/glslang/CMakeFiles/glslang.dir/MachineIndependent/Constant.cpp.o
[9/607] Building CXX object ncnn/glslang/glslang/CMakeFiles/glslang.dir/MachineIndependent/InfoSink.cpp.o
[10/607] Building CXX object ncnn/glslang/glslang/CMakeFiles/glslang.dir/MachineIndependent/iomapper.cpp.o
[11/607] Building CXX object ncnn/glslang/glslang/CMakeFiles/glslang.dir/MachineIndependent/IntermTraverse.cpp.o
[12/607] Building CXX object ncnn/glslang/glslang/CMakeFiles/glslang.dir/MachineIndependent/Intermediate.cpp.o
[13/607] Building CXX object ncnn/glslang/glslang/CMakeFiles/glslang.dir/MachineIndependent/ParseContextBase.cpp.o
[14/607] Building CXX object ncnn/glslang/glslang/CMakeFiles/glslang.dir/MachineIndependent/Initialize.cpp.o
[15/607] Building CXX object ncnn/glslang/glslang/CMakeFiles/glslang.dir/MachineIndependent/PoolAlloc.cpp.o
[16/607] Building CXX object ncnn/glslang/glslang/CMakeFiles/glslang.dir/MachineIndependent/RemoveTree.cpp.o
[17/607] Building CXX object ncnn/glslang/glslang/CMakeFiles/glslang.dir/MachineIndependent/Scan.cpp.o
[18/607] Building CXX object ncnn/glslang/glslang/CMakeFiles/glslang.dir/MachineIndependent/ParseHelper.cpp.o
[19/607] Building CXX object ncnn/glslang/glslang/CMakeFiles/glslang.dir/MachineIndependent/SpirvIntrinsics.cpp.o
[20/607] Building CXX object ncnn/glslang/glslang/CMakeFiles/glslang.dir/MachineIndependent/ShaderLang.cpp.o
[21/607] Building CXX object ncnn/glslang/glslang/CMakeFiles/glslang.dir/MachineIndependent/SymbolTable.cpp.o
[22/607] Building CXX object ncnn/glslang/glslang/CMakeFiles/glslang.dir/MachineIndependent/Versions.cpp.o
[23/607] Building CXX object ncnn/glslang/glslang/CMakeFiles/glslang.dir/MachineIndependent/intermOut.cpp.o
[24/607] Building CXX object ncnn/glslang/glslang/CMakeFiles/glslang.dir/MachineIndependent/limits.cpp.o
[25/607] Building CXX object ncnn/glslang/glslang/CMakeFiles/glslang.dir/MachineIndependent/parseConst.cpp.o
[26/607] Building CXX object ncnn/glslang/glslang/CMakeFiles/glslang.dir/MachineIndependent/reflection.cpp.o
[27/607] Building CXX object ncnn/glslang/glslang/CMakeFiles/glslang.dir/MachineIndependent/linkValidate.cpp.o
[28/607] Building CXX object ncnn/glslang/glslang/CMakeFiles/glslang.dir/MachineIndependent/preprocessor/Pp.cpp.o
[29/607] Building CXX object ncnn/glslang/glslang/CMakeFiles/glslang.dir/MachineIndependent/preprocessor/PpAtom.cpp.o
[30/607] Building CXX object ncnn/glslang/glslang/CMakeFiles/glslang.dir/MachineIndependent/preprocessor/PpContext.cpp.o
[31/607] Building CXX object ncnn/glslang/glslang/CMakeFiles/glslang.dir/MachineIndependent/preprocessor/PpScanner.cpp.o
[32/607] Building CXX object ncnn/glslang/glslang/CMakeFiles/glslang.dir/MachineIndependent/preprocessor/PpTokens.cpp.o
[33/607] Building CXX object ncnn/glslang/glslang/CMakeFiles/glslang.dir/MachineIndependent/propagateNoContraction.cpp.o
[34/607] Building CXX object ncnn/glslang/glslang/CMakeFiles/glslang.dir/home/mingshi/Project/AI/ernie-image-ncnn-vulkan/third_party/ncnn/glslang/SPIRV/InReadableOrder.cpp.o
[35/607] Building CXX object ncnn/glslang/glslang/CMakeFiles/glslang.dir/home/mingshi/Project/AI/ernie-image-ncnn-vulkan/third_party/ncnn/glslang/SPIRV/Logger.cpp.o
[36/607] Building CXX object ncnn/glslang/glslang/CMakeFiles/glslang.dir/home/mingshi/Project/AI/ernie-image-ncnn-vulkan/third_party/ncnn/glslang/SPIRV/SpvBuilder.cpp.o
[37/607] Building CXX object ncnn/glslang/glslang/CMakeFiles/glslang.dir/home/mingshi/Project/AI/ernie-image-ncnn-vulkan/third_party/ncnn/glslang/SPIRV/GlslangToSpv.cpp.o
[38/607] Building CXX object ncnn/glslang/glslang/CMakeFiles/glslang.dir/home/mingshi/Project/AI/ernie-image-ncnn-vulkan/third_party/ncnn/glslang/SPIRV/SpvPostProcess.cpp.o
[39/607] Building CXX object ncnn/glslang/glslang/CMakeFiles/glslang.dir/home/mingshi/Project/AI/ernie-image-ncnn-vulkan/third_party/ncnn/glslang/SPIRV/SpvTools.cpp.o
[40/607] Building CXX object ncnn/glslang/glslang/CMakeFiles/glslang.dir/home/mingshi/Project/AI/ernie-image-ncnn-vulkan/third_party/ncnn/glslang/SPIRV/doc.cpp.o
[41/607] Building CXX object ncnn/glslang/glslang/CMakeFiles/glslang.dir/home/mingshi/Project/AI/ernie-image-ncnn-vulkan/third_party/ncnn/glslang/SPIRV/CInterface/spirv_c_interface.cpp.o
[42/607] Linking CXX static library ncnn/glslang/SPIRV/libSPIRV.a
[43/607] Preprocessing shader source batchnorm.comp
[44/607] Preprocessing shader source batchnorm_pack4.comp
[45/607] Preprocessing shader source binaryop.comp
[46/607] Preprocessing shader source binaryop_broadcast.comp
[47/607] Preprocessing shader source binaryop_broadcast_pack1to4.comp
[48/607] Preprocessing shader source binaryop_broadcast_pack4.comp
[49/607] Building CXX object ncnn/glslang/glslang/CMakeFiles/glslang.dir/home/mingshi/Project/AI/ernie-image-ncnn-vulkan/third_party/ncnn/glslang/SPIRV/disassemble.cpp.o
[50/607] Preprocessing shader source binaryop_pack4.comp
[51/607] Preprocessing shader source cast_fp16_to_fp32.comp
[52/607] Linking CXX static library ncnn/glslang/glslang/libglslang.a
[53/607] Preprocessing shader source cast_fp16_to_fp32_pack4.comp
[54/607] Preprocessing shader source cast_fp32_to_fp16.comp
[55/607] Preprocessing shader source cast_fp32_to_fp16_pack4.comp
[56/607] Preprocessing shader source concat.comp
[57/607] Preprocessing shader source concat_pack4.comp
[58/607] Preprocessing shader source concat_pack4to1.comp
[59/607] Preprocessing shader source convert_ycbcr.comp
[60/607] Preprocessing shader source convolution_1x1s1d1_cm.comp
[61/607] Preprocessing shader source convolution_1x1s1d1_int8_cm.comp
[62/607] Preprocessing shader source convolution_3x3s1d1_winograd23_transform_input.comp
[63/607] Preprocessing shader source convolution_3x3s1d1_winograd23_transform_input_int8.comp
[64/607] Preprocessing shader source convolution_3x3s1d1_winograd23_transform_input_int8_cm.comp
[65/607] Preprocessing shader source convolution_3x3s1d1_winograd23_transform_output.comp
[66/607] Preprocessing shader source convolution_3x3s1d1_winograd23_transform_output_int8.comp
[67/607] Preprocessing shader source convolution_3x3s1d1_winograd43_transform_input.comp
[68/607] Preprocessing shader source convolution_3x3s1d1_winograd43_transform_input_int8.comp
[69/607] Preprocessing shader source convolution_3x3s1d1_winograd43_transform_output.comp
[70/607] Preprocessing shader source convolution_3x3s1d1_winograd43_transform_input_int8_cm.comp
[71/607] Preprocessing shader source convolution_3x3s1d1_winograd_gemm.comp
[72/607] Preprocessing shader source convolution_3x3s1d1_winograd43_transform_output_int8.comp
[73/607] Preprocessing shader source convolution_3x3s1d1_winograd_gemm_int8.comp
[74/607] Preprocessing shader source convolution_3x3s1d1_winograd_gemm_int8_cm.comp
[75/607] Preprocessing shader source convolution_gemm_cm.comp
[76/607] Preprocessing shader source convolution_gemm_int8_cm.comp
[77/607] Preprocessing shader source convolution_pack1to4_3x3s1d1_winograd_gemm.comp
[78/607] Preprocessing shader source convolution_pack4_3x3s1d1_winograd23_transform_input.comp
[79/607] Preprocessing shader source convolution_pack4_3x3s1d1_winograd23_transform_input_int8.comp
[80/607] Preprocessing shader source convolution_pack4_3x3s1d1_winograd23_transform_output.comp
[81/607] Preprocessing shader source convolution_pack4_3x3s1d1_winograd23_transform_input_int8_cm.comp
[82/607] Preprocessing shader source convolution_pack4_3x3s1d1_winograd23_transform_output_int8.comp
[83/607] Preprocessing shader source convolution_pack4_3x3s1d1_winograd43_transform_input.comp
[84/607] Preprocessing shader source convolution_pack4_3x3s1d1_winograd43_transform_input_int8.comp
[85/607] Preprocessing shader source convolution_pack4_3x3s1d1_winograd43_transform_input_int8_cm.comp
[86/607] Preprocessing shader source convolution_pack4_3x3s1d1_winograd43_transform_output.comp
[87/607] Preprocessing shader source convolution_pack4_3x3s1d1_winograd43_transform_output_int8.comp
[88/607] Preprocessing shader source convolution_pack4_3x3s1d1_winograd_gemm.comp
[89/607] Preprocessing shader source convolution_pack4to1_3x3s1d1_winograd_gemm.comp
[90/607] Preprocessing shader source convolution_packed.comp
[91/607] Preprocessing shader source convolution_packed_1x1s1d1.comp
[92/607] Preprocessing shader source convolution_packed_1x1s1d1_int8.comp
[93/607] Preprocessing shader source convolution_packed_gemm.comp
[94/607] Preprocessing shader source convolution_packed_gemm_int8.comp
[95/607] Preprocessing shader source convolution_packed_int8.comp
[96/607] Preprocessing shader source crop.comp
[97/607] Preprocessing shader source crop_pack1to4.comp
[98/607] Preprocessing shader source convolution_winograd_gemm_cm.comp
[99/607] Preprocessing shader source crop_pack4.comp
[100/607] Preprocessing shader source crop_pack4to1.comp
[101/607] Preprocessing shader source flatten.comp
[102/607] Preprocessing shader source flatten_int8.comp
[103/607] Preprocessing shader source flatten_pack1to4.comp
[104/607] Preprocessing shader source flatten_pack1to4_int8.comp
[105/607] Preprocessing shader source flatten_pack4_int8.comp
[106/607] Preprocessing shader source flatten_pack4.comp
[107/607] Preprocessing shader source gelu.comp
[108/607] Preprocessing shader source gemm.comp
[109/607] Preprocessing shader source gemm_int8.comp
[110/607] Preprocessing shader source gemm_int8_cm.comp
[111/607] Preprocessing shader source gemm_quantize_A_int8.comp
[112/607] Preprocessing shader source gemm_quantize_A_packed_int8.comp
[113/607] Preprocessing shader source gemm_cm.comp
[114/607] Preprocessing shader source gemm_quantize_B_absmax_int8.comp
[115/607] Preprocessing shader source gemm_quantize_B_descale_int8.comp
[116/607] Preprocessing shader source gemm_quantize_B_int8.comp
[117/607] Preprocessing shader source gemm_quantize_B_packed_int8.comp
[118/607] Preprocessing shader source gemm_sg.comp
[119/607] Preprocessing shader source groupnorm_coeffs.comp
[120/607] Preprocessing shader source groupnorm_coeffs_pack4.comp
[121/607] Preprocessing shader source groupnorm_norm.comp
[122/607] Preprocessing shader source groupnorm_norm_pack4.comp
[123/607] Preprocessing shader source groupnorm_reduce_mean.comp
[124/607] Preprocessing shader source groupnorm_reduce_sum4_fp16_to_fp32.comp
[125/607] Preprocessing shader source groupnorm_reduce_mean_pack4.comp
[126/607] Preprocessing shader source groupnorm_reduce_sum4_fp16_to_fp32_pack4.comp
[127/607] Preprocessing shader source groupnorm_reduce_sum4_fp32.comp
[128/607] Preprocessing shader source groupnorm_reduce_sum4_fp32_pack4.comp
[129/607] Preprocessing shader source groupnorm_sub_mean_square.comp
[130/607] Preprocessing shader source groupnorm_sub_mean_square_pack4.comp
[131/607] Preprocessing shader source innerproduct.comp
[132/607] Preprocessing shader source innerproduct_gemm.comp
[133/607] Preprocessing shader source innerproduct_gemm_int8.comp
[134/607] Preprocessing shader source innerproduct_gemm_wp1to4.comp
[135/607] Preprocessing shader source innerproduct_gemm_wp4.comp
[136/607] Preprocessing shader source innerproduct_gemm_wp4to1.comp
[137/607] Preprocessing shader source innerproduct_int8.comp
[138/607] Preprocessing shader source innerproduct_pack1to4.comp
[139/607] Preprocessing shader source innerproduct_pack4.comp
[140/607] Preprocessing shader source innerproduct_pack4to1.comp
[141/607] Preprocessing shader source innerproduct_reduce_sum8.comp
[142/607] Preprocessing shader source innerproduct_reduce_sum8_int8.comp
[143/607] Preprocessing shader source innerproduct_reduce_sum8_pack4.comp
[144/607] Preprocessing shader source innerproduct_sum8.comp
[145/607] Preprocessing shader source innerproduct_sum8_pack1to4.comp
[146/607] Preprocessing shader source innerproduct_sum8_int8.comp
[147/607] Preprocessing shader source innerproduct_sum8_pack4to1.comp
[148/607] Preprocessing shader source innerproduct_sum8_pack4.comp
[149/607] Preprocessing shader source interp_bicubic.comp
[150/607] Preprocessing shader source interp.comp
[151/607] Preprocessing shader source interp_bicubic_pack4.comp
[152/607] Preprocessing shader source interp_bicubic_coeffs.comp
[153/607] Preprocessing shader source layernorm_coeffs.comp
[154/607] Preprocessing shader source interp_pack4.comp
[155/607] Preprocessing shader source layernorm_coeffs_pack4.comp
[156/607] Preprocessing shader source layernorm_norm.comp
[157/607] Preprocessing shader source layernorm_norm_pack4.comp
[158/607] Preprocessing shader source layernorm_reduce_mean.comp
[159/607] Preprocessing shader source layernorm_reduce_mean_pack4.comp
[160/607] Preprocessing shader source layernorm_reduce_sum4_fp16_to_fp32.comp
[161/607] Preprocessing shader source layernorm_reduce_sum4_fp16_to_fp32_pack4.comp
[162/607] Preprocessing shader source layernorm_reduce_sum4_fp32.comp
[163/607] Preprocessing shader source layernorm_sub_mean_square.comp
[164/607] Preprocessing shader source layernorm_reduce_sum4_fp32_pack4.comp
[165/607] Preprocessing shader source multiheadattention_kvcache_append.comp
[166/607] Preprocessing shader source layernorm_sub_mean_square_pack4.comp
[167/607] Preprocessing shader source multiheadattention_kvcache_copy.comp
[168/607] Preprocessing shader source multiheadattention_kvcache_qk.comp
[169/607] Preprocessing shader source multiheadattention_qk_cross.comp
[170/607] Preprocessing shader source multiheadattention_kvcache_qkv.comp
[171/607] Preprocessing shader source multiheadattention_qk_cross_pack1to4.comp
[172/607] Preprocessing shader source multiheadattention_qk_cross_pack4.comp
[173/607] Preprocessing shader source multiheadattention_qk_cross_pack4to1.comp
[174/607] Preprocessing shader source multiheadattention_qkv_cross.comp
[175/607] Preprocessing shader source multiheadattention_qkv_cross_pack1to4.comp
[176/607] Preprocessing shader source multiheadattention_qkv_cross_pack4to1.comp
[177/607] Preprocessing shader source multiheadattention_qkv_cross_pack4.comp
[178/607] Preprocessing shader source packing.comp
[179/607] Preprocessing shader source ncnn_glsl_ext.comp
[180/607] Preprocessing shader source packing_int8.comp
[181/607] Preprocessing shader source packing_pack1to4.comp
[182/607] Preprocessing shader source packing_pack1to4_int8.comp
[183/607] Preprocessing shader source packing_pack4to1.comp
[184/607] Preprocessing shader source packing_pack4to1_int8.comp
[185/607] Preprocessing shader source padding.comp
[186/607] Preprocessing shader source padding_3d.comp
[187/607] Preprocessing shader source padding_3d_int8.comp
[188/607] Preprocessing shader source padding_3d_pack4.comp
[189/607] Preprocessing shader source padding_3d_pack4_int8.comp
[190/607] Preprocessing shader source padding_int8.comp
[191/607] Preprocessing shader source padding_pack1to4.comp
[192/607] Preprocessing shader source padding_pack1to4_int8.comp
[193/607] Preprocessing shader source padding_pack4.comp
[194/607] Preprocessing shader source padding_pack4_int8.comp
[195/607] Preprocessing shader source padding_pack4to1.comp
[196/607] Preprocessing shader source padding_pack4to1_int8.comp
[197/607] Preprocessing shader source permute.comp
[198/607] Preprocessing shader source permute_pack1to4.comp
[199/607] Preprocessing shader source permute_pack4.comp
[200/607] Preprocessing shader source permute_pack4to1.comp
[201/607] Preprocessing shader source reduction.comp
[202/607] Preprocessing shader source reorg.comp
[203/607] Preprocessing shader source reorg_pack1to4.comp
[204/607] Preprocessing shader source reorg_pack4.comp
[205/607] Preprocessing shader source reshape.comp
[206/607] Preprocessing shader source reshape_batch_reorder.comp
[207/607] Preprocessing shader source reshape_batch_reorder_pack1to4.comp
[208/607] Preprocessing shader source reshape_batch_reorder_pack4to1.comp
[209/607] Preprocessing shader source reshape_batch_reorder_pack4.comp
[210/607] Preprocessing shader source reshape_pack1to4.comp
[211/607] Preprocessing shader source reshape_pack4.comp
[212/607] Preprocessing shader source rmsnorm_coeffs.comp
[213/607] Preprocessing shader source reshape_pack4to1.comp
[214/607] Preprocessing shader source rmsnorm_coeffs_pack4.comp
[215/607] Preprocessing shader source rmsnorm_norm.comp
[216/607] Preprocessing shader source rmsnorm_square.comp
[217/607] Preprocessing shader source rmsnorm_norm_pack4.comp
[218/607] Preprocessing shader source rmsnorm_square_pack4.comp
[219/607] Preprocessing shader source sdpa_cross.comp
[220/607] Preprocessing shader source sdpa_fa.comp
[221/607] Preprocessing shader source sdpa_fa_cm.comp
[222/607] Preprocessing shader source sdpa_cross_cm.comp
[223/607] Preprocessing shader source sdpa_kvcache_append.comp
[224/607] Preprocessing shader source sdpa_kvcache_copy.comp
[225/607] Preprocessing shader source slice.comp
[226/607] Preprocessing shader source slice_pack1to4.comp
[227/607] Preprocessing shader source slice_pack4.comp
[228/607] Preprocessing shader source softmax_div_sum.comp
[229/607] Preprocessing shader source softmax_div_sum_pack4.comp
[230/607] Preprocessing shader source softmax_exp_sub_max.comp
[231/607] Preprocessing shader source softmax_exp_sub_max_pack4.comp
[232/607] Preprocessing shader source softmax_reduce_max.comp
[233/607] Preprocessing shader source softmax_reduce_max_pack4.comp
[234/607] Preprocessing shader source softmax_reduce_sum.comp
[235/607] Preprocessing shader source softmax_reduce_sum_pack4.comp
[236/607] Preprocessing shader source swish.comp
[237/607] Preprocessing shader source unaryop.comp
[238/607] Preprocessing shader source vulkan_activation.comp
[239/607] Generating source batchnorm_x86_avx512.h
[240/607] Generating source batchnorm_x86_avx512.cpp
[241/607] Generating source batchnorm_x86_avx.h
[242/607] Generating source batchnorm_x86_avx.cpp
[243/607] Generating source concat_x86_avx512.h
[244/607] Generating source concat_x86_avx512.cpp
[245/607] Generating source concat_x86_avx.h
[246/607] Generating source concat_x86_avx.cpp
[247/607] Generating source convolution_x86_avx512.h
[248/607] Generating source convolution_x86_avx512.cpp
[249/607] Generating source convolution_x86_avx.h
[250/607] Generating source convolution_x86_avx.cpp
[251/607] Generating source crop_x86_avx512.h
[252/607] Generating source crop_x86_avx512.cpp
[253/607] Generating source crop_x86_avx.h
[254/607] Generating source crop_x86_avx.cpp
[255/607] Generating source flatten_x86_avx512.h
[256/607] Generating source flatten_x86_avx512.cpp
[257/607] Generating source flatten_x86_avx.h
[258/607] Generating source flatten_x86_avx.cpp
[259/607] Generating source innerproduct_x86_avx512.h
[260/607] Generating source innerproduct_x86_avx512.cpp
[261/607] Generating source innerproduct_x86_avx.h
[262/607] Generating source innerproduct_x86_avx.cpp
[263/607] Generating source reshape_x86_avx512.h
[264/607] Generating source reshape_x86_avx512.cpp
[265/607] Generating source reshape_x86_avx.h
[266/607] Generating source reshape_x86_avx.cpp
[267/607] Generating source slice_x86_avx512.h
[268/607] Generating source slice_x86_avx512.cpp
[269/607] Generating source slice_x86_avx.h
[270/607] Generating source slice_x86_avx.cpp
[271/607] Generating source softmax_x86_avx512.h
[272/607] Generating source softmax_x86_avx512.cpp
[273/607] Generating source softmax_x86_avx.h
[274/607] Generating source softmax_x86_avx.cpp
[275/607] Generating source binaryop_x86_avx512.h
[276/607] Generating source binaryop_x86_avx512.cpp
[277/607] Generating source binaryop_x86_avx.h
[278/607] Generating source binaryop_x86_avx.cpp
[279/607] Generating source unaryop_x86_avx512.h
[280/607] Generating source unaryop_x86_avx512.cpp
[281/607] Generating source unaryop_x86_avx.h
[282/607] Generating source unaryop_x86_avx.cpp
[283/607] Generating source padding_x86_avx512.h
[284/607] Generating source padding_x86_avx512.cpp
[285/607] Generating source padding_x86_avx.h
[286/607] Generating source padding_x86_avx.cpp
[287/607] Generating source interp_x86_avx512.h
[288/607] Generating source interp_x86_avx512.cpp
[289/607] Generating source interp_x86_avx.h
[290/607] Generating source interp_x86_avx.cpp
[291/607] Generating source packing_x86_avx512.h
[292/607] Generating source packing_x86_avx512.cpp
[293/607] Generating source packing_x86_avx.h
[294/607] Generating source packing_x86_avx.cpp
[295/607] Generating source cast_x86_avx512.h
[296/607] Generating source cast_x86_avx512.cpp
[297/607] Generating source cast_x86_avx.h
[298/607] Generating source cast_x86_avx.cpp
[299/607] Generating source swish_x86_avx512.h
[300/607] Generating source swish_x86_avx512.cpp
[301/607] Generating source swish_x86_avx.h
[302/607] Generating source swish_x86_avx.cpp
[303/607] Generating source gemm_x86_avx512.h
[304/607] Generating source gemm_x86_avx512.cpp
[305/607] Generating source gemm_x86_avx.h
[306/607] Generating source gemm_x86_avx.cpp
[307/607] Generating source groupnorm_x86_avx512.h
[308/607] Generating source groupnorm_x86_avx512.cpp
[309/607] Generating source groupnorm_x86_avx.h
[310/607] Generating source groupnorm_x86_avx.cpp
[311/607] Generating source layernorm_x86_avx512.h
[312/607] Generating source layernorm_x86_avx512.cpp
[313/607] Generating source layernorm_x86_avx.h
[314/607] Generating source layernorm_x86_avx.cpp
[315/607] Generating source multiheadattention_x86_avx512.h
[316/607] Generating source multiheadattention_x86_avx512.cpp
[317/607] Generating source multiheadattention_x86_avx.h
[318/607] Generating source multiheadattention_x86_avx.cpp
[319/607] Generating source gelu_x86_avx512.h
[320/607] Generating source gelu_x86_avx512.cpp
[321/607] Generating source gelu_x86_avx.h
[322/607] Generating source gelu_x86_avx.cpp
[323/607] Generating source rmsnorm_x86_avx512.h
[324/607] Generating source rmsnorm_x86_avx512.cpp
[325/607] Generating source rmsnorm_x86_avx.h
[326/607] Generating source rmsnorm_x86_avx.cpp
[327/607] Generating source sdpa_x86_avx512.h
[328/607] Generating source sdpa_x86_avx512.cpp
[329/607] Generating source sdpa_x86_avx.h
[330/607] Generating source sdpa_x86_avx.cpp
[331/607] Building CXX object ncnn/src/CMakeFiles/ncnn.dir/allocator.cpp.o
[332/607] Building CXX object ncnn/src/CMakeFiles/ncnn.dir/benchmark.cpp.o
[333/607] Building CXX object ncnn/src/CMakeFiles/ncnn.dir/blob.cpp.o
[334/607] Building CXX object ncnn/src/CMakeFiles/ncnn.dir/c_api.cpp.o
[335/607] Building CXX object ncnn/src/CMakeFiles/ncnn.dir/command.cpp.o
[336/607] Building CXX object ncnn/src/CMakeFiles/ncnn.dir/cpu.cpp.o
[337/607] Building CXX object ncnn/src/CMakeFiles/ncnn.dir/datareader.cpp.o
[338/607] Building CXX object ncnn/src/CMakeFiles/ncnn.dir/expression.cpp.o
[339/607] Building CXX object ncnn/src/CMakeFiles/ncnn.dir/gpu.cpp.o
[340/607] Building CXX object ncnn/src/CMakeFiles/ncnn.dir/layer.cpp.o
[341/607] Building CXX object ncnn/src/CMakeFiles/ncnn.dir/mat.cpp.o
[342/607] Building CXX object ncnn/src/CMakeFiles/ncnn.dir/mat_pixel.cpp.o
[343/607] Building CXX object ncnn/src/CMakeFiles/ncnn.dir/mat_pixel_affine.cpp.o
[344/607] Building CXX object ncnn/src/CMakeFiles/ncnn.dir/mat_pixel_drawing.cpp.o
[345/607] Building CXX object ncnn/src/CMakeFiles/ncnn.dir/mat_pixel_resize.cpp.o
[346/607] Building CXX object ncnn/src/CMakeFiles/ncnn.dir/mat_pixel_rotate.cpp.o
[347/607] Building CXX object ncnn/src/CMakeFiles/ncnn.dir/modelbin.cpp.o
[348/607] Building CXX object ncnn/src/CMakeFiles/ncnn.dir/net.cpp.o
[349/607] Building CXX object ncnn/src/CMakeFiles/ncnn.dir/option.cpp.o
[350/607] Building CXX object ncnn/src/CMakeFiles/ncnn.dir/paramdict.cpp.o
[351/607] Building CXX object ncnn/src/CMakeFiles/ncnn.dir/pipeline.cpp.o
[352/607] Building CXX object ncnn/src/CMakeFiles/ncnn.dir/pipelinecache.cpp.o
[353/607] Building CXX object ncnn/src/CMakeFiles/ncnn.dir/simpleocv.cpp.o
[354/607] Building CXX object ncnn/src/CMakeFiles/ncnn.dir/simpleomp.cpp.o
[355/607] Building CXX object ncnn/src/CMakeFiles/ncnn.dir/simplestl.cpp.o
[356/607] Building CXX object ncnn/src/CMakeFiles/ncnn.dir/simplemath.cpp.o
[357/607] Building CXX object ncnn/src/CMakeFiles/ncnn.dir/simplevk.cpp.o
[358/607] Building CXX object ncnn/src/CMakeFiles/ncnn.dir/layer/batchnorm.cpp.o
[359/607] Building CXX object ncnn/src/CMakeFiles/ncnn.dir/layer/x86/batchnorm_x86.cpp.o
[360/607] Building CXX object ncnn/src/CMakeFiles/ncnn.dir/layer/vulkan/batchnorm_vulkan.cpp.o
[361/607] Building CXX object ncnn/src/CMakeFiles/ncnn.dir/layer/x86/batchnorm_x86_avx512.cpp.o
[362/607] Building CXX object ncnn/src/CMakeFiles/ncnn.dir/layer/x86/batchnorm_x86_fma.cpp.o
[363/607] Building CXX object ncnn/src/CMakeFiles/ncnn.dir/layer/x86/batchnorm_x86_fma4.cpp.o
[364/607] Building CXX object ncnn/src/CMakeFiles/ncnn.dir/layer/x86/batchnorm_x86_avx.cpp.o
[365/607] Building CXX object ncnn/src/CMakeFiles/ncnn.dir/layer/x86/batchnorm_x86_avx512bf16.cpp.o
[366/607] Building CXX object ncnn/src/CMakeFiles/ncnn.dir/layer/x86/batchnorm_x86_avx2.cpp.o
[367/607] Building CXX object ncnn/src/CMakeFiles/ncnn.dir/layer/concat.cpp.o
[368/607] Building CXX object ncnn/src/CMakeFiles/ncnn.dir/layer/x86/concat_x86.cpp.o
[369/607] Building CXX object ncnn/src/CMakeFiles/ncnn.dir/layer/vulkan/concat_vulkan.cpp.o
[370/607] Building CXX object ncnn/src/CMakeFiles/ncnn.dir/layer/x86/concat_x86_avx512.cpp.o
[371/607] Building CXX object ncnn/src/CMakeFiles/ncnn.dir/layer/x86/concat_x86_avx.cpp.o
[372/607] Building CXX object ncnn/src/CMakeFiles/ncnn.dir/layer/convolution.cpp.o
[373/607] Building CXX object ncnn/src/CMakeFiles/ncnn.dir/layer/x86/convolution_x86.cpp.o
[374/607] Building CXX object ncnn/src/CMakeFiles/ncnn.dir/layer/vulkan/convolution_vulkan.cpp.o
[375/607] Building CXX object ncnn/src/CMakeFiles/ncnn.dir/layer/x86/convolution_x86_avx512.cpp.o
[376/607] Building CXX object ncnn/src/CMakeFiles/ncnn.dir/layer/x86/convolution_x86_fma.cpp.o
[377/607] Building CXX object ncnn/src/CMakeFiles/ncnn.dir/layer/x86/convolution_x86_fma4.cpp.o
[378/607] Building CXX object ncnn/src/CMakeFiles/ncnn.dir/layer/x86/convolution_x86_avx.cpp.o
[379/607] Building CXX object ncnn/src/CMakeFiles/ncnn.dir/layer/x86/convolution_x86_avx512vnni.cpp.o
[380/607] Building CXX object ncnn/src/CMakeFiles/ncnn.dir/layer/x86/convolution_x86_avx512bf16.cpp.o
[381/607] Building CXX object ncnn/src/CMakeFiles/ncnn.dir/layer/x86/convolution_x86_avxvnni.cpp.o
[382/607] Building CXX object ncnn/src/CMakeFiles/ncnn.dir/layer/x86/convolution_x86_avxvnniint8.cpp.o
[383/607] Building CXX object ncnn/src/CMakeFiles/ncnn.dir/layer/x86/convolution_x86_avx2.cpp.o
[384/607] Building CXX object ncnn/src/CMakeFiles/ncnn.dir/layer/x86/convolution_x86_xop.cpp.o
[385/607] Building CXX object ncnn/src/CMakeFiles/ncnn.dir/layer/crop.cpp.o
[386/607] Building CXX object ncnn/src/CMakeFiles/ncnn.dir/layer/x86/crop_x86.cpp.o
[387/607] Building CXX object ncnn/src/CMakeFiles/ncnn.dir/layer/vulkan/crop_vulkan.cpp.o
[388/607] Building CXX object ncnn/src/CMakeFiles/ncnn.dir/layer/x86/crop_x86_avx512.cpp.o
[389/607] Building CXX object ncnn/src/CMakeFiles/ncnn.dir/layer/x86/crop_x86_avx.cpp.o
[390/607] Building CXX object ncnn/src/CMakeFiles/ncnn.dir/layer/flatten.cpp.o
[391/607] Building CXX object ncnn/src/CMakeFiles/ncnn.dir/layer/x86/flatten_x86.cpp.o
[392/607] Building CXX object ncnn/src/CMakeFiles/ncnn.dir/layer/vulkan/flatten_vulkan.cpp.o
[393/607] Building CXX object ncnn/src/CMakeFiles/ncnn.dir/layer/x86/flatten_x86_avx512.cpp.o
[394/607] Building CXX object ncnn/src/CMakeFiles/ncnn.dir/layer/x86/flatten_x86_avx.cpp.o
[395/607] Building CXX object ncnn/src/CMakeFiles/ncnn.dir/layer/innerproduct.cpp.o
[396/607] Building CXX object ncnn/src/CMakeFiles/ncnn.dir/layer/x86/innerproduct_x86.cpp.o
[397/607] Building CXX object ncnn/src/CMakeFiles/ncnn.dir/layer/vulkan/innerproduct_vulkan.cpp.o
[398/607] Building pinned native Tokenizers bridge
   Compiling proc-macro2 v1.0.107
   Compiling quote v1.0.47
   Compiling unicode-ident v1.0.24
   Compiling version_check v0.9.5
   Compiling serde_core v1.0.229
   Compiling syn v2.0.119
   Compiling syn v3.0.5
   Compiling cfg-if v1.0.4
   Compiling libc v0.2.189
   Compiling crossbeam-utils v0.8.22
   Compiling ident_case v1.0.1
   Compiling memchr v2.8.3
   Compiling zerocopy v0.8.56
   Compiling serde v1.0.229
   Compiling getrandom v0.3.4
   Compiling crossbeam-epoch v0.9.20
   Compiling fnv v1.0.7
   Compiling strsim v0.11.1
   Compiling typenum v1.18.0
   Compiling darling_core v0.20.11
   Compiling serde_derive v1.0.229
   Compiling generic-array v0.14.7
   Compiling find-msvc-tools v0.1.12
   Compiling shlex v2.0.1
   Compiling crossbeam-deque v0.8.7
   Compiling cc v1.4.5
   Compiling darling_macro v0.20.11
   Compiling rustversion v1.0.23
   Compiling rayon-core v1.13.0
   Compiling pkg-config v0.3.34
   Compiling onig_sys v69.9.3
   Compiling darling v0.20.11
   Compiling either v1.18.0
   Compiling zmij v1.0.23
   Compiling derive_builder_core v0.20.2
   Compiling ppv-lite86 v0.2.21
   Compiling rand_core v0.9.5
   Compiling aho-corasick v1.1.5
   Compiling ahash v0.8.12
   Compiling serde_json v1.0.151
   Compiling itoa v1.0.18
   Compiling regex-syntax v0.8.11
   Compiling paste v1.0.15
   Compiling thiserror v2.0.20
   Compiling esaxx-rs v0.1.10
   Compiling once_cell v1.21.4
   Compiling minimal-lexical v0.2.1
   Compiling nom v7.1.3
   Compiling regex-automata v0.4.18
   Compiling rand_chacha v0.9.0
   Compiling castaway v0.2.4
   Compiling rayon v1.12.0
   Compiling derive_builder_macro v0.20.2
   Compiling itertools v0.14.0
   Compiling crypto-common v0.1.6
   Compiling block-buffer v0.10.4
   Compiling thiserror-impl v2.0.20
   Compiling monostate-impl v0.1.18
   Compiling static_assertions v1.1.0
   Compiling bitflags v2.13.1
   Compiling base64 v0.13.1
   Compiling pastey v0.2.3
   Compiling smallvec v1.16.0
   Compiling ryu v1.0.23
   Compiling unicode-segmentation v1.13.3
   Compiling macro_rules_attribute-proc_macro v0.2.3
   Compiling macro_rules_attribute v0.2.3
   Compiling spm_precompiled v0.1.4
   Compiling compact_str v0.9.1
   Compiling unicode-normalization-alignments v0.1.12
   Compiling onig v6.5.3
   Compiling monostate v0.1.18
   Compiling digest v0.10.7
   Compiling rayon-cond v0.4.0
   Compiling derive_builder v0.20.2
   Compiling regex v1.13.1
   Compiling rand v0.9.5
   Compiling dary_heap v0.3.9
   Compiling cpufeatures v0.2.17
   Compiling log v0.4.34
   Compiling unicode_categories v0.1.1
   Compiling sha2 v0.10.9
   Compiling tokenizers v0.22.2
   Compiling ernie-tokenizer-bridge v0.1.0 (/home/mingshi/Project/AI/ernie-image-ncnn-vulkan/.worktrees/surpass-reference/outputs/d1-install-source-v2/tokenizer)
    Finished `release` profile [optimized] target(s) in 1m 14s
[399/607] Building CXX object ncnn/src/CMakeFiles/ncnn.dir/layer/x86/innerproduct_x86_avx512.cpp.o
[400/607] Building CXX object ncnn/src/CMakeFiles/ncnn.dir/layer/x86/innerproduct_x86_fma.cpp.o
[401/607] Building CXX object ncnn/src/CMakeFiles/ncnn.dir/layer/x86/innerproduct_x86_fma4.cpp.o
[402/607] Building CXX object ncnn/src/CMakeFiles/ncnn.dir/layer/x86/innerproduct_x86_avx.cpp.o
[403/607] Building CXX object ncnn/src/CMakeFiles/ncnn.dir/layer/x86/innerproduct_x86_avx512bf16.cpp.o
[404/607] Building CXX object ncnn/src/CMakeFiles/ncnn.dir/layer/x86/innerproduct_x86_avx2.cpp.o
[405/607] Building CXX object ncnn/src/CMakeFiles/ncnn.dir/layer/x86/innerproduct_x86_f16c.cpp.o
[406/607] Building CXX object ncnn/src/CMakeFiles/ncnn.dir/layer/input.cpp.o
[407/607] Building CXX object ncnn/src/CMakeFiles/ncnn.dir/layer/memorydata.cpp.o
[408/607] Building CXX object ncnn/src/CMakeFiles/ncnn.dir/layer/vulkan/memorydata_vulkan.cpp.o
[409/607] Building CXX object ncnn/src/CMakeFiles/ncnn.dir/layer/vulkan/reduction_vulkan.cpp.o
[410/607] Building CXX object ncnn/src/CMakeFiles/ncnn.dir/layer/reshape.cpp.o
[411/607] Building CXX object ncnn/src/CMakeFiles/ncnn.dir/layer/reduction.cpp.o
[412/607] Building CXX object ncnn/src/CMakeFiles/ncnn.dir/layer/x86/reshape_x86.cpp.o
[413/607] Building CXX object ncnn/src/CMakeFiles/ncnn.dir/layer/vulkan/reshape_vulkan.cpp.o
[414/607] Building CXX object ncnn/src/CMakeFiles/ncnn.dir/layer/x86/reshape_x86_avx.cpp.o
[415/607] Building CXX object ncnn/src/CMakeFiles/ncnn.dir/layer/x86/reshape_x86_avx512.cpp.o
[416/607] Building CXX object ncnn/src/CMakeFiles/ncnn.dir/layer/slice.cpp.o
[417/607] Building CXX object ncnn/src/CMakeFiles/ncnn.dir/layer/x86/slice_x86.cpp.o
[418/607] Building CXX object ncnn/src/CMakeFiles/ncnn.dir/layer/vulkan/slice_vulkan.cpp.o
[419/607] Building CXX object ncnn/src/CMakeFiles/ncnn.dir/layer/x86/slice_x86_avx.cpp.o
[420/607] Building CXX object ncnn/src/CMakeFiles/ncnn.dir/layer/x86/slice_x86_avx512.cpp.o
[421/607] Building CXX object ncnn/src/CMakeFiles/ncnn.dir/layer/softmax.cpp.o
[422/607] Building CXX object ncnn/src/CMakeFiles/ncnn.dir/layer/vulkan/softmax_vulkan.cpp.o
[423/607] Building CXX object ncnn/src/CMakeFiles/ncnn.dir/layer/x86/softmax_x86.cpp.o
[424/607] Building CXX object ncnn/src/CMakeFiles/ncnn.dir/layer/x86/softmax_x86_fma.cpp.o
[425/607] Building CXX object ncnn/src/CMakeFiles/ncnn.dir/layer/x86/softmax_x86_avx512.cpp.o
[426/607] Building CXX object ncnn/src/CMakeFiles/ncnn.dir/layer/x86/softmax_x86_fma4.cpp.o
[427/607] Building CXX object ncnn/src/CMakeFiles/ncnn.dir/layer/x86/softmax_x86_avx.cpp.o
[428/607] Building CXX object ncnn/src/CMakeFiles/ncnn.dir/layer/x86/softmax_x86_avx512bf16.cpp.o
[429/607] Building CXX object ncnn/src/CMakeFiles/ncnn.dir/layer/x86/softmax_x86_avx2.cpp.o
[430/607] Building CXX object ncnn/src/CMakeFiles/ncnn.dir/layer/split.cpp.o
[431/607] Building CXX object ncnn/src/CMakeFiles/ncnn.dir/layer/vulkan/split_vulkan.cpp.o
[432/607] Building CXX object ncnn/src/CMakeFiles/ncnn.dir/layer/binaryop.cpp.o
[433/607] Building CXX object ncnn/src/CMakeFiles/ncnn.dir/layer/vulkan/binaryop_vulkan.cpp.o
[434/607] Building CXX object ncnn/src/CMakeFiles/ncnn.dir/layer/x86/binaryop_x86.cpp.o
[435/607] Building CXX object ncnn/src/CMakeFiles/ncnn.dir/layer/x86/binaryop_x86_fma.cpp.o
[436/607] Building CXX object ncnn/src/CMakeFiles/ncnn.dir/layer/x86/binaryop_x86_avx512.cpp.o
[437/607] Building CXX object ncnn/src/CMakeFiles/ncnn.dir/layer/x86/binaryop_x86_avx.cpp.o
[438/607] Building CXX object ncnn/src/CMakeFiles/ncnn.dir/layer/x86/binaryop_x86_fma4.cpp.o
[439/607] Building CXX object ncnn/src/CMakeFiles/ncnn.dir/layer/x86/binaryop_x86_avx2.cpp.o
[440/607] Building CXX object ncnn/src/CMakeFiles/ncnn.dir/layer/unaryop.cpp.o
[441/607] Building CXX object ncnn/src/CMakeFiles/ncnn.dir/layer/x86/binaryop_x86_avx512bf16.cpp.o
[442/607] Building CXX object ncnn/src/CMakeFiles/ncnn.dir/layer/vulkan/unaryop_vulkan.cpp.o
[443/607] Building CXX object ncnn/src/CMakeFiles/ncnn.dir/layer/x86/unaryop_x86.cpp.o
[444/607] Building CXX object ncnn/src/CMakeFiles/ncnn.dir/layer/x86/unaryop_x86_avx512.cpp.o
[445/607] Building CXX object ncnn/src/CMakeFiles/ncnn.dir/layer/x86/unaryop_x86_fma.cpp.o
[446/607] Building CXX object ncnn/src/CMakeFiles/ncnn.dir/layer/x86/unaryop_x86_fma4.cpp.o
[447/607] Building CXX object ncnn/src/CMakeFiles/ncnn.dir/layer/x86/unaryop_x86_avx.cpp.o
[448/607] Building CXX object ncnn/src/CMakeFiles/ncnn.dir/layer/x86/unaryop_x86_avx512bf16.cpp.o
[449/607] Building CXX object ncnn/src/CMakeFiles/ncnn.dir/layer/padding.cpp.o
[450/607] Building CXX object ncnn/src/CMakeFiles/ncnn.dir/layer/x86/unaryop_x86_avx2.cpp.o
[451/607] Building CXX object ncnn/src/CMakeFiles/ncnn.dir/layer/vulkan/padding_vulkan.cpp.o
[452/607] Building CXX object ncnn/src/CMakeFiles/ncnn.dir/layer/x86/padding_x86.cpp.o
[453/607] Building CXX object ncnn/src/CMakeFiles/ncnn.dir/layer/x86/padding_x86_avx512.cpp.o
[454/607] Building CXX object ncnn/src/CMakeFiles/ncnn.dir/layer/x86/padding_x86_avx.cpp.o
[455/607] Building CXX object ncnn/src/CMakeFiles/ncnn.dir/layer/squeeze.cpp.o
[456/607] Building CXX object ncnn/src/CMakeFiles/ncnn.dir/layer/expanddims.cpp.o
[457/607] Building CXX object ncnn/src/CMakeFiles/ncnn.dir/layer/vulkan/permute_vulkan.cpp.o
[458/607] Building CXX object ncnn/src/CMakeFiles/ncnn.dir/layer/permute.cpp.o
[459/607] Building CXX object ncnn/src/CMakeFiles/ncnn.dir/layer/interp.cpp.o
[460/607] Building CXX object ncnn/src/CMakeFiles/ncnn.dir/layer/vulkan/interp_vulkan.cpp.o
[461/607] Building CXX object ncnn/src/CMakeFiles/ncnn.dir/layer/x86/interp_x86.cpp.o
[462/607] Building CXX object ncnn/src/CMakeFiles/ncnn.dir/layer/x86/interp_x86_fma.cpp.o
[463/607] Building CXX object ncnn/src/CMakeFiles/ncnn.dir/layer/x86/interp_x86_avx512.cpp.o
[464/607] Building CXX object ncnn/src/CMakeFiles/ncnn.dir/layer/x86/interp_x86_fma4.cpp.o
[465/607] Building CXX object ncnn/src/CMakeFiles/ncnn.dir/layer/x86/interp_x86_avx.cpp.o
[466/607] Building CXX object ncnn/src/CMakeFiles/ncnn.dir/layer/x86/interp_x86_avx512bf16.cpp.o
[467/607] Building CXX object ncnn/src/CMakeFiles/ncnn.dir/layer/reorg.cpp.o
[468/607] Building CXX object ncnn/src/CMakeFiles/ncnn.dir/layer/x86/interp_x86_avx2.cpp.o
[469/607] Building CXX object ncnn/src/CMakeFiles/ncnn.dir/layer/vulkan/reorg_vulkan.cpp.o
[470/607] Building CXX object ncnn/src/CMakeFiles/ncnn.dir/layer/packing.cpp.o
[471/607] Building CXX object ncnn/src/CMakeFiles/ncnn.dir/layer/vulkan/packing_vulkan.cpp.o
[472/607] Building CXX object ncnn/src/CMakeFiles/ncnn.dir/layer/x86/packing_x86.cpp.o
[473/607] Building CXX object ncnn/src/CMakeFiles/ncnn.dir/layer/x86/packing_x86_avx512.cpp.o
[474/607] Building CXX object ncnn/src/CMakeFiles/ncnn.dir/layer/x86/packing_x86_avx.cpp.o
[475/607] Building CXX object ncnn/src/CMakeFiles/ncnn.dir/layer/cast.cpp.o
[476/607] Building CXX object ncnn/src/CMakeFiles/ncnn.dir/layer/x86/cast_x86.cpp.o
[477/607] Building CXX object ncnn/src/CMakeFiles/ncnn.dir/layer/vulkan/cast_vulkan.cpp.o
[478/607] Building CXX object ncnn/src/CMakeFiles/ncnn.dir/layer/x86/cast_x86_avx512.cpp.o
[479/607] Building CXX object ncnn/src/CMakeFiles/ncnn.dir/layer/x86/cast_x86_avx.cpp.o
[480/607] Building CXX object ncnn/src/CMakeFiles/ncnn.dir/layer/x86/cast_x86_avx512bf16.cpp.o
[481/607] Building CXX object ncnn/src/CMakeFiles/ncnn.dir/layer/x86/cast_x86_avx2.cpp.o
[482/607] Building CXX object ncnn/src/CMakeFiles/ncnn.dir/layer/swish.cpp.o
[483/607] Building CXX object ncnn/src/CMakeFiles/ncnn.dir/layer/x86/cast_x86_f16c.cpp.o
[484/607] Building CXX object ncnn/src/CMakeFiles/ncnn.dir/layer/x86/swish_x86.cpp.o
[485/607] Building CXX object ncnn/src/CMakeFiles/ncnn.dir/layer/vulkan/swish_vulkan.cpp.o
[486/607] Building CXX object ncnn/src/CMakeFiles/ncnn.dir/layer/x86/swish_x86_fma.cpp.o
[487/607] Building CXX object ncnn/src/CMakeFiles/ncnn.dir/layer/x86/swish_x86_avx512.cpp.o
[488/607] Building CXX object ncnn/src/CMakeFiles/ncnn.dir/layer/x86/swish_x86_avx.cpp.o
[489/607] Building CXX object ncnn/src/CMakeFiles/ncnn.dir/layer/x86/swish_x86_fma4.cpp.o
[490/607] Building CXX object ncnn/src/CMakeFiles/ncnn.dir/layer/x86/swish_x86_avx2.cpp.o
[491/607] Building CXX object ncnn/src/CMakeFiles/ncnn.dir/layer/x86/swish_x86_avx512bf16.cpp.o
[492/607] Building CXX object ncnn/src/CMakeFiles/ncnn.dir/layer/gemm.cpp.o
[493/607] Building CXX object ncnn/src/CMakeFiles/ncnn.dir/layer/vulkan/gemm_vulkan.cpp.o
[494/607] Building CXX object ncnn/src/CMakeFiles/ncnn.dir/layer/x86/gemm_x86.cpp.o
[495/607] Building CXX object ncnn/src/CMakeFiles/ncnn.dir/layer/x86/gemm_x86_fma.cpp.o
[496/607] Building CXX object ncnn/src/CMakeFiles/ncnn.dir/layer/x86/gemm_x86_fma4.cpp.o
[497/607] Building CXX object ncnn/src/CMakeFiles/ncnn.dir/layer/x86/gemm_x86_avx512.cpp.o
[498/607] Building CXX object ncnn/src/CMakeFiles/ncnn.dir/layer/x86/gemm_x86_avx512vnni.cpp.o
[499/607] Building CXX object ncnn/src/CMakeFiles/ncnn.dir/layer/x86/gemm_x86_avx.cpp.o
[500/607] Building CXX object ncnn/src/CMakeFiles/ncnn.dir/layer/x86/gemm_x86_avx512vnni_avx512bf16.cpp.o
[501/607] Building CXX object ncnn/src/CMakeFiles/ncnn.dir/layer/x86/gemm_x86_avx512bf16.cpp.o
[502/607] Building CXX object ncnn/src/CMakeFiles/ncnn.dir/layer/x86/gemm_x86_avxvnni.cpp.o
[503/607] Building CXX object ncnn/src/CMakeFiles/ncnn.dir/layer/x86/gemm_x86_avxvnniint8.cpp.o
[504/607] Building CXX object ncnn/src/CMakeFiles/ncnn.dir/layer/x86/gemm_x86_avx2.cpp.o
[505/607] Building CXX object ncnn/src/CMakeFiles/ncnn.dir/layer/x86/gemm_x86_xop.cpp.o
[506/607] Building CXX object ncnn/src/CMakeFiles/ncnn.dir/layer/groupnorm.cpp.o
[507/607] Building CXX object ncnn/src/CMakeFiles/ncnn.dir/layer/x86/groupnorm_x86.cpp.o
[508/607] Building CXX object ncnn/src/CMakeFiles/ncnn.dir/layer/vulkan/groupnorm_vulkan.cpp.o
[509/607] Building CXX object ncnn/src/CMakeFiles/ncnn.dir/layer/x86/groupnorm_x86_avx512.cpp.o
[510/607] Building CXX object ncnn/src/CMakeFiles/ncnn.dir/layer/x86/groupnorm_x86_fma.cpp.o
[511/607] Building CXX object ncnn/src/CMakeFiles/ncnn.dir/layer/x86/groupnorm_x86_fma4.cpp.o
[512/607] Building CXX object ncnn/src/CMakeFiles/ncnn.dir/layer/x86/groupnorm_x86_avx.cpp.o
[513/607] Building CXX object ncnn/src/CMakeFiles/ncnn.dir/layer/x86/groupnorm_x86_avx512bf16.cpp.o
[514/607] Building CXX object ncnn/src/CMakeFiles/ncnn.dir/layer/x86/groupnorm_x86_avx2.cpp.o
[515/607] Building CXX object ncnn/src/CMakeFiles/ncnn.dir/layer/layernorm.cpp.o
[516/607] Building CXX object ncnn/src/CMakeFiles/ncnn.dir/layer/vulkan/layernorm_vulkan.cpp.o
[517/607] Building CXX object ncnn/src/CMakeFiles/ncnn.dir/layer/x86/layernorm_x86.cpp.o
[518/607] Building CXX object ncnn/src/CMakeFiles/ncnn.dir/layer/x86/layernorm_x86_fma.cpp.o
[519/607] Building CXX object ncnn/src/CMakeFiles/ncnn.dir/layer/x86/layernorm_x86_avx512.cpp.o
[520/607] Building CXX object ncnn/src/CMakeFiles/ncnn.dir/layer/x86/layernorm_x86_fma4.cpp.o
[521/607] Building CXX object ncnn/src/CMakeFiles/ncnn.dir/layer/x86/layernorm_x86_avx.cpp.o
[522/607] Building CXX object ncnn/src/CMakeFiles/ncnn.dir/layer/x86/layernorm_x86_avx512bf16.cpp.o
[523/607] Building CXX object ncnn/src/CMakeFiles/ncnn.dir/layer/x86/layernorm_x86_avx2.cpp.o
[524/607] Building CXX object ncnn/src/CMakeFiles/ncnn.dir/layer/multiheadattention.cpp.o
[525/607] Building CXX object ncnn/src/CMakeFiles/ncnn.dir/layer/x86/multiheadattention_x86.cpp.o
[526/607] Building CXX object ncnn/src/CMakeFiles/ncnn.dir/layer/vulkan/multiheadattention_vulkan.cpp.o
[527/607] Building CXX object ncnn/src/CMakeFiles/ncnn.dir/layer/x86/multiheadattention_x86_avx512.cpp.o
[528/607] Building CXX object ncnn/src/CMakeFiles/ncnn.dir/layer/gelu.cpp.o
[529/607] Building CXX object ncnn/src/CMakeFiles/ncnn.dir/layer/x86/multiheadattention_x86_avx.cpp.o
[530/607] Building CXX object ncnn/src/CMakeFiles/ncnn.dir/layer/x86/gelu_x86.cpp.o
[531/607] Building CXX object ncnn/src/CMakeFiles/ncnn.dir/layer/vulkan/gelu_vulkan.cpp.o
[532/607] Building CXX object ncnn/src/CMakeFiles/ncnn.dir/layer/x86/gelu_x86_avx512.cpp.o
[533/607] Building CXX object ncnn/src/CMakeFiles/ncnn.dir/layer/x86/gelu_x86_fma.cpp.o
[534/607] Building CXX object ncnn/src/CMakeFiles/ncnn.dir/layer/x86/gelu_x86_fma4.cpp.o
[535/607] Building CXX object ncnn/src/CMakeFiles/ncnn.dir/layer/x86/gelu_x86_avx.cpp.o
[536/607] Building CXX object ncnn/src/CMakeFiles/ncnn.dir/layer/x86/gelu_x86_avx512bf16.cpp.o
[537/607] Building CXX object ncnn/src/CMakeFiles/ncnn.dir/layer/x86/gelu_x86_avx2.cpp.o
[538/607] Building CXX object ncnn/src/CMakeFiles/ncnn.dir/layer/rmsnorm.cpp.o
[539/607] Building CXX object ncnn/src/CMakeFiles/ncnn.dir/layer/x86/rmsnorm_x86.cpp.o
[540/607] Building CXX object ncnn/src/CMakeFiles/ncnn.dir/layer/vulkan/rmsnorm_vulkan.cpp.o
[541/607] Building CXX object ncnn/src/CMakeFiles/ncnn.dir/layer/x86/rmsnorm_x86_avx512.cpp.o
[542/607] Building CXX object ncnn/src/CMakeFiles/ncnn.dir/layer/x86/rmsnorm_x86_fma.cpp.o
[543/607] Building CXX object ncnn/src/CMakeFiles/ncnn.dir/layer/x86/rmsnorm_x86_fma4.cpp.o
[544/607] Building CXX object ncnn/src/CMakeFiles/ncnn.dir/layer/x86/rmsnorm_x86_avx.cpp.o
[545/607] Building CXX object ncnn/src/CMakeFiles/ncnn.dir/layer/x86/rmsnorm_x86_avx512bf16.cpp.o
[546/607] Building CXX object ncnn/src/CMakeFiles/ncnn.dir/layer/x86/rmsnorm_x86_avx2.cpp.o
[547/607] Building CXX object ncnn/src/CMakeFiles/ncnn.dir/layer/sdpa.cpp.o
[548/607] Building CXX object ncnn/src/CMakeFiles/ncnn.dir/layer/vulkan/sdpa_vulkan.cpp.o
[549/607] Building CXX object ncnn/src/CMakeFiles/ncnn.dir/layer/x86/sdpa_x86.cpp.o
[550/607] Building CXX object ncnn/src/CMakeFiles/ncnn.dir/layer/x86/sdpa_x86_fma.cpp.o
[551/607] Building CXX object ncnn/src/CMakeFiles/ncnn.dir/layer/x86/sdpa_x86_avx512.cpp.o
[552/607] Building CXX object ncnn/src/CMakeFiles/ncnn.dir/layer/x86/sdpa_x86_fma4.cpp.o
[553/607] Building CXX object ncnn/src/CMakeFiles/ncnn.dir/layer/x86/sdpa_x86_avx.cpp.o
[554/607] Building CXX object ncnn/src/CMakeFiles/ncnn.dir/layer/x86/sdpa_x86_avx2.cpp.o
[555/607] Building CXX object ncnn/src/CMakeFiles/ncnn.dir/layer/x86/sdpa_x86_avx512bf16.cpp.o
[556/607] Linking CXX static library ncnn/src/libncnn.a
[557/607] Building CXX object tokenizer/CMakeFiles/ernie-tokenizer.dir/__/src/tokenizer.cpp.o
[558/607] Linking CXX static library tokenizer/libernie-tokenizer.a
[559/607] Building CXX object src/CMakeFiles/ernie-runtime.dir/ernie_gelu.cpp.o
[560/607] Building CXX object src/CMakeFiles/ernie-runtime.dir/ernie_rmsnorm.cpp.o
[561/607] Building CXX object src/CMakeFiles/ernie-runtime.dir/ernie_residual.cpp.o
[562/607] Building CXX object src/CMakeFiles/ernie-runtime.dir/ernie_groupnorm.cpp.o
[563/607] Building CXX object src/CMakeFiles/ernie-runtime.dir/ernie_attention.cpp.o
[564/607] Building CXX object src/CMakeFiles/ernie-runtime.dir/latent_ops.cpp.o
[565/607] Building CXX object src/CMakeFiles/ernie-runtime.dir/img2img.cpp.o
[566/607] Building CXX object src/CMakeFiles/ernie-runtime.dir/image_encoder.cpp.o
[567/607] Building CXX object src/CMakeFiles/ernie-runtime.dir/component_files.cpp.o
[568/607] Building CXX object src/CMakeFiles/ernie-runtime.dir/block_sequence.cpp.o
[569/607] Building CXX object src/CMakeFiles/ernie-runtime.dir/dit.cpp.o
[570/607] Building CXX object src/CMakeFiles/ernie-runtime.dir/denoiser.cpp.o
[571/607] Building CXX object src/CMakeFiles/ernie-runtime.dir/text_encoder.cpp.o
[572/607] Building CXX object src/CMakeFiles/ernie-runtime.dir/ernie_text_down.cpp.o
[573/607] Building CXX object src/CMakeFiles/ernie-runtime.dir/conditioning.cpp.o
[574/607] Building CXX object src/CMakeFiles/ernie-runtime.dir/pe_session.cpp.o
[575/607] Building CXX object src/CMakeFiles/ernie-shape-graph.dir/model_config.cpp.o
[576/607] Linking CXX static library src/libernie-runtime.a
[577/607] Building CXX object src/CMakeFiles/ernie-shape-graph.dir/shape_graph.cpp.o
[578/607] Linking CXX static library src/libernie-shape-graph.a
[579/607] Building CXX object src/CMakeFiles/ernie-model-package.dir/model_package.cpp.o
[580/607] Building CXX object src/CMakeFiles/ernie-pe.dir/prompt_enhancer.cpp.o
[581/607] Linking CXX static library src/libernie-pe.a
[582/607] Building CXX object src/CMakeFiles/ernie-pipeline.dir/model_config.cpp.o
[583/607] Building CXX object src/CMakeFiles/ernie-pipeline.dir/pipeline.cpp.o
[584/607] Building CXX object src/CMakeFiles/ernie-pipeline.dir/runtime_info.cpp.o
[585/607] Building CXX object src/CMakeFiles/ernie-pipeline.dir/gpu_context.cpp.o
[586/607] Building CXX object src/CMakeFiles/ernie-pipeline.dir/tensor_io.cpp.o
[587/607] Linking CXX static library src/libernie-model-package.a
[588/607] Building CXX object ncnn/glslang/glslang/CMakeFiles/GenericCodeGen.dir/stub.cpp.o
[589/607] Building CXX object ncnn/glslang/glslang/CMakeFiles/MachineIndependent.dir/stub.cpp.o
[590/607] Building CXX object src/CMakeFiles/ernie-pipeline.dir/vae.cpp.o
[591/607] Building CXX object ncnn/glslang/glslang/CMakeFiles/glslang-default-resource-limits.dir/ResourceLimits/ResourceLimits.cpp.o
[592/607] Building CXX object ncnn/glslang/glslang/OSDependent/Unix/CMakeFiles/OSDependent.dir/home/mingshi/Project/AI/ernie-image-ncnn-vulkan/third_party/ncnn/glslang/glslang/stub.cpp.o
[593/607] Linking CXX static library src/libernie-pipeline.a
[594/607] Building CXX object ncnn/glslang/glslang/CMakeFiles/glslang-default-resource-limits.dir/ResourceLimits/resource_limits_c.cpp.o
[595/607] Building CXX object src/CMakeFiles/ernie-shape-plan.dir/shape_plan.cpp.o
[596/607] Building CXX object src/CMakeFiles/ernie-execution-metrics.dir/execution_metrics.cpp.o
[597/607] Building CXX object cli/CMakeFiles/ernie-image.dir/main.cpp.o
[598/607] Building CXX object cli/CMakeFiles/ernie-image.dir/prompt_file.cpp.o
[599/607] Building CXX object cli/CMakeFiles/ernie-image.dir/options.cpp.o
[600/607] Linking CXX static library ncnn/glslang/glslang/libGenericCodeGen.a
[601/607] Linking CXX static library ncnn/glslang/glslang/libMachineIndependent.a
[602/607] Linking CXX static library ncnn/glslang/glslang/libglslang-default-resource-limits.a
[603/607] Linking CXX static library ncnn/glslang/glslang/OSDependent/Unix/libOSDependent.a
[604/607] Linking CXX static library src/libernie-shape-plan.a
[605/607] Linking CXX static library src/libernie-execution-metrics.a
[606/607] Building CXX object cli/CMakeFiles/ernie-image.dir/image_io.cpp.o
[607/607] Linking CXX executable ernie-image
	Command being timed: "taskset -c 12,14 cmake --build build-install-vulkan-v2 --parallel 2"
	User time (seconds): 281.12
	System time (seconds): 20.80
	Percent of CPU this job got: 197%
	Elapsed (wall clock) time (h:mm:ss or m:ss): 2:32.61
	Average shared text size (kbytes): 0
	Average unshared data size (kbytes): 0
	Average stack size (kbytes): 0
	Average total size (kbytes): 0
	Maximum resident set size (kbytes): 690964
	Average resident set size (kbytes): 0
	Major (requiring I/O) page faults: 34
	Minor (reclaiming a frame) page faults: 7664357
	Voluntary context switches: 9594
	Involuntary context switches: 21874
	Swaps: 0
	File system inputs: 15728
	File system outputs: 1052744
	Socket messages sent: 0
	Socket messages received: 0
	Signals delivered: 0
	Page size (bytes): 4096
	Exit status: 0
