overwrite built-in layer type RMSNorm
overwrite built-in layer type RMSNorm
overwrite built-in layer type RMSNorm
overwrite built-in layer type RMSNorm
overwrite built-in layer type RMSNorm
overwrite built-in layer type RMSNorm
overwrite built-in layer type RMSNorm
overwrite built-in layer type RMSNorm
overwrite built-in layer type RMSNorm
overwrite built-in layer type RMSNorm
overwrite built-in layer type RMSNorm
overwrite built-in layer type RMSNorm
overwrite built-in layer type RMSNorm
overwrite built-in layer type RMSNorm
overwrite built-in layer type RMSNorm
overwrite built-in layer type RMSNorm
overwrite built-in layer type RMSNorm
overwrite built-in layer type RMSNorm
{"width":128,"rows":1,"packing":false,"max_abs":8.23477271261e-07,"max_abs_limit":3.13136656504e-06,"nrmse":1.45572208639e-07,"nrmse_limit":2e-7,"passed":true}
{"width":128,"rows":1,"packing":true,"max_abs":8.23477271261e-07,"max_abs_limit":3.13136656504e-06,"nrmse":1.45572208639e-07,"nrmse_limit":2e-7,"passed":true}
{"width":128,"rows":9,"packing":false,"max_abs":2.0208570426e-06,"max_abs_limit":4.12131230945e-06,"nrmse":1.49365160121e-07,"nrmse_limit":2e-7,"passed":true}
{"width":128,"rows":9,"packing":true,"max_abs":2.0208570426e-06,"max_abs_limit":4.12131230945e-06,"nrmse":1.49365160121e-07,"nrmse_limit":2e-7,"passed":true}
{"width":128,"rows":64,"packing":false,"max_abs":2.0208570426e-06,"max_abs_limit":4.12131230945e-06,"nrmse":1.18938567787e-07,"nrmse_limit":2e-7,"passed":true}
{"width":128,"rows":64,"packing":true,"max_abs":3.73068067496e-05,"max_abs_limit":4.12131230945e-06,"nrmse":2.83838768469e-06,"nrmse_limit":2e-7,"passed":false}
{"width":3072,"rows":1,"packing":false,"max_abs":0.000158671955312,"max_abs_limit":7.5420550576e-06,"nrmse":5.72610280976e-06,"nrmse_limit":2e-7,"passed":false}
{"width":3072,"rows":1,"packing":true,"max_abs":0.000158671955312,"max_abs_limit":7.5420550576e-06,"nrmse":5.72610280976e-06,"nrmse_limit":2e-7,"passed":false}
{"width":3072,"rows":9,"packing":false,"max_abs":0.000295602567576,"max_abs_limit":1.2391353233e-05,"nrmse":5.72002035622e-06,"nrmse_limit":2e-7,"passed":false}
{"width":3072,"rows":9,"packing":true,"max_abs":0.000295602567576,"max_abs_limit":1.2391353233e-05,"nrmse":5.72002035622e-06,"nrmse_limit":2e-7,"passed":false}
{"width":3072,"rows":64,"packing":false,"max_abs":0.000295602567576,"max_abs_limit":1.2391353233e-05,"nrmse":5.65446205563e-06,"nrmse_limit":2e-7,"passed":false}
{"width":3072,"rows":64,"packing":true,"max_abs":0.00473972488203,"max_abs_limit":1.2391353233e-05,"nrmse":9.05049332049e-05,"nrmse_limit":2e-7,"passed":false}
{"width":4096,"rows":1,"packing":false,"max_abs":0.000244971274149,"max_abs_limit":8.39921858387e-06,"nrmse":7.65628712127e-06,"nrmse_limit":2e-7,"passed":false}
{"width":4096,"rows":1,"packing":true,"max_abs":0.000244971274149,"max_abs_limit":8.39921858387e-06,"nrmse":7.65628712127e-06,"nrmse_limit":2e-7,"passed":false}
{"width":4096,"rows":9,"packing":false,"max_abs":0.000459321139033,"max_abs_limit":1.39985348448e-05,"nrmse":7.65628712127e-06,"nrmse_limit":2e-7,"passed":false}
{"width":4096,"rows":9,"packing":true,"max_abs":0.000459321139033,"max_abs_limit":1.39985348448e-05,"nrmse":7.65628712127e-06,"nrmse_limit":2e-7,"passed":false}
{"width":4096,"rows":64,"packing":false,"max_abs":0.000459321139033,"max_abs_limit":1.39985348448e-05,"nrmse":7.59327085377e-06,"nrmse_limit":2e-7,"passed":false}
{"width":4096,"rows":64,"packing":true,"max_abs":0.0073105174281,"max_abs_limit":1.39985348448e-05,"nrmse":0.000121126872082,"nrmse_limit":2e-7,"passed":false}
