1401
1410
1416
1434
1454
1453
1469
1474
1474
1474
1506
1506
1538
1600
1604
1604
1604
1604
1610
1610
1612
1612
1614
1598
1598
1600
1600
1605
1605
1607
1607
1625
1625
1624
1624
1624
1624
1624
1624
1656
1656
1640
1640
1639
1735
1735
1735
1829
1829
1829
1829
1830
1944
1944
1524
1556
1588
1618
1650
1650
1650
1746
1746
1746
1847
1847
1847
1542
1574
1606
1606
1638
1670
1658
1658
1755
1755
1755
1851
1851
1851
1943
1526
1558
1590
1622
1654
1654
1654
1751
1751
1751
1847
1847
1847
1943
1526
1556
1588
1620
1652
1652
1652
1748
1748
1748
1782
1876
1876
1876
1972
1972
1555
1592
1624
1624
1656
1688
1688
1784
1784
1784
1880
1880
1864
1864
1542
1575
1607
1607
1639
1671
1671
1767
1767
1767
1767
1863
1863
1863
1959
1542
1575
1607
1639
1671
1671
1666
1762
1762
1762
1858
1875
1875
1875
1971
1555
1587
1619
1651
1675
1675
1659
1760
1760
1760
1856
1856
1856
1856
1952
1535
1567
1599
1631
1663
1663
1663
1759
1759
1776
1872
1872
1872
1872
1968
1551
1584
1616
1648
1664
1664
1680
1776
1773
1773
1869
1869
1869
1965
1965
1549
1565
1565
1595
1627
1659
1659
1755
1755
1754
1850
1850
1855
1951
1535
1567
1599
1631
1663
1663
1663
1759
1759
1759
1855
1855
1855
1951
1535
1583
1615
1647
1679
1679
1679
1775
1775
1775
1871
1872
1872
1968
1552
1549
1581
1613
1645
1677
1677
1661
1757
1757
1757
1851
1851
1851
1947
1543
1575
1575
1607
1639
1675
1675
1675
1771
1771
1755
1851
1851
1851
1947
1947
1963
1547
1579
1579
1611
1643
1675
1675
1675
1771
1755
1755
1851
1851
1851
1523
1531
1563
1595
1622
1652
1652
1652
1748
1748
1748
1844
1844
1844
1940
1522
1554
1554
1586
1618
1650
1650
1650
1746
1751
1751
1847
1847
1847
1943
1943
1526
1558
1590
1618
1650
1650
1650
1747
1747
1747
1843
1843
1843
1843
1939
1522
1554
1586
1618
1650
1650
1650
1747
1747
1742
1742
1838
1838
1838
1934
1518
1550
1582
1614
1614
1646
1646
1742
1742
1742
1742
1838
1838
1843
1939
1939
1522
1555
1555
1587
1619
1651
1651
1747
1747
1747
1843
1843
1843
1939
1522
1554
1607
1639
1671
1671
1768
1768
1768
1864
1864
1864
1944
1527
1559
1591
1623
1655
1655
1655
1752
1752
1844
1844
1865
1961
1825
1577
1609
1641
1673
1673
1671
1772
1756
1756
1852
1852
1852
1948
1531
1563
1595
1627
1659
1659
1755
1755
1755
1851
1851
1851
1947
1715
1563
1595
1643
1675
1675
1675
1771
1771
1771
1865
1865
1865
1961
1961
1545
1577
1609
1641
1673
1671
1671
1751
1746
1746
1842
1842
1842
1938
1938
1527
1559
1591
1623
1655
1655
1655
1751
1751
1751
1847
1847
1943
1527
1559
1591
1623
1655
1655
1751
1751
1751
1847
1847
1847
1943
1527
1559
1591
1623
1652
1652
1744
1744
1744
1840
1840
1840
1936
1520
1550
1607
1639
1671
1671
1767
1767
1767
1863
1863
1868
1964
1548
1580
1612
1644
1676
1660
1660
1756
1756
1755
1851
1851
1851
1947
1531
1563
1595
1627
1659
1659
1659
1755
1755
1851
1851
1851
1947
1947
1526
1558
1590
1622
1654
1654
1654
1750
1750
1846
1846
1863
1959
1410
