1301
1310
1309
1315
1336
1347
1365
1381
1389
1390
1438
1438
1562
1562
1562
1562
1946
1392
1404
1404
1468
1532
1597
1597
1597
1661
1661
1853
1854
2046
2046
2238
1444
1452
1452
1516
1512
1640
1640
1640
1640
1704
1703
1893
2085
2085
2085
2277
1437
1448
1512
1511
1573
1637
1637
1637
1637
1701
1701
1893
1893
2085
2083
2275
1434
1442
1506
1506
1575
1639
1639
1639
1691
1691
1884
1884
2076
2075
2076
2268
1435
1435
1499
1499
1563
1627
1621
1621
1621
1685
1685
1878
1877
2069
2069
2261
1421
1429
1429
1486
1492
1620
1617
1617
1617
1681
1681
1873
1874
2066
2066
2258
2256
1423
1423
1487
1487
1551
1620
1620
1620
1620
1684
1684
1876
1876
2068
2068
2068
2260
1420
1428
1428
1492
1492
1620
1620
1620
1620
1684
1684
1876
1876
2068
2068
2068
2260
1419
1428
1428
1492
1492
1553
1617
1617
1617
1681
1681
1874
1874
1899
2091
2089
2281
1440
1448
1448
1513
1517
1581
1646
1646
1646
1710
1710
1715
1913
1913
2105
2105
2105
2297
2225
1465
1465
1529
1529
1577
1641
1641
1639
1703
1703
1703
1895
1895
2087
2087
2087
2279
1439
1445
1442
1506
1506
1634
1634
1634
1634
1698
1698
1890
1888
2080
2080
2080
2272
1436
1444
1444
1508
1572
1636
1636
1636
1631
1695
1682
1874
1874
2066
2066
2258
2258
1425
1425
1489
1489
1553
1617
1617
1617
1681
1681
1681
1874
1874
2066
2066
2258
1417
1425
1422
1487
1487
1551
1615
1615
1615
1679
1679
1871
1869
1869
2061
2061
2253
2257
1436
1436
1500
1500
1564
1628
1628
1628
1692
1692
1692
1884
1884
2076
2075
2267
2267
1435
1435
1499
1499
1563
1627
1627
1625
1625
1689
1689
1882
1882
2074
2074
2074
2266
1430
1430
1494
1494
1559
1623
1623
1623
1687
1687
1685
1877
1877
2069
2069
2266
2258
1417
1425
1425
1489
1489
1617
1617
1617
1617
1681
1681
1874
1874
2065
2065
2065
2257
1425
1425
1489
1489
1553
1617
1617
1617
1681
1681
1681
1873
1874
2066
2066
2258
2255
1414
1422
1423
1487
1487
1551
1615
1615
1615
1677
1677
1869
1869
2061
2066
2066
2258
1425
1425
1489
1489
1553
1617
1617
1617
1681
1681
1873
1873
2065
2065
2065
2257
1417
1425
1425
1489
1489
1617
1617
1617
1617
1681
1681
1873
1874
2066
2066
2258
2255
1423
1423
1487
1487
1551
1615
1615
1615
1679
1676
1869
1869
2061
2061
2257
1417
1425
1425
1489
1553
1617
1617
1617
1681
1681
1874
1874
2066
2066
2258
1417
1425
1425
1489
1489
1643
1643
1643
1643
1707
1707
1899
2091
2091
2091
2266
1434
1434
1498
1495
1623
1623
1623
1623
1687
1879
1879
2071
2071
2261
1420
1428
1492
1492
1561
1625
1625
1625
1689
1689
1882
1882
2074
2074
2266
1433
1433
1497
1497
1561
1625
1625
1625
1689
1689
1874
1874
2066
2066
2257
1417
1425
1489
1489
1553
1617
1617
1617
1681
1678
1871
1871
2063
2063
2255
1415
1423
1487
1487
1613
1613
1613
1613
1677
1874
1874
2076
2076
2278
2014
1446
1510
1510
1574
1638
1638
1638
1702
1702
1893
1893
2085
2085
2277
1444
1444
1509
1573
1637
1634
1634
1698
1682
1875
1875
2067
2067
2259
1418
1419
1484
1484
1612
1612
1612
1676
1676
1868
1868
2060
2060
2252
2261
1437
1506
1506
1570
1634
1624
1624
1689
1689
1881
1881
2073
2073
2265
2265
1432
1432
1497
1561
1607
1607
1607
1671
1671
1889
1889
2079
2079
2271
1431
1431
1580
1582
1582
1565
1343
1281
