	Command being timed: "/home/mingshi/Project/AI/ernie-image-ncnn-vulkan/outputs/dit-head-output-v2/ernie-head-runner.snapshot --model /home/mingshi/Project/AI/ernie-image-ncnn-vulkan/models/dit-heads-s288-v2/output --fixture /home/mingshi/Project/AI/ernie-image-ncnn-vulkan/models/dit-heads-s288-v2/output --output /home/mingshi/Project/AI/ernie-image-ncnn-vulkan/outputs/dit-head-output-v2/cpu-fp32/actual --component output --height 4 --width 4 --text-tokens 272 --backend cpu --precision fp32"
	User time (seconds): 0.05
	System time (seconds): 0.10
	Percent of CPU this job got: 137%
	Elapsed (wall clock) time (h:mm:ss or m:ss): 0:00.11
	Average shared text size (kbytes): 0
	Average unshared data size (kbytes): 0
	Average stack size (kbytes): 0
	Average total size (kbytes): 0
	Maximum resident set size (kbytes): 274556
	Average resident set size (kbytes): 0
	Major (requiring I/O) page faults: 0
	Minor (reclaiming a frame) page faults: 71672
	Voluntary context switches: 8
	Involuntary context switches: 8
	Swaps: 0
	File system inputs: 0
	File system outputs: 24
	Socket messages sent: 0
	Socket messages received: 0
	Signals delivered: 0
	Page size (bytes): 4096
	Exit status: 0
